Archive member included because of file (symbol)

c:/Espressif/ESP8266_SDK_151/lib\libmain.a(debug-vector.o)
                              (_DebugExceptionVector)
c:/Espressif/ESP8266_SDK_151/lib\libmain.a(double-vector.o)
                              (_DoubleExceptionVector)
c:/Espressif/ESP8266_SDK_151/lib\libmain.a(kernel-vector.o)
                              (_KernelExceptionVector)
c:/Espressif/ESP8266_SDK_151/lib\libmain.a(nmi-vector.o)
                              (_NMIExceptionVector)
c:/Espressif/ESP8266_SDK_151/lib\libmain.a(user-vector.o)
                              (_UserExceptionVector)
c:/Espressif/ESP8266_SDK_151/lib\libmain.a(vector.o)
                              (call_user_start)
c:/Espressif/ESP8266_SDK_151/lib\libmain.a(app_main.o)
                              c:/Espressif/ESP8266_SDK_151/lib\libmain.a(nmi-vector.o) (NMI_Handler)
c:/Espressif/ESP8266_SDK_151/lib\libmain.a(ets_timer.o)
                              c:/Espressif/ESP8266_SDK_151/lib\libmain.a(app_main.o) (ets_timer_setfn)
c:/Espressif/ESP8266_SDK_151/lib\libmain.a(mem_manager.o)
                              c:/Espressif/ESP8266_SDK_151/lib\libmain.a(app_main.o) (pvPortMalloc)
c:/Espressif/ESP8266_SDK_151/lib\libmain.a(spi_flash.o)
                              c:/Espressif/ESP8266_SDK_151/lib\libmain.a(app_main.o) (spi_flash_read)
c:/Espressif/ESP8266_SDK_151/lib\libmain.a(user_interface.o)
                              c:/Espressif/ESP8266_SDK_151/lib\libmain.a(app_main.o) (done_cb)
c:/Espressif/ESP8266_SDK_151/lib\libmain.a(eagle_lib.o)
                              c:/Espressif/ESP8266_SDK_151/lib\libmain.a(user_interface.o) (ets_sprintf)
c:/Espressif/ESP8266_SDK_151/lib\libmain.a(eagle_lwip_if.o)
                              c:/Espressif/ESP8266_SDK_151/lib\libmain.a(user_interface.o) (hostname)
build/LevelControl/app_app.a(user_main.o)
                              c:/Espressif/ESP8266_SDK_151/lib\libmain.a(app_main.o) (user_init)
build/LevelControl/app_app.a(config.o)
                              build/LevelControl/app_app.a(user_main.o) (sysCfg)
build/LevelControl/app_app.a(switch.o)
                              build/LevelControl/app_app.a(user_main.o) (initSwitch)
build/LevelControl/app_app.a(easygpio.o)
                              build/LevelControl/app_app.a(user_main.o) (easygpio_attachInterrupt)
build/LevelControl/app_app.a(wifi.o)
                              build/LevelControl/app_app.a(user_main.o) (getBestSSID)
build/LevelControl/app_app.a(flash.o)
                              build/LevelControl/app_app.a(user_main.o) (stopFlash)
build/LevelControl/app_app.a(doSmartConfig.o)
                              build/LevelControl/app_app.a(user_main.o) (checkSmartConfig)
build/LevelControl/app_app.a(stdout.o)
                              build/LevelControl/app_app.a(user_main.o) (stdout_init)
build/LevelControl/app_app.a(check.o)
                              build/LevelControl/app_app.a(user_main.o) (checkMinHeap)
build/LevelControl/app_app.a(http.o)
                              build/LevelControl/app_app.a(user_main.o) (httpSetupMode)
build/LevelControl/app_app.a(flowMonitor.o)
                              build/LevelControl/app_app.a(user_main.o) (resetFlowReadings)
build/LevelControl/app_app.a(sounder.o)
                              build/LevelControl/app_app.a(user_main.o) (initSounder)
build/LevelControl/app_app.a(publish.o)
                              build/LevelControl/app_app.a(user_main.o) (publishError)
build/LevelControl/app_app.a(mqtt.o)
                              build/LevelControl/app_app.a(user_main.o) (MQTT_InitConnection)
build/LevelControl/app_app.a(temperature.o)
                              build/LevelControl/app_app.a(publish.o) (getUnmappedTemperature)
build/LevelControl/app_app.a(ds18b20.o)
                              build/LevelControl/app_app.a(temperature.o) (ds_init)
build/LevelControl/app_app.a(LevelSignal.o)
                              build/LevelControl/app_app.a(user_main.o) (isrLevelSignal)
build/LevelControl/app_app.a(decodeMessage.o)
                              build/LevelControl/app_app.a(user_main.o) (decodeMessage)
build/LevelControl/app_app.a(pump.o)
                              build/LevelControl/app_app.a(user_main.o) (initPump)
build/LevelControl/app_app.a(jsmn.o)
                              build/LevelControl/app_app.a(decodeMessage.o) (jsoneq)
build/LevelControl/app_app.a(dtoa.o)
                              build/LevelControl/app_app.a(flowMonitor.o) (dtoStr)
build/LevelControl/app_app.a(utils.o)
                              build/LevelControl/app_app.a(mqtt.o) (UTILS_StrToIP)
build/LevelControl/app_app.a(queue.o)
                              build/LevelControl/app_app.a(mqtt.o) (QUEUE_Init)
build/LevelControl/app_app.a(mqtt_msg.o)
                              build/LevelControl/app_app.a(mqtt.o) (mqtt_msg_init)
build/LevelControl/app_app.a(ringbuf.o)
[...]
Memory Configuration

Name             Origin             Length             Attributes
dport0_0_seg     0x3ff00000         0x00000010
dram0_0_seg      0x3ffe8000         0x00014000
iram1_0_seg      0x40100000         0x00008000
irom0_0_seg      0x40210000         0x00068000
*default*        0x00000000         0xffffffff

Linker script and memory map

START GROUP
LOAD c:/espressif/xtensa-lx106-elf/bin/../lib/gcc/xtensa-lx106-elf/5.1.0/../../../../xtensa-lx106-elf/lib\libc.a
LOAD c:/espressif/xtensa-lx106-elf/bin/../lib/gcc/xtensa-lx106-elf/5.1.0\libgcc.a
LOAD c:/espressif/xtensa-lx106-elf/bin/../lib/gcc/xtensa-lx106-elf/5.1.0/../../../../xtensa-lx106-elf/lib\libhal.a
LOAD c:/Espressif/ESP8266_SDK_151/lib\libphy.a
LOAD c:/Espressif/ESP8266_SDK_151/lib\libpp.a
LOAD c:/Espressif/ESP8266_SDK_151/lib\libnet80211.a
LOAD c:/Espressif/ESP8266_SDK_151/lib\liblwip.a
LOAD c:/Espressif/ESP8266_SDK_151/lib\libwpa.a
LOAD c:/Espressif/ESP8266_SDK_151/lib\libmain.a
LOAD c:/Espressif/ESP8266_SDK_151/lib\libupgrade.a
LOAD c:/Espressif/ESP8266_SDK_151/lib\libssl.a
LOAD c:/Espressif/ESP8266_SDK_151/lib\libsmartconfig.a
LOAD c:/Espressif/ESP8266_SDK_151/lib\libcrypto.a
LOAD build/LevelControl/app_app.a
END GROUP
                0x40000000                PROVIDE (_memmap_vecbase_reset, 0x40000000)
                0x00000110                _memmap_cacheattr_wb_base = 0x110
                0x00000110                _memmap_cacheattr_wt_base = 0x110
                0x00000220                _memmap_cacheattr_bp_base = 0x220
                0xfffff00f                _memmap_cacheattr_unused_mask = 0xfffff00f
                0x2222211f                _memmap_cacheattr_wb_trapnull = 0x2222211f
                0x2222211f                _memmap_cacheattr_wba_trapnull = 0x2222211f
                0x2222211f                _memmap_cacheattr_wbna_trapnull = 0x2222211f
                0x2222211f                _memmap_cacheattr_wt_trapnull = 0x2222211f
                0x2222222f                _memmap_cacheattr_bp_trapnull = 0x2222222f
                0xfffff11f                _memmap_cacheattr_wb_strict = 0xfffff11f
                0xfffff11f                _memmap_cacheattr_wt_strict = 0xfffff11f
                0xfffff22f                _memmap_cacheattr_bp_strict = 0xfffff22f
                0x22222112                _memmap_cacheattr_wb_allvalid = 0x22222112
                0x22222112                _memmap_cacheattr_wt_allvalid = 0x22222112
                0x22222222                _memmap_cacheattr_bp_allvalid = 0x22222222
                0x2222211f                PROVIDE (_memmap_cacheattr_reset, _memmap_cacheattr_wb_trapnull)

.dport0.rodata  0x3ff00000        0x0
                0x3ff00000                _dport0_rodata_start = ABSOLUTE (.)
 *(.dport0.rodata)
 *(.dport.rodata)
                0x3ff00000                _dport0_rodata_end = ABSOLUTE (.)

.dport0.literal
                0x3ff00000        0x0
                0x3ff00000                _dport0_literal_start = ABSOLUTE (.)
 *(.dport0.literal)
 *(.dport.literal)
                0x3ff00000                _dport0_literal_end = ABSOLUTE (.)

.dport0.data    0x3ff00000        0x0
                0x3ff00000                _dport0_data_start = ABSOLUTE (.)
 *(.dport0.data)
 *(.dport.data)
                0x3ff00000                _dport0_data_end = ABSOLUTE (.)

.data           0x3ffe8000      0x7e9
                0x3ffe8000                _data_start = ABSOLUTE (.)
 *(.data)
 .data          0x3ffe8000        0x0 c:/Espressif/ESP8266_SDK_151/lib\libmain.a(debug-vector.o)
 .data          0x3ffe8000        0x0 c:/Espressif/ESP8266_SDK_151/lib\libmain.a(double-vector.o)
 .data          0x3ffe8000        0x0 c:/Espressif/ESP8266_SDK_151/lib\libmain.a(kernel-vector.o)
 .data          0x3ffe8000        0x4 c:/Espressif/ESP8266_SDK_151/lib\libmain.a(nmi-vector.o)
                0x3ffe8000                _Pri_3_HandlerAddress
 .data          0x3ffe8004        0x0 c:/Espressif/ESP8266_SDK_151/lib\libmain.a(user-vector.o)
 .data          0x3ffe8004        0x0 c:/Espressif/ESP8266_SDK_151/lib\libmain.a(vector.o)
 .data          0x3ffe8004        0x1 c:/Espressif/ESP8266_SDK_151/lib\libmain.a(app_main.o)
 .data          0x3ffe8005        0x0 c:/Espressif/ESP8266_SDK_151/lib\libmain.a(ets_timer.o)
 .data          0x3ffe8005        0x0 c:/Espressif/ESP8266_SDK_151/lib\libmain.a(mem_manager.o)
 .data          0x3ffe8005        0x0 c:/Espressif/ESP8266_SDK_151/lib\libmain.a(spi_flash.o)
 *fill*         0x3ffe8005        0x3 
 .data          0x3ffe8008        0x6 c:/Espressif/ESP8266_SDK_151/lib\libmain.a(user_interface.o)
                0x3ffe8009                timer2_ms_flag
                0x3ffe800a                dhcps_flag
                0x3ffe800b                dhcpc_flag
                0x3ffe800d                reconnect_internal
 .data          0x3ffe800e        0x0 c:/Espressif/ESP8266_SDK_151/lib\libmain.a(eagle_lib.o)
 *fill*         0x3ffe800e        0x2 
 .data          0x3ffe8010        0x1 c:/Espressif/ESP8266_SDK_151/lib\libmain.a(eagle_lwip_if.o)
                0x3ffe8010                default_hostname
 *fill*         0x3ffe8011        0x3 
 .data          0x3ffe8014        0xc build/LevelControl/app_app.a(user_main.o)
                0x3ffe801c                version
 .data          0x3ffe8020        0x0 build/LevelControl/app_app.a(config.o)
 .data          0x3ffe8020        0x0 build/LevelControl/app_app.a(switch.o)
 .data          0x3ffe8020        0x0 build/LevelControl/app_app.a(easygpio.o)
 .data          0x3ffe8020        0x4 build/LevelControl/app_app.a(wifi.o)
 .data          0x3ffe8024        0x0 build/LevelControl/app_app.a(flash.o)
 .data          0x3ffe8024        0x0 build/LevelControl/app_app.a(doSmartConfig.o)
 .data          0x3ffe8024        0x0 build/LevelControl/app_app.a(stdout.o)
 .data          0x3ffe8024        0x4 build/LevelControl/app_app.a(check.o)
 .data          0x3ffe8028        0x0 build/LevelControl/app_app.a(http.o)
 .data          0x3ffe8028        0x0 build/LevelControl/app_app.a(flowMonitor.o)
 .data          0x3ffe8028        0x0 build/LevelControl/app_app.a(sounder.o)
 .data          0x3ffe8028        0x5 build/LevelControl/app_app.a(publish.o)
 *fill*         0x3ffe802d        0x3 
 .data          0x3ffe8030       0x18 build/LevelControl/app_app.a(mqtt.o)
                0x3ffe8030                noSSL
 .data          0x3ffe8048        0x0 build/LevelControl/app_app.a(temperature.o)
 .data          0x3ffe8048        0x0 build/LevelControl/app_app.a(ds18b20.o)
 .data          0x3ffe8048        0x0 build/LevelControl/app_app.a(LevelSignal.o)
 .data          0x3ffe8048        0x0 build/LevelControl/app_app.a(decodeMessage.o)
 .data          0x3ffe8048        0x0 build/LevelControl/app_app.a(pump.o)
 .data          0x3ffe8048        0x0 build/LevelControl/app_app.a(jsmn.o)
 .data          0x3ffe8048        0x0 build/LevelControl/app_app.a(dtoa.o)
 .data          0x3ffe8048        0x0 build/LevelControl/app_app.a(utils.o)
 .data          0x3ffe8048        0x0 build/LevelControl/app_app.a(queue.o)
 .data          0x3ffe8048        0x0 build/LevelControl/app_app.a(mqtt_msg.o)
 .data          0x3ffe8048        0x0 build/LevelControl/app_app.a(ringbuf.o)
 .data          0x3ffe8048        0x0 build/LevelControl/app_app.a(proto.o)
 .data          0x3ffe8048        0x0 c:/espressif/xtensa-lx106-elf/bin/../lib/gcc/xtensa-lx106-elf/5.1.0/../../../../xtensa-lx106-elf/lib\libc.a(lib_a-atoi.o)
 .data          0x3ffe8048        0x0 c:/espressif/xtensa-lx106-elf/bin/../lib/gcc/xtensa-lx106-elf/5.1.0/../../../../xtensa-lx106-elf/lib\libc.a(lib_a-memcpy.o)
 .data          0x3ffe8048        0x0 c:/espressif/xtensa-lx106-elf/bin/../lib/gcc/xtensa-lx106-elf/5.1.0/../../../../xtensa-lx106-elf/lib\libc.a(lib_a-memset.o)
 .data          0x3ffe8048        0x0 c:/espressif/xtensa-lx106-elf/bin/../lib/gcc/xtensa-lx106-elf/5.1.0/../../../../xtensa-lx106-elf/lib\libc.a(lib_a-strcmp.o)
 .data          0x3ffe8048        0x0 c:/espressif/xtensa-lx106-elf/bin/../lib/gcc/xtensa-lx106-elf/5.1.0/../../../../xtensa-lx106-elf/lib\libc.a(lib_a-strlen.o)
 .data          0x3ffe8048        0x0 c:/espressif/xtensa-lx106-elf/bin/../lib/gcc/xtensa-lx106-elf/5.1.0/../../../../xtensa-lx106-elf/lib\libc.a(lib_a-strtol.o)
 .data          0x3ffe8048        0x4 c:/espressif/xtensa-lx106-elf/bin/../lib/gcc/xtensa-lx106-elf/5.1.0/../../../../xtensa-lx106-elf/lib\libc.a(lib_a-ctype_.o)
                0x3ffe8048                __ctype_ptr__
 *fill*         0x3ffe804c        0x4 
 .data          0x3ffe8050      0x430 c:/espressif/xtensa-lx106-elf/bin/../lib/gcc/xtensa-lx106-elf/5.1.0/../../../../xtensa-lx106-elf/lib\libc.a(lib_a-impure.o)
                0x3ffe8050                _impure_ptr
 .data          0x3ffe8480        0x0 c:/espressif/xtensa-lx106-elf/bin/../lib/gcc/xtensa-lx106-elf/5.1.0\libgcc.a(_divsi3.o)
 .data          0x3ffe8480        0x0 c:/espressif/xtensa-lx106-elf/bin/../lib/gcc/xtensa-lx106-elf/5.1.0\libgcc.a(_udivsi3.o)
 .data          0x3ffe8480        0x0 c:/espressif/xtensa-lx106-elf/bin/../lib/gcc/xtensa-lx106-elf/5.1.0\libgcc.a(_umodsi3.o)
 .data          0x3ffe8480        0x0 c:/espressif/xtensa-lx106-elf/bin/../lib/gcc/xtensa-lx106-elf/5.1.0\libgcc.a(_addsubdf3.o)
 .data          0x3ffe8480        0x0 c:/espressif/xtensa-lx106-elf/bin/../lib/gcc/xtensa-lx106-elf/5.1.0\libgcc.a(_muldf3.o)
 .data          0x3ffe8480        0x0 c:/espressif/xtensa-lx106-elf/bin/../lib/gcc/xtensa-lx106-elf/5.1.0\libgcc.a(_divdf3.o)
 .data          0x3ffe8480        0x0 c:/espressif/xtensa-lx106-elf/bin/../lib/gcc/xtensa-lx106-elf/5.1.0\libgcc.a(_cmpdf2.o)
 .data          0x3ffe8480        0x0 c:/espressif/xtensa-lx106-elf/bin/../lib/gcc/xtensa-lx106-elf/5.1.0\libgcc.a(_fixunsdfsi.o)
 .data          0x3ffe8480        0x0 c:/espressif/xtensa-lx106-elf/bin/../lib/gcc/xtensa-lx106-elf/5.1.0\libgcc.a(_floatsidf.o)
 .data          0x3ffe8480        0x0 c:/espressif/xtensa-lx106-elf/bin/../lib/gcc/xtensa-lx106-elf/5.1.0\libgcc.a(_muldi3.o)
 .data          0x3ffe8480        0x0 c:/espressif/xtensa-lx106-elf/bin/../lib/gcc/xtensa-lx106-elf/5.1.0\libgcc.a(_umulsidi3.o)
 .data          0x3ffe8480        0x0 c:/espressif/xtensa-lx106-elf/bin/../lib/gcc/xtensa-lx106-elf/5.1.0/../../../../xtensa-lx106-elf/lib\libhal.a(int_asm--set_intclear.o)
 .data          0x3ffe8480        0x0 c:/Espressif/ESP8266_SDK_151/lib\libphy.a(phy.o)
 .data          0x3ffe8480        0x0 c:/Espressif/ESP8266_SDK_151/lib\libphy.a(phy_chip_v6_ana.o)
 .data          0x3ffe8480       0x53 c:/Espressif/ESP8266_SDK_151/lib\libphy.a(phy_chip_v6.o)
                0x3ffe8482                tx_rf_ana_gain
                0x3ffe84b0                rx_gain_swp
                0x3ffe84d0                test_rffreq_txcap
 .data          0x3ffe84d3        0x0 c:/Espressif/ESP8266_SDK_151/lib\libphy.a(phy_chip_v6_cal.o)
 .data          0x3ffe84d3        0x0 c:/Espressif/ESP8266_SDK_151/lib\libphy.a(phy_chip_v6_unused.o)
 *fill*         0x3ffe84d3        0x1 
 .data          0x3ffe84d4        0x4 c:/Espressif/ESP8266_SDK_151/lib\libphy.a(phy_sleep.o)
                0x3ffe84d4                chip_version
 .data          0x3ffe84d8        0x0 c:/Espressif/ESP8266_SDK_151/lib\libpp.a(if_hwctrl.o)
 .data          0x3ffe84d8        0x0 c:/Espressif/ESP8266_SDK_151/lib\libpp.a(lmac.o)
 .data          0x3ffe84d8        0x1 c:/Espressif/ESP8266_SDK_151/lib\libpp.a(pm.o)
 *fill*         0x3ffe84d9        0x3 
 .data          0x3ffe84dc        0x1 c:/Espressif/ESP8266_SDK_151/lib\libpp.a(pm_for_bcn_only_mode.o)
 *fill*         0x3ffe84dd        0x3 
 .data          0x3ffe84e0       0x1c c:/Espressif/ESP8266_SDK_151/lib\libpp.a(pp.o)
                0x3ffe84e0                soft_wdt_interval
                0x3ffe84e4                NoiseTimerInterval
                0x3ffe84ec                sleep_start_wait_time
                0x3ffe84f4                CanDoFreqCal
                0x3ffe84f8                tcb
 *fill*         0x3ffe84fc        0x4 
 .data          0x3ffe8500       0x40 c:/Espressif/ESP8266_SDK_151/lib\libpp.a(rate_control.o)
 .data          0x3ffe8540      0x24c c:/Espressif/ESP8266_SDK_151/lib\libpp.a(trc.o)
 .data          0x3ffe878c        0x8 c:/Espressif/ESP8266_SDK_151/lib\libpp.a(wdev.o)
 .data          0x3ffe8794        0x0 c:/Espressif/ESP8266_SDK_151/lib\libpp.a(esf_buf.o)
 .data          0x3ffe8794        0x0 c:/Espressif/ESP8266_SDK_151/lib\libnet80211.a(ieee80211.o)
 .data          0x3ffe8794        0x0 c:/Espressif/ESP8266_SDK_151/lib\libnet80211.a(ieee80211_crypto.o)
 .data          0x3ffe8794        0x0 c:/Espressif/ESP8266_SDK_151/lib\libnet80211.a(ieee80211_ets.o)
 .data          0x3ffe8794        0x1 c:/Espressif/ESP8266_SDK_151/lib\libnet80211.a(ieee80211_hostap.o)
                0x3ffe8794                TmpSTAAPCloseAP
 .data          0x3ffe8795        0x0 c:/Espressif/ESP8266_SDK_151/lib\libnet80211.a(ieee80211_ht.o)
 .data          0x3ffe8795        0x0 c:/Espressif/ESP8266_SDK_151/lib\libnet80211.a(ieee80211_input.o)
 .data          0x3ffe8795        0x0 c:/Espressif/ESP8266_SDK_151/lib\libnet80211.a(ieee80211_mesh_quick.o)
 .data          0x3ffe8795        0x0 c:/Espressif/ESP8266_SDK_151/lib\libnet80211.a(ieee80211_output.o)
 .data          0x3ffe8795        0x0 c:/Espressif/ESP8266_SDK_151/lib\libnet80211.a(ieee80211_phy.o)
 .data          0x3ffe8795        0x0 c:/Espressif/ESP8266_SDK_151/lib\libnet80211.a(ieee80211_power.o)
 .data          0x3ffe8795        0x0 c:/Espressif/ESP8266_SDK_151/lib\libnet80211.a(ieee80211_proto.o)
 .data          0x3ffe8795        0x0 c:/Espressif/ESP8266_SDK_151/lib\libnet80211.a(ieee80211_rfid.o)
 .data          0x3ffe8795        0x0 c:/Espressif/ESP8266_SDK_151/lib\libnet80211.a(ieee80211_scan.o)
 .data          0x3ffe8795        0x0 c:/Espressif/ESP8266_SDK_151/lib\libnet80211.a(ieee80211_sta.o)
 .data          0x3ffe8795        0x0 c:/Espressif/ESP8266_SDK_151/lib\libnet80211.a(wl_chm.o)
 *fill*         0x3ffe8795        0x3 
 .data          0x3ffe8798        0x1 c:/Espressif/ESP8266_SDK_151/lib\libnet80211.a(wl_cnx.o)
 *fill*         0x3ffe8799        0x7 
 .data          0x3ffe87a0       0x1c c:/Espressif/ESP8266_SDK_151/lib\libnet80211.a(ieee80211_action.o)
 .data          0x3ffe87bc        0x0 c:/Espressif/ESP8266_SDK_151/lib\libnet80211.a(ieee80211_action_vendor.o)
 .data          0x3ffe87bc        0x0 c:/Espressif/ESP8266_SDK_151/lib\libnet80211.a(ieee80211_crypto_ccmp.o)
 .data          0x3ffe87bc        0x0 c:/Espressif/ESP8266_SDK_151/lib\libnet80211.a(ieee80211_ie_vendor.o)
 .data          0x3ffe87bc        0x4 c:/Espressif/ESP8266_SDK_151/lib\liblwip.a(dhcp.o)
 .data          0x3ffe87c0        0x5 c:/Espressif/ESP8266_SDK_151/lib\liblwip.a(dhcpserver.o)
                0x3ffe87c0                dhcps_lease_time
 .data          0x3ffe87c5        0x0 c:/Espressif/ESP8266_SDK_151/lib\liblwip.a(dns.o)
 .data          0x3ffe87c5        0x0 c:/Espressif/ESP8266_SDK_151/lib\liblwip.a(espconn.o)
 .data          0x3ffe87c5        0x0 c:/Espressif/ESP8266_SDK_151/lib\liblwip.a(espconn_tcp.o)
 .data          0x3ffe87c5        0x0 c:/Espressif/ESP8266_SDK_151/lib\liblwip.a(espconn_udp.o)
 .data          0x3ffe87c5        0x0 c:/Espressif/ESP8266_SDK_151/lib\liblwip.a(etharp.o)
 .data          0x3ffe87c5        0x0 c:/Espressif/ESP8266_SDK_151/lib\liblwip.a(igmp.o)
 .data          0x3ffe87c5        0x0 c:/Espressif/ESP8266_SDK_151/lib\liblwip.a(inet_chksum.o)
 .data          0x3ffe87c5        0x0 c:/Espressif/ESP8266_SDK_151/lib\liblwip.a(init.o)
 .data          0x3ffe87c5        0x0 c:/Espressif/ESP8266_SDK_151/lib\liblwip.a(ip_addr.o)
 .data          0x3ffe87c5        0x0 c:/Espressif/ESP8266_SDK_151/lib\liblwip.a(ip.o)
 *fill*         0x3ffe87c5        0x3 
 .data          0x3ffe87c8        0x2 c:/Espressif/ESP8266_SDK_151/lib\liblwip.a(memp.o)
                0x3ffe87c8                memp_sizes_test
 .data          0x3ffe87ca        0x0 c:/Espressif/ESP8266_SDK_151/lib\liblwip.a(netif.o)
 .data          0x3ffe87ca        0x0 c:/Espressif/ESP8266_SDK_151/lib\liblwip.a(pbuf.o)
 .data          0x3ffe87ca        0x0 c:/Espressif/ESP8266_SDK_151/lib\liblwip.a(raw.o)
 .data          0x3ffe87ca        0x0 c:/Espressif/ESP8266_SDK_151/lib\liblwip.a(tcp_in.o)
 *fill*         0x3ffe87ca        0x2 
 .data          0x3ffe87cc        0x8 c:/Espressif/ESP8266_SDK_151/lib\liblwip.a(tcp.o)
 .data          0x3ffe87d4        0x0 c:/Espressif/ESP8266_SDK_151/lib\liblwip.a(tcp_out.o)
 .data          0x3ffe87d4        0x0 c:/Espressif/ESP8266_SDK_151/lib\liblwip.a(timers.o)
 .data          0x3ffe87d4        0x0 c:/Espressif/ESP8266_SDK_151/lib\liblwip.a(udp.o)
 .data          0x3ffe87d4        0x0 c:/Espressif/ESP8266_SDK_151/lib\liblwip.a(icmp.o)
 .data          0x3ffe87d4        0x0 c:/Espressif/ESP8266_SDK_151/lib\libwpa.a(ap_config.o)
 .data          0x3ffe87d4        0x0 c:/Espressif/ESP8266_SDK_151/lib\libwpa.a(common.o)
 .data          0x3ffe87d4        0x0 c:/Espressif/ESP8266_SDK_151/lib\libwpa.a(os_xtensa.o)
 .data          0x3ffe87d4        0x0 c:/Espressif/ESP8266_SDK_151/lib\libwpa.a(wpa_auth.o)
 .data          0x3ffe87d4        0x0 c:/Espressif/ESP8266_SDK_151/lib\libwpa.a(wpa_auth_ie.o)
 .data          0x3ffe87d4        0x0 c:/Espressif/ESP8266_SDK_151/lib\libwpa.a(wpa.o)
 .data          0x3ffe87d4        0x0 c:/Espressif/ESP8266_SDK_151/lib\libwpa.a(wpa_common.o)
 .data          0x3ffe87d4        0x0 c:/Espressif/ESP8266_SDK_151/lib\libwpa.a(wpa_debug.o)
 .data          0x3ffe87d4        0x0 c:/Espressif/ESP8266_SDK_151/lib\libwpa.a(wpa_ie.o)
 .data          0x3ffe87d4        0x0 c:/Espressif/ESP8266_SDK_151/lib\libwpa.a(wpa_main.o)
 .data          0x3ffe87d4        0x0 c:/Espressif/ESP8266_SDK_151/lib\libwpa.a(wpas_glue.o)
 *fill*         0x3ffe87d4        0x4 
 .data          0x3ffe87d8        0xe c:/Espressif/ESP8266_SDK_151/lib\libsmartconfig.a(sc_sniffer.o)
                0x3ffe87d8                g_SC_Select
                0x3ffe87e0                ET_Group_bssid
 .data          0x3ffe87e6        0x0 c:/Espressif/ESP8266_SDK_151/lib\libsmartconfig.a(sc_airkiss.o)
 *fill*         0x3ffe87e6        0x2 
 .data          0x3ffe87e8        0x1 c:/Espressif/ESP8266_SDK_151/lib\libsmartconfig.a(sc_esptouch.o)
                0x3ffe87e8                g_ET_TimeOut
 .data          0x3ffe87e9        0x0 c:/Espressif/ESP8266_SDK_151/lib\libcrypto.a(aes-wrap.o)
 .data          0x3ffe87e9        0x0 c:/Espressif/ESP8266_SDK_151/lib\libcrypto.a(aes-internal-enc.o)
 .data          0x3ffe87e9        0x0 c:/Espressif/ESP8266_SDK_151/lib\libcrypto.a(aes-internal.o)
 .data          0x3ffe87e9        0x0 c:/espressif/xtensa-lx106-elf/bin/../lib/gcc/xtensa-lx106-elf/5.1.0\libgcc.a(_modsi3.o)
 .data          0x3ffe87e9        0x0 c:/espressif/xtensa-lx106-elf/bin/../lib/gcc/xtensa-lx106-elf/5.1.0\libgcc.a(_ashrdi3.o)
 .data          0x3ffe87e9        0x0 c:/espressif/xtensa-lx106-elf/bin/../lib/gcc/xtensa-lx106-elf/5.1.0\libgcc.a(_addsubsf3.o)
 .data          0x3ffe87e9        0x0 c:/espressif/xtensa-lx106-elf/bin/../lib/gcc/xtensa-lx106-elf/5.1.0\libgcc.a(_mulsf3.o)
 .data          0x3ffe87e9        0x0 c:/espressif/xtensa-lx106-elf/bin/../lib/gcc/xtensa-lx106-elf/5.1.0\libgcc.a(_divsf3.o)
 .data          0x3ffe87e9        0x0 c:/espressif/xtensa-lx106-elf/bin/../lib/gcc/xtensa-lx106-elf/5.1.0\libgcc.a(_fixsfsi.o)
 .data          0x3ffe87e9        0x0 c:/espressif/xtensa-lx106-elf/bin/../lib/gcc/xtensa-lx106-elf/5.1.0\libgcc.a(_fixunssfsi.o)
 .data          0x3ffe87e9        0x0 c:/espressif/xtensa-lx106-elf/bin/../lib/gcc/xtensa-lx106-elf/5.1.0\libgcc.a(_floatsisf.o)
 .data          0x3ffe87e9        0x0 c:/espressif/xtensa-lx106-elf/bin/../lib/gcc/xtensa-lx106-elf/5.1.0\libgcc.a(_fixdfsi.o)
 .data          0x3ffe87e9        0x0 c:/espressif/xtensa-lx106-elf/bin/../lib/gcc/xtensa-lx106-elf/5.1.0\libgcc.a(_truncdfsf2.o)
 .data          0x3ffe87e9        0x0 c:/espressif/xtensa-lx106-elf/bin/../lib/gcc/xtensa-lx106-elf/5.1.0\libgcc.a(_divdi3.o)
 .data          0x3ffe87e9        0x0 c:/espressif/xtensa-lx106-elf/bin/../lib/gcc/xtensa-lx106-elf/5.1.0\libgcc.a(_umoddi3.o)
 .data          0x3ffe87e9        0x0 c:/Espressif/ESP8266_SDK_151/lib\libnet80211.a(ieee80211_crypto_tkip.o)
 .data          0x3ffe87e9        0x0 c:/Espressif/ESP8266_SDK_151/lib\libnet80211.a(ieee80211_crypto_wep.o)
 *(.data.*)
 *(.gnu.linkonce.d.*)
 *(.data1)
 *(.sdata)
 *(.sdata.*)
 *(.gnu.linkonce.s.*)
 *(.sdata2)
 *(.sdata2.*)
 *(.gnu.linkonce.s2.*)
 *(.jcr)
                0x3ffe87e9                _data_end = ABSOLUTE (.)

.noinit         0x3ffe87ec        0x4
 .noinit        0x3ffe87ec        0x4 build/LevelControl/app_app.a(user_main.o)
                0x3ffe87ec                lastAction

.rodata         0x3ffe87f0     0x16e8
                0x3ffe87f0                _rodata_start = ABSOLUTE (.)
 *(.sdk.version)
 .sdk.version   0x3ffe87f0       0x10 c:/Espressif/ESP8266_SDK_151/lib\libmain.a(app_main.o)
                0x3ffe87f0                SDK_VERSION
 *(.rodata)
 .rodata        0x3ffe8800       0x34 build/LevelControl/app_app.a(user_main.o)
 .rodata        0x3ffe8834       0x40 build/LevelControl/app_app.a(easygpio.o)
 .rodata        0x3ffe8874       0x14 build/LevelControl/app_app.a(wifi.o)
 .rodata        0x3ffe8888       0x48 build/LevelControl/app_app.a(mqtt.o)
 .rodata        0x3ffe88d0       0x20 build/LevelControl/app_app.a(ds18b20.o)
 .rodata        0x3ffe88f0       0x54 build/LevelControl/app_app.a(LevelSignal.o)
 .rodata        0x3ffe8944      0x160 build/LevelControl/app_app.a(jsmn.o)
 .rodata        0x3ffe8aa4      0x101 c:/espressif/xtensa-lx106-elf/bin/../lib/gcc/xtensa-lx106-elf/5.1.0/../../../../xtensa-lx106-elf/lib\libc.a(lib_a-ctype_.o)
                0x3ffe8aa4                _ctype_
 *fill*         0x3ffe8ba5        0x3 
 .rodata        0x3ffe8ba8        0x4 c:/espressif/xtensa-lx106-elf/bin/../lib/gcc/xtensa-lx106-elf/5.1.0/../../../../xtensa-lx106-elf/lib\libc.a(lib_a-impure.o)
                0x3ffe8ba8                _global_impure_ptr
 .rodata        0x3ffe8bac        0x8 c:/Espressif/ESP8266_SDK_151/lib\libphy.a(phy_chip_v6_ana.o)
 .rodata        0x3ffe8bb4        0x8 c:/Espressif/ESP8266_SDK_151/lib\libphy.a(phy_chip_v6.o)
 .rodata        0x3ffe8bbc        0x4 c:/Espressif/ESP8266_SDK_151/lib\libpp.a(pp.o)
 .rodata        0x3ffe8bc0        0x8 c:/Espressif/ESP8266_SDK_151/lib\libnet80211.a(ieee80211_hostap.o)
 .rodata        0x3ffe8bc8        0x9 c:/Espressif/ESP8266_SDK_151/lib\libnet80211.a(ieee80211_output.o)
 *fill*         0x3ffe8bd1        0x3 
 .rodata        0x3ffe8bd4        0x6 c:/Espressif/ESP8266_SDK_151/lib\liblwip.a(etharp.o)
                0x3ffe8bd4                ethbroadcast
 *fill*         0x3ffe8bda        0x6 
 .rodata        0x3ffe8be0        0x7 c:/Espressif/ESP8266_SDK_151/lib\libsmartconfig.a(sc_sniffer.o)
                0x3ffe8be0                SC_VERSION
 *fill*         0x3ffe8be7        0x1 
 .rodata        0x3ffe8be8        0x8 c:/Espressif/ESP8266_SDK_151/lib\libsmartconfig.a(sc_airkiss.o)
                0x3ffe8be8                RSSI_BEAR
                0x3ffe8be9                DATA_RSSI_BEAR
                0x3ffe8bea                RSSI_MIN
 *(.rodata.*)
 .rodata.str1.4
                0x3ffe8bf0        0xc c:/Espressif/ESP8266_SDK_151/lib\libmain.a(app_main.o)
 .rodata.str1.4
                0x3ffe8bfc        0x4 c:/Espressif/ESP8266_SDK_151/lib\libmain.a(ets_timer.o)
                                  0xc (size before relaxing)
 .rodata.str1.4
                0x3ffe8c00       0x1a c:/Espressif/ESP8266_SDK_151/lib\libmain.a(mem_manager.o)
 *fill*         0x3ffe8c1a        0x2 
 .rodata.str1.4
                0x3ffe8c1c      0x2dd build/LevelControl/app_app.a(user_main.o)
                                0x2e9 (size before relaxing)
 *fill*         0x3ffe8ef9        0x3 
 .rodata.str1.4
                0x3ffe8efc       0xe5 build/LevelControl/app_app.a(config.o)
                                 0xe9 (size before relaxing)
 *fill*         0x3ffe8fe1        0x3 
 .rodata.str1.4
                0x3ffe8fe4       0xd8 build/LevelControl/app_app.a(easygpio.o)
 .rodata.str1.4
                0x3ffe90bc      0x1d9 build/LevelControl/app_app.a(wifi.o)
 *fill*         0x3ffe9295        0x3 
 .rodata.str1.4
                0x3ffe9298       0x1c build/LevelControl/app_app.a(flash.o)
 .rodata.str1.4
                0x3ffe92b4       0x4e build/LevelControl/app_app.a(check.o)
 *fill*         0x3ffe9302        0x2 
 .rodata.str1.4
                0x3ffe9304      0x4af build/LevelControl/app_app.a(http.o)
                                0x4bf (size before relaxing)
 *fill*         0x3ffe97b3        0x1 
 .rodata.str1.4
                0x3ffe97b4        0x7 build/LevelControl/app_app.a(flowMonitor.o)
 *fill*         0x3ffe97bb        0x1 
 .rodata.str1.4
                0x3ffe97bc       0x16 build/LevelControl/app_app.a(sounder.o)
 *fill*         0x3ffe97d2        0x2 
 .rodata.str1.4
                0x3ffe97d4      0x292 build/LevelControl/app_app.a(publish.o)
                                0x2c2 (size before relaxing)
 *fill*         0x3ffe9a66        0x2 
 .rodata.str1.4
                0x3ffe9a68      0x126 build/LevelControl/app_app.a(mqtt.o)
                                0x12a (size before relaxing)
 *fill*         0x3ffe9b8e        0x2 
 .rodata.str1.4
                0x3ffe9b90       0xed build/LevelControl/app_app.a(temperature.o)
                                 0xf1 (size before relaxing)
 *fill*         0x3ffe9c7d        0x3 
 .rodata.str1.4
                0x3ffe9c80       0x3d build/LevelControl/app_app.a(LevelSignal.o)
                                 0x5e (size before relaxing)
 *fill*         0x3ffe9cbd        0x3 
 .rodata.str1.4
                0x3ffe9cc0       0xd0 build/LevelControl/app_app.a(decodeMessage.o)
                                 0xd4 (size before relaxing)
 .rodata.str1.4
                0x3ffe9d90        0xa build/LevelControl/app_app.a(pump.o)
 *fill*         0x3ffe9d9a        0x2 
 .rodata.str1.4
                0x3ffe9d9c       0x6b build/LevelControl/app_app.a(jsmn.o)
                                 0x6f (size before relaxing)
 .rodata.str1.4
                0x00000000        0x1 build/LevelControl/app_app.a(queue.o)
 *fill*         0x3ffe9e07        0x1 
 .rodata.str1.4
                0x3ffe9e08        0x7 build/LevelControl/app_app.a(mqtt_msg.o)
 .rodata.str1.1
                0x3ffe9e0f        0x2 c:/espressif/xtensa-lx106-elf/bin/../lib/gcc/xtensa-lx106-elf/5.1.0/../../../../xtensa-lx106-elf/lib\libc.a(lib_a-impure.o)
 *fill*         0x3ffe9e11        0x3 
 .rodata.str1.4
                0x3ffe9e14        0x4 c:/Espressif/ESP8266_SDK_151/lib\libpp.a(lmac.o)
                                  0xc (size before relaxing)
 .rodata.str1.4
                0x3ffe9e18        0x4 c:/Espressif/ESP8266_SDK_151/lib\libpp.a(pm_for_bcn_only_mode.o)
                                  0xc (size before relaxing)
 .rodata.str1.4
                0x3ffe9e1c        0x8 c:/Espressif/ESP8266_SDK_151/lib\libpp.a(pp.o)
                                 0x10 (size before relaxing)
 .rodata.str1.4
                0x3ffe9e24        0x4 c:/Espressif/ESP8266_SDK_151/lib\libpp.a(wdev.o)
                                  0xc (size before relaxing)
 .rodata.str1.4
                0x3ffe9e28        0x3 c:/Espressif/ESP8266_SDK_151/lib\libnet80211.a(ieee80211_hostap.o)
                                  0x8 (size before relaxing)
 *fill*         0x3ffe9e2b        0x1 
 .rodata.str1.4
                0x3ffe9e2c        0x7 c:/Espressif/ESP8266_SDK_151/lib\libnet80211.a(ieee80211_mesh_quick.o)
 .rodata.str1.4
                0x00000000        0x4 c:/Espressif/ESP8266_SDK_151/lib\libnet80211.a(ieee80211_sta.o)
 .rodata.str1.4
                0x00000000        0x4 c:/Espressif/ESP8266_SDK_151/lib\libnet80211.a(ieee80211_action_vendor.o)
 .rodata.str1.4
                0x00000000        0x4 c:/Espressif/ESP8266_SDK_151/lib\libnet80211.a(ieee80211_ie_vendor.o)
 .rodata.str1.4
                0x00000000        0x1 c:/Espressif/ESP8266_SDK_151/lib\liblwip.a(espconn_tcp.o)
 *fill*         0x3ffe9e33        0x1 
 .rodata.str1.4
                0x3ffe9e34        0x5 c:/Espressif/ESP8266_SDK_151/lib\libwpa.a(wpa_debug.o)
                                  0xd (size before relaxing)
 *fill*         0x3ffe9e39        0x3 
 .rodata.str1.4
                0x3ffe9e3c        0xd c:/Espressif/ESP8266_SDK_151/lib\libsmartconfig.a(sc_sniffer.o)
 *fill*         0x3ffe9e49        0x3 
 .rodata.str1.4
                0x3ffe9e4c        0xd c:/Espressif/ESP8266_SDK_151/lib\libsmartconfig.a(sc_airkiss.o)
 *fill*         0x3ffe9e59        0x3 
 .rodata.str1.4
                0x3ffe9e5c       0x10 c:/Espressif/ESP8266_SDK_151/lib\libsmartconfig.a(sc_esptouch.o)
                                  0xe (size before relaxing)
 *(.gnu.linkonce.r.*)
 *(.rodata1)
                0x3ffe9e6c                __XT_EXCEPTION_TABLE__ = ABSOLUTE (.)
 *(.xt_except_table)
 *(.gcc_except_table)
 *(.gnu.linkonce.e.*)
 *(.gnu.version_r)
 *(.eh_frame)
 .eh_frame      0x3ffe9e6c       0x38 c:/espressif/xtensa-lx106-elf/bin/../lib/gcc/xtensa-lx106-elf/5.1.0\libgcc.a(_divdi3.o)
 .eh_frame      0x3ffe9ea4       0x2c c:/espressif/xtensa-lx106-elf/bin/../lib/gcc/xtensa-lx106-elf/5.1.0\libgcc.a(_umoddi3.o)
                                 0x3c (size before relaxing)
 *crtbegin.o(.ctors)
 *(EXCLUDE_FILE(*crtend.o) .ctors)
 *(SORT(.ctors.*))
 *(.ctors)
 *crtbegin.o(.dtors)
 *(EXCLUDE_FILE(*crtend.o) .dtors)
 *(SORT(.dtors.*))
 *(.dtors)
                0x3ffe9ed0                __XT_EXCEPTION_DESCS__ = ABSOLUTE (.)
 *(.xt_except_desc)
 *(.gnu.linkonce.h.*)
                0x3ffe9ed0                __XT_EXCEPTION_DESCS_END__ = ABSOLUTE (.)
 *(.xt_except_desc_end)
 *(.dynamic)
 *(.gnu.version_d)
                0x3ffe9ed0                . = ALIGN (0x4)
                0x3ffe9ed0                _bss_table_start = ABSOLUTE (.)
                0x3ffe9ed0        0x4 LONG 0x3ffe9ed8 _bss_start
                0x3ffe9ed4        0x4 LONG 0x3fff0940 _bss_end
                0x3ffe9ed8                _bss_table_end = ABSOLUTE (.)
                0x3ffe9ed8                _rodata_end = ABSOLUTE (.)

.bss            0x3ffe9ed8     0x6a68
                0x3ffe9ed8                . = ALIGN (0x8)
                0x3ffe9ed8                _bss_start = ABSOLUTE (.)
 *(.dynsbss)
 *(.sbss)
 *(.sbss.*)
 *(.gnu.linkonce.sb.*)
 *(.scommon)
 *(.sbss2)
 *(.sbss2.*)
 *(.gnu.linkonce.sb2.*)
 *(.dynbss)
 *(.bss)
 .bss           0x3ffe9ed8        0x0 c:/Espressif/ESP8266_SDK_151/lib\libmain.a(debug-vector.o)
 .bss           0x3ffe9ed8        0x0 c:/Espressif/ESP8266_SDK_151/lib\libmain.a(double-vector.o)
 .bss           0x3ffe9ed8        0x0 c:/Espressif/ESP8266_SDK_151/lib\libmain.a(kernel-vector.o)
 *fill*         0x3ffe9ed8        0x8 
 .bss           0x3ffe9ee0      0x1c0 c:/Espressif/ESP8266_SDK_151/lib\libmain.a(nmi-vector.o)
 .bss           0x3ffea0a0        0x0 c:/Espressif/ESP8266_SDK_151/lib\libmain.a(user-vector.o)
 .bss           0x3ffea0a0        0x0 c:/Espressif/ESP8266_SDK_151/lib\libmain.a(vector.o)
 .bss           0x3ffea0a0       0x41 c:/Espressif/ESP8266_SDK_151/lib\libmain.a(app_main.o)
                0x3ffea0a4                info
                0x3ffea0c8                lwip_timer_interval
                0x3ffea0cc                check_timeouts_timer
                0x3ffea0e0                user_init_flag
 *fill*         0x3ffea0e1        0xf 
 .bss           0x3ffea0f0       0x30 c:/Espressif/ESP8266_SDK_151/lib\libmain.a(ets_timer.o)
                0x3ffea0f0                timer_list
                0x3ffea0f4                debug_timer
                0x3ffea0f8                debug_timerfn
 .bss           0x3ffea120       0x3c c:/Espressif/ESP8266_SDK_151/lib\libmain.a(mem_manager.o)
 .bss           0x3ffea15c        0x4 c:/Espressif/ESP8266_SDK_151/lib\libmain.a(spi_flash.o)
                0x3ffea15c                flash_read
 .bss           0x3ffea160      0x242 c:/Espressif/ESP8266_SDK_151/lib\libmain.a(user_interface.o)
                0x3ffea257                deep_sleep_flag
                0x3ffea258                cpu_overclock
                0x3ffea25c                event_cb
                0x3ffea260                status_led_output_level
                0x3ffea264                done_cb
                0x3ffea268                rst_if
                0x3ffea284                default_interface
                0x3ffea285                OpmodChgIsOnGoing
                0x3ffea288                promiscuous_cb
                0x3ffea2a0                event_TaskQueue
 .bss           0x3ffea3a2        0x0 c:/Espressif/ESP8266_SDK_151/lib\libmain.a(eagle_lib.o)
 *fill*         0x3ffea3a2        0x2 
 .bss           0x3ffea3a4        0xc c:/Espressif/ESP8266_SDK_151/lib\libmain.a(eagle_lwip_if.o)
                0x3ffea3a4                hostname
 .bss           0x3ffea3b0       0x18 build/LevelControl/app_app.a(user_main.o)
 .bss           0x3ffea3c8        0x4 build/LevelControl/app_app.a(config.o)
 .bss           0x3ffea3cc       0x24 build/LevelControl/app_app.a(switch.o)
 .bss           0x3ffea3f0        0x0 build/LevelControl/app_app.a(easygpio.o)
 .bss           0x3ffea3f0       0x88 build/LevelControl/app_app.a(wifi.o)
                0x3ffea3f0                wifiCb
 .bss           0x3ffea478       0x28 build/LevelControl/app_app.a(flash.o)
 .bss           0x3ffea4a0        0x1 build/LevelControl/app_app.a(doSmartConfig.o)
 .bss           0x3ffea4a1        0x0 build/LevelControl/app_app.a(stdout.o)
 .bss           0x3ffea4a1        0x0 build/LevelControl/app_app.a(check.o)
 *fill*         0x3ffea4a1        0x3 
 .bss           0x3ffea4a4       0x58 build/LevelControl/app_app.a(http.o)
                0x3ffea4a4                httpSetupMode
 *fill*         0x3ffea4fc        0x4 
 .bss           0x3ffea500       0x2c build/LevelControl/app_app.a(flowMonitor.o)
 .bss           0x3ffea52c       0x1c build/LevelControl/app_app.a(sounder.o)
 .bss           0x3ffea548        0x4 build/LevelControl/app_app.a(publish.o)
 .bss           0x3ffea54c        0x8 build/LevelControl/app_app.a(mqtt.o)
                0x3ffea54c                default_private_key_len
                0x3ffea550                default_certificate_len
 .bss           0x3ffea554       0x18 build/LevelControl/app_app.a(temperature.o)
 .bss           0x3ffea56c        0xc build/LevelControl/app_app.a(ds18b20.o)
 .bss           0x3ffea578      0x152 build/LevelControl/app_app.a(LevelSignal.o)
                0x3ffea578                state
 .bss           0x3ffea6ca        0x0 build/LevelControl/app_app.a(decodeMessage.o)
 *fill*         0x3ffea6ca        0x2 
 .bss           0x3ffea6cc       0x10 build/LevelControl/app_app.a(pump.o)
 .bss           0x3ffea6dc        0x0 build/LevelControl/app_app.a(jsmn.o)
 .bss           0x3ffea6dc        0x0 build/LevelControl/app_app.a(dtoa.o)
 .bss           0x3ffea6dc        0x0 build/LevelControl/app_app.a(utils.o)
 .bss           0x3ffea6dc        0x0 build/LevelControl/app_app.a(queue.o)
 .bss           0x3ffea6dc        0x0 build/LevelControl/app_app.a(mqtt_msg.o)
 .bss           0x3ffea6dc        0x0 build/LevelControl/app_app.a(ringbuf.o)
 .bss           0x3ffea6dc        0x0 build/LevelControl/app_app.a(proto.o)
 .bss           0x3ffea6dc        0x0 c:/espressif/xtensa-lx106-elf/bin/../lib/gcc/xtensa-lx106-elf/5.1.0/../../../../xtensa-lx106-elf/lib\libc.a(lib_a-atoi.o)
 .bss           0x3ffea6dc        0x0 c:/espressif/xtensa-lx106-elf/bin/../lib/gcc/xtensa-lx106-elf/5.1.0/../../../../xtensa-lx106-elf/lib\libc.a(lib_a-memcpy.o)
 .bss           0x3ffea6dc        0x0 c:/espressif/xtensa-lx106-elf/bin/../lib/gcc/xtensa-lx106-elf/5.1.0/../../../../xtensa-lx106-elf/lib\libc.a(lib_a-memset.o)
 .bss           0x3ffea6dc        0x0 c:/espressif/xtensa-lx106-elf/bin/../lib/gcc/xtensa-lx106-elf/5.1.0/../../../../xtensa-lx106-elf/lib\libc.a(lib_a-strcmp.o)
 .bss           0x3ffea6dc        0x0 c:/espressif/xtensa-lx106-elf/bin/../lib/gcc/xtensa-lx106-elf/5.1.0/../../../../xtensa-lx106-elf/lib\libc.a(lib_a-strlen.o)
 .bss           0x3ffea6dc        0x0 c:/espressif/xtensa-lx106-elf/bin/../lib/gcc/xtensa-lx106-elf/5.1.0/../../../../xtensa-lx106-elf/lib\libc.a(lib_a-strtol.o)
 .bss           0x3ffea6dc        0x0 c:/espressif/xtensa-lx106-elf/bin/../lib/gcc/xtensa-lx106-elf/5.1.0/../../../../xtensa-lx106-elf/lib\libc.a(lib_a-ctype_.o)
 .bss           0x3ffea6dc        0x0 c:/espressif/xtensa-lx106-elf/bin/../lib/gcc/xtensa-lx106-elf/5.1.0/../../../../xtensa-lx106-elf/lib\libc.a(lib_a-impure.o)
 .bss           0x3ffea6dc        0x0 c:/espressif/xtensa-lx106-elf/bin/../lib/gcc/xtensa-lx106-elf/5.1.0\libgcc.a(_divsi3.o)
 .bss           0x3ffea6dc        0x0 c:/espressif/xtensa-lx106-elf/bin/../lib/gcc/xtensa-lx106-elf/5.1.0\libgcc.a(_udivsi3.o)
 .bss           0x3ffea6dc        0x0 c:/espressif/xtensa-lx106-elf/bin/../lib/gcc/xtensa-lx106-elf/5.1.0\libgcc.a(_umodsi3.o)
 .bss           0x3ffea6dc        0x0 c:/espressif/xtensa-lx106-elf/bin/../lib/gcc/xtensa-lx106-elf/5.1.0\libgcc.a(_addsubdf3.o)
 .bss           0x3ffea6dc        0x0 c:/espressif/xtensa-lx106-elf/bin/../lib/gcc/xtensa-lx106-elf/5.1.0\libgcc.a(_muldf3.o)
 .bss           0x3ffea6dc        0x0 c:/espressif/xtensa-lx106-elf/bin/../lib/gcc/xtensa-lx106-elf/5.1.0\libgcc.a(_divdf3.o)
 .bss           0x3ffea6dc        0x0 c:/espressif/xtensa-lx106-elf/bin/../lib/gcc/xtensa-lx106-elf/5.1.0\libgcc.a(_cmpdf2.o)
 .bss           0x3ffea6dc        0x0 c:/espressif/xtensa-lx106-elf/bin/../lib/gcc/xtensa-lx106-elf/5.1.0\libgcc.a(_fixunsdfsi.o)
 .bss           0x3ffea6dc        0x0 c:/espressif/xtensa-lx106-elf/bin/../lib/gcc/xtensa-lx106-elf/5.1.0\libgcc.a(_floatsidf.o)
 .bss           0x3ffea6dc        0x0 c:/espressif/xtensa-lx106-elf/bin/../lib/gcc/xtensa-lx106-elf/5.1.0\libgcc.a(_muldi3.o)
 .bss           0x3ffea6dc        0x0 c:/espressif/xtensa-lx106-elf/bin/../lib/gcc/xtensa-lx106-elf/5.1.0\libgcc.a(_umulsidi3.o)
 .bss           0x3ffea6dc        0x0 c:/espressif/xtensa-lx106-elf/bin/../lib/gcc/xtensa-lx106-elf/5.1.0/../../../../xtensa-lx106-elf/lib\libhal.a(int_asm--set_intclear.o)
 .bss           0x3ffea6dc        0x4 c:/Espressif/ESP8266_SDK_151/lib\libphy.a(phy.o)
 .bss           0x3ffea6e0        0x2 c:/Espressif/ESP8266_SDK_151/lib\libphy.a(phy_chip_v6_ana.o)
                0x3ffea6e0                tout_dis_txpwr_track
                0x3ffea6e1                sleep_mode_flag
 *fill*         0x3ffea6e2        0x6 
 .bss           0x3ffea6e8      0x160 c:/Espressif/ESP8266_SDK_151/lib\libphy.a(phy_chip_v6.o)
                0x3ffea6e8                g_phyFuns
                0x3ffea6ec                rxiq_compute_num
                0x3ffea6f0                rx_table_renew_en
                0x3ffea6f4                check_result
                0x3ffea6f8                chip6_sleep_params
                0x3ffea78c                chip6_phy_init_ctrl
                0x3ffea800                phy_freq_offset
                0x3ffea802                do_pwctrl_flag
                0x3ffea803                pwctrl_debug
                0x3ffea804                txbk_dpdby_flag
                0x3ffea806                sw_scan_mode
                0x3ffea807                rxmax_ext_level
                0x3ffea808                phy_rx_gain_dc_table
                0x3ffea81c                periodic_cal_dc_num
                0x3ffea820                periodic_cal_flag
                0x3ffea821                bbpll_cal_flag
                0x3ffea822                phy_in_most_power
                0x3ffea823                init_rf_no_cal
                0x3ffea824                test_print_time
                0x3ffea828                phy_rx_gain_dc_flag
                0x3ffea829                phy_in_vdd33_offset
                0x3ffea82a                phy_set_most_tpw_disbg
                0x3ffea82b                phy_set_most_tpw_index
                0x3ffea82c                adc_rand_noise
                0x3ffea830                dpd_bypass_original
                0x3ffea838                noise_array
 .bss           0x3ffea848        0x8 c:/Espressif/ESP8266_SDK_151/lib\libphy.a(phy_chip_v6_cal.o)
                0x3ffea848                phy_tx_power_out
                0x3ffea84a                loop_pwctrl_pwdet_error_accum_high_power
                0x3ffea84c                tx_pwctrl_pk_num
                0x3ffea84d                tx_pwctrl_track_num
                0x3ffea84e                loop_pwctrl_correct_atten_high_power
                0x3ffea84f                rxiq_cover_fail_num
 .bss           0x3ffea850        0x0 c:/Espressif/ESP8266_SDK_151/lib\libphy.a(phy_chip_v6_unused.o)
 .bss           0x3ffea850        0x7 c:/Espressif/ESP8266_SDK_151/lib\libphy.a(phy_sleep.o)
                0x3ffea850                periodic_cal_sat
                0x3ffea852                lslp_mem_opt_8266
                0x3ffea854                software_slp_reject
                0x3ffea855                SDIO_slp_reject
                0x3ffea856                hardware_reject
 *fill*         0x3ffea857        0x9 
 .bss           0x3ffea860       0x40 c:/Espressif/ESP8266_SDK_151/lib\libpp.a(if_hwctrl.o)
                0x3ffea860                interface_mask
                0x3ffea880                if_ctrl
 .bss           0x3ffea8a0      0x150 c:/Espressif/ESP8266_SDK_151/lib\libpp.a(lmac.o)
                0x3ffea8a4                lmacConfMib
                0x3ffea8c8                our_tx_eb
 .bss           0x3ffea9f0      0x11a c:/Espressif/ESP8266_SDK_151/lib\libpp.a(pm.o)
                0x3ffea9f0                pmc
                0x3ffeaad0                flash_tmp
 *fill*         0x3ffeab0a        0x2 
 .bss           0x3ffeab0c       0x34 c:/Espressif/ESP8266_SDK_151/lib\libpp.a(pm_for_bcn_only_mode.o)
 .bss           0x3ffeab40      0x322 c:/Espressif/ESP8266_SDK_151/lib\libpp.a(pp.o)
                0x3ffeab58                pend_flag_noise_check
                0x3ffeab60                pend_flag_periodic_cal
                0x3ffeab78                idle_timer_reopen_flag
                0x3ffeab7a                dbg_stop_sw_wdt
                0x3ffeab7b                dbg_stop_hw_wdt
                0x3ffeab7d                total_buffed_eb_num
                0x3ffeab80                HighestFreqOffsetInOneChk
                0x3ffeab82                LowestFreqOffsetInOneChk
                0x3ffeab84                DefFreqCalTimer
                0x3ffeab98                PktNumInOneChk
                0x3ffead20                buffed_eb_arr
 *fill*         0x3ffeae62        0xe 
 .bss           0x3ffeae70      0x100 c:/Espressif/ESP8266_SDK_151/lib\libpp.a(rate_control.o)
 .bss           0x3ffeaf70      0x46c c:/Espressif/ESP8266_SDK_151/lib\libpp.a(trc.o)
 *fill*         0x3ffeb3dc        0x4 
 .bss           0x3ffeb3e0     0x2f88 c:/Espressif/ESP8266_SDK_151/lib\libpp.a(wdev.o)
                0x3ffeb3e0                wDevCtrl
                0x3ffeb588                WdevTimOffSet
 *fill*         0x3ffee368        0x8 
 .bss           0x3ffee370      0xaa4 c:/Espressif/ESP8266_SDK_151/lib\libpp.a(esf_buf.o)
 .bss           0x3ffeee14      0x67c c:/Espressif/ESP8266_SDK_151/lib\libnet80211.a(ieee80211.o)
                0x3ffeee14                g_ic
 .bss           0x3ffef490        0x0 c:/Espressif/ESP8266_SDK_151/lib\libnet80211.a(ieee80211_crypto.o)
 .bss           0x3ffef490        0x0 c:/Espressif/ESP8266_SDK_151/lib\libnet80211.a(ieee80211_ets.o)
 .bss           0x3ffef490       0x56 c:/Espressif/ESP8266_SDK_151/lib\libnet80211.a(ieee80211_hostap.o)
                0x3ffef490                BcnEb_update
                0x3ffef49d                BcnWithMcastSendStart
                0x3ffef49e                BcnWithMcastSendCnt
                0x3ffef4b8                PendFreeBcnEb
                0x3ffef4bc                ApFreqCalTimer
                0x3ffef4d0                APRecvBcnStartTick
 .bss           0x3ffef4e6        0x0 c:/Espressif/ESP8266_SDK_151/lib\libnet80211.a(ieee80211_ht.o)
 .bss           0x3ffef4e6        0x0 c:/Espressif/ESP8266_SDK_151/lib\libnet80211.a(ieee80211_input.o)
 .bss           0x3ffef4e6        0x0 c:/Espressif/ESP8266_SDK_151/lib\libnet80211.a(ieee80211_mesh_quick.o)
 .bss           0x3ffef4e6        0x0 c:/Espressif/ESP8266_SDK_151/lib\libnet80211.a(ieee80211_output.o)
 .bss           0x3ffef4e6        0x0 c:/Espressif/ESP8266_SDK_151/lib\libnet80211.a(ieee80211_phy.o)
 .bss           0x3ffef4e6        0x0 c:/Espressif/ESP8266_SDK_151/lib\libnet80211.a(ieee80211_power.o)
 .bss           0x3ffef4e6        0x0 c:/Espressif/ESP8266_SDK_151/lib\libnet80211.a(ieee80211_proto.o)
 .bss           0x3ffef4e6        0x0 c:/Espressif/ESP8266_SDK_151/lib\libnet80211.a(ieee80211_rfid.o)
 *fill*         0x3ffef4e6        0x2 
 .bss           0x3ffef4e8       0xc8 c:/Espressif/ESP8266_SDK_151/lib\libnet80211.a(ieee80211_scan.o)
                0x3ffef4e8                gScanStruct
                0x3ffef594                connect_scan_flag
                0x3ffef595                FreqCalCntForScan
                0x3ffef596                TestStaFreqCalValInput
                0x3ffef598                auth_type
                0x3ffef59a                scannum
 .bss           0x3ffef5b0       0x10 c:/Espressif/ESP8266_SDK_151/lib\libnet80211.a(ieee80211_sta.o)
 .bss           0x3ffef5c0       0x3c c:/Espressif/ESP8266_SDK_151/lib\libnet80211.a(wl_chm.o)
 *fill*         0x3ffef5fc        0x4 
 .bss           0x3ffef600      0x37a c:/Espressif/ESP8266_SDK_151/lib\libnet80211.a(wl_cnx.o)
                0x3ffef960                sta_con_timer
                0x3ffef974                g_cnx_probe_rc_list_cb
                0x3ffef978                reconnect_flag
                0x3ffef979                no_ap_found_index
 .bss           0x3ffef97a        0x0 c:/Espressif/ESP8266_SDK_151/lib\libnet80211.a(ieee80211_action.o)
 *fill*         0x3ffef97a        0x2 
 .bss           0x3ffef97c       0x10 c:/Espressif/ESP8266_SDK_151/lib\libnet80211.a(ieee80211_action_vendor.o)
 .bss           0x3ffef98c        0x0 c:/Espressif/ESP8266_SDK_151/lib\libnet80211.a(ieee80211_crypto_ccmp.o)
 .bss           0x3ffef98c        0x0 c:/Espressif/ESP8266_SDK_151/lib\libnet80211.a(ieee80211_ie_vendor.o)
 *fill*         0x3ffef98c        0x4 
 .bss           0x3ffef990       0x38 c:/Espressif/ESP8266_SDK_151/lib\liblwip.a(dhcp.o)
                0x3ffef990                dhcp_rx_options_given
                0x3ffef9a0                dhcp_rx_options_val
 .bss           0x3ffef9c8       0x28 c:/Espressif/ESP8266_SDK_151/lib\liblwip.a(dhcpserver.o)
 .bss           0x3ffef9f0      0x480 c:/Espressif/ESP8266_SDK_151/lib\liblwip.a(dns.o)
 .bss           0x3ffefe70      0x104 c:/Espressif/ESP8266_SDK_151/lib\liblwip.a(espconn.o)
                0x3ffefe70                plink_active
                0x3ffefe74                pserver_list
                0x3ffefe80                premot
                0x3ffeff40                pktinfo
 *fill*         0x3ffeff74        0xc 
 .bss           0x3ffeff80       0x78 c:/Espressif/ESP8266_SDK_151/lib\liblwip.a(espconn_tcp.o)
                0x3ffeff80                espconn_TaskQueue
 .bss           0x3ffefff8        0x0 c:/Espressif/ESP8266_SDK_151/lib\liblwip.a(espconn_udp.o)
 *fill*         0x3ffefff8        0x8 
 .bss           0x3fff0000      0x100 c:/Espressif/ESP8266_SDK_151/lib\liblwip.a(etharp.o)
                0x3fff0004                ethzero
 .bss           0x3fff0100        0xc c:/Espressif/ESP8266_SDK_151/lib\liblwip.a(igmp.o)
 .bss           0x3fff010c        0x0 c:/Espressif/ESP8266_SDK_151/lib\liblwip.a(inet_chksum.o)
 .bss           0x3fff010c        0x0 c:/Espressif/ESP8266_SDK_151/lib\liblwip.a(init.o)
 *fill*         0x3fff010c        0x4 
 .bss           0x3fff0110       0x10 c:/Espressif/ESP8266_SDK_151/lib\liblwip.a(ip_addr.o)
 .bss           0x3fff0120       0x12 c:/Espressif/ESP8266_SDK_151/lib\liblwip.a(ip.o)
                0x3fff0120                current_iphdr_dest
                0x3fff0124                current_iphdr_src
                0x3fff0128                current_netif
                0x3fff012c                current_header
 .bss           0x3fff0132        0x0 c:/Espressif/ESP8266_SDK_151/lib\liblwip.a(memp.o)
 *fill*         0x3fff0132        0x2 
 .bss           0x3fff0134        0x9 c:/Espressif/ESP8266_SDK_151/lib\liblwip.a(netif.o)
                0x3fff0134                netif_list
                0x3fff0138                netif_default
 .bss           0x3fff013d        0x0 c:/Espressif/ESP8266_SDK_151/lib\liblwip.a(pbuf.o)
 *fill*         0x3fff013d        0x3 
 .bss           0x3fff0140        0x4 c:/Espressif/ESP8266_SDK_151/lib\liblwip.a(raw.o)
 .bss           0x3fff0144       0x34 c:/Espressif/ESP8266_SDK_151/lib\liblwip.a(tcp_in.o)
                0x3fff0174                tcp_input_pcb
 .bss           0x3fff0178       0x1c c:/Espressif/ESP8266_SDK_151/lib\liblwip.a(tcp.o)
                0x3fff017c                tcp_active_pcbs
                0x3fff0180                tcp_tmp_pcb
                0x3fff0184                tcp_tw_pcbs
                0x3fff0188                tcp_bound_pcbs
                0x3fff018c                tcp_listen_pcbs
                0x3fff0190                tcp_ticks
 .bss           0x3fff0194        0x0 c:/Espressif/ESP8266_SDK_151/lib\liblwip.a(tcp_out.o)
 .bss           0x3fff0194        0xc c:/Espressif/ESP8266_SDK_151/lib\liblwip.a(timers.o)
 .bss           0x3fff01a0        0x4 c:/Espressif/ESP8266_SDK_151/lib\liblwip.a(udp.o)
                0x3fff01a0                udp_pcbs
 .bss           0x3fff01a4        0x0 c:/Espressif/ESP8266_SDK_151/lib\liblwip.a(icmp.o)
 .bss           0x3fff01a4        0x0 c:/Espressif/ESP8266_SDK_151/lib\libwpa.a(ap_config.o)
 .bss           0x3fff01a4        0x0 c:/Espressif/ESP8266_SDK_151/lib\libwpa.a(common.o)
 .bss           0x3fff01a4        0x0 c:/Espressif/ESP8266_SDK_151/lib\libwpa.a(os_xtensa.o)
 .bss           0x3fff01a4        0x0 c:/Espressif/ESP8266_SDK_151/lib\libwpa.a(wpa_auth.o)
 .bss           0x3fff01a4        0x0 c:/Espressif/ESP8266_SDK_151/lib\libwpa.a(wpa_auth_ie.o)
 *fill*         0x3fff01a4        0xc 
 .bss           0x3fff01b0      0x26a c:/Espressif/ESP8266_SDK_151/lib\libwpa.a(wpa.o)
 .bss           0x3fff041a        0x0 c:/Espressif/ESP8266_SDK_151/lib\libwpa.a(wpa_common.o)
 .bss           0x3fff041a        0x0 c:/Espressif/ESP8266_SDK_151/lib\libwpa.a(wpa_debug.o)
 .bss           0x3fff041a        0x0 c:/Espressif/ESP8266_SDK_151/lib\libwpa.a(wpa_ie.o)
 .bss           0x3fff041a        0x0 c:/Espressif/ESP8266_SDK_151/lib\libwpa.a(wpa_main.o)
 .bss           0x3fff041a        0x0 c:/Espressif/ESP8266_SDK_151/lib\libwpa.a(wpas_glue.o)
 *fill*         0x3fff041a        0x2 
 .bss           0x3fff041c       0x30 c:/Espressif/ESP8266_SDK_151/lib\libsmartconfig.a(sc_sniffer.o)
                0x3fff041c                pAPListHead
                0x3fff0420                pAPListTral
                0x3fff0424                smartconfig_cb
                0x3fff0428                SnifGlob
                0x3fff0438                channel_timer
 .bss           0x3fff044c       0xcc c:/Espressif/ESP8266_SDK_151/lib\libsmartconfig.a(sc_airkiss.o)
                0x3fff044c                pAKGuideGlob
                0x3fff0450                p_kiss
                0x3fff0454                p_kiss_ht40
                0x3fff0458                KissRes_ht20_timer
                0x3fff04d4                KissRes_ht40_timer
                0x3fff04e8                pKissConn
                0x3fff0504                weixin_timer
 .bss           0x3fff0518       0xd4 c:/Espressif/ESP8266_SDK_151/lib\libsmartconfig.a(sc_esptouch.o)
                0x3fff0518                pETGuideGlob
                0x3fff051c                pCHListHead
                0x3fff0520                pCHListTral
                0x3fff0524                pTouchGlob
                0x3fff0528                TouchRestart_ht20_timer
                0x3fff05a4                TouchRestart_ht40_timer
                0x3fff05b8                pTouchConn
                0x3fff05d4                TouchUdpTimer
 .bss           0x3fff05ec        0x0 c:/Espressif/ESP8266_SDK_151/lib\libcrypto.a(aes-wrap.o)
 .bss           0x3fff05ec        0x0 c:/Espressif/ESP8266_SDK_151/lib\libcrypto.a(aes-internal-enc.o)
 .bss           0x3fff05ec        0x0 c:/Espressif/ESP8266_SDK_151/lib\libcrypto.a(aes-internal.o)
 .bss           0x3fff05ec        0x0 c:/espressif/xtensa-lx106-elf/bin/../lib/gcc/xtensa-lx106-elf/5.1.0\libgcc.a(_modsi3.o)
 .bss           0x3fff05ec        0x0 c:/espressif/xtensa-lx106-elf/bin/../lib/gcc/xtensa-lx106-elf/5.1.0\libgcc.a(_ashrdi3.o)
 .bss           0x3fff05ec        0x0 c:/espressif/xtensa-lx106-elf/bin/../lib/gcc/xtensa-lx106-elf/5.1.0\libgcc.a(_addsubsf3.o)
 .bss           0x3fff05ec        0x0 c:/espressif/xtensa-lx106-elf/bin/../lib/gcc/xtensa-lx106-elf/5.1.0\libgcc.a(_mulsf3.o)
 .bss           0x3fff05ec        0x0 c:/espressif/xtensa-lx106-elf/bin/../lib/gcc/xtensa-lx106-elf/5.1.0\libgcc.a(_divsf3.o)
 .bss           0x3fff05ec        0x0 c:/espressif/xtensa-lx106-elf/bin/../lib/gcc/xtensa-lx106-elf/5.1.0\libgcc.a(_fixsfsi.o)
 .bss           0x3fff05ec        0x0 c:/espressif/xtensa-lx106-elf/bin/../lib/gcc/xtensa-lx106-elf/5.1.0\libgcc.a(_fixunssfsi.o)
 .bss           0x3fff05ec        0x0 c:/espressif/xtensa-lx106-elf/bin/../lib/gcc/xtensa-lx106-elf/5.1.0\libgcc.a(_floatsisf.o)
 .bss           0x3fff05ec        0x0 c:/espressif/xtensa-lx106-elf/bin/../lib/gcc/xtensa-lx106-elf/5.1.0\libgcc.a(_fixdfsi.o)
 .bss           0x3fff05ec        0x0 c:/espressif/xtensa-lx106-elf/bin/../lib/gcc/xtensa-lx106-elf/5.1.0\libgcc.a(_truncdfsf2.o)
 .bss           0x3fff05ec        0x0 c:/espressif/xtensa-lx106-elf/bin/../lib/gcc/xtensa-lx106-elf/5.1.0\libgcc.a(_divdi3.o)
 .bss           0x3fff05ec        0x0 c:/espressif/xtensa-lx106-elf/bin/../lib/gcc/xtensa-lx106-elf/5.1.0\libgcc.a(_umoddi3.o)
 *fill*         0x3fff05ec        0x4 
 .bss           0x3fff05f0        0x8 c:/Espressif/ESP8266_SDK_151/lib\libnet80211.a(ieee80211_crypto_tkip.o)
 .bss           0x3fff05f8        0x0 c:/Espressif/ESP8266_SDK_151/lib\libnet80211.a(ieee80211_crypto_wep.o)
 *(.bss.*)
 *(.gnu.linkonce.b.*)
 *(COMMON)
 COMMON         0x3fff05f8      0x1a0 build/LevelControl/app_app.a(user_main.o)
                0x3fff05f8                savedLastAction
                0x3fff05fc                taskQueue
                0x3fff069c                mqttClient
                0x3fff076c                mqttConnected
                0x3fff0770                date_timer
                0x3fff0784                transmit_timer
 COMMON         0x3fff0798      0x188 build/LevelControl/app_app.a(config.o)
                0x3fff0798                sysCfg
                0x3fff091c                saveFlag
 COMMON         0x3fff0920        0x8 build/LevelControl/app_app.a(flash.o)
                0x3fff0920                flashState
                0x3fff0924                flashFinishedCb
 COMMON         0x3fff0928       0x10 build/LevelControl/app_app.a(mqtt.o)
                0x3fff0928                default_private_key
                0x3fff092c                default_certificate
                0x3fff0930                mqtt_procTaskQueue
 COMMON         0x3fff0938        0x4 build/LevelControl/app_app.a(LevelSignal.o)
                0x3fff0938                recv
                0x3fff0940                . = ALIGN (0x8)
 *fill*         0x3fff093c        0x4 
                0x3fff0940                _bss_end = ABSOLUTE (.)
                0x3fff0940                _heap_start = ABSOLUTE (.)

.text           0x40100000     0x7374
                0x40100000                _stext = .
                0x40100000                _text_start = ABSOLUTE (.)
 *(.UserEnter.text)
 .UserEnter.text
                0x40100000        0xd c:/Espressif/ESP8266_SDK_151/lib\libmain.a(vector.o)
                                 0x14 (size before relaxing)
                0x40100004                call_user_start
                0x40100010                . = ALIGN (0x10)
 *fill*         0x4010000d        0x3 
 *(.DebugExceptionVector.text)
 .DebugExceptionVector.text
                0x40100010        0x6 c:/Espressif/ESP8266_SDK_151/lib\libmain.a(debug-vector.o)
                0x40100010                _DebugExceptionVector
                0x40100020                . = ALIGN (0x10)
 *fill*         0x40100016        0xa 
 *(.NMIExceptionVector.text)
 .NMIExceptionVector.text
                0x40100020        0x6 c:/Espressif/ESP8266_SDK_151/lib\libmain.a(nmi-vector.o)
                                  0xd (size before relaxing)
                0x40100020                _NMIExceptionVector
                0x40100030                . = ALIGN (0x10)
 *fill*         0x40100026        0xa 
 *(.KernelExceptionVector.text)
 .KernelExceptionVector.text
                0x40100030        0x6 c:/Espressif/ESP8266_SDK_151/lib\libmain.a(kernel-vector.o)
                0x40100030                _KernelExceptionVector
                0x40100036        0x4 LONG 0x0
                0x4010003a        0x4 LONG 0x0
                0x4010003e        0x4 LONG 0x0
                0x40100042        0x4 LONG 0x0
                0x40100050                . = ALIGN (0x10)
 *fill*         0x40100046        0xa 
 *(.UserExceptionVector.text)
 .UserExceptionVector.text
                0x40100050        0x6 c:/Espressif/ESP8266_SDK_151/lib\libmain.a(user-vector.o)
                                  0xd (size before relaxing)
                0x40100050                _UserExceptionVector
                0x40100056        0x4 LONG 0x0
                0x4010005a        0x4 LONG 0x0
                0x4010005e        0x4 LONG 0x0
                0x40100062        0x4 LONG 0x0
                0x40100070                . = ALIGN (0x10)
 *fill*         0x40100066        0xa 
 *(.DoubleExceptionVector.text)
 .DoubleExceptionVector.text
                0x40100070        0x6 c:/Espressif/ESP8266_SDK_151/lib\libmain.a(double-vector.o)
                0x40100070                _DoubleExceptionVector
                0x40100076        0x4 LONG 0x0
                0x4010007a        0x4 LONG 0x0
                0x4010007e        0x4 LONG 0x0
                0x40100082        0x4 LONG 0x0
                0x40100090                . = ALIGN (0x10)
 *fill*         0x40100086        0xa 
 *(.entry.text)
 *(.init.literal)
 *(.init)
 *(.literal .text .literal.* .text.* .stub .gnu.warning .gnu.linkonce.literal.* .gnu.linkonce.t.*.literal .gnu.linkonce.t.*)
 .text          0x40100090       0xc7 c:/Espressif/ESP8266_SDK_151/lib\libmain.a(nmi-vector.o)
                                 0xcb (size before relaxing)
                0x4010009c                _NMILevelVector
 *fill*         0x40100157        0x1 
 .text          0x40100158       0x1e c:/Espressif/ESP8266_SDK_151/lib\libmain.a(user-vector.o)
                0x4010015c                _UserExceptionVector_1
 *fill*         0x40100176        0x2 
 .text          0x40100178      0x55f c:/Espressif/ESP8266_SDK_151/lib\libmain.a(app_main.o)
                                0x5bb (size before relaxing)
                0x401001b0                Cache_Read_Enable_New
                0x401001ec                NmiTimSetFunc
                0x40100210                NMI_Handler
                0x40100268                call_user_start_local
                0x40100388                wdt_feed
 *fill*         0x401006d7        0x1 
 .text          0x401006d8      0x267 c:/Espressif/ESP8266_SDK_151/lib\libmain.a(ets_timer.o)
                                0x29f (size before relaxing)
                0x40100744                ets_timer_setfn
                0x401007bc                ets_timer_disarm
                0x4010084c                ets_timer_arm_new
 *fill*         0x4010093f        0x1 
 .text          0x40100940      0x30f c:/Espressif/ESP8266_SDK_151/lib\libmain.a(mem_manager.o)
                                0x367 (size before relaxing)
                0x40100944                prvInsertBlockIntoUsedList
                0x40100974                system_show_malloc
                0x40100974                pvShowMalloc
                0x40100a00                prvRemoveBlockFromUsedList
                0x40100a2c                xPortWantedSizeAlign
                0x40100a54                pvPortMalloc
                0x40100b1c                vPortFree
                0x40100b74                pvPortCalloc
                0x40100ba4                pvPortZalloc
                0x40100bc0                pvPortRealloc
 *fill*         0x40100c4f        0x1 
 .text          0x40100c50      0x269 c:/Espressif/ESP8266_SDK_151/lib\libmain.a(spi_flash.o)
                                0x2b5 (size before relaxing)
                0x40100c54                Cache_Read_Disable_2
                0x40100c94                Cache_Read_Enable_2
                0x40100ccc                spi_flash_get_id
                0x40100d28                spi_flash_read_status
                0x40100d5c                spi_flash_write_status
                0x40100ddc                spi_flash_erase_sector
                0x40100e10                spi_flash_write
                0x40100e64                spi_flash_read
 *fill*         0x40100eb9        0x3 
 .text          0x40100ebc      0x2ee c:/Espressif/ESP8266_SDK_151/lib\libmain.a(user_interface.o)
                                0x34a (size before relaxing)
                0x40100ed8                os_printf_plus
                0x40101004                system_restart_core
                0x4010103c                system_deep_sleep_local_2
                0x401010b0                system_get_time
                0x401010c8                system_os_post
                0x401010fc                system_rtc_mem_write
                0x40101154                system_rtc_mem_read
 *fill*         0x401011aa        0x2 
 .text          0x401011ac       0x3a build/LevelControl/app_app.a(user_main.o)
                                 0x46 (size before relaxing)
                0x401011e4                user_rf_pre_init
 *fill*         0x401011e6        0x2 
 .text          0x401011e8       0x9c build/LevelControl/app_app.a(easygpio.o)
                0x401011f0                easygpio_outputSet
                0x40101250                easygpio_inputGet
 .text          0x40101284       0xe1 build/LevelControl/app_app.a(flash.o)
                                0x101 (size before relaxing)
                0x401012b0                startMultiFlash
                0x40101344                startMultiFlashCb
 *fill*         0x40101365        0x3 
 .text          0x40101368       0x1a build/LevelControl/app_app.a(flowMonitor.o)
                0x4010136c                isrFlowMonitor
 *fill*         0x40101382        0x2 
 .text          0x40101384      0x12c build/LevelControl/app_app.a(LevelSignal.o)
                                0x148 (size before relaxing)
                0x40101398                isrLevelSignal
 .text          0x401014b0       0x18 build/LevelControl/app_app.a(pump.o)
                0x401014b4                getCurrentPressure
                0x401014c0                getPumpOnCount
 .literal       0x401014c8        0x0 c:/espressif/xtensa-lx106-elf/bin/../lib/gcc/xtensa-lx106-elf/5.1.0/../../../../xtensa-lx106-elf/lib\libc.a(lib_a-atoi.o)
                                  0x8 (size before relaxing)
 .literal       0x401014c8       0x14 c:/espressif/xtensa-lx106-elf/bin/../lib/gcc/xtensa-lx106-elf/5.1.0/../../../../xtensa-lx106-elf/lib\libc.a(lib_a-strcmp.o)
                                 0x20 (size before relaxing)
 .literal       0x401014dc        0x0 c:/espressif/xtensa-lx106-elf/bin/../lib/gcc/xtensa-lx106-elf/5.1.0/../../../../xtensa-lx106-elf/lib\libc.a(lib_a-strlen.o)
                                  0xc (size before relaxing)
 .literal       0x401014dc       0x10 c:/espressif/xtensa-lx106-elf/bin/../lib/gcc/xtensa-lx106-elf/5.1.0/../../../../xtensa-lx106-elf/lib\libc.a(lib_a-strtol.o)
                                 0x18 (size before relaxing)
 .literal       0x401014ec        0x4 c:/espressif/xtensa-lx106-elf/bin/../lib/gcc/xtensa-lx106-elf/5.1.0\libgcc.a(_addsubdf3.o)
                                  0xc (size before relaxing)
 .literal       0x401014f0        0x4 c:/espressif/xtensa-lx106-elf/bin/../lib/gcc/xtensa-lx106-elf/5.1.0\libgcc.a(_muldf3.o)
                                 0x10 (size before relaxing)
 .literal       0x401014f4        0x0 c:/espressif/xtensa-lx106-elf/bin/../lib/gcc/xtensa-lx106-elf/5.1.0\libgcc.a(_divdf3.o)
                                 0x10 (size before relaxing)
 .literal       0x401014f4        0x0 c:/espressif/xtensa-lx106-elf/bin/../lib/gcc/xtensa-lx106-elf/5.1.0\libgcc.a(_cmpdf2.o)
                                 0x18 (size before relaxing)
 .literal       0x401014f4        0x0 c:/espressif/xtensa-lx106-elf/bin/../lib/gcc/xtensa-lx106-elf/5.1.0\libgcc.a(_fixunsdfsi.o)
                                  0x4 (size before relaxing)
 .literal       0x401014f4        0x0 c:/espressif/xtensa-lx106-elf/bin/../lib/gcc/xtensa-lx106-elf/5.1.0\libgcc.a(_muldi3.o)
                                  0x4 (size before relaxing)
 .literal       0x401014f4        0x4 c:/espressif/xtensa-lx106-elf/bin/../lib/gcc/xtensa-lx106-elf/5.1.0\libgcc.a(_addsubsf3.o)
                                  0xc (size before relaxing)
 .literal       0x401014f8        0x0 c:/espressif/xtensa-lx106-elf/bin/../lib/gcc/xtensa-lx106-elf/5.1.0\libgcc.a(_mulsf3.o)
                                 0x10 (size before relaxing)
 .literal       0x401014f8        0x0 c:/espressif/xtensa-lx106-elf/bin/../lib/gcc/xtensa-lx106-elf/5.1.0\libgcc.a(_divsf3.o)
                                 0x10 (size before relaxing)
 .literal       0x401014f8        0x0 c:/espressif/xtensa-lx106-elf/bin/../lib/gcc/xtensa-lx106-elf/5.1.0\libgcc.a(_fixsfsi.o)
                                  0x4 (size before relaxing)
 .literal       0x401014f8        0x0 c:/espressif/xtensa-lx106-elf/bin/../lib/gcc/xtensa-lx106-elf/5.1.0\libgcc.a(_fixunssfsi.o)
                                  0x4 (size before relaxing)
 .literal       0x401014f8        0x0 c:/espressif/xtensa-lx106-elf/bin/../lib/gcc/xtensa-lx106-elf/5.1.0\libgcc.a(_fixdfsi.o)
                                  0x4 (size before relaxing)
 .literal       0x401014f8        0x4 c:/espressif/xtensa-lx106-elf/bin/../lib/gcc/xtensa-lx106-elf/5.1.0\libgcc.a(_truncdfsf2.o)
                                  0x8 (size before relaxing)
 .literal       0x401014fc        0x0 c:/espressif/xtensa-lx106-elf/bin/../lib/gcc/xtensa-lx106-elf/5.1.0\libgcc.a(_divdi3.o)
                                 0x48 (size before relaxing)
 .literal       0x401014fc        0x0 c:/espressif/xtensa-lx106-elf/bin/../lib/gcc/xtensa-lx106-elf/5.1.0\libgcc.a(_umoddi3.o)
                                 0x48 (size before relaxing)
 .text          0x401014fc       0x27 c:/espressif/xtensa-lx106-elf/bin/../lib/gcc/xtensa-lx106-elf/5.1.0/../../../../xtensa-lx106-elf/lib\libc.a(lib_a-atoi.o)
                                 0x2f (size before relaxing)
                0x401014fc                atoi
                0x40101510                _atoi_r
 *fill*         0x40101523        0x1 
 .text          0x40101524       0xff c:/espressif/xtensa-lx106-elf/bin/../lib/gcc/xtensa-lx106-elf/5.1.0/../../../../xtensa-lx106-elf/lib\libc.a(lib_a-strcmp.o)
                0x40101524                strcmp
 *fill*         0x40101623        0x1 
 .text          0x40101624       0x5b c:/espressif/xtensa-lx106-elf/bin/../lib/gcc/xtensa-lx106-elf/5.1.0/../../../../xtensa-lx106-elf/lib\libc.a(lib_a-strlen.o)
                0x40101624                strlen
 *fill*         0x4010167f        0x1 
 .text          0x40101680      0x14f c:/espressif/xtensa-lx106-elf/bin/../lib/gcc/xtensa-lx106-elf/5.1.0/../../../../xtensa-lx106-elf/lib\libc.a(lib_a-strtol.o)
                                0x153 (size before relaxing)
                0x40101680                _strtol_r
                0x401017b4                strtol
 *fill*         0x401017cf        0x1 
 .text          0x401017d0      0x2f6 c:/espressif/xtensa-lx106-elf/bin/../lib/gcc/xtensa-lx106-elf/5.1.0\libgcc.a(_addsubdf3.o)
                0x401017f0                __adddf3
                0x40101940                __subdf3
 *fill*         0x40101ac6        0x2 
 .text          0x40101ac8      0x29b c:/espressif/xtensa-lx106-elf/bin/../lib/gcc/xtensa-lx106-elf/5.1.0\libgcc.a(_muldf3.o)
                0x40101ba8                __muldf3
 *fill*         0x40101d63        0x1 
 .text          0x40101d64      0x20b c:/espressif/xtensa-lx106-elf/bin/../lib/gcc/xtensa-lx106-elf/5.1.0\libgcc.a(_divdf3.o)
                0x40101e4c                __divdf3
 *fill*         0x40101f6f        0x1 
 .text          0x40101f70      0x169 c:/espressif/xtensa-lx106-elf/bin/../lib/gcc/xtensa-lx106-elf/5.1.0\libgcc.a(_cmpdf2.o)
                0x40101f70                __nedf2
                0x40101f70                __eqdf2
                0x40101fa0                __gtdf2
                0x40101fc4                __ledf2
                0x40102028                __gedf2
                0x4010204c                __ltdf2
                0x401020b0                __unorddf2
 *fill*         0x401020d9        0x3 
 .text          0x401020dc       0x59 c:/espressif/xtensa-lx106-elf/bin/../lib/gcc/xtensa-lx106-elf/5.1.0\libgcc.a(_fixunsdfsi.o)
                0x401020dc                __fixunsdfsi
 *fill*         0x40102135        0x3 
 .text          0x40102138       0x36 c:/espressif/xtensa-lx106-elf/bin/../lib/gcc/xtensa-lx106-elf/5.1.0\libgcc.a(_muldi3.o)
                0x40102138                __muldi3
 *fill*         0x4010216e        0x2 
 .text          0x40102170       0x53 c:/Espressif/ESP8266_SDK_151/lib\libphy.a(phy.o)
                                 0x5f (size before relaxing)
                0x40102178                register_phy_ops
                0x40102198                register_get_phy_addr
                0x401021a0                phy_change_channel
                0x401021b8                phy_get_mactime
 *fill*         0x401021c3        0x1 
 .text          0x401021c4       0xaa c:/Espressif/ESP8266_SDK_151/lib\libphy.a(phy_chip_v6_cal.o)
                                 0xb2 (size before relaxing)
                0x401021c4                unsign_to_sign
                0x401021fc                phy_get_bb_freqoffset
                0x40102260                phy_get_bb_evm
 *fill*         0x4010226e        0x2 
 .text          0x40102270       0xe7 c:/Espressif/ESP8266_SDK_151/lib\libphy.a(phy_sleep.o)
                                0x103 (size before relaxing)
                0x40102274                pm_rtc_clock_cali
                0x4010232c                clockgate_watchdog
 *fill*         0x40102357        0x1 
 .text          0x40102358     0x160a c:/Espressif/ESP8266_SDK_151/lib\libpp.a(lmac.o)
                               0x1962 (size before relaxing)
                0x4010235c                lmacIsActive
                0x40102370                lmacIsIdle
                0x401027f4                lmacSetAcParam
                0x40102848                lmacProcessTXStartData
                0x401029c8                lmacProcessTxSuccess
                0x40102b0c                GetAccess
                0x40102b18                lmacDiscardAgedMSDU
                0x40102b2c                lmacRecycleMPDU
                0x401030f4                lmacProcessTxTimeout
                0x4010315c                lmacProcessAllTxTimeout
                0x40103170                lmacProcessCollisions
                0x401031d0                lmacProcessCollision
                0x40103254                lmacMSDUAged
                0x401035e4                lmacProcessCtsTimeout
                0x4010361c                lmacProcessAckTimeout
                0x40103674                lmacProcessRtsStart
                0x40103680                lmacProcessTxRtsError
                0x40103720                lmacProcessTxError
                0x401037b0                lmacTxFrame
                0x4010394c                lmacRxDone
 *fill*         0x40103962        0x2 
 .text          0x40103964      0x8e1 c:/Espressif/ESP8266_SDK_151/lib\libpp.a(pp.o)
                                0x9fd (size before relaxing)
                0x40103998                pp_soft_wdt_feed_local
                0x40103a2c                ppProcessTxQ
                0x40103aa0                ppFetchTxQFirstAvail
                0x40103ae0                ppDequeueTxQ
                0x40103b08                ppRollBackTxQ
                0x40103b2c                ppRecordBarRRC
                0x40103b3c                ppTxqUpdateBitmap
                0x40103b64                ppEnqueueTxDone
                0x40103b98                ppEnqueueRxq
                0x40104080                ppDiscardMPDU
                0x401040a4                pp_post
                0x40104130                pp_post2
                0x40104158                ppCalTxop
                0x401041d8                ppCalFrameTimes
 *fill*         0x40104245        0x3 
 .text          0x40104248       0xf5 c:/Espressif/ESP8266_SDK_151/lib\libpp.a(rate_control.o)
                                0x109 (size before relaxing)
                0x40104268                RC_GetAckRate
                0x40104274                RC_GetRtsRate
                0x40104284                RC_GetAckTime
                0x40104298                RC_GetCtsTime
                0x401042d0                RC_GetBlockAckTime
 *fill*         0x4010433d        0x3 
 .text          0x40104340      0x9a1 c:/Espressif/ESP8266_SDK_151/lib\libpp.a(trc.o)
                                0xa05 (size before relaxing)
                0x40104514                rcUpdateTxDone
                0x401045a8                rcUpdateRxDone
                0x40104604                rcUpdateDataRxDone
                0x40104620                rcGetSched
                0x40104704                rcGetRate
                0x40104c14                rcReachRetryLimit
                0x40104c2c                trc_NeedRTS
 *fill*         0x40104ce1        0x3 
 .text          0x40104ce4     0x105f c:/Espressif/ESP8266_SDK_151/lib\libpp.a(wdev.o)
                               0x1347 (size before relaxing)
                0x40105088                wDev_MacTim1SetFunc
                0x401050a8                wDev_MacTim1Arm
                0x4010513c                wDev_ProcessFiq
                0x40105480                wDev_EnableTransmit
                0x401054b8                wDev_DisableTransmit
                0x401054d8                Tx_Copy2Queue
                0x40105520                wDev_ProcessCollision
                0x40105544                wDev_GetTxqCollisions
                0x40105554                wDev_ClearTxqCollisions
                0x40105570                wDev_SetWaitingQueue
                0x401055b8                wDev_ClearWaitingQueue
                0x401055dc                wDev_SetFrameAckType
                0x40105640                wDev_AppendRxBlocks
                0x40105784                wDev_AppendRxAmpduLensBlocks
                0x40105858                wDev_GetBAInfo
                0x4010588c                wDevDisableRx
 *fill*         0x40105d43        0x1 
 .text          0x40105d44       0x4c c:/Espressif/ESP8266_SDK_151/lib\libpp.a(esf_buf.o)
                                 0x5c (size before relaxing)
                0x40105d48                esf_rx_buf_alloc
 .text          0x40105d90       0x23 c:/Espressif/ESP8266_SDK_151/lib\libnet80211.a(ieee80211_output.o)
                                 0x27 (size before relaxing)
 *fill*         0x40105db3        0x1 
 .text          0x40105db4        0xb c:/Espressif/ESP8266_SDK_151/lib\libnet80211.a(wl_chm.o)
                0x40105db8                chm_get_current_channel
 *fill*         0x40105dbf        0x1 
 .text          0x40105dc0       0x43 c:/Espressif/ESP8266_SDK_151/lib\liblwip.a(etharp.o)
                                 0x47 (size before relaxing)
 *fill*         0x40105e03        0x1 
 .text          0x40105e04      0x1fd c:/Espressif/ESP8266_SDK_151/lib\liblwip.a(tcp.o)
                                0x229 (size before relaxing)
 *fill*         0x40106001        0x3 
 .text          0x40106004      0x159 c:/Espressif/ESP8266_SDK_151/lib\liblwip.a(tcp_out.o)
                                0x161 (size before relaxing)
 *fill*         0x4010615d        0x3 
 .text          0x40106160       0xb4 c:/Espressif/ESP8266_SDK_151/lib\liblwip.a(timers.o)
                                 0xc0 (size before relaxing)
 .text          0x40106214      0x1ff c:/espressif/xtensa-lx106-elf/bin/../lib/gcc/xtensa-lx106-elf/5.1.0\libgcc.a(_addsubsf3.o)
                0x40106230                __addsf3
                0x40106318                __subsf3
 *fill*         0x40106413        0x1 
 .text          0x40106414      0x15d c:/espressif/xtensa-lx106-elf/bin/../lib/gcc/xtensa-lx106-elf/5.1.0\libgcc.a(_mulsf3.o)
                0x4010648c                __mulsf3
 *fill*         0x40106571        0x3 
 .text          0x40106574      0x135 c:/espressif/xtensa-lx106-elf/bin/../lib/gcc/xtensa-lx106-elf/5.1.0\libgcc.a(_divsf3.o)
                0x401065f0                __divsf3
 *fill*         0x401066a9        0x3 
 .text          0x401066ac       0x40 c:/espressif/xtensa-lx106-elf/bin/../lib/gcc/xtensa-lx106-elf/5.1.0\libgcc.a(_fixsfsi.o)
                0x401066ac                __fixsfsi
 .text          0x401066ec       0x51 c:/espressif/xtensa-lx106-elf/bin/../lib/gcc/xtensa-lx106-elf/5.1.0\libgcc.a(_fixunssfsi.o)
                0x401066ec                __fixunssfsi
 *fill*         0x4010673d        0x3 
 .text          0x40106740       0x48 c:/espressif/xtensa-lx106-elf/bin/../lib/gcc/xtensa-lx106-elf/5.1.0\libgcc.a(_fixdfsi.o)
                0x40106740                __fixdfsi
 .text          0x40106788       0xa0 c:/espressif/xtensa-lx106-elf/bin/../lib/gcc/xtensa-lx106-elf/5.1.0\libgcc.a(_truncdfsf2.o)
                0x40106788                __truncdfsf2
 .text          0x40106828      0x3df c:/espressif/xtensa-lx106-elf/bin/../lib/gcc/xtensa-lx106-elf/5.1.0\libgcc.a(_divdi3.o)
                                0x40f (size before relaxing)
                0x40106828                __divdi3
 *fill*         0x40106c07        0x1 
 .text          0x40106c08      0x350 c:/espressif/xtensa-lx106-elf/bin/../lib/gcc/xtensa-lx106-elf/5.1.0\libgcc.a(_umoddi3.o)
                                0x388 (size before relaxing)
                0x40106c08                __umoddi3
 .text          0x40106f58        0x0 c:/Espressif/ESP8266_SDK_151/lib\libmain.a(debug-vector.o)
 .text          0x40106f58        0x0 c:/Espressif/ESP8266_SDK_151/lib\libmain.a(double-vector.o)
 .text          0x40106f58        0x0 c:/Espressif/ESP8266_SDK_151/lib\libmain.a(kernel-vector.o)
 .literal       0x40106f58        0x0 c:/Espressif/ESP8266_SDK_151/lib\libmain.a(nmi-vector.o)
 *fill*         0x40106f58        0x0 
 .literal       0x40106f58        0x0 c:/Espressif/ESP8266_SDK_151/lib\libmain.a(user-vector.o)
 .text          0x40106f58        0x0 c:/Espressif/ESP8266_SDK_151/lib\libmain.a(vector.o)
 *fill*         0x40106f58        0x0 
 .literal       0x40106f58        0x0 c:/Espressif/ESP8266_SDK_151/lib\libmain.a(app_main.o)
 *fill*         0x40106f58        0x0 
 .literal       0x40106f58        0x0 c:/Espressif/ESP8266_SDK_151/lib\libmain.a(ets_timer.o)
 *fill*         0x40106f58        0x0 
 .literal       0x40106f58        0x0 c:/Espressif/ESP8266_SDK_151/lib\libmain.a(mem_manager.o)
 *fill*         0x40106f58        0x0 
 .literal       0x40106f58        0x0 c:/Espressif/ESP8266_SDK_151/lib\libmain.a(spi_flash.o)
 *fill*         0x40106f58        0x0 
 .literal       0x40106f58        0x0 c:/Espressif/ESP8266_SDK_151/lib\libmain.a(user_interface.o)
 .text          0x40106f58        0x0 c:/Espressif/ESP8266_SDK_151/lib\libmain.a(eagle_lib.o)
 .text          0x40106f58        0x0 c:/Espressif/ESP8266_SDK_151/lib\libmain.a(eagle_lwip_if.o)
 *fill*         0x40106f58        0x0 
 .literal       0x40106f58        0x0 build/LevelControl/app_app.a(user_main.o)
 .text          0x40106f58        0x0 build/LevelControl/app_app.a(config.o)
 .text          0x40106f58        0x0 build/LevelControl/app_app.a(switch.o)
 *fill*         0x40106f58        0x0 
 .literal       0x40106f58        0x0 build/LevelControl/app_app.a(easygpio.o)
 .text          0x40106f58        0x0 build/LevelControl/app_app.a(wifi.o)
 .literal       0x40106f58        0x0 build/LevelControl/app_app.a(flash.o)
 .text          0x40106f58        0x0 build/LevelControl/app_app.a(doSmartConfig.o)
 .text          0x40106f58        0x0 build/LevelControl/app_app.a(stdout.o)
 .text          0x40106f58        0x0 build/LevelControl/app_app.a(check.o)
 .text          0x40106f58        0x0 build/LevelControl/app_app.a(http.o)
 *fill*         0x40106f58        0x0 
 .literal       0x40106f58        0x0 build/LevelControl/app_app.a(flowMonitor.o)
 .text          0x40106f58        0x0 build/LevelControl/app_app.a(sounder.o)
 .text          0x40106f58        0x0 build/LevelControl/app_app.a(publish.o)
 .text          0x40106f58        0x0 build/LevelControl/app_app.a(mqtt.o)
 .text          0x40106f58        0x0 build/LevelControl/app_app.a(temperature.o)
 .text          0x40106f58        0x0 build/LevelControl/app_app.a(ds18b20.o)
 *fill*         0x40106f58        0x0 
 .literal       0x40106f58        0x0 build/LevelControl/app_app.a(LevelSignal.o)
 .text          0x40106f58        0x0 build/LevelControl/app_app.a(decodeMessage.o)
 .literal       0x40106f58        0x0 build/LevelControl/app_app.a(pump.o)
 .text          0x40106f58        0x0 build/LevelControl/app_app.a(jsmn.o)
 .text          0x40106f58        0x0 build/LevelControl/app_app.a(dtoa.o)
 .text          0x40106f58        0x0 build/LevelControl/app_app.a(utils.o)
 .text          0x40106f58        0x0 build/LevelControl/app_app.a(queue.o)
 .text          0x40106f58        0x0 build/LevelControl/app_app.a(mqtt_msg.o)
 .text          0x40106f58        0x0 build/LevelControl/app_app.a(ringbuf.o)
 .text          0x40106f58        0x0 build/LevelControl/app_app.a(proto.o)
 *fill*         0x40106f58        0x0 
 .text          0x40106f58      0x145 c:/espressif/xtensa-lx106-elf/bin/../lib/gcc/xtensa-lx106-elf/5.1.0/../../../../xtensa-lx106-elf/lib\libc.a(lib_a-memcpy.o)
                0x40106f9c                memcpy
 *fill*         0x4010709d        0x3 
 .text          0x401070a0       0x7c c:/espressif/xtensa-lx106-elf/bin/../lib/gcc/xtensa-lx106-elf/5.1.0/../../../../xtensa-lx106-elf/lib\libc.a(lib_a-memset.o)
                0x401070cc                memset
 *fill*         0x4010711c        0x0 
 *fill*         0x4010711c        0x0 
 .text          0x4010711c        0x0 c:/espressif/xtensa-lx106-elf/bin/../lib/gcc/xtensa-lx106-elf/5.1.0/../../../../xtensa-lx106-elf/lib\libc.a(lib_a-ctype_.o)
 .text          0x4010711c        0x0 c:/espressif/xtensa-lx106-elf/bin/../lib/gcc/xtensa-lx106-elf/5.1.0/../../../../xtensa-lx106-elf/lib\libc.a(lib_a-impure.o)
 *fill*         0x4010711c        0x0 
 .text          0x4010711c       0x64 c:/espressif/xtensa-lx106-elf/bin/../lib/gcc/xtensa-lx106-elf/5.1.0\libgcc.a(_divsi3.o)
                0x4010711c                __divsi3
 .text          0x40107180       0x4c c:/espressif/xtensa-lx106-elf/bin/../lib/gcc/xtensa-lx106-elf/5.1.0\libgcc.a(_udivsi3.o)
                0x40107180                __udivsi3
 .text          0x401071cc       0x39 c:/espressif/xtensa-lx106-elf/bin/../lib/gcc/xtensa-lx106-elf/5.1.0\libgcc.a(_umodsi3.o)
                0x401071cc                __umodsi3
 *fill*         0x40107205        0x0 
 *fill*         0x40107205        0x0 
 *fill*         0x40107205        0x0 
 *fill*         0x40107205        0x0 
 *fill*         0x40107205        0x0 
 *fill*         0x40107205        0x3 
 .text          0x40107208       0x36 c:/espressif/xtensa-lx106-elf/bin/../lib/gcc/xtensa-lx106-elf/5.1.0\libgcc.a(_floatsidf.o)
                0x40107208                __floatunsidf
                0x40107210                __floatsidf
 *fill*         0x4010723e        0x0 
 *fill*         0x4010723e        0x2 
 .text          0x40107240       0x48 c:/espressif/xtensa-lx106-elf/bin/../lib/gcc/xtensa-lx106-elf/5.1.0\libgcc.a(_umulsidi3.o)
                0x40107240                __umulsidi3
 .text          0x40107288        0x5 c:/espressif/xtensa-lx106-elf/bin/../lib/gcc/xtensa-lx106-elf/5.1.0/../../../../xtensa-lx106-elf/lib\libhal.a(int_asm--set_intclear.o)
                0x40107288                xthal_set_intclear
 *fill*         0x4010728d        0x3 
 .literal       0x40107290        0x0 c:/Espressif/ESP8266_SDK_151/lib\libphy.a(phy.o)
 .text          0x40107290        0x0 c:/Espressif/ESP8266_SDK_151/lib\libphy.a(phy_chip_v6_ana.o)
 .text          0x40107290        0x0 c:/Espressif/ESP8266_SDK_151/lib\libphy.a(phy_chip_v6.o)
 *fill*         0x40107290        0x0 
 .literal       0x40107290        0x0 c:/Espressif/ESP8266_SDK_151/lib\libphy.a(phy_chip_v6_cal.o)
 .text          0x40107290        0x0 c:/Espressif/ESP8266_SDK_151/lib\libphy.a(phy_chip_v6_unused.o)
 *fill*         0x40107290        0x0 
 .literal       0x40107290        0x0 c:/Espressif/ESP8266_SDK_151/lib\libphy.a(phy_sleep.o)
 .text          0x40107290        0x0 c:/Espressif/ESP8266_SDK_151/lib\libpp.a(if_hwctrl.o)
 *fill*         0x40107290        0x0 
 .literal       0x40107290        0x0 c:/Espressif/ESP8266_SDK_151/lib\libpp.a(lmac.o)
 .text          0x40107290        0x0 c:/Espressif/ESP8266_SDK_151/lib\libpp.a(pm.o)
 .text          0x40107290        0x0 c:/Espressif/ESP8266_SDK_151/lib\libpp.a(pm_for_bcn_only_mode.o)
 *fill*         0x40107290        0x0 
 .literal       0x40107290        0x0 c:/Espressif/ESP8266_SDK_151/lib\libpp.a(pp.o)
 *fill*         0x40107290        0x0 
 .literal       0x40107290        0x0 c:/Espressif/ESP8266_SDK_151/lib\libpp.a(rate_control.o)
 *fill*         0x40107290        0x0 
 .literal       0x40107290        0x0 c:/Espressif/ESP8266_SDK_151/lib\libpp.a(trc.o)
 *fill*         0x40107290        0x0 
 .literal       0x40107290        0x0 c:/Espressif/ESP8266_SDK_151/lib\libpp.a(wdev.o)
 *fill*         0x40107290        0x0 
 .literal       0x40107290        0x0 c:/Espressif/ESP8266_SDK_151/lib\libpp.a(esf_buf.o)
 .text          0x40107290        0x0 c:/Espressif/ESP8266_SDK_151/lib\libnet80211.a(ieee80211.o)
 .text          0x40107290        0x0 c:/Espressif/ESP8266_SDK_151/lib\libnet80211.a(ieee80211_crypto.o)
 .text          0x40107290        0x0 c:/Espressif/ESP8266_SDK_151/lib\libnet80211.a(ieee80211_ets.o)
 .literal       0x40107290        0x0 c:/Espressif/ESP8266_SDK_151/lib\libnet80211.a(ieee80211_hostap.o)
 .text          0x40107290       0x25 c:/Espressif/ESP8266_SDK_151/lib\libnet80211.a(ieee80211_hostap.o)
 .text          0x401072b5        0x0 c:/Espressif/ESP8266_SDK_151/lib\libnet80211.a(ieee80211_ht.o)
 .text          0x401072b5        0x0 c:/Espressif/ESP8266_SDK_151/lib\libnet80211.a(ieee80211_input.o)
 .text          0x401072b5        0x0 c:/Espressif/ESP8266_SDK_151/lib\libnet80211.a(ieee80211_mesh_quick.o)
 *fill*         0x401072b5        0x3 
 .literal       0x401072b8        0x0 c:/Espressif/ESP8266_SDK_151/lib\libnet80211.a(ieee80211_output.o)
 .text          0x401072b8        0x0 c:/Espressif/ESP8266_SDK_151/lib\libnet80211.a(ieee80211_phy.o)
 .text          0x401072b8        0x0 c:/Espressif/ESP8266_SDK_151/lib\libnet80211.a(ieee80211_power.o)
 .text          0x401072b8        0x0 c:/Espressif/ESP8266_SDK_151/lib\libnet80211.a(ieee80211_proto.o)
 .text          0x401072b8        0x0 c:/Espressif/ESP8266_SDK_151/lib\libnet80211.a(ieee80211_rfid.o)
 .text          0x401072b8        0x0 c:/Espressif/ESP8266_SDK_151/lib\libnet80211.a(ieee80211_scan.o)
 .text          0x401072b8        0x0 c:/Espressif/ESP8266_SDK_151/lib\libnet80211.a(ieee80211_sta.o)
 *fill*         0x401072b8        0x0 
 .literal       0x401072b8        0x0 c:/Espressif/ESP8266_SDK_151/lib\libnet80211.a(wl_chm.o)
 .text          0x401072b8        0x0 c:/Espressif/ESP8266_SDK_151/lib\libnet80211.a(wl_cnx.o)
 .text          0x401072b8        0x0 c:/Espressif/ESP8266_SDK_151/lib\libnet80211.a(ieee80211_action.o)
 .text          0x401072b8        0x0 c:/Espressif/ESP8266_SDK_151/lib\libnet80211.a(ieee80211_action_vendor.o)
 .text          0x401072b8        0x0 c:/Espressif/ESP8266_SDK_151/lib\libnet80211.a(ieee80211_crypto_ccmp.o)
 .text          0x401072b8        0x0 c:/Espressif/ESP8266_SDK_151/lib\libnet80211.a(ieee80211_ie_vendor.o)
 .text          0x401072b8        0x0 c:/Espressif/ESP8266_SDK_151/lib\liblwip.a(dhcp.o)
 .text          0x401072b8        0x0 c:/Espressif/ESP8266_SDK_151/lib\liblwip.a(dhcpserver.o)
 .text          0x401072b8        0x0 c:/Espressif/ESP8266_SDK_151/lib\liblwip.a(dns.o)
 .text          0x401072b8        0x0 c:/Espressif/ESP8266_SDK_151/lib\liblwip.a(espconn.o)
 .text          0x401072b8        0x0 c:/Espressif/ESP8266_SDK_151/lib\liblwip.a(espconn_tcp.o)
 .text          0x401072b8        0x0 c:/Espressif/ESP8266_SDK_151/lib\liblwip.a(espconn_udp.o)
 *fill*         0x401072b8        0x0 
 .literal       0x401072b8        0x0 c:/Espressif/ESP8266_SDK_151/lib\liblwip.a(etharp.o)
 .text          0x401072b8        0x0 c:/Espressif/ESP8266_SDK_151/lib\liblwip.a(igmp.o)
 .text          0x401072b8        0x0 c:/Espressif/ESP8266_SDK_151/lib\liblwip.a(inet_chksum.o)
 .text          0x401072b8        0x0 c:/Espressif/ESP8266_SDK_151/lib\liblwip.a(init.o)
 .text          0x401072b8        0x0 c:/Espressif/ESP8266_SDK_151/lib\liblwip.a(ip_addr.o)
 .text          0x401072b8        0x0 c:/Espressif/ESP8266_SDK_151/lib\liblwip.a(ip.o)
 .text          0x401072b8        0x0 c:/Espressif/ESP8266_SDK_151/lib\liblwip.a(memp.o)
 .text          0x401072b8        0x0 c:/Espressif/ESP8266_SDK_151/lib\liblwip.a(netif.o)
 .text          0x401072b8        0x0 c:/Espressif/ESP8266_SDK_151/lib\liblwip.a(pbuf.o)
 .text          0x401072b8        0x0 c:/Espressif/ESP8266_SDK_151/lib\liblwip.a(raw.o)
 .text          0x401072b8        0x0 c:/Espressif/ESP8266_SDK_151/lib\liblwip.a(tcp_in.o)
 *fill*         0x401072b8        0x0 
 .literal       0x401072b8        0x0 c:/Espressif/ESP8266_SDK_151/lib\liblwip.a(tcp.o)
 *fill*         0x401072b8        0x0 
 .literal       0x401072b8        0x0 c:/Espressif/ESP8266_SDK_151/lib\liblwip.a(tcp_out.o)
 *fill*         0x401072b8        0x0 
 .literal       0x401072b8        0x0 c:/Espressif/ESP8266_SDK_151/lib\liblwip.a(timers.o)
 .text          0x401072b8        0x0 c:/Espressif/ESP8266_SDK_151/lib\liblwip.a(udp.o)
 .text          0x401072b8        0x0 c:/Espressif/ESP8266_SDK_151/lib\liblwip.a(icmp.o)
 .text          0x401072b8        0x0 c:/Espressif/ESP8266_SDK_151/lib\libwpa.a(ap_config.o)
 .text          0x401072b8        0x0 c:/Espressif/ESP8266_SDK_151/lib\libwpa.a(common.o)
 .text          0x401072b8        0x0 c:/Espressif/ESP8266_SDK_151/lib\libwpa.a(os_xtensa.o)
 .literal       0x401072b8        0x0 c:/Espressif/ESP8266_SDK_151/lib\libwpa.a(wpa_auth.o)
 .text          0x401072b8       0x11 c:/Espressif/ESP8266_SDK_151/lib\libwpa.a(wpa_auth.o)
 .text          0x401072c9        0x0 c:/Espressif/ESP8266_SDK_151/lib\libwpa.a(wpa_auth_ie.o)
 .text          0x401072c9        0x0 c:/Espressif/ESP8266_SDK_151/lib\libwpa.a(wpa.o)
 .text          0x401072c9        0x0 c:/Espressif/ESP8266_SDK_151/lib\libwpa.a(wpa_common.o)
 .text          0x401072c9        0x0 c:/Espressif/ESP8266_SDK_151/lib\libwpa.a(wpa_debug.o)
 .text          0x401072c9        0x0 c:/Espressif/ESP8266_SDK_151/lib\libwpa.a(wpa_ie.o)
 .text          0x401072c9        0x0 c:/Espressif/ESP8266_SDK_151/lib\libwpa.a(wpa_main.o)
 .text          0x401072c9        0x0 c:/Espressif/ESP8266_SDK_151/lib\libwpa.a(wpas_glue.o)
 .text          0x401072c9        0x0 c:/Espressif/ESP8266_SDK_151/lib\libsmartconfig.a(sc_sniffer.o)
 .text          0x401072c9        0x0 c:/Espressif/ESP8266_SDK_151/lib\libsmartconfig.a(sc_airkiss.o)
 .text          0x401072c9        0x0 c:/Espressif/ESP8266_SDK_151/lib\libsmartconfig.a(sc_esptouch.o)
 .text          0x401072c9        0x0 c:/Espressif/ESP8266_SDK_151/lib\libcrypto.a(aes-wrap.o)
 .text          0x401072c9        0x0 c:/Espressif/ESP8266_SDK_151/lib\libcrypto.a(aes-internal-enc.o)
 .text          0x401072c9        0x0 c:/Espressif/ESP8266_SDK_151/lib\libcrypto.a(aes-internal.o)
 *fill*         0x401072c9        0x3 
 .text          0x401072cc       0x49 c:/espressif/xtensa-lx106-elf/bin/../lib/gcc/xtensa-lx106-elf/5.1.0\libgcc.a(_modsi3.o)
                0x401072cc                __modsi3
 *fill*         0x40107315        0x3 