Archive member included because of file (symbol)

c:/Espressif/ESP8266_SDK_151/lib\libmain.a(debug-vector.o)
                              (_DebugExceptionVector)
c:/Espressif/ESP8266_SDK_151/lib\libmain.a(double-vector.o)
                              (_DoubleExceptionVector)
c:/Espressif/ESP8266_SDK_151/lib\libmain.a(kernel-vector.o)
                              (_KernelExceptionVector)
c:/Espressif/ESP8266_SDK_151/lib\libmain.a(nmi-vector.o)
                              (_NMIExceptionVector)
c:/Espressif/ESP8266_SDK_151/lib\libmain.a(user-vector.o)
                              (_UserExceptionVector)
c:/Espressif/ESP8266_SDK_151/lib\libmain.a(vector.o)
                              (call_user_start)
c:/Espressif/ESP8266_SDK_151/lib\libmain.a(app_main.o)
                              c:/Espressif/ESP8266_SDK_151/lib\libmain.a(nmi-vector.o) (NMI_Handler)
c:/Espressif/ESP8266_SDK_151/lib\libmain.a(ets_timer.o)
                              c:/Espressif/ESP8266_SDK_151/lib\libmain.a(app_main.o) (ets_timer_setfn)
c:/Espressif/ESP8266_SDK_151/lib\libmain.a(mem_manager.o)
                              c:/Espressif/ESP8266_SDK_151/lib\libmain.a(app_main.o) (pvPortMalloc)
c:/Espressif/ESP8266_SDK_151/lib\libmain.a(spi_flash.o)
                              c:/Espressif/ESP8266_SDK_151/lib\libmain.a(app_main.o) (spi_flash_read)
c:/Espressif/ESP8266_SDK_151/lib\libmain.a(user_interface.o)
                              c:/Espressif/ESP8266_SDK_151/lib\libmain.a(app_main.o) (done_cb)
c:/Espressif/ESP8266_SDK_151/lib\libmain.a(eagle_lib.o)
                              c:/Espressif/ESP8266_SDK_151/lib\libmain.a(user_interface.o) (ets_sprintf)
c:/Espressif/ESP8266_SDK_151/lib\libmain.a(eagle_lwip_if.o)
                              c:/Espressif/ESP8266_SDK_151/lib\libmain.a(user_interface.o) (hostname)
build/debug/app_app.a(user_main.o)
                              c:/Espressif/ESP8266_SDK_151/lib\libmain.a(app_main.o) (user_init)
build/debug/app_app.a(easygpio.o)
                              build/debug/app_app.a(user_main.o) (easygpio_pinMode)
build/debug/app_app.a(stdout.o)
                              build/debug/app_app.a(user_main.o) (stdout_init)
build/debug/app_app.a(hw_timer.o)
                              build/debug/app_app.a(user_main.o) (hw_timer_arm)
c:/espressif/xtensa-lx106-elf/bin/../lib/gcc/xtensa-lx106-elf/5.1.0\libgcc.a(_udivsi3.o)
                              c:/Espressif/ESP8266_SDK_151/lib\libmain.a(app_main.o) (__udivsi3)
c:/espressif/xtensa-lx106-elf/bin/../lib/gcc/xtensa-lx106-elf/5.1.0\libgcc.a(_umodsi3.o)
                              c:/Espressif/ESP8266_SDK_151/lib\libmain.a(eagle_lib.o) (__umodsi3)
c:/espressif/xtensa-lx106-elf/bin/../lib/gcc/xtensa-lx106-elf/5.1.0\libgcc.a(_muldi3.o)
                              c:/Espressif/ESP8266_SDK_151/lib\libmain.a(user_interface.o) (__muldi3)
c:/espressif/xtensa-lx106-elf/bin/../lib/gcc/xtensa-lx106-elf/5.1.0\libgcc.a(_umulsidi3.o)
                              c:/espressif/xtensa-lx106-elf/bin/../lib/gcc/xtensa-lx106-elf/5.1.0\libgcc.a(_muldi3.o) (__umulsidi3)
c:/espressif/xtensa-lx106-elf/bin/../lib/gcc/xtensa-lx106-elf/5.1.0/../../../../xtensa-lx106-elf/lib\libhal.a(int_asm--set_intclear.o)
                              c:/Espressif/ESP8266_SDK_151/lib\libmain.a(app_main.o) (xthal_set_intclear)
c:/Espressif/ESP8266_SDK_151/lib\libphy.a(phy.o)
                              c:/Espressif/ESP8266_SDK_151/lib\libmain.a(app_main.o) (phy_enable_agc)
c:/Espressif/ESP8266_SDK_151/lib\libphy.a(phy_chip_v6_ana.o)
                              c:/Espressif/ESP8266_SDK_151/lib\libmain.a(app_main.o) (chip_v6_set_chan_offset)
c:/Espressif/ESP8266_SDK_151/lib\libphy.a(phy_chip_v6.o)
                              c:/Espressif/ESP8266_SDK_151/lib\libphy.a(phy_chip_v6_ana.o) (g_phyFuns)
c:/Espressif/ESP8266_SDK_151/lib\libphy.a(phy_chip_v6_cal.o)
                              c:/Espressif/ESP8266_SDK_151/lib\libphy.a(phy_chip_v6.o) (loop_pwctrl_pwdet_error_accum_high_power)
c:/Espressif/ESP8266_SDK_151/lib\libphy.a(phy_chip_v6_unused.o)
                              c:/Espressif/ESP8266_SDK_151/lib\libphy.a(phy_chip_v6.o) (chip_v6_set_sense)
c:/Espressif/ESP8266_SDK_151/lib\libphy.a(phy_sleep.o)
                              c:/Espressif/ESP8266_SDK_151/lib\libphy.a(phy_chip_v6.o) (pm_set_sleep_cycles)
c:/Espressif/ESP8266_SDK_151/lib\libpp.a(if_hwctrl.o)
                              c:/Espressif/ESP8266_SDK_151/lib\libmain.a(user_interface.o) (ic_set_vif)
c:/Espressif/ESP8266_SDK_151/lib\libpp.a(lmac.o)
                              c:/Espressif/ESP8266_SDK_151/lib\libmain.a(app_main.o) (lmacInit)
c:/Espressif/ESP8266_SDK_151/lib\libpp.a(pm.o)
                              c:/Espressif/ESP8266_SDK_151/lib\libmain.a(user_interface.o) (pm_rtc_clock_cali_proc)
c:/Espressif/ESP8266_SDK_151/lib\libpp.a(pm_for_bcn_only_mode.o)
[...]
Memory Configuration

Name             Origin             Length             Attributes
dport0_0_seg     0x3ff00000         0x00000010
dram0_0_seg      0x3ffe8000         0x00014000
iram1_0_seg      0x40100000         0x00008000
irom0_0_seg      0x40210000         0x00068000
*default*        0x00000000         0xffffffff

Linker script and memory map

START GROUP
LOAD c:/espressif/xtensa-lx106-elf/bin/../lib/gcc/xtensa-lx106-elf/5.1.0/../../../../xtensa-lx106-elf/lib\libc.a
LOAD c:/espressif/xtensa-lx106-elf/bin/../lib/gcc/xtensa-lx106-elf/5.1.0\libgcc.a
LOAD c:/espressif/xtensa-lx106-elf/bin/../lib/gcc/xtensa-lx106-elf/5.1.0/../../../../xtensa-lx106-elf/lib\libhal.a
LOAD c:/Espressif/ESP8266_SDK_151/lib\libphy.a
LOAD c:/Espressif/ESP8266_SDK_151/lib\libpp.a
LOAD c:/Espressif/ESP8266_SDK_151/lib\libnet80211.a
LOAD c:/Espressif/ESP8266_SDK_151/lib\liblwip.a
LOAD c:/Espressif/ESP8266_SDK_151/lib\libwpa.a
LOAD c:/Espressif/ESP8266_SDK_151/lib\libmain.a
LOAD c:/Espressif/ESP8266_SDK_151/lib\libupgrade.a
LOAD c:/Espressif/ESP8266_SDK_151/lib\libssl.a
LOAD c:/Espressif/ESP8266_SDK_151/lib\libsmartconfig.a
LOAD c:/Espressif/ESP8266_SDK_151/lib\libcrypto.a
LOAD build/debug/app_app.a
END GROUP
                0x40000000                PROVIDE (_memmap_vecbase_reset, 0x40000000)
                0x00000110                _memmap_cacheattr_wb_base = 0x110
                0x00000110                _memmap_cacheattr_wt_base = 0x110
                0x00000220                _memmap_cacheattr_bp_base = 0x220
                0xfffff00f                _memmap_cacheattr_unused_mask = 0xfffff00f
                0x2222211f                _memmap_cacheattr_wb_trapnull = 0x2222211f
                0x2222211f                _memmap_cacheattr_wba_trapnull = 0x2222211f
                0x2222211f                _memmap_cacheattr_wbna_trapnull = 0x2222211f
                0x2222211f                _memmap_cacheattr_wt_trapnull = 0x2222211f
                0x2222222f                _memmap_cacheattr_bp_trapnull = 0x2222222f
                0xfffff11f                _memmap_cacheattr_wb_strict = 0xfffff11f
                0xfffff11f                _memmap_cacheattr_wt_strict = 0xfffff11f
                0xfffff22f                _memmap_cacheattr_bp_strict = 0xfffff22f
                0x22222112                _memmap_cacheattr_wb_allvalid = 0x22222112
                0x22222112                _memmap_cacheattr_wt_allvalid = 0x22222112
                0x22222222                _memmap_cacheattr_bp_allvalid = 0x22222222
                0x2222211f                PROVIDE (_memmap_cacheattr_reset, _memmap_cacheattr_wb_trapnull)

.dport0.rodata  0x3ff00000        0x0
                0x3ff00000                _dport0_rodata_start = ABSOLUTE (.)
 *(.dport0.rodata)
 *(.dport.rodata)
                0x3ff00000                _dport0_rodata_end = ABSOLUTE (.)

.dport0.literal
                0x3ff00000        0x0
                0x3ff00000                _dport0_literal_start = ABSOLUTE (.)
 *(.dport0.literal)
 *(.dport.literal)
                0x3ff00000                _dport0_literal_end = ABSOLUTE (.)

.dport0.data    0x3ff00000        0x0
                0x3ff00000                _dport0_data_start = ABSOLUTE (.)
 *(.dport0.data)
 *(.dport.data)
                0x3ff00000                _dport0_data_end = ABSOLUTE (.)

.data           0x3ffe8000      0x374
                0x3ffe8000                _data_start = ABSOLUTE (.)
 *(.data)
 .data          0x3ffe8000        0x0 c:/Espressif/ESP8266_SDK_151/lib\libmain.a(debug-vector.o)
 .data          0x3ffe8000        0x0 c:/Espressif/ESP8266_SDK_151/lib\libmain.a(double-vector.o)
 .data          0x3ffe8000        0x0 c:/Espressif/ESP8266_SDK_151/lib\libmain.a(kernel-vector.o)
 .data          0x3ffe8000        0x4 c:/Espressif/ESP8266_SDK_151/lib\libmain.a(nmi-vector.o)
                0x3ffe8000                _Pri_3_HandlerAddress
 .data          0x3ffe8004        0x0 c:/Espressif/ESP8266_SDK_151/lib\libmain.a(user-vector.o)
 .data          0x3ffe8004        0x0 c:/Espressif/ESP8266_SDK_151/lib\libmain.a(vector.o)
 .data          0x3ffe8004        0x1 c:/Espressif/ESP8266_SDK_151/lib\libmain.a(app_main.o)
 .data          0x3ffe8005        0x0 c:/Espressif/ESP8266_SDK_151/lib\libmain.a(ets_timer.o)
 .data          0x3ffe8005        0x0 c:/Espressif/ESP8266_SDK_151/lib\libmain.a(mem_manager.o)
 .data          0x3ffe8005        0x0 c:/Espressif/ESP8266_SDK_151/lib\libmain.a(spi_flash.o)
 *fill*         0x3ffe8005        0x3 
 .data          0x3ffe8008        0x6 c:/Espressif/ESP8266_SDK_151/lib\libmain.a(user_interface.o)
                0x3ffe8009                timer2_ms_flag
                0x3ffe800a                dhcps_flag
                0x3ffe800b                dhcpc_flag
                0x3ffe800d                reconnect_internal
 .data          0x3ffe800e        0x0 c:/Espressif/ESP8266_SDK_151/lib\libmain.a(eagle_lib.o)
 *fill*         0x3ffe800e        0x2 
 .data          0x3ffe8010        0x1 c:/Espressif/ESP8266_SDK_151/lib\libmain.a(eagle_lwip_if.o)
                0x3ffe8010                default_hostname
 *fill*         0x3ffe8011        0x3 
 .data          0x3ffe8014        0x4 build/debug/app_app.a(user_main.o)
                0x3ffe8014                version
 .data          0x3ffe8018        0x0 build/debug/app_app.a(easygpio.o)
 .data          0x3ffe8018        0x0 build/debug/app_app.a(stdout.o)
 .data          0x3ffe8018        0x0 build/debug/app_app.a(hw_timer.o)
 .data          0x3ffe8018        0x0 c:/espressif/xtensa-lx106-elf/bin/../lib/gcc/xtensa-lx106-elf/5.1.0\libgcc.a(_udivsi3.o)
 .data          0x3ffe8018        0x0 c:/espressif/xtensa-lx106-elf/bin/../lib/gcc/xtensa-lx106-elf/5.1.0\libgcc.a(_umodsi3.o)
 .data          0x3ffe8018        0x0 c:/espressif/xtensa-lx106-elf/bin/../lib/gcc/xtensa-lx106-elf/5.1.0\libgcc.a(_muldi3.o)
 .data          0x3ffe8018        0x0 c:/espressif/xtensa-lx106-elf/bin/../lib/gcc/xtensa-lx106-elf/5.1.0\libgcc.a(_umulsidi3.o)
 .data          0x3ffe8018        0x0 c:/espressif/xtensa-lx106-elf/bin/../lib/gcc/xtensa-lx106-elf/5.1.0/../../../../xtensa-lx106-elf/lib\libhal.a(int_asm--set_intclear.o)
 .data          0x3ffe8018        0x0 c:/Espressif/ESP8266_SDK_151/lib\libphy.a(phy.o)
 .data          0x3ffe8018        0x0 c:/Espressif/ESP8266_SDK_151/lib\libphy.a(phy_chip_v6_ana.o)
 *fill*         0x3ffe8018        0x8 
 .data          0x3ffe8020       0x53 c:/Espressif/ESP8266_SDK_151/lib\libphy.a(phy_chip_v6.o)
                0x3ffe8022                tx_rf_ana_gain
                0x3ffe8050                rx_gain_swp
                0x3ffe8070                test_rffreq_txcap
 .data          0x3ffe8073        0x0 c:/Espressif/ESP8266_SDK_151/lib\libphy.a(phy_chip_v6_cal.o)
 .data          0x3ffe8073        0x0 c:/Espressif/ESP8266_SDK_151/lib\libphy.a(phy_chip_v6_unused.o)
 *fill*         0x3ffe8073        0x1 
 .data          0x3ffe8074        0x4 c:/Espressif/ESP8266_SDK_151/lib\libphy.a(phy_sleep.o)
                0x3ffe8074                chip_version
 .data          0x3ffe8078        0x0 c:/Espressif/ESP8266_SDK_151/lib\libpp.a(if_hwctrl.o)
 .data          0x3ffe8078        0x0 c:/Espressif/ESP8266_SDK_151/lib\libpp.a(lmac.o)
 .data          0x3ffe8078        0x1 c:/Espressif/ESP8266_SDK_151/lib\libpp.a(pm.o)
 *fill*         0x3ffe8079        0x3 
 .data          0x3ffe807c        0x1 c:/Espressif/ESP8266_SDK_151/lib\libpp.a(pm_for_bcn_only_mode.o)
 *fill*         0x3ffe807d        0x3 
 .data          0x3ffe8080       0x1c c:/Espressif/ESP8266_SDK_151/lib\libpp.a(pp.o)
                0x3ffe8080                soft_wdt_interval
                0x3ffe8084                NoiseTimerInterval
                0x3ffe808c                sleep_start_wait_time
                0x3ffe8094                CanDoFreqCal
                0x3ffe8098                tcb
 *fill*         0x3ffe809c        0x4 
 .data          0x3ffe80a0       0x40 c:/Espressif/ESP8266_SDK_151/lib\libpp.a(rate_control.o)
 .data          0x3ffe80e0      0x24c c:/Espressif/ESP8266_SDK_151/lib\libpp.a(trc.o)
 .data          0x3ffe832c        0x8 c:/Espressif/ESP8266_SDK_151/lib\libpp.a(wdev.o)
 .data          0x3ffe8334        0x0 c:/Espressif/ESP8266_SDK_151/lib\libpp.a(esf_buf.o)
 .data          0x3ffe8334        0x0 c:/Espressif/ESP8266_SDK_151/lib\libnet80211.a(ieee80211.o)
 .data          0x3ffe8334        0x0 c:/Espressif/ESP8266_SDK_151/lib\libnet80211.a(ieee80211_crypto.o)
 .data          0x3ffe8334        0x0 c:/Espressif/ESP8266_SDK_151/lib\libnet80211.a(ieee80211_ets.o)
 .data          0x3ffe8334        0x1 c:/Espressif/ESP8266_SDK_151/lib\libnet80211.a(ieee80211_hostap.o)
                0x3ffe8334                TmpSTAAPCloseAP
 .data          0x3ffe8335        0x0 c:/Espressif/ESP8266_SDK_151/lib\libnet80211.a(ieee80211_ht.o)
 .data          0x3ffe8335        0x0 c:/Espressif/ESP8266_SDK_151/lib\libnet80211.a(ieee80211_input.o)
 .data          0x3ffe8335        0x0 c:/Espressif/ESP8266_SDK_151/lib\libnet80211.a(ieee80211_mesh_quick.o)
 .data          0x3ffe8335        0x0 c:/Espressif/ESP8266_SDK_151/lib\libnet80211.a(ieee80211_output.o)
 .data          0x3ffe8335        0x0 c:/Espressif/ESP8266_SDK_151/lib\libnet80211.a(ieee80211_phy.o)
 .data          0x3ffe8335        0x0 c:/Espressif/ESP8266_SDK_151/lib\libnet80211.a(ieee80211_power.o)
 .data          0x3ffe8335        0x0 c:/Espressif/ESP8266_SDK_151/lib\libnet80211.a(ieee80211_proto.o)
 .data          0x3ffe8335        0x0 c:/Espressif/ESP8266_SDK_151/lib\libnet80211.a(ieee80211_rfid.o)
 .data          0x3ffe8335        0x0 c:/Espressif/ESP8266_SDK_151/lib\libnet80211.a(ieee80211_scan.o)
 .data          0x3ffe8335        0x0 c:/Espressif/ESP8266_SDK_151/lib\libnet80211.a(ieee80211_sta.o)
 .data          0x3ffe8335        0x0 c:/Espressif/ESP8266_SDK_151/lib\libnet80211.a(wl_chm.o)
 *fill*         0x3ffe8335        0x3 
 .data          0x3ffe8338        0x1 c:/Espressif/ESP8266_SDK_151/lib\libnet80211.a(wl_cnx.o)
 *fill*         0x3ffe8339        0x7 
 .data          0x3ffe8340       0x1c c:/Espressif/ESP8266_SDK_151/lib\libnet80211.a(ieee80211_action.o)
 .data          0x3ffe835c        0x0 c:/Espressif/ESP8266_SDK_151/lib\libnet80211.a(ieee80211_action_vendor.o)
 .data          0x3ffe835c        0x0 c:/Espressif/ESP8266_SDK_151/lib\libnet80211.a(ieee80211_crypto_ccmp.o)
 .data          0x3ffe835c        0x0 c:/Espressif/ESP8266_SDK_151/lib\libnet80211.a(ieee80211_ie_vendor.o)
 .data          0x3ffe835c        0x4 c:/Espressif/ESP8266_SDK_151/lib\liblwip.a(dhcp.o)
 .data          0x3ffe8360        0x5 c:/Espressif/ESP8266_SDK_151/lib\liblwip.a(dhcpserver.o)
                0x3ffe8360                dhcps_lease_time
 .data          0x3ffe8365        0x0 c:/Espressif/ESP8266_SDK_151/lib\liblwip.a(dns.o)
 .data          0x3ffe8365        0x0 c:/Espressif/ESP8266_SDK_151/lib\liblwip.a(espconn_tcp.o)
 .data          0x3ffe8365        0x0 c:/Espressif/ESP8266_SDK_151/lib\liblwip.a(etharp.o)
 .data          0x3ffe8365        0x0 c:/Espressif/ESP8266_SDK_151/lib\liblwip.a(init.o)
 .data          0x3ffe8365        0x0 c:/Espressif/ESP8266_SDK_151/lib\liblwip.a(ip_addr.o)
 .data          0x3ffe8365        0x0 c:/Espressif/ESP8266_SDK_151/lib\liblwip.a(ip.o)
 *fill*         0x3ffe8365        0x3 
 .data          0x3ffe8368        0x2 c:/Espressif/ESP8266_SDK_151/lib\liblwip.a(memp.o)
                0x3ffe8368                memp_sizes_test
 .data          0x3ffe836a        0x0 c:/Espressif/ESP8266_SDK_151/lib\liblwip.a(netif.o)
 .data          0x3ffe836a        0x0 c:/Espressif/ESP8266_SDK_151/lib\liblwip.a(pbuf.o)
 .data          0x3ffe836a        0x0 c:/Espressif/ESP8266_SDK_151/lib\liblwip.a(raw.o)
 .data          0x3ffe836a        0x0 c:/Espressif/ESP8266_SDK_151/lib\liblwip.a(tcp_in.o)
 *fill*         0x3ffe836a        0x2 
 .data          0x3ffe836c        0x8 c:/Espressif/ESP8266_SDK_151/lib\liblwip.a(tcp.o)
 .data          0x3ffe8374        0x0 c:/Espressif/ESP8266_SDK_151/lib\liblwip.a(tcp_out.o)
 .data          0x3ffe8374        0x0 c:/Espressif/ESP8266_SDK_151/lib\liblwip.a(timers.o)
 .data          0x3ffe8374        0x0 c:/Espressif/ESP8266_SDK_151/lib\liblwip.a(udp.o)
 .data          0x3ffe8374        0x0 c:/Espressif/ESP8266_SDK_151/lib\liblwip.a(espconn.o)
 .data          0x3ffe8374        0x0 c:/Espressif/ESP8266_SDK_151/lib\liblwip.a(espconn_udp.o)
 .data          0x3ffe8374        0x0 c:/Espressif/ESP8266_SDK_151/lib\liblwip.a(icmp.o)
 .data          0x3ffe8374        0x0 c:/Espressif/ESP8266_SDK_151/lib\liblwip.a(igmp.o)
 .data          0x3ffe8374        0x0 c:/Espressif/ESP8266_SDK_151/lib\liblwip.a(inet_chksum.o)
 .data          0x3ffe8374        0x0 c:/Espressif/ESP8266_SDK_151/lib\libwpa.a(ap_config.o)
 .data          0x3ffe8374        0x0 c:/Espressif/ESP8266_SDK_151/lib\libwpa.a(common.o)
 .data          0x3ffe8374        0x0 c:/Espressif/ESP8266_SDK_151/lib\libwpa.a(os_xtensa.o)
 .data          0x3ffe8374        0x0 c:/Espressif/ESP8266_SDK_151/lib\libwpa.a(wpa_auth.o)
 .data          0x3ffe8374        0x0 c:/Espressif/ESP8266_SDK_151/lib\libwpa.a(wpa_auth_ie.o)
 .data          0x3ffe8374        0x0 c:/Espressif/ESP8266_SDK_151/lib\libwpa.a(wpa.o)
 .data          0x3ffe8374        0x0 c:/Espressif/ESP8266_SDK_151/lib\libwpa.a(wpa_common.o)
 .data          0x3ffe8374        0x0 c:/Espressif/ESP8266_SDK_151/lib\libwpa.a(wpa_debug.o)
 .data          0x3ffe8374        0x0 c:/Espressif/ESP8266_SDK_151/lib\libwpa.a(wpa_ie.o)
 .data          0x3ffe8374        0x0 c:/Espressif/ESP8266_SDK_151/lib\libwpa.a(wpa_main.o)
 .data          0x3ffe8374        0x0 c:/Espressif/ESP8266_SDK_151/lib\libwpa.a(wpas_glue.o)
 .data          0x3ffe8374        0x0 c:/Espressif/ESP8266_SDK_151/lib\libcrypto.a(aes-wrap.o)
 .data          0x3ffe8374        0x0 c:/Espressif/ESP8266_SDK_151/lib\libcrypto.a(aes-internal-enc.o)
 .data          0x3ffe8374        0x0 c:/Espressif/ESP8266_SDK_151/lib\libcrypto.a(aes-internal.o)
 .data          0x3ffe8374        0x0 c:/espressif/xtensa-lx106-elf/bin/../lib/gcc/xtensa-lx106-elf/5.1.0\libgcc.a(_divsi3.o)
 .data          0x3ffe8374        0x0 c:/espressif/xtensa-lx106-elf/bin/../lib/gcc/xtensa-lx106-elf/5.1.0\libgcc.a(_modsi3.o)
 .data          0x3ffe8374        0x0 c:/espressif/xtensa-lx106-elf/bin/../lib/gcc/xtensa-lx106-elf/5.1.0\libgcc.a(_ashrdi3.o)
 .data          0x3ffe8374        0x0 c:/espressif/xtensa-lx106-elf/bin/../lib/gcc/xtensa-lx106-elf/5.1.0\libgcc.a(_addsubsf3.o)
 .data          0x3ffe8374        0x0 c:/espressif/xtensa-lx106-elf/bin/../lib/gcc/xtensa-lx106-elf/5.1.0\libgcc.a(_mulsf3.o)
 .data          0x3ffe8374        0x0 c:/espressif/xtensa-lx106-elf/bin/../lib/gcc/xtensa-lx106-elf/5.1.0\libgcc.a(_divsf3.o)
 .data          0x3ffe8374        0x0 c:/espressif/xtensa-lx106-elf/bin/../lib/gcc/xtensa-lx106-elf/5.1.0\libgcc.a(_fixsfsi.o)
 .data          0x3ffe8374        0x0 c:/espressif/xtensa-lx106-elf/bin/../lib/gcc/xtensa-lx106-elf/5.1.0\libgcc.a(_fixunssfsi.o)
 .data          0x3ffe8374        0x0 c:/espressif/xtensa-lx106-elf/bin/../lib/gcc/xtensa-lx106-elf/5.1.0\libgcc.a(_floatsisf.o)
 .data          0x3ffe8374        0x0 c:/espressif/xtensa-lx106-elf/bin/../lib/gcc/xtensa-lx106-elf/5.1.0\libgcc.a(_muldf3.o)
 .data          0x3ffe8374        0x0 c:/espressif/xtensa-lx106-elf/bin/../lib/gcc/xtensa-lx106-elf/5.1.0\libgcc.a(_divdf3.o)
 .data          0x3ffe8374        0x0 c:/espressif/xtensa-lx106-elf/bin/../lib/gcc/xtensa-lx106-elf/5.1.0\libgcc.a(_fixdfsi.o)
 .data          0x3ffe8374        0x0 c:/espressif/xtensa-lx106-elf/bin/../lib/gcc/xtensa-lx106-elf/5.1.0\libgcc.a(_floatsidf.o)
 .data          0x3ffe8374        0x0 c:/espressif/xtensa-lx106-elf/bin/../lib/gcc/xtensa-lx106-elf/5.1.0\libgcc.a(_truncdfsf2.o)
 .data          0x3ffe8374        0x0 c:/espressif/xtensa-lx106-elf/bin/../lib/gcc/xtensa-lx106-elf/5.1.0\libgcc.a(_divdi3.o)
 .data          0x3ffe8374        0x0 c:/espressif/xtensa-lx106-elf/bin/../lib/gcc/xtensa-lx106-elf/5.1.0\libgcc.a(_umoddi3.o)
 .data          0x3ffe8374        0x0 c:/Espressif/ESP8266_SDK_151/lib\libnet80211.a(ieee80211_crypto_tkip.o)
 .data          0x3ffe8374        0x0 c:/Espressif/ESP8266_SDK_151/lib\libnet80211.a(ieee80211_crypto_wep.o)
 *(.data.*)
 *(.gnu.linkonce.d.*)
 *(.data1)
 *(.sdata)
 *(.sdata.*)
 *(.gnu.linkonce.s.*)
 *(.sdata2)
 *(.sdata2.*)
 *(.gnu.linkonce.s2.*)
 *(.jcr)
                0x3ffe8374                _data_end = ABSOLUTE (.)

.rodata         0x3ffe8380      0x248
                0x3ffe8380                _rodata_start = ABSOLUTE (.)
 *(.sdk.version)
 .sdk.version   0x3ffe8380       0x10 c:/Espressif/ESP8266_SDK_151/lib\libmain.a(app_main.o)
                0x3ffe8380                SDK_VERSION
 *(.rodata)
 .rodata        0x3ffe8390       0x40 build/debug/app_app.a(easygpio.o)
 .rodata        0x3ffe83d0        0x8 c:/Espressif/ESP8266_SDK_151/lib\libphy.a(phy_chip_v6_ana.o)
 .rodata        0x3ffe83d8        0x8 c:/Espressif/ESP8266_SDK_151/lib\libphy.a(phy_chip_v6.o)
 .rodata        0x3ffe83e0        0x4 c:/Espressif/ESP8266_SDK_151/lib\libpp.a(pp.o)
 .rodata        0x3ffe83e4        0x8 c:/Espressif/ESP8266_SDK_151/lib\libnet80211.a(ieee80211_hostap.o)
 .rodata        0x3ffe83ec        0x9 c:/Espressif/ESP8266_SDK_151/lib\libnet80211.a(ieee80211_output.o)
 *fill*         0x3ffe83f5        0x3 
 .rodata        0x3ffe83f8        0x6 c:/Espressif/ESP8266_SDK_151/lib\liblwip.a(etharp.o)
                0x3ffe83f8                ethbroadcast
 *(.rodata.*)
 *fill*         0x3ffe83fe        0x2 
 .rodata.str1.4
                0x3ffe8400        0xc c:/Espressif/ESP8266_SDK_151/lib\libmain.a(app_main.o)
 .rodata.str1.4
                0x3ffe840c        0x4 c:/Espressif/ESP8266_SDK_151/lib\libmain.a(ets_timer.o)
                                  0xc (size before relaxing)
 .rodata.str1.4
                0x3ffe8410       0x1a c:/Espressif/ESP8266_SDK_151/lib\libmain.a(mem_manager.o)
 *fill*         0x3ffe842a        0x2 
 .rodata.str1.4
                0x3ffe842c       0x28 build/debug/app_app.a(user_main.o)
 .rodata.str1.4
                0x3ffe8454       0xd8 build/debug/app_app.a(easygpio.o)
 .rodata.str1.4
                0x3ffe852c        0x4 c:/Espressif/ESP8266_SDK_151/lib\libpp.a(lmac.o)
                                  0xc (size before relaxing)
 .rodata.str1.4
                0x3ffe8530        0x4 c:/Espressif/ESP8266_SDK_151/lib\libpp.a(pm_for_bcn_only_mode.o)
                                  0xc (size before relaxing)
 .rodata.str1.4
                0x3ffe8534        0x8 c:/Espressif/ESP8266_SDK_151/lib\libpp.a(pp.o)
                                 0x10 (size before relaxing)
 .rodata.str1.4
                0x3ffe853c        0x4 c:/Espressif/ESP8266_SDK_151/lib\libpp.a(wdev.o)
                                  0xc (size before relaxing)
 .rodata.str1.4
                0x3ffe8540        0x3 c:/Espressif/ESP8266_SDK_151/lib\libnet80211.a(ieee80211_hostap.o)
                                  0x8 (size before relaxing)
 *fill*         0x3ffe8543        0x1 
 .rodata.str1.4
                0x3ffe8544        0x7 c:/Espressif/ESP8266_SDK_151/lib\libnet80211.a(ieee80211_mesh_quick.o)
 .rodata.str1.4
                0x00000000        0x4 c:/Espressif/ESP8266_SDK_151/lib\libnet80211.a(ieee80211_sta.o)
 .rodata.str1.4
                0x00000000        0x4 c:/Espressif/ESP8266_SDK_151/lib\libnet80211.a(ieee80211_action_vendor.o)
 .rodata.str1.4
                0x00000000        0x4 c:/Espressif/ESP8266_SDK_151/lib\libnet80211.a(ieee80211_ie_vendor.o)
 .rodata.str1.4
                0x00000000        0x7 c:/Espressif/ESP8266_SDK_151/lib\liblwip.a(espconn_tcp.o)
                                  0x1 (size before relaxing)
 *fill*         0x3ffe854b        0x1 
 .rodata.str1.4
                0x3ffe854c       0x10 c:/Espressif/ESP8266_SDK_151/lib\libwpa.a(wpa_debug.o)
                                  0xd (size before relaxing)
 *(.gnu.linkonce.r.*)
 *(.rodata1)
                0x3ffe855c                __XT_EXCEPTION_TABLE__ = ABSOLUTE (.)
 *(.xt_except_table)
 *(.gcc_except_table)
 *(.gnu.linkonce.e.*)
 *(.gnu.version_r)
 *(.eh_frame)
 .eh_frame      0x3ffe855c       0x38 c:/espressif/xtensa-lx106-elf/bin/../lib/gcc/xtensa-lx106-elf/5.1.0\libgcc.a(_divdi3.o)
 .eh_frame      0x3ffe8594       0x2c c:/espressif/xtensa-lx106-elf/bin/../lib/gcc/xtensa-lx106-elf/5.1.0\libgcc.a(_umoddi3.o)
                                 0x3c (size before relaxing)
 *crtbegin.o(.ctors)
 *(EXCLUDE_FILE(*crtend.o) .ctors)
 *(SORT(.ctors.*))
 *(.ctors)
 *crtbegin.o(.dtors)
 *(EXCLUDE_FILE(*crtend.o) .dtors)
 *(SORT(.dtors.*))
 *(.dtors)
                0x3ffe85c0                __XT_EXCEPTION_DESCS__ = ABSOLUTE (.)
 *(.xt_except_desc)
 *(.gnu.linkonce.h.*)
                0x3ffe85c0                __XT_EXCEPTION_DESCS_END__ = ABSOLUTE (.)
 *(.xt_except_desc_end)
 *(.dynamic)
 *(.gnu.version_d)
                0x3ffe85c0                . = ALIGN (0x4)
                0x3ffe85c0                _bss_table_start = ABSOLUTE (.)
                0x3ffe85c0        0x4 LONG 0x3ffe85c8 _bss_start
                0x3ffe85c4        0x4 LONG 0x3ffee808 _bss_end
                0x3ffe85c8                _bss_table_end = ABSOLUTE (.)
                0x3ffe85c8                _rodata_end = ABSOLUTE (.)

.bss            0x3ffe85c8     0x6240
                0x3ffe85c8                . = ALIGN (0x8)
                0x3ffe85c8                _bss_start = ABSOLUTE (.)
 *(.dynsbss)
 *(.sbss)
 *(.sbss.*)
 *(.gnu.linkonce.sb.*)
 *(.scommon)
 *(.sbss2)
 *(.sbss2.*)
 *(.gnu.linkonce.sb2.*)
 *(.dynbss)
 *(.bss)
 .bss           0x3ffe85c8        0x0 c:/Espressif/ESP8266_SDK_151/lib\libmain.a(debug-vector.o)
 .bss           0x3ffe85c8        0x0 c:/Espressif/ESP8266_SDK_151/lib\libmain.a(double-vector.o)
 .bss           0x3ffe85c8        0x0 c:/Espressif/ESP8266_SDK_151/lib\libmain.a(kernel-vector.o)
 *fill*         0x3ffe85c8        0x8 
 .bss           0x3ffe85d0      0x1c0 c:/Espressif/ESP8266_SDK_151/lib\libmain.a(nmi-vector.o)
 .bss           0x3ffe8790        0x0 c:/Espressif/ESP8266_SDK_151/lib\libmain.a(user-vector.o)
 .bss           0x3ffe8790        0x0 c:/Espressif/ESP8266_SDK_151/lib\libmain.a(vector.o)
 .bss           0x3ffe8790       0x41 c:/Espressif/ESP8266_SDK_151/lib\libmain.a(app_main.o)
                0x3ffe8794                info
                0x3ffe87b8                lwip_timer_interval
                0x3ffe87bc                check_timeouts_timer
                0x3ffe87d0                user_init_flag
 *fill*         0x3ffe87d1        0xf 
 .bss           0x3ffe87e0       0x30 c:/Espressif/ESP8266_SDK_151/lib\libmain.a(ets_timer.o)
                0x3ffe87e0                timer_list
                0x3ffe87e4                debug_timer
                0x3ffe87e8                debug_timerfn
 .bss           0x3ffe8810       0x3c c:/Espressif/ESP8266_SDK_151/lib\libmain.a(mem_manager.o)
 .bss           0x3ffe884c        0x4 c:/Espressif/ESP8266_SDK_151/lib\libmain.a(spi_flash.o)
                0x3ffe884c                flash_read
 .bss           0x3ffe8850      0x242 c:/Espressif/ESP8266_SDK_151/lib\libmain.a(user_interface.o)
                0x3ffe8947                deep_sleep_flag
                0x3ffe8948                cpu_overclock
                0x3ffe894c                event_cb
                0x3ffe8950                status_led_output_level
                0x3ffe8954                done_cb
                0x3ffe8958                rst_if
                0x3ffe8974                default_interface
                0x3ffe8975                OpmodChgIsOnGoing
                0x3ffe8978                promiscuous_cb
                0x3ffe8990                event_TaskQueue
 .bss           0x3ffe8a92        0x0 c:/Espressif/ESP8266_SDK_151/lib\libmain.a(eagle_lib.o)
 *fill*         0x3ffe8a92        0x2 
 .bss           0x3ffe8a94        0xc c:/Espressif/ESP8266_SDK_151/lib\libmain.a(eagle_lwip_if.o)
                0x3ffe8a94                hostname
 .bss           0x3ffe8aa0       0x2c build/debug/app_app.a(user_main.o)
                0x3ffe8aa0                wordBitCount
 .bss           0x3ffe8acc        0x0 build/debug/app_app.a(easygpio.o)
 .bss           0x3ffe8acc        0x0 build/debug/app_app.a(stdout.o)
 .bss           0x3ffe8acc        0x4 build/debug/app_app.a(hw_timer.o)
 .bss           0x3ffe8ad0        0x0 c:/espressif/xtensa-lx106-elf/bin/../lib/gcc/xtensa-lx106-elf/5.1.0\libgcc.a(_udivsi3.o)
 .bss           0x3ffe8ad0        0x0 c:/espressif/xtensa-lx106-elf/bin/../lib/gcc/xtensa-lx106-elf/5.1.0\libgcc.a(_umodsi3.o)
 .bss           0x3ffe8ad0        0x0 c:/espressif/xtensa-lx106-elf/bin/../lib/gcc/xtensa-lx106-elf/5.1.0\libgcc.a(_muldi3.o)
 .bss           0x3ffe8ad0        0x0 c:/espressif/xtensa-lx106-elf/bin/../lib/gcc/xtensa-lx106-elf/5.1.0\libgcc.a(_umulsidi3.o)
 .bss           0x3ffe8ad0        0x0 c:/espressif/xtensa-lx106-elf/bin/../lib/gcc/xtensa-lx106-elf/5.1.0/../../../../xtensa-lx106-elf/lib\libhal.a(int_asm--set_intclear.o)
 .bss           0x3ffe8ad0        0x4 c:/Espressif/ESP8266_SDK_151/lib\libphy.a(phy.o)
 .bss           0x3ffe8ad4        0x2 c:/Espressif/ESP8266_SDK_151/lib\libphy.a(phy_chip_v6_ana.o)
                0x3ffe8ad4                tout_dis_txpwr_track
                0x3ffe8ad5                sleep_mode_flag
 *fill*         0x3ffe8ad6        0x2 
 .bss           0x3ffe8ad8      0x160 c:/Espressif/ESP8266_SDK_151/lib\libphy.a(phy_chip_v6.o)
                0x3ffe8ad8                g_phyFuns
                0x3ffe8adc                rxiq_compute_num
                0x3ffe8ae0                rx_table_renew_en
                0x3ffe8ae4                check_result
                0x3ffe8ae8                chip6_sleep_params
                0x3ffe8b7c                chip6_phy_init_ctrl
                0x3ffe8bf0                phy_freq_offset
                0x3ffe8bf2                do_pwctrl_flag
                0x3ffe8bf3                pwctrl_debug
                0x3ffe8bf4                txbk_dpdby_flag
                0x3ffe8bf6                sw_scan_mode
                0x3ffe8bf7                rxmax_ext_level
                0x3ffe8bf8                phy_rx_gain_dc_table
                0x3ffe8c0c                periodic_cal_dc_num
                0x3ffe8c10                periodic_cal_flag
                0x3ffe8c11                bbpll_cal_flag
                0x3ffe8c12                phy_in_most_power
                0x3ffe8c13                init_rf_no_cal
                0x3ffe8c14                test_print_time
                0x3ffe8c18                phy_rx_gain_dc_flag
                0x3ffe8c19                phy_in_vdd33_offset
                0x3ffe8c1a                phy_set_most_tpw_disbg
                0x3ffe8c1b                phy_set_most_tpw_index
                0x3ffe8c1c                adc_rand_noise
                0x3ffe8c20                dpd_bypass_original
                0x3ffe8c28                noise_array
 .bss           0x3ffe8c38        0x8 c:/Espressif/ESP8266_SDK_151/lib\libphy.a(phy_chip_v6_cal.o)
                0x3ffe8c38                phy_tx_power_out
                0x3ffe8c3a                loop_pwctrl_pwdet_error_accum_high_power
                0x3ffe8c3c                tx_pwctrl_pk_num
                0x3ffe8c3d                tx_pwctrl_track_num
                0x3ffe8c3e                loop_pwctrl_correct_atten_high_power
                0x3ffe8c3f                rxiq_cover_fail_num
 .bss           0x3ffe8c40        0x0 c:/Espressif/ESP8266_SDK_151/lib\libphy.a(phy_chip_v6_unused.o)
 .bss           0x3ffe8c40        0x7 c:/Espressif/ESP8266_SDK_151/lib\libphy.a(phy_sleep.o)
                0x3ffe8c40                periodic_cal_sat
                0x3ffe8c42                lslp_mem_opt_8266
                0x3ffe8c44                software_slp_reject
                0x3ffe8c45                SDIO_slp_reject
                0x3ffe8c46                hardware_reject
 *fill*         0x3ffe8c47        0x9 
 .bss           0x3ffe8c50       0x40 c:/Espressif/ESP8266_SDK_151/lib\libpp.a(if_hwctrl.o)
                0x3ffe8c50                interface_mask
                0x3ffe8c70                if_ctrl
 .bss           0x3ffe8c90      0x150 c:/Espressif/ESP8266_SDK_151/lib\libpp.a(lmac.o)
                0x3ffe8c94                lmacConfMib
                0x3ffe8cb8                our_tx_eb
 .bss           0x3ffe8de0      0x11a c:/Espressif/ESP8266_SDK_151/lib\libpp.a(pm.o)
                0x3ffe8de0                pmc
                0x3ffe8ec0                flash_tmp
 *fill*         0x3ffe8efa        0x2 
 .bss           0x3ffe8efc       0x34 c:/Espressif/ESP8266_SDK_151/lib\libpp.a(pm_for_bcn_only_mode.o)
 .bss           0x3ffe8f30      0x322 c:/Espressif/ESP8266_SDK_151/lib\libpp.a(pp.o)
                0x3ffe8f48                pend_flag_noise_check
                0x3ffe8f50                pend_flag_periodic_cal
                0x3ffe8f68                idle_timer_reopen_flag
                0x3ffe8f6a                dbg_stop_sw_wdt
                0x3ffe8f6b                dbg_stop_hw_wdt
                0x3ffe8f6d                total_buffed_eb_num
                0x3ffe8f70                HighestFreqOffsetInOneChk
                0x3ffe8f72                LowestFreqOffsetInOneChk
                0x3ffe8f74                DefFreqCalTimer
                0x3ffe8f88                PktNumInOneChk
                0x3ffe9110                buffed_eb_arr
 *fill*         0x3ffe9252        0xe 
 .bss           0x3ffe9260      0x100 c:/Espressif/ESP8266_SDK_151/lib\libpp.a(rate_control.o)
 .bss           0x3ffe9360      0x46c c:/Espressif/ESP8266_SDK_151/lib\libpp.a(trc.o)
 *fill*         0x3ffe97cc        0x4 
 .bss           0x3ffe97d0     0x2f88 c:/Espressif/ESP8266_SDK_151/lib\libpp.a(wdev.o)
                0x3ffe97d0                wDevCtrl
                0x3ffe9978                WdevTimOffSet
 *fill*         0x3ffec758        0x8 
 .bss           0x3ffec760      0xaa4 c:/Espressif/ESP8266_SDK_151/lib\libpp.a(esf_buf.o)
 .bss           0x3ffed204      0x67c c:/Espressif/ESP8266_SDK_151/lib\libnet80211.a(ieee80211.o)
                0x3ffed204                g_ic
 .bss           0x3ffed880        0x0 c:/Espressif/ESP8266_SDK_151/lib\libnet80211.a(ieee80211_crypto.o)
 .bss           0x3ffed880        0x0 c:/Espressif/ESP8266_SDK_151/lib\libnet80211.a(ieee80211_ets.o)
 .bss           0x3ffed880       0x56 c:/Espressif/ESP8266_SDK_151/lib\libnet80211.a(ieee80211_hostap.o)
                0x3ffed880                BcnEb_update
                0x3ffed88d                BcnWithMcastSendStart
                0x3ffed88e                BcnWithMcastSendCnt
                0x3ffed8a8                PendFreeBcnEb
                0x3ffed8ac                ApFreqCalTimer
                0x3ffed8c0                APRecvBcnStartTick
 .bss           0x3ffed8d6        0x0 c:/Espressif/ESP8266_SDK_151/lib\libnet80211.a(ieee80211_ht.o)
 .bss           0x3ffed8d6        0x0 c:/Espressif/ESP8266_SDK_151/lib\libnet80211.a(ieee80211_input.o)
 .bss           0x3ffed8d6        0x0 c:/Espressif/ESP8266_SDK_151/lib\libnet80211.a(ieee80211_mesh_quick.o)
 .bss           0x3ffed8d6        0x0 c:/Espressif/ESP8266_SDK_151/lib\libnet80211.a(ieee80211_output.o)
 .bss           0x3ffed8d6        0x0 c:/Espressif/ESP8266_SDK_151/lib\libnet80211.a(ieee80211_phy.o)
 .bss           0x3ffed8d6        0x0 c:/Espressif/ESP8266_SDK_151/lib\libnet80211.a(ieee80211_power.o)
 .bss           0x3ffed8d6        0x0 c:/Espressif/ESP8266_SDK_151/lib\libnet80211.a(ieee80211_proto.o)
 .bss           0x3ffed8d6        0x0 c:/Espressif/ESP8266_SDK_151/lib\libnet80211.a(ieee80211_rfid.o)
 *fill*         0x3ffed8d6        0x2 
 .bss           0x3ffed8d8       0xc8 c:/Espressif/ESP8266_SDK_151/lib\libnet80211.a(ieee80211_scan.o)
                0x3ffed8d8                gScanStruct
                0x3ffed984                connect_scan_flag
                0x3ffed985                FreqCalCntForScan
                0x3ffed986                TestStaFreqCalValInput
                0x3ffed988                auth_type
                0x3ffed98a                scannum
 .bss           0x3ffed9a0       0x10 c:/Espressif/ESP8266_SDK_151/lib\libnet80211.a(ieee80211_sta.o)
 .bss           0x3ffed9b0       0x3c c:/Espressif/ESP8266_SDK_151/lib\libnet80211.a(wl_chm.o)
 *fill*         0x3ffed9ec        0x4 
 .bss           0x3ffed9f0      0x37a c:/Espressif/ESP8266_SDK_151/lib\libnet80211.a(wl_cnx.o)
                0x3ffedd50                sta_con_timer
                0x3ffedd64                g_cnx_probe_rc_list_cb
                0x3ffedd68                reconnect_flag
                0x3ffedd69                no_ap_found_index
 .bss           0x3ffedd6a        0x0 c:/Espressif/ESP8266_SDK_151/lib\libnet80211.a(ieee80211_action.o)
 *fill*         0x3ffedd6a        0x2 
 .bss           0x3ffedd6c       0x10 c:/Espressif/ESP8266_SDK_151/lib\libnet80211.a(ieee80211_action_vendor.o)
 .bss           0x3ffedd7c        0x0 c:/Espressif/ESP8266_SDK_151/lib\libnet80211.a(ieee80211_crypto_ccmp.o)
 .bss           0x3ffedd7c        0x0 c:/Espressif/ESP8266_SDK_151/lib\libnet80211.a(ieee80211_ie_vendor.o)
 *fill*         0x3ffedd7c        0x4 
 .bss           0x3ffedd80       0x38 c:/Espressif/ESP8266_SDK_151/lib\liblwip.a(dhcp.o)
                0x3ffedd80                dhcp_rx_options_given
                0x3ffedd90                dhcp_rx_options_val
 .bss           0x3ffeddb8       0x28 c:/Espressif/ESP8266_SDK_151/lib\liblwip.a(dhcpserver.o)
 .bss           0x3ffedde0      0x480 c:/Espressif/ESP8266_SDK_151/lib\liblwip.a(dns.o)
 .bss           0x3ffee260       0x78 c:/Espressif/ESP8266_SDK_151/lib\liblwip.a(espconn_tcp.o)
                0x3ffee260                espconn_TaskQueue
 *fill*         0x3ffee2d8        0x8 
 .bss           0x3ffee2e0      0x100 c:/Espressif/ESP8266_SDK_151/lib\liblwip.a(etharp.o)
                0x3ffee2e4                ethzero
 .bss           0x3ffee3e0        0x0 c:/Espressif/ESP8266_SDK_151/lib\liblwip.a(init.o)
 .bss           0x3ffee3e0       0x10 c:/Espressif/ESP8266_SDK_151/lib\liblwip.a(ip_addr.o)
 .bss           0x3ffee3f0       0x12 c:/Espressif/ESP8266_SDK_151/lib\liblwip.a(ip.o)
                0x3ffee3f0                current_iphdr_dest
                0x3ffee3f4                current_iphdr_src
                0x3ffee3f8                current_netif
                0x3ffee3fc                current_header
 .bss           0x3ffee402        0x0 c:/Espressif/ESP8266_SDK_151/lib\liblwip.a(memp.o)
 *fill*         0x3ffee402        0x2 
 .bss           0x3ffee404        0x9 c:/Espressif/ESP8266_SDK_151/lib\liblwip.a(netif.o)
                0x3ffee404                netif_list
                0x3ffee408                netif_default
 .bss           0x3ffee40d        0x0 c:/Espressif/ESP8266_SDK_151/lib\liblwip.a(pbuf.o)
 *fill*         0x3ffee40d        0x3 
 .bss           0x3ffee410        0x4 c:/Espressif/ESP8266_SDK_151/lib\liblwip.a(raw.o)
 .bss           0x3ffee414       0x34 c:/Espressif/ESP8266_SDK_151/lib\liblwip.a(tcp_in.o)
                0x3ffee444                tcp_input_pcb
 .bss           0x3ffee448       0x1c c:/Espressif/ESP8266_SDK_151/lib\liblwip.a(tcp.o)
                0x3ffee44c                tcp_active_pcbs
                0x3ffee450                tcp_tmp_pcb
                0x3ffee454                tcp_tw_pcbs
                0x3ffee458                tcp_bound_pcbs
                0x3ffee45c                tcp_listen_pcbs
                0x3ffee460                tcp_ticks
 .bss           0x3ffee464        0x0 c:/Espressif/ESP8266_SDK_151/lib\liblwip.a(tcp_out.o)
 .bss           0x3ffee464        0xc c:/Espressif/ESP8266_SDK_151/lib\liblwip.a(timers.o)
 .bss           0x3ffee470        0x4 c:/Espressif/ESP8266_SDK_151/lib\liblwip.a(udp.o)
                0x3ffee470                udp_pcbs
 *fill*         0x3ffee474        0xc 
 .bss           0x3ffee480      0x104 c:/Espressif/ESP8266_SDK_151/lib\liblwip.a(espconn.o)
                0x3ffee480                plink_active
                0x3ffee484                pserver_list
                0x3ffee490                premot
                0x3ffee550                pktinfo
 .bss           0x3ffee584        0x0 c:/Espressif/ESP8266_SDK_151/lib\liblwip.a(espconn_udp.o)
 .bss           0x3ffee584        0x0 c:/Espressif/ESP8266_SDK_151/lib\liblwip.a(icmp.o)
 .bss           0x3ffee584        0xc c:/Espressif/ESP8266_SDK_151/lib\liblwip.a(igmp.o)
 .bss           0x3ffee590        0x0 c:/Espressif/ESP8266_SDK_151/lib\liblwip.a(inet_chksum.o)
 .bss           0x3ffee590        0x0 c:/Espressif/ESP8266_SDK_151/lib\libwpa.a(ap_config.o)
 .bss           0x3ffee590        0x0 c:/Espressif/ESP8266_SDK_151/lib\libwpa.a(common.o)
 .bss           0x3ffee590        0x0 c:/Espressif/ESP8266_SDK_151/lib\libwpa.a(os_xtensa.o)
 .bss           0x3ffee590        0x0 c:/Espressif/ESP8266_SDK_151/lib\libwpa.a(wpa_auth.o)
 .bss           0x3ffee590        0x0 c:/Espressif/ESP8266_SDK_151/lib\libwpa.a(wpa_auth_ie.o)
 .bss           0x3ffee590      0x26a c:/Espressif/ESP8266_SDK_151/lib\libwpa.a(wpa.o)
 .bss           0x3ffee7fa        0x0 c:/Espressif/ESP8266_SDK_151/lib\libwpa.a(wpa_common.o)
 .bss           0x3ffee7fa        0x0 c:/Espressif/ESP8266_SDK_151/lib\libwpa.a(wpa_debug.o)
 .bss           0x3ffee7fa        0x0 c:/Espressif/ESP8266_SDK_151/lib\libwpa.a(wpa_ie.o)
 .bss           0x3ffee7fa        0x0 c:/Espressif/ESP8266_SDK_151/lib\libwpa.a(wpa_main.o)
 .bss           0x3ffee7fa        0x0 c:/Espressif/ESP8266_SDK_151/lib\libwpa.a(wpas_glue.o)
 .bss           0x3ffee7fa        0x0 c:/Espressif/ESP8266_SDK_151/lib\libcrypto.a(aes-wrap.o)
 .bss           0x3ffee7fa        0x0 c:/Espressif/ESP8266_SDK_151/lib\libcrypto.a(aes-internal-enc.o)
 .bss           0x3ffee7fa        0x0 c:/Espressif/ESP8266_SDK_151/lib\libcrypto.a(aes-internal.o)
 .bss           0x3ffee7fa        0x0 c:/espressif/xtensa-lx106-elf/bin/../lib/gcc/xtensa-lx106-elf/5.1.0\libgcc.a(_divsi3.o)
 .bss           0x3ffee7fa        0x0 c:/espressif/xtensa-lx106-elf/bin/../lib/gcc/xtensa-lx106-elf/5.1.0\libgcc.a(_modsi3.o)
 .bss           0x3ffee7fa        0x0 c:/espressif/xtensa-lx106-elf/bin/../lib/gcc/xtensa-lx106-elf/5.1.0\libgcc.a(_ashrdi3.o)
 .bss           0x3ffee7fa        0x0 c:/espressif/xtensa-lx106-elf/bin/../lib/gcc/xtensa-lx106-elf/5.1.0\libgcc.a(_addsubsf3.o)
 .bss           0x3ffee7fa        0x0 c:/espressif/xtensa-lx106-elf/bin/../lib/gcc/xtensa-lx106-elf/5.1.0\libgcc.a(_mulsf3.o)
 .bss           0x3ffee7fa        0x0 c:/espressif/xtensa-lx106-elf/bin/../lib/gcc/xtensa-lx106-elf/5.1.0\libgcc.a(_divsf3.o)
 .bss           0x3ffee7fa        0x0 c:/espressif/xtensa-lx106-elf/bin/../lib/gcc/xtensa-lx106-elf/5.1.0\libgcc.a(_fixsfsi.o)
 .bss           0x3ffee7fa        0x0 c:/espressif/xtensa-lx106-elf/bin/../lib/gcc/xtensa-lx106-elf/5.1.0\libgcc.a(_fixunssfsi.o)
 .bss           0x3ffee7fa        0x0 c:/espressif/xtensa-lx106-elf/bin/../lib/gcc/xtensa-lx106-elf/5.1.0\libgcc.a(_floatsisf.o)
 .bss           0x3ffee7fa        0x0 c:/espressif/xtensa-lx106-elf/bin/../lib/gcc/xtensa-lx106-elf/5.1.0\libgcc.a(_muldf3.o)
 .bss           0x3ffee7fa        0x0 c:/espressif/xtensa-lx106-elf/bin/../lib/gcc/xtensa-lx106-elf/5.1.0\libgcc.a(_divdf3.o)
 .bss           0x3ffee7fa        0x0 c:/espressif/xtensa-lx106-elf/bin/../lib/gcc/xtensa-lx106-elf/5.1.0\libgcc.a(_fixdfsi.o)
 .bss           0x3ffee7fa        0x0 c:/espressif/xtensa-lx106-elf/bin/../lib/gcc/xtensa-lx106-elf/5.1.0\libgcc.a(_floatsidf.o)
 .bss           0x3ffee7fa        0x0 c:/espressif/xtensa-lx106-elf/bin/../lib/gcc/xtensa-lx106-elf/5.1.0\libgcc.a(_truncdfsf2.o)
 .bss           0x3ffee7fa        0x0 c:/espressif/xtensa-lx106-elf/bin/../lib/gcc/xtensa-lx106-elf/5.1.0\libgcc.a(_divdi3.o)
 .bss           0x3ffee7fa        0x0 c:/espressif/xtensa-lx106-elf/bin/../lib/gcc/xtensa-lx106-elf/5.1.0\libgcc.a(_umoddi3.o)
 *fill*         0x3ffee7fa        0x6 
 .bss           0x3ffee800        0x8 c:/Espressif/ESP8266_SDK_151/lib\libnet80211.a(ieee80211_crypto_tkip.o)
 .bss           0x3ffee808        0x0 c:/Espressif/ESP8266_SDK_151/lib\libnet80211.a(ieee80211_crypto_wep.o)
 *(.bss.*)
 *(.gnu.linkonce.b.*)
 *(COMMON)
                0x3ffee808                . = ALIGN (0x8)
                0x3ffee808                _bss_end = ABSOLUTE (.)
                0x3ffee808                _heap_start = ABSOLUTE (.)

.text           0x40100000     0x6926
                0x40100000                _stext = .
                0x40100000                _text_start = ABSOLUTE (.)
 *(.UserEnter.text)
 .UserEnter.text
                0x40100000        0xd c:/Espressif/ESP8266_SDK_151/lib\libmain.a(vector.o)
                                 0x14 (size before relaxing)
                0x40100004                call_user_start
                0x40100010                . = ALIGN (0x10)
 *fill*         0x4010000d        0x3 
 *(.DebugExceptionVector.text)
 .DebugExceptionVector.text
                0x40100010        0x6 c:/Espressif/ESP8266_SDK_151/lib\libmain.a(debug-vector.o)
                0x40100010                _DebugExceptionVector
                0x40100020                . = ALIGN (0x10)
 *fill*         0x40100016        0xa 
 *(.NMIExceptionVector.text)
 .NMIExceptionVector.text
                0x40100020        0x6 c:/Espressif/ESP8266_SDK_151/lib\libmain.a(nmi-vector.o)
                                  0xd (size before relaxing)
                0x40100020                _NMIExceptionVector
                0x40100030                . = ALIGN (0x10)
 *fill*         0x40100026        0xa 
 *(.KernelExceptionVector.text)
 .KernelExceptionVector.text
                0x40100030        0x6 c:/Espressif/ESP8266_SDK_151/lib\libmain.a(kernel-vector.o)
                0x40100030                _KernelExceptionVector
                0x40100036        0x4 LONG 0x0
                0x4010003a        0x4 LONG 0x0
                0x4010003e        0x4 LONG 0x0
                0x40100042        0x4 LONG 0x0
                0x40100050                . = ALIGN (0x10)
 *fill*         0x40100046        0xa 
 *(.UserExceptionVector.text)
 .UserExceptionVector.text
                0x40100050        0x6 c:/Espressif/ESP8266_SDK_151/lib\libmain.a(user-vector.o)
                                  0xd (size before relaxing)
                0x40100050                _UserExceptionVector
                0x40100056        0x4 LONG 0x0
                0x4010005a        0x4 LONG 0x0
                0x4010005e        0x4 LONG 0x0
                0x40100062        0x4 LONG 0x0
                0x40100070                . = ALIGN (0x10)
 *fill*         0x40100066        0xa 
 *(.DoubleExceptionVector.text)
 .DoubleExceptionVector.text
                0x40100070        0x6 c:/Espressif/ESP8266_SDK_151/lib\libmain.a(double-vector.o)
                0x40100070                _DoubleExceptionVector
                0x40100076        0x4 LONG 0x0
                0x4010007a        0x4 LONG 0x0
                0x4010007e        0x4 LONG 0x0
                0x40100082        0x4 LONG 0x0
                0x40100090                . = ALIGN (0x10)
 *fill*         0x40100086        0xa 
 *(.entry.text)
 *(.init.literal)
 *(.init)
 *(.literal .text .literal.* .text.* .stub .gnu.warning .gnu.linkonce.literal.* .gnu.linkonce.t.*.literal .gnu.linkonce.t.*)
 .text          0x40100090       0xc7 c:/Espressif/ESP8266_SDK_151/lib\libmain.a(nmi-vector.o)
                                 0xcb (size before relaxing)
                0x4010009c                _NMILevelVector
 *fill*         0x40100157        0x1 
 .text          0x40100158       0x1e c:/Espressif/ESP8266_SDK_151/lib\libmain.a(user-vector.o)
                0x4010015c                _UserExceptionVector_1
 *fill*         0x40100176        0x2 
 .text          0x40100178      0x55f c:/Espressif/ESP8266_SDK_151/lib\libmain.a(app_main.o)
                                0x5bb (size before relaxing)
                0x401001b0                Cache_Read_Enable_New
                0x401001ec                NmiTimSetFunc
                0x40100210                NMI_Handler
                0x40100268                call_user_start_local
                0x40100388                wdt_feed
 *fill*         0x401006d7        0x1 
 .text          0x401006d8      0x267 c:/Espressif/ESP8266_SDK_151/lib\libmain.a(ets_timer.o)
                                0x29f (size before relaxing)
                0x40100744                ets_timer_setfn
                0x401007bc                ets_timer_disarm
                0x4010084c                ets_timer_arm_new
 *fill*         0x4010093f        0x1 
 .text          0x40100940      0x30f c:/Espressif/ESP8266_SDK_151/lib\libmain.a(mem_manager.o)
                                0x367 (size before relaxing)
                0x40100944                prvInsertBlockIntoUsedList
                0x40100974                system_show_malloc
                0x40100974                pvShowMalloc
                0x40100a00                prvRemoveBlockFromUsedList
                0x40100a2c                xPortWantedSizeAlign
                0x40100a54                pvPortMalloc
                0x40100b1c                vPortFree
                0x40100b74                pvPortCalloc
                0x40100ba4                pvPortZalloc
                0x40100bc0                pvPortRealloc
 *fill*         0x40100c4f        0x1 
 .text          0x40100c50      0x269 c:/Espressif/ESP8266_SDK_151/lib\libmain.a(spi_flash.o)
                                0x2b5 (size before relaxing)
                0x40100c54                Cache_Read_Disable_2
                0x40100c94                Cache_Read_Enable_2
                0x40100ccc                spi_flash_get_id
                0x40100d28                spi_flash_read_status
                0x40100d5c                spi_flash_write_status
                0x40100ddc                spi_flash_erase_sector
                0x40100e10                spi_flash_write
                0x40100e64                spi_flash_read
 *fill*         0x40100eb9        0x3 
 .text          0x40100ebc      0x2ee c:/Espressif/ESP8266_SDK_151/lib\libmain.a(user_interface.o)
                                0x34a (size before relaxing)
                0x40100ed8                os_printf_plus
                0x40101004                system_restart_core
                0x4010103c                system_deep_sleep_local_2
                0x401010b0                system_get_time
                0x401010c8                system_os_post
                0x401010fc                system_rtc_mem_write
                0x40101154                system_rtc_mem_read
 *fill*         0x401011aa        0x2 
 .text          0x401011ac      0x135 build/debug/app_app.a(user_main.o)
                                0x165 (size before relaxing)
 *fill*         0x401012e1        0x3 
 .text          0x401012e4       0x9c build/debug/app_app.a(easygpio.o)
                0x401012ec                easygpio_outputSet
                0x4010134c                easygpio_inputGet
 .text          0x40101380       0x6b build/debug/app_app.a(hw_timer.o)
                                 0x7f (size before relaxing)
                0x4010139c                hw_timer_arm
                0x401013e4                hw_timer_set_func
 *fill*         0x401013eb        0x1 
 .literal       0x401013ec        0x0 c:/espressif/xtensa-lx106-elf/bin/../lib/gcc/xtensa-lx106-elf/5.1.0\libgcc.a(_muldi3.o)
                                  0x4 (size before relaxing)
 .literal       0x401013ec        0x4 c:/espressif/xtensa-lx106-elf/bin/../lib/gcc/xtensa-lx106-elf/5.1.0\libgcc.a(_addsubsf3.o)
                                  0xc (size before relaxing)
 .literal       0x401013f0        0x0 c:/espressif/xtensa-lx106-elf/bin/../lib/gcc/xtensa-lx106-elf/5.1.0\libgcc.a(_mulsf3.o)
                                 0x10 (size before relaxing)
 .literal       0x401013f0        0x0 c:/espressif/xtensa-lx106-elf/bin/../lib/gcc/xtensa-lx106-elf/5.1.0\libgcc.a(_divsf3.o)
                                 0x10 (size before relaxing)
 .literal       0x401013f0        0x0 c:/espressif/xtensa-lx106-elf/bin/../lib/gcc/xtensa-lx106-elf/5.1.0\libgcc.a(_fixsfsi.o)
                                  0x4 (size before relaxing)
 .literal       0x401013f0        0x0 c:/espressif/xtensa-lx106-elf/bin/../lib/gcc/xtensa-lx106-elf/5.1.0\libgcc.a(_fixunssfsi.o)
                                  0x4 (size before relaxing)
 .literal       0x401013f0        0x8 c:/espressif/xtensa-lx106-elf/bin/../lib/gcc/xtensa-lx106-elf/5.1.0\libgcc.a(_muldf3.o)
                                 0x10 (size before relaxing)
 .literal       0x401013f8        0x0 c:/espressif/xtensa-lx106-elf/bin/../lib/gcc/xtensa-lx106-elf/5.1.0\libgcc.a(_divdf3.o)
                                 0x10 (size before relaxing)
 .literal       0x401013f8        0x0 c:/espressif/xtensa-lx106-elf/bin/../lib/gcc/xtensa-lx106-elf/5.1.0\libgcc.a(_fixdfsi.o)
                                  0x4 (size before relaxing)
 .literal       0x401013f8        0x4 c:/espressif/xtensa-lx106-elf/bin/../lib/gcc/xtensa-lx106-elf/5.1.0\libgcc.a(_truncdfsf2.o)
                                  0x8 (size before relaxing)
 .literal       0x401013fc        0x0 c:/espressif/xtensa-lx106-elf/bin/../lib/gcc/xtensa-lx106-elf/5.1.0\libgcc.a(_divdi3.o)
                                 0x48 (size before relaxing)
 .literal       0x401013fc        0x0 c:/espressif/xtensa-lx106-elf/bin/../lib/gcc/xtensa-lx106-elf/5.1.0\libgcc.a(_umoddi3.o)
                                 0x48 (size before relaxing)
 .text          0x401013fc       0x36 c:/espressif/xtensa-lx106-elf/bin/../lib/gcc/xtensa-lx106-elf/5.1.0\libgcc.a(_muldi3.o)
                0x401013fc                __muldi3
 *fill*         0x40101432        0x2 
 .text          0x40101434       0x53 c:/Espressif/ESP8266_SDK_151/lib\libphy.a(phy.o)
                                 0x5f (size before relaxing)
                0x4010143c                register_phy_ops
                0x4010145c                register_get_phy_addr
                0x40101464                phy_change_channel
                0x4010147c                phy_get_mactime
 *fill*         0x40101487        0x1 
 .text          0x40101488       0xaa c:/Espressif/ESP8266_SDK_151/lib\libphy.a(phy_chip_v6_cal.o)
                                 0xb2 (size before relaxing)
                0x40101488                unsign_to_sign
                0x401014c0                phy_get_bb_freqoffset
                0x40101524                phy_get_bb_evm
 *fill*         0x40101532        0x2 
 .text          0x40101534       0xef c:/Espressif/ESP8266_SDK_151/lib\libphy.a(phy_sleep.o)
                                0x103 (size before relaxing)
                0x40101540                pm_rtc_clock_cali
                0x401015f8                clockgate_watchdog
 *fill*         0x40101623        0x1 
 .text          0x40101624     0x160a c:/Espressif/ESP8266_SDK_151/lib\libpp.a(lmac.o)
                               0x1962 (size before relaxing)
                0x40101628                lmacIsActive
                0x4010163c                lmacIsIdle
                0x40101ac0                lmacSetAcParam
                0x40101b14                lmacProcessTXStartData
                0x40101c94                lmacProcessTxSuccess
                0x40101dd8                GetAccess
                0x40101de4                lmacDiscardAgedMSDU
                0x40101df8                lmacRecycleMPDU
                0x401023c0                lmacProcessTxTimeout
                0x40102428                lmacProcessAllTxTimeout
                0x4010243c                lmacProcessCollisions
                0x4010249c                lmacProcessCollision
                0x40102520                lmacMSDUAged
                0x401028b0                lmacProcessCtsTimeout
                0x401028e8                lmacProcessAckTimeout
                0x40102940                lmacProcessRtsStart
                0x4010294c                lmacProcessTxRtsError
                0x401029ec                lmacProcessTxError
                0x40102a7c                lmacTxFrame
                0x40102c18                lmacRxDone
 *fill*         0x40102c2e        0x2 
 .text          0x40102c30      0x8e1 c:/Espressif/ESP8266_SDK_151/lib\libpp.a(pp.o)
                                0x9fd (size before relaxing)
                0x40102c64                pp_soft_wdt_feed_local
                0x40102cf8                ppProcessTxQ
                0x40102d6c                ppFetchTxQFirstAvail
                0x40102dac                ppDequeueTxQ
                0x40102dd4                ppRollBackTxQ
                0x40102df8                ppRecordBarRRC
                0x40102e08                ppTxqUpdateBitmap
                0x40102e30                ppEnqueueTxDone
                0x40102e64                ppEnqueueRxq
                0x4010334c                ppDiscardMPDU
                0x40103370                pp_post
                0x401033fc                pp_post2
                0x40103424                ppCalTxop
                0x401034a4                ppCalFrameTimes
 *fill*         0x40103511        0x3 
 .text          0x40103514       0xf5 c:/Espressif/ESP8266_SDK_151/lib\libpp.a(rate_control.o)
                                0x109 (size before relaxing)
                0x40103534                RC_GetAckRate
                0x40103540                RC_GetRtsRate
                0x40103550                RC_GetAckTime
                0x40103564                RC_GetCtsTime
                0x4010359c                RC_GetBlockAckTime
 *fill*         0x40103609        0x3 
 .text          0x4010360c      0x9a1 c:/Espressif/ESP8266_SDK_151/lib\libpp.a(trc.o)
                                0xa05 (size before relaxing)
                0x401037e0                rcUpdateTxDone
                0x40103874                rcUpdateRxDone
                0x401038d0                rcUpdateDataRxDone
                0x401038ec                rcGetSched
                0x401039d0                rcGetRate
                0x40103ee0                rcReachRetryLimit
                0x40103ef8                trc_NeedRTS
 *fill*         0x40103fad        0x3 
 .text          0x40103fb0     0x105f c:/Espressif/ESP8266_SDK_151/lib\libpp.a(wdev.o)
                               0x1347 (size before relaxing)
                0x40104354                wDev_MacTim1SetFunc
                0x40104374                wDev_MacTim1Arm
                0x40104408                wDev_ProcessFiq
                0x4010474c                wDev_EnableTransmit
                0x40104784                wDev_DisableTransmit
                0x401047a4                Tx_Copy2Queue
                0x401047ec                wDev_ProcessCollision
                0x40104810                wDev_GetTxqCollisions
                0x40104820                wDev_ClearTxqCollisions
                0x4010483c                wDev_SetWaitingQueue
                0x40104884                wDev_ClearWaitingQueue
                0x401048a8                wDev_SetFrameAckType
                0x4010490c                wDev_AppendRxBlocks
                0x40104a50                wDev_AppendRxAmpduLensBlocks
                0x40104b24                wDev_GetBAInfo
                0x40104b58                wDevDisableRx
 *fill*         0x4010500f        0x1 
 .text          0x40105010       0x4c c:/Espressif/ESP8266_SDK_151/lib\libpp.a(esf_buf.o)
                                 0x5c (size before relaxing)
                0x40105014                esf_rx_buf_alloc
 .text          0x4010505c       0x23 c:/Espressif/ESP8266_SDK_151/lib\libnet80211.a(ieee80211_output.o)
                                 0x27 (size before relaxing)
 *fill*         0x4010507f        0x1 
 .text          0x40105080        0xb c:/Espressif/ESP8266_SDK_151/lib\libnet80211.a(wl_chm.o)
                0x40105084                chm_get_current_channel
 *fill*         0x4010508b        0x1 
 .text          0x4010508c       0x43 c:/Espressif/ESP8266_SDK_151/lib\liblwip.a(etharp.o)
                                 0x47 (size before relaxing)
 *fill*         0x401050cf        0x1 
 .text          0x401050d0      0x1fd c:/Espressif/ESP8266_SDK_151/lib\liblwip.a(tcp.o)
                                0x229 (size before relaxing)
 *fill*         0x401052cd        0x3 
 .text          0x401052d0      0x15d c:/Espressif/ESP8266_SDK_151/lib\liblwip.a(tcp_out.o)
                                0x161 (size before relaxing)
 *fill*         0x4010542d        0x3 
 .text          0x40105430       0xb4 c:/Espressif/ESP8266_SDK_151/lib\liblwip.a(timers.o)
                                 0xc0 (size before relaxing)
 .text          0x401054e4      0x1ff c:/espressif/xtensa-lx106-elf/bin/../lib/gcc/xtensa-lx106-elf/5.1.0\libgcc.a(_addsubsf3.o)
                0x40105500                __addsf3
                0x401055e8                __subsf3
 *fill*         0x401056e3        0x1 
 .text          0x401056e4      0x15d c:/espressif/xtensa-lx106-elf/bin/../lib/gcc/xtensa-lx106-elf/5.1.0\libgcc.a(_mulsf3.o)
                0x4010575c                __mulsf3
 *fill*         0x40105841        0x3 
 .text          0x40105844      0x135 c:/espressif/xtensa-lx106-elf/bin/../lib/gcc/xtensa-lx106-elf/5.1.0\libgcc.a(_divsf3.o)
                0x401058c0                __divsf3
 *fill*         0x40105979        0x3 
 .text          0x4010597c       0x40 c:/espressif/xtensa-lx106-elf/bin/../lib/gcc/xtensa-lx106-elf/5.1.0\libgcc.a(_fixsfsi.o)
                0x4010597c                __fixsfsi
 .text          0x401059bc       0x51 c:/espressif/xtensa-lx106-elf/bin/../lib/gcc/xtensa-lx106-elf/5.1.0\libgcc.a(_fixunssfsi.o)
                0x401059bc                __fixunssfsi
 *fill*         0x40105a0d        0x3 
 .text          0x40105a10      0x29b c:/espressif/xtensa-lx106-elf/bin/../lib/gcc/xtensa-lx106-elf/5.1.0\libgcc.a(_muldf3.o)
                0x40105af0                __muldf3
 *fill*         0x40105cab        0x1 
 .text          0x40105cac      0x20b c:/espressif/xtensa-lx106-elf/bin/../lib/gcc/xtensa-lx106-elf/5.1.0\libgcc.a(_divdf3.o)
                0x40105d94                __divdf3
 *fill*         0x40105eb7        0x1 
 .text          0x40105eb8       0x48 c:/espressif/xtensa-lx106-elf/bin/../lib/gcc/xtensa-lx106-elf/5.1.0\libgcc.a(_fixdfsi.o)
                0x40105eb8                __fixdfsi
 .text          0x40105f00       0xa0 c:/espressif/xtensa-lx106-elf/bin/../lib/gcc/xtensa-lx106-elf/5.1.0\libgcc.a(_truncdfsf2.o)
                0x40105f00                __truncdfsf2
 .text          0x40105fa0      0x3df c:/espressif/xtensa-lx106-elf/bin/../lib/gcc/xtensa-lx106-elf/5.1.0\libgcc.a(_divdi3.o)
                                0x40f (size before relaxing)
                0x40105fa0                __divdi3
 *fill*         0x4010637f        0x1 
 .text          0x40106380      0x350 c:/espressif/xtensa-lx106-elf/bin/../lib/gcc/xtensa-lx106-elf/5.1.0\libgcc.a(_umoddi3.o)
                                0x388 (size before relaxing)
                0x40106380                __umoddi3
 .text          0x401066d0        0x0 c:/Espressif/ESP8266_SDK_151/lib\libmain.a(debug-vector.o)
 .text          0x401066d0        0x0 c:/Espressif/ESP8266_SDK_151/lib\libmain.a(double-vector.o)
 .text          0x401066d0        0x0 c:/Espressif/ESP8266_SDK_151/lib\libmain.a(kernel-vector.o)
 .literal       0x401066d0        0x0 c:/Espressif/ESP8266_SDK_151/lib\libmain.a(nmi-vector.o)
 *fill*         0x401066d0        0x0 
 .literal       0x401066d0        0x0 c:/Espressif/ESP8266_SDK_151/lib\libmain.a(user-vector.o)
 .text          0x401066d0        0x0 c:/Espressif/ESP8266_SDK_151/lib\libmain.a(vector.o)
 *fill*         0x401066d0        0x0 
 .literal       0x401066d0        0x0 c:/Espressif/ESP8266_SDK_151/lib\libmain.a(app_main.o)
 *fill*         0x401066d0        0x0 
 .literal       0x401066d0        0x0 c:/Espressif/ESP8266_SDK_151/lib\libmain.a(ets_timer.o)
 *fill*         0x401066d0        0x0 
 .literal       0x401066d0        0x0 c:/Espressif/ESP8266_SDK_151/lib\libmain.a(mem_manager.o)
 *fill*         0x401066d0        0x0 
 .literal       0x401066d0        0x0 c:/Espressif/ESP8266_SDK_151/lib\libmain.a(spi_flash.o)
 *fill*         0x401066d0        0x0 
 .literal       0x401066d0        0x0 c:/Espressif/ESP8266_SDK_151/lib\libmain.a(user_interface.o)
 .text          0x401066d0        0x0 c:/Espressif/ESP8266_SDK_151/lib\libmain.a(eagle_lib.o)
 .text          0x401066d0        0x0 c:/Espressif/ESP8266_SDK_151/lib\libmain.a(eagle_lwip_if.o)
 *fill*         0x401066d0        0x0 
 .literal       0x401066d0        0x0 build/debug/app_app.a(user_main.o)
 *fill*         0x401066d0        0x0 
 .literal       0x401066d0        0x0 build/debug/app_app.a(easygpio.o)
 .text          0x401066d0        0x0 build/debug/app_app.a(stdout.o)
 .literal       0x401066d0        0x0 build/debug/app_app.a(hw_timer.o)
 *fill*         0x401066d0        0x0 
 .text          0x401066d0       0x4c c:/espressif/xtensa-lx106-elf/bin/../lib/gcc/xtensa-lx106-elf/5.1.0\libgcc.a(_udivsi3.o)
                0x401066d0                __udivsi3
 .text          0x4010671c       0x39 c:/espressif/xtensa-lx106-elf/bin/../lib/gcc/xtensa-lx106-elf/5.1.0\libgcc.a(_umodsi3.o)
                0x4010671c                __umodsi3
 *fill*         0x40106755        0x0 
 *fill*         0x40106755        0x3 
 .text          0x40106758       0x48 c:/espressif/xtensa-lx106-elf/bin/../lib/gcc/xtensa-lx106-elf/5.1.0\libgcc.a(_umulsidi3.o)
                0x40106758                __umulsidi3
 .text          0x401067a0        0x5 c:/espressif/xtensa-lx106-elf/bin/../lib/gcc/xtensa-lx106-elf/5.1.0/../../../../xtensa-lx106-elf/lib\libhal.a(int_asm--set_intclear.o)
                0x401067a0                xthal_set_intclear
 *fill*         0x401067a5        0x3 
 .literal       0x401067a8        0x0 c:/Espressif/ESP8266_SDK_151/lib\libphy.a(phy.o)
 .text          0x401067a8        0x0 c:/Espressif/ESP8266_SDK_151/lib\libphy.a(phy_chip_v6_ana.o)
 .text          0x401067a8        0x0 c:/Espressif/ESP8266_SDK_151/lib\libphy.a(phy_chip_v6.o)
 *fill*         0x401067a8        0x0 
 .literal       0x401067a8        0x0 c:/Espressif/ESP8266_SDK_151/lib\libphy.a(phy_chip_v6_cal.o)
 .text          0x401067a8        0x0 c:/Espressif/ESP8266_SDK_151/lib\libphy.a(phy_chip_v6_unused.o)
 *fill*         0x401067a8        0x0 
 .literal       0x401067a8        0x0 c:/Espressif/ESP8266_SDK_151/lib\libphy.a(phy_sleep.o)
 .text          0x401067a8        0x0 c:/Espressif/ESP8266_SDK_151/lib\libpp.a(if_hwctrl.o)
 *fill*         0x401067a8        0x0 
 .literal       0x401067a8        0x0 c:/Espressif/ESP8266_SDK_151/lib\libpp.a(lmac.o)
 .text          0x401067a8        0x0 c:/Espressif/ESP8266_SDK_151/lib\libpp.a(pm.o)
 .text          0x401067a8        0x0 c:/Espressif/ESP8266_SDK_151/lib\libpp.a(pm_for_bcn_only_mode.o)
 *fill*         0x401067a8        0x0 
 .literal       0x401067a8        0x0 c:/Espressif/ESP8266_SDK_151/lib\libpp.a(pp.o)
 *fill*         0x401067a8        0x0 
 .literal       0x401067a8        0x0 c:/Espressif/ESP8266_SDK_151/lib\libpp.a(rate_control.o)
 *fill*         0x401067a8        0x0 
 .literal       0x401067a8        0x0 c:/Espressif/ESP8266_SDK_151/lib\libpp.a(trc.o)
 *fill*         0x401067a8        0x0 
 .literal       0x401067a8        0x0 c:/Espressif/ESP8266_SDK_151/lib\libpp.a(wdev.o)
 *fill*         0x401067a8        0x0 
 .literal       0x401067a8        0x0 c:/Espressif/ESP8266_SDK_151/lib\libpp.a(esf_buf.o)
 .text          0x401067a8        0x0 c:/Espressif/ESP8266_SDK_151/lib\libnet80211.a(ieee80211.o)
 .text          0x401067a8        0x0 c:/Espressif/ESP8266_SDK_151/lib\libnet80211.a(ieee80211_crypto.o)
 .text          0x401067a8        0x0 c:/Espressif/ESP8266_SDK_151/lib\libnet80211.a(ieee80211_ets.o)
 .literal       0x401067a8        0x0 c:/Espressif/ESP8266_SDK_151/lib\libnet80211.a(ieee80211_hostap.o)
 .text          0x401067a8       0x25 c:/Espressif/ESP8266_SDK_151/lib\libnet80211.a(ieee80211_hostap.o)
 .text          0x401067cd        0x0 c:/Espressif/ESP8266_SDK_151/lib\libnet80211.a(ieee80211_ht.o)
 .text          0x401067cd        0x0 c:/Espressif/ESP8266_SDK_151/lib\libnet80211.a(ieee80211_input.o)
 .text          0x401067cd        0x0 c:/Espressif/ESP8266_SDK_151/lib\libnet80211.a(ieee80211_mesh_quick.o)
 *fill*         0x401067cd        0x3 
 .literal       0x401067d0        0x0 c:/Espressif/ESP8266_SDK_151/lib\libnet80211.a(ieee80211_output.o)
 .text          0x401067d0        0x0 c:/Espressif/ESP8266_SDK_151/lib\libnet80211.a(ieee80211_phy.o)
 .text          0x401067d0        0x0 c:/Espressif/ESP8266_SDK_151/lib\libnet80211.a(ieee80211_power.o)
 .text          0x401067d0        0x0 c:/Espressif/ESP8266_SDK_151/lib\libnet80211.a(ieee80211_proto.o)
 .text          0x401067d0        0x0 c:/Espressif/ESP8266_SDK_151/lib\libnet80211.a(ieee80211_rfid.o)
 .text          0x401067d0        0x0 c:/Espressif/ESP8266_SDK_151/lib\libnet80211.a(ieee80211_scan.o)
 .text          0x401067d0        0x0 c:/Espressif/ESP8266_SDK_151/lib\libnet80211.a(ieee80211_sta.o)
 *fill*         0x401067d0        0x0 
 .literal       0x401067d0        0x0 c:/Espressif/ESP8266_SDK_151/lib\libnet80211.a(wl_chm.o)
 .text          0x401067d0        0x0 c:/Espressif/ESP8266_SDK_151/lib\libnet80211.a(wl_cnx.o)
 .text          0x401067d0        0x0 c:/Espressif/ESP8266_SDK_151/lib\libnet80211.a(ieee80211_action.o)
 .text          0x401067d0        0x0 c:/Espressif/ESP8266_SDK_151/lib\libnet80211.a(ieee80211_action_vendor.o)
 .text          0x401067d0        0x0 c:/Espressif/ESP8266_SDK_151/lib\libnet80211.a(ieee80211_crypto_ccmp.o)
 .text          0x401067d0        0x0 c:/Espressif/ESP8266_SDK_151/lib\libnet80211.a(ieee80211_ie_vendor.o)
 .text          0x401067d0        0x0 c:/Espressif/ESP8266_SDK_151/lib\liblwip.a(dhcp.o)
 .text          0x401067d0        0x0 c:/Espressif/ESP8266_SDK_151/lib\liblwip.a(dhcpserver.o)
 .text          0x401067d0        0x0 c:/Espressif/ESP8266_SDK_151/lib\liblwip.a(dns.o)
 .text          0x401067d0        0x0 c:/Espressif/ESP8266_SDK_151/lib\liblwip.a(espconn_tcp.o)
 *fill*         0x401067d0        0x0 
 .literal       0x401067d0        0x0 c:/Espressif/ESP8266_SDK_151/lib\liblwip.a(etharp.o)
 .text          0x401067d0        0x0 c:/Espressif/ESP8266_SDK_151/lib\liblwip.a(init.o)
 .text          0x401067d0        0x0 c:/Espressif/ESP8266_SDK_151/lib\liblwip.a(ip_addr.o)
 .text          0x401067d0        0x0 c:/Espressif/ESP8266_SDK_151/lib\liblwip.a(ip.o)
 .text          0x401067d0        0x0 c:/Espressif/ESP8266_SDK_151/lib\liblwip.a(memp.o)
 .text          0x401067d0        0x0 c:/Espressif/ESP8266_SDK_151/lib\liblwip.a(netif.o)
 .text          0x401067d0        0x0 c:/Espressif/ESP8266_SDK_151/lib\liblwip.a(pbuf.o)
 .text          0x401067d0        0x0 c:/Espressif/ESP8266_SDK_151/lib\liblwip.a(raw.o)
 .text          0x401067d0        0x0 c:/Espressif/ESP8266_SDK_151/lib\liblwip.a(tcp_in.o)
 *fill*         0x401067d0        0x0 
 .literal       0x401067d0        0x0 c:/Espressif/ESP8266_SDK_151/lib\liblwip.a(tcp.o)
 *fill*         0x401067d0        0x0 
 .literal       0x401067d0        0x0 c:/Espressif/ESP8266_SDK_151/lib\liblwip.a(tcp_out.o)
 *fill*         0x401067d0        0x0 
 .literal       0x401067d0        0x0 c:/Espressif/ESP8266_SDK_151/lib\liblwip.a(timers.o)
 .text          0x401067d0        0x0 c:/Espressif/ESP8266_SDK_151/lib\liblwip.a(udp.o)
 .text          0x401067d0        0x0 c:/Espressif/ESP8266_SDK_151/lib\liblwip.a(espconn.o)
 .text          0x401067d0        0x0 c:/Espressif/ESP8266_SDK_151/lib\liblwip.a(espconn_udp.o)
 .text          0x401067d0        0x0 c:/Espressif/ESP8266_SDK_151/lib\liblwip.a(icmp.o)
 .text          0x401067d0        0x0 c:/Espressif/ESP8266_SDK_151/lib\liblwip.a(igmp.o)
 .text          0x401067d0        0x0 c:/Espressif/ESP8266_SDK_151/lib\liblwip.a(inet_chksum.o)
 .text          0x401067d0        0x0 c:/Espressif/ESP8266_SDK_151/lib\libwpa.a(ap_config.o)
 .text          0x401067d0        0x0 c:/Espressif/ESP8266_SDK_151/lib\libwpa.a(common.o)
 .text          0x401067d0        0x0 c:/Espressif/ESP8266_SDK_151/lib\libwpa.a(os_xtensa.o)
 .literal       0x401067d0        0x0 c:/Espressif/ESP8266_SDK_151/lib\libwpa.a(wpa_auth.o)
 .text          0x401067d0       0x11 c:/Espressif/ESP8266_SDK_151/lib\libwpa.a(wpa_auth.o)
 .text          0x401067e1        0x0 c:/Espressif/ESP8266_SDK_151/lib\libwpa.a(wpa_auth_ie.o)
 .text          0x401067e1        0x0 c:/Espressif/ESP8266_SDK_151/lib\libwpa.a(wpa.o)
 .text          0x401067e1        0x0 c:/Espressif/ESP8266_SDK_151/lib\libwpa.a(wpa_common.o)
 .text          0x401067e1        0x0 c:/Espressif/ESP8266_SDK_151/lib\libwpa.a(wpa_debug.o)
 .text          0x401067e1        0x0 c:/Espressif/ESP8266_SDK_151/lib\libwpa.a(wpa_ie.o)
 .text          0x401067e1        0x0 c:/Espressif/ESP8266_SDK_151/lib\libwpa.a(wpa_main.o)
 .text          0x401067e1        0x0 c:/Espressif/ESP8266_SDK_151/lib\libwpa.a(wpas_glue.o)
 .text          0x401067e1        0x0 c:/Espressif/ESP8266_SDK_151/lib\libcrypto.a(aes-wrap.o)
 .text          0x401067e1        0x0 c:/Espressif/ESP8266_SDK_151/lib\libcrypto.a(aes-internal-enc.o)
 .text          0x401067e1        0x0 c:/Espressif/ESP8266_SDK_151/lib\libcrypto.a(aes-internal.o)
 *fill*         0x401067e1        0x3 
 .text          0x401067e4       0x64 c:/espressif/xtensa-lx106-elf/bin/../lib/gcc/xtensa-lx106-elf/5.1.0\libgcc.a(_divsi3.o)
                0x401067e4                __divsi3
 .text          0x40106848       0x49 c:/espressif/xtensa-lx106-elf/bin/../lib/gcc/xtensa-lx106-elf/5.1.0\libgcc.a(_modsi3.o)
                0x40106848                __modsi3
 *fill*         0x40106891        0x3 
 .text          0x40106894       0x18 c:/espressif/xtensa-lx106-elf/bin/../lib/gcc/xtensa-lx106-elf/5.1.0\libgcc.a(_ashrdi3.o)
                0x40106894                __ashrdi3
 *fill*         0x401068ac        0x0 
 *fill*         0x401068ac        0x0 
 *fill*         0x401068ac        0x0 
 *fill*         0x401068ac        0x0 
 .text          0x401068ac       0x44 c:/espressif/xtensa-lx106-elf/bin/../lib/gcc/xtensa-lx106-elf/5.1.0\libgcc.a(_floatsisf.o)
                0x401068ac                __floatunsisf
                0x401068b4                __floatsisf
 *fill*         0x401068f0        0x0 
 *fill*         0x401068f0        0x0 
 .text          0x401068f0       0x36 c:/espressif/xtensa-lx106-elf/bin/../lib/gcc/xtensa-lx106-elf/5.1.0\libgcc.a(_floatsidf.o)
                0x401068f0                __floatunsidf
                0x401068f8                __floatsidf
 *fill*         0x40106926        0x0 
 *fill*         0x40106926        0x0 
 .text          0x40106926        0x0 c:/Espressif/ESP8266_SDK_151/lib\libnet80211.a(ieee80211_crypto_tkip.o)
 .text          0x40106926        0x0 c:/Espressif/ESP8266_SDK_151/lib\libnet80211.a(ieee80211_crypto_wep.o)
 *(.fini.literal)
 *(.fini)
 *(.gnu.version)
                0x40106926                _text_end = ABSOLUTE (.)
                0x40106926                _etext = .

.NMIExceptionVector.literal
                0x40106928        0x0
 .NMIExceptionVector.literal
                0x40106928        0x0 c:/Espressif/ESP8266_SDK_151/lib\libmain.a(nmi-vector.o)

.UserExceptionVector.literal
                0x40106928        0x0
 .UserExceptionVector.literal
                0x40106928        0x0 c:/Espressif/ESP8266_SDK_151/lib\libmain.a(user-vector.o)

.UserEnter.literal
                0x40106928        0x0
 .UserEnter.literal
                0x40106928        0x0 c:/Espressif/ESP8266_SDK_151/lib\libmain.a(vector.o)

.lit4           0x40106928        0x0
                0x40106928                _lit4_start = ABSOLUTE (.)
 *(*.lit4)
 *(.lit4.*)
 *(.gnu.linkonce.lit4.*)
                0x40106928                _lit4_end = ABSOLUTE (.)

.irom0.text     0x40210000    0x2dbf4
                0x40210000                _irom0_text_start = ABSOLUTE (.)
 *(.irom0.literal .irom.literal .irom.text.literal .irom0.text .irom.text)
 .irom0.text    0x40210000      0xa1d c:/Espressif/ESP8266_SDK_151/lib\libmain.a(app_main.o)
                                0xc31 (size before relaxing)
                0x402101e8                wdt_init
                0x40210290                user_uart_wait_tx_fifo_empty
                0x40210544                user_rf_pre_init
 *fill*         0x40210a1d        0x3 
 .irom0.text    0x40210a20      0x186 c:/Espressif/ESP8266_SDK_151/lib\libmain.a(ets_timer.o)
                                0x1b2 (size before relaxing)
                0x40210a28                ets_timer_done
                0x40210a74                ets_timer_handler_isr
                0x40210b44                ets_timer_init
 *fill*         0x40210ba6        0x2 
 .irom0.text    0x40210ba8       0xec c:/Espressif/ESP8266_SDK_151/lib\libmain.a(mem_manager.o)
                                 0xf8 (size before relaxing)
                0x40210ba8                check_memleak_debug_enable
                0x40210c14                xPortGetFreeHeapSize
                0x40210c1c                vPortInitialiseBlocks
 .irom0.text    0x40210c94        0xb c:/Espressif/ESP8266_SDK_151/lib\libmain.a(spi_flash.o)
                0x40210c98                spi_flash_set_read_func
 *fill*         0x40210c9f        0x1 
 .irom0.text    0x40210ca0     0x3459 c:/Espressif/ESP8266_SDK_151/lib\libmain.a(user_interface.o)
                               0x3e71 (size before relaxing)
                0x40210ca4                system_set_os_print
                0x40210cb4                system_get_os_print
                0x40210e7c                system_pp_recycle_rx_pkt
                0x40210e90                system_adc_read
                0x40210ea8                system_get_vdd33
                0x40210ec0                system_restart_hook
                0x40210ed8                system_restart_local
                0x40210fb8                system_restart
                0x40211014                system_restore
                0x4021107c                system_get_flash_size_map
                0x4021109c                system_get_boot_version
                0x402110d4                system_get_test_result
                0x402110fc                system_get_userbin_addr
                0x40211194                system_get_boot_mode
                0x402111c4                system_restart_enhance
                0x402112f4                system_upgrade_userbin_set
                0x40211340                system_upgrade_userbin_check
                0x40211380                system_upgrade_flag_set
                0x40211394                system_upgrade_flag_check
                0x402113bc                system_upgrade_reboot
                0x402114f0                system_deep_sleep_instant
                0x40211688                system_deep_sleep
                0x402116e8                system_deep_sleep_set_option
                0x40211704                system_phy_temperature_alert
                0x40211718                system_phy_set_max_tpw
                0x4021172c                system_phy_set_tpw_via_vdd33
                0x40211740                system_phy_set_rfoption
                0x40211754                system_phy_set_powerup_option
                0x4021176c                system_update_cpu_freq
                0x402117c8                system_get_cpu_freq
                0x402117e0                system_overclock
                0x4021180c                system_restoreclock
                0x4021183c                system_timer_reinit
                0x40211854                system_relative_time
                0x40211878                system_station_got_ip_set
                0x402119a4                system_print_meminfo
                0x40211a04                system_get_free_heap_size
                0x40211a1c                system_get_chip_id
                0x40211a40                system_rtc_clock_cali_proc
                0x40211a54                system_get_rtc_time
                0x40211a68                system_mktime
                0x40211b38                system_init_done_cb
                0x40211b40                system_get_rst_info
                0x40211b48                system_get_data_of_array_8
                0x40211b6c                system_get_data_of_array_16
                0x40211b94                system_get_string_from_flash
                0x40211c00                wifi_softap_dhcps_start
                0x40211c48                wifi_softap_dhcps_stop
                0x40211c88                wifi_softap_dhcps_status
                0x40211c90                wifi_station_dhcpc_start
                0x40211ce8                wifi_station_dhcpc_stop
                0x40211d28                wifi_station_dhcpc_event
                0x40211d9c                wifi_station_dhcpc_set_maxtry
                0x40211dac                wifi_station_dhcpc_status
                0x40211e24                wifi_get_opmode
                0x40211e38                wifi_get_opmode_default
                0x40211eb4                wifi_get_broadcast_if
                0x40211ef0                wifi_set_broadcast_if
                0x40212050                wifi_set_opmode
                0x40212064                wifi_set_opmode_current
                0x40212078                system_get_checksum
                0x402120c0                wifi_param_save_protect_with_check
                0x4021217c                system_param_save_with_protect
                0x40212224                system_save_sys_param
                0x40212250                system_param_load
                0x40212388                wifi_station_get_config
                0x4021239c                wifi_station_get_config_default
                0x402123bc                wifi_station_get_ap_info
                0x40212474                wifi_station_ap_number_set
                0x402127d8                wifi_station_set_config
                0x402127f0                wifi_station_set_config_current
                0x40212808                wifi_station_restore_config
                0x40212820                wifi_station_get_current_ap_id
                0x40212834                wifi_station_ap_check
                0x4021287c                wifi_station_ap_change
                0x402129a8                wifi_station_scan
                0x402129f4                wifi_station_get_auto_connect
                0x40212a08                wifi_station_set_auto_connect
                0x40212a58                wifi_station_save_pmk2cache
                0x40212b0c                wifi_station_connect
                0x40212ba0                wifi_station_disconnect
                0x40212c60                wifi_station_get_connect_status
                0x40212c90                wifi_station_set_reconnect_policy
                0x40212ca8                wifi_station_get_reconnect_policy
                0x40212cb0                wifi_station_get_rssi
                0x40212d00                wifi_station_set_default_hostname
                0x40212d68                wifi_station_get_hostname
                0x40212d98                wifi_station_set_hostname
                0x40212e38                wifi_softap_cacl_mac
                0x40212ea8                wifi_softap_set_default_ssid
                0x40213088                wifi_softap_get_config
                0x4021309c                wifi_softap_get_config_default
                0x402133f0                wifi_softap_set_config
                0x40213404                wifi_softap_set_config_current
                0x40213418                wifi_softap_set_station_info
                0x40213484                wifi_softap_get_station_info
                0x40213534                wifi_softap_free_station_info
                0x4021357c                wifi_softap_get_station_num
                0x402135d0                wifi_softap_deauth
                0x40213680                wifi_softap_get_beacon_only_mode
                0x40213694                wifi_softap_set_beacon_only_mode
                0x402136f8                wifi_register_user_ie_manufacturer_recv_cb
                0x4021370c                wifi_unregister_user_ie_manufacturer_recv_cb
                0x40213740                wifi_set_user_ie
                0x40213850                wifi_get_user_ie
                0x40213884                wifi_get_phy_mode
                0x4021388c                wifi_set_phy_mode
                0x40213954                wifi_set_sleep_type
                0x40213970                wifi_get_sleep_type
                0x40213988                wifi_get_channel
                0x402139a0                wifi_set_channel
                0x402139e4                wifi_promiscuous_set_mac
                0x40213a44                wifi_promiscuous_enable
                0x40213b28                wifi_set_promiscuous_rx_cb
                0x40213b38                wifi_get_ip_info
                0x40213bb8                wifi_set_ip_info
                0x40213c2c                wifi_get_macaddr
                0x40213c8c                wifi_set_macaddr
                0x40213da8                wifi_enable_6m_rate
                0x40213db0                wifi_get_user_fixed_rate
                0x40213dd0                wifi_set_user_fixed_rate
                0x40213df0                wifi_set_user_sup_rate
                0x40213e2c                wifi_set_user_rate_limit
                0x40213e50                wifi_get_user_limit_rate_mask
                0x40213e58                wifi_set_user_limit_rate_mask
                0x40213e70                wifi_register_send_pkt_freedom_cb
                0x40213e84                wifi_unregister_send_pkt_freedom_cb
                0x40213e90                wifi_send_pkt_freedom
                0x40213edc                wifi_rfid_locp_recv_open
                0x40213ef0                wifi_rfid_locp_recv_close
                0x40213f04                wifi_register_rfid_locp_recv_cb
                0x40213f18                wifi_unregister_rfid_locp_recv_cb
                0x40213f30                wifi_status_led_install
                0x40213f64                wifi_status_led_uninstall
                0x40213f88                wifi_set_status_led_output_level
                0x40213fdc                wifi_set_event_handler_cb
                0x40214024                system_os_task
                0x40214060                system_uart_swap
                0x402140c0                system_uart_de_swap
                0x402140f4                system_get_sdk_version
 *fill*         0x402140f9        0x3 
 .irom0.text    0x402140fc      0x610 c:/Espressif/ESP8266_SDK_151/lib\libmain.a(eagle_lib.o)
                                0x620 (size before relaxing)
                0x40214100                divide
                0x4021413c                skip_atoi
                0x402142bc                ets_vsnprintf
                0x4021461c                ets_vsprintf
                0x40214640                ets_sprintf
                0x40214668                ets_strcat
                0x40214688                ets_strrchr
                0x402146b4                ets_strchr
                0x402146cc                bit_popcount
                0x402146e8                ets_snprintf
 .irom0.text    0x4021470c      0x2f6 c:/Espressif/ESP8266_SDK_151/lib\libmain.a(eagle_lwip_if.o)
                                0x3b2 (size before relaxing)
                0x402147c4                eagle_lwip_if_alloc
                0x40214974                eagle_lwip_if_free
                0x402149e0                eagle_lwip_getif
 *fill*         0x40214a02        0x2 
 .irom0.text    0x40214a04      0x130 build/debug/app_app.a(user_main.o)
                                0x198 (size before relaxing)
                0x40214b0c                user_init
 .irom0.text    0x40214b34      0x4b9 build/debug/app_app.a(easygpio.o)
                                0x4f5 (size before relaxing)
                0x40214b34                easygpio_countBits
                0x40214b8c                easygpio_getGPIONameFunc
                0x40214cb8                easygpio_pullMode
                0x40214d0c                easygpio_pinMode
                0x40214e3c                easygpio_attachInterrupt
                0x40214f1c                easygpio_detachInterrupt
                0x40214f48                easygpio_outputDisable
                0x40214f88                easygpio_outputEnable
 *fill*         0x40214fed        0x3 
 .irom0.text    0x40214ff0       0xd9 build/debug/app_app.a(stdout.o)
                                 0xe1 (size before relaxing)
                0x40215050                stdout_init
 *fill*         0x402150c9        0x3 
 .irom0.text    0x402150cc       0x73 build/debug/app_app.a(hw_timer.o)
                                 0x7b (size before relaxing)
                0x402150dc                hw_timer_init
 *fill*         0x4021513f        0x1 
 .irom0.text    0x40215140       0xfa c:/Espressif/ESP8266_SDK_151/lib\libphy.a(phy.o)
                                0x11e (size before relaxing)
                0x40215144                rf_init
                0x40215160                bb_init
                0x40215178                phy_init
                0x402151a8                RFChannelSel
                0x402151c4                phy_delete_channel
                0x402151dc                phy_enable_agc
                0x402151f4                phy_disable_agc
                0x4021520c                phy_initialize_bb
                0x40215224                phy_set_sense
 *fill*         0x4021523a        0x2 
 .irom0.text    0x4021523c     0x16f7 c:/Espressif/ESP8266_SDK_151/lib\libphy.a(phy_chip_v6_ana.o)
                               0x18e3 (size before relaxing)
                0x40215240                ram_pbus_set_rxgain
                0x40215318                ram_pbus_debugmode
                0x402153cc                ram_pbus_xpd_tx_on
                0x40215438                set_rf_freq_offset
                0x402154ac                chip_v6_rxmax_ext_ana
                0x40215600                ram_chip_v6_rx_init
                0x40215634                tsen_meas
                0x402156e4                readvdd33
                0x402158b0                txpwr_offset
                0x4021596c                set_txcap_reg
                0x402159ec                ram_ana_inf_gating_en
                0x40215b4c                ram_restart_cal
                0x40215bb8                wait_rfpll_cal_end
                0x40215c50                ram_rfpll_set_freq
                0x40215d5c                ram_set_channel_freq
                0x4021605c                chip_60_set_channel
                0x402161ec                chip_v6_set_chan_offset
                0x40216228                chip_v6_set_chan
                0x402162bc                chip_v6_set_chan_wakeup
                0x40216340                chip_v6_rf_init
                0x40216564                low_power_set
                0x402165b4                test_tout
                0x4021672c                check_data_flag
                0x4021674c                phy_get_check_flag
                0x40216880                phy_get_vdd33
 *fill*         0x40216933        0x1 
 .irom0.text    0x40216934     0x3c33 c:/Espressif/ESP8266_SDK_151/lib\libphy.a(phy_chip_v6.o)
                               0x4293 (size before relaxing)
                0x40216934                ram_tx_mac_enable
                0x40216938                ram_tx_mac_disable
                0x4021693c                rtc_mem_backup
                0x4021696c                rtc_mem_recovery
                0x4021699c                set_cal_rxdc
                0x40216a50                set_rx_gain_cal_iq
                0x40216dac                gen_rx_gain_table
                0x40216f04                pbus_set_rxbbgain
                0x40216f84                set_rx_gain_testchip_50
                0x402172b8                ram_get_corr_power
                0x402173a8                check_data_func
                0x402173c8                do_noisefloor_lsleep_v50
                0x402173fc                do_noisefloor
                0x4021746c                start_dig_rx
                0x402174b0                stop_dig_rx
                0x402174dc                chip_v6_set_chanfreq
                0x40217508                tx_cap_init
                0x402176bc                target_power_add_backoff
                0x4021770c                tx_pwctrl_init_cal
                0x40217874                tx_atten_set_interp
                0x40217ae4                tx_pwctrl_init
                0x40217bd8                ram_get_noisefloor
                0x40217bf4                get_noisefloor_sat
                0x40217c24                ram_set_noise_floor
                0x40217c80                ram_start_noisefloor
                0x40217ccc                read_hw_noisefloor
                0x40217cf8                noise_check_loop
                0x40217e54                noise_init
                0x40218054                target_power_backoff
                0x402180a8                sdt_on_noise_start
                0x40218128                chip_v6_set_chan_rx_cmp
                0x402182b4                chip_v6_set_chan_misc
                0x40218348                phy_dig_spur_set
                0x402186a0                phy_dig_spur_prot
                0x402188d8                chip_v6_rxmax_ext_dig
                0x40218924                chip_v6_rxmax_ext
                0x402189d8                phy_bb_rx_cfg
                0x40218de0                uart_wait_idle
                0x40218e18                phy_pbus_soc_cfg
                0x40218ed8                phy_gpio_cfg
                0x40219220                tx_cont_en
                0x402192c4                tx_cont_dis
                0x40219318                tx_cont_cfg
                0x4021933c                chip_v6_initialize_bb
                0x402194a4                periodic_cal
                0x40219584                bbpll_cal
                0x4021961c                periodic_cal_top
                0x4021967c                register_chipv6_phy_init_param
                0x40219920                change_bbpll160_sleep
                0x40219a4c                change_bbpll160
                0x40219a84                set_crystal_uart
                0x40219b1c                ant_switch_init
                0x40219bc8                reduce_current_init
                0x40219c30                rtc_mem_check
                0x40219c6c                phy_afterwake_set_rfoption
                0x40219c8c                deep_sleep_set_option
                0x40219cb8                write_data_to_rtc
                0x40219cf0                get_data_from_rtc
                0x40219d78                register_chipv6_phy
                0x4021a188                set_dpd_bypass
                0x4021a1b0                set_rf_gain_stage10
                0x4021a1e0                get_vdd33_offset
                0x4021a254                get_phy_target_power
                0x4021a308                set_most_pwr_reg
                0x4021a3dc                phy_set_most_tpw
                0x4021a3fc                phy_vdd33_set_tpw
                0x4021a414                get_adc_rand
                0x4021a448                phy_get_rand
                0x4021a460                phy_tx_pwctrl_cali
                0x4021a488                phy_check_data_table
                0x4021a4c4                phy_after_init_enrx
                0x4021a528                phy_set_rx11b_reg
                0x4021a55c                phy_set_powerup_option
 *fill*         0x4021a567        0x1 
 .irom0.text    0x4021a568     0x21ac c:/Espressif/ESP8266_SDK_151/lib\libphy.a(phy_chip_v6_cal.o)
                               0x23ec (size before relaxing)
                0x4021a568                txbbgain2dcoindex
                0x4021a588                dcoindex2txbbgain
                0x4021a5ac                init_cal_dcoffset
                0x4021a670                set_rfanagain_dc_reg
                0x4021a70c                set_txdc_pbus
                0x4021a778                get_rf_gain_qdb
                0x4021a7a0                correct_rf_ana_gain
                0x4021a8a8                get_sar_dout
                0x4021a940                cal_rf_ana_gain
                0x4021aa18                meas_tone_pwr_db
                0x4021aa88                tx_pwr_backoff
                0x4021abd4                get_fcc_1m2m_pwr_offset
                0x4021ac10                ram_set_txbb_atten