Archive member included because of file (symbol)

c:/Espressif/ESP8266_SDK_210/lib\libmain.a(debug-vector.o)
                              (_DebugExceptionVector)
c:/Espressif/ESP8266_SDK_210/lib\libmain.a(double-vector.o)
                              (_DoubleExceptionVector)
c:/Espressif/ESP8266_SDK_210/lib\libmain.a(kernel-vector.o)
                              (_KernelExceptionVector)
c:/Espressif/ESP8266_SDK_210/lib\libmain.a(nmi-vector.o)
                              (_NMIExceptionVector)
c:/Espressif/ESP8266_SDK_210/lib\libmain.a(user-vector.o)
                              (_UserExceptionVector)
c:/Espressif/ESP8266_SDK_210/lib\libmain.a(vector.o)
                              (call_user_start)
c:/Espressif/ESP8266_SDK_210/lib\libmain.a(app_main.o)
                              c:/Espressif/ESP8266_SDK_210/lib\libmain.a(nmi-vector.o) (NMI_Handler)
c:/Espressif/ESP8266_SDK_210/lib\libmain.a(ets_timer.o)
                              c:/Espressif/ESP8266_SDK_210/lib\libmain.a(app_main.o) (ets_timer_setfn)
c:/Espressif/ESP8266_SDK_210/lib\libmain.a(mem_manager.o)
                              c:/Espressif/ESP8266_SDK_210/lib\libmain.a(app_main.o) (vPortFree)
c:/Espressif/ESP8266_SDK_210/lib\libmain.a(user_interface.o)
                              c:/Espressif/ESP8266_SDK_210/lib\libmain.a(app_main.o) (done_cb)
c:/Espressif/ESP8266_SDK_210/lib\libmain.a(spi_flash.o)
                              c:/Espressif/ESP8266_SDK_210/lib\libmain.a(user_interface.o) (spi_flash_erase_sector)
c:/Espressif/ESP8266_SDK_210/lib\libmain.a(eagle_lib.o)
                              c:/Espressif/ESP8266_SDK_210/lib\libmain.a(user_interface.o) (ets_sprintf)
c:/Espressif/ESP8266_SDK_210/lib\libmain.a(eagle_lwip_if.o)
                              c:/Espressif/ESP8266_SDK_210/lib\libmain.a(user_interface.o) (hostname)
build/debug/app_app.a(user_main.o)
                              c:/Espressif/ESP8266_SDK_210/lib\libmain.a(app_main.o) (user_rf_cal_sector_set)
build/debug/app_app.a(hw_timer.o)
                              build/debug/app_app.a(user_main.o) (hw_timer_set_func)
build/debug/app_app.a(easygpio.o)
                              build/debug/app_app.a(user_main.o) (easygpio_pinMode)
build/debug/app_app.a(stdout.o)
                              build/debug/app_app.a(user_main.o) (stdout_init)
c:/espressif/xtensa-lx106-elf/bin/../lib/gcc/xtensa-lx106-elf/5.1.0/../../../../xtensa-lx106-elf/lib\libhal.a(int_asm--set_intclear.o)
                              c:/Espressif/ESP8266_SDK_210/lib\libmain.a(app_main.o) (xthal_set_intclear)
c:/Espressif/ESP8266_SDK_210/lib\libphy.a(phy.o)
                              c:/Espressif/ESP8266_SDK_210/lib\libmain.a(app_main.o) (phy_enable_agc)
c:/Espressif/ESP8266_SDK_210/lib\libphy.a(phy_chip_v6_ana.o)
                              c:/Espressif/ESP8266_SDK_210/lib\libmain.a(app_main.o) (chip_v6_set_chan_offset)
c:/Espressif/ESP8266_SDK_210/lib\libphy.a(phy_chip_v6.o)
                              c:/Espressif/ESP8266_SDK_210/lib\libphy.a(phy_chip_v6_ana.o) (g_phyFuns)
c:/Espressif/ESP8266_SDK_210/lib\libphy.a(phy_chip_v6_cal.o)
                              c:/Espressif/ESP8266_SDK_210/lib\libphy.a(phy_chip_v6.o) (phy_tx_pwr_error)
c:/Espressif/ESP8266_SDK_210/lib\libphy.a(phy_chip_v6_unused.o)
                              c:/Espressif/ESP8266_SDK_210/lib\libphy.a(phy_chip_v6.o) (chip_v6_set_sense)
c:/Espressif/ESP8266_SDK_210/lib\libphy.a(phy_sleep.o)
                              c:/Espressif/ESP8266_SDK_210/lib\libmain.a(user_interface.o) (pm_usec2rtc_64)
c:/Espressif/ESP8266_SDK_210/lib\libpp.a(if_hwctrl.o)
                              c:/Espressif/ESP8266_SDK_210/lib\libmain.a(user_interface.o) (ic_set_vif)
c:/Espressif/ESP8266_SDK_210/lib\libpp.a(lmac.o)
                              c:/Espressif/ESP8266_SDK_210/lib\libmain.a(app_main.o) (lmacInit)
c:/Espressif/ESP8266_SDK_210/lib\libpp.a(pm.o)
                              c:/Espressif/ESP8266_SDK_210/lib\libmain.a(user_interface.o) (pm_set_gpio_wakeup_pin)
c:/Espressif/ESP8266_SDK_210/lib\libpp.a(pm_for_bcn_only_mode.o)
                              c:/Espressif/ESP8266_SDK_210/lib\libpp.a(pm.o) (fpm_is_open)
c:/Espressif/ESP8266_SDK_210/lib\libpp.a(pp.o)
                              c:/Espressif/ESP8266_SDK_210/lib\libpp.a(pm.o) (pend_flag_noise_check)
c:/Espressif/ESP8266_SDK_210/lib\libpp.a(rate_control.o)
                              c:/Espressif/ESP8266_SDK_210/lib\libpp.a(lmac.o) (RC_SetBasicRate)
c:/Espressif/ESP8266_SDK_210/lib\libpp.a(trc.o)
                              c:/Espressif/ESP8266_SDK_210/lib\libmain.a(user_interface.o) (rc_set_rate_limit_id)
c:/Espressif/ESP8266_SDK_210/lib\libpp.a(wdev.o)
                              c:/Espressif/ESP8266_SDK_210/lib\libpp.a(pp.o) (wDevCtrl)
c:/Espressif/ESP8266_SDK_210/lib\libpp.a(esf_buf.o)
                              c:/Espressif/ESP8266_SDK_210/lib\libpp.a(wdev.o) (esf_rx_buf_alloc)
[...]
Memory Configuration

Name             Origin             Length             Attributes
dport0_0_seg     0x3ff00000         0x00000010
dram0_0_seg      0x3ffe8000         0x00014000
iram1_0_seg      0x40100000         0x00008000
irom0_0_seg      0x40210000         0x0005c000
*default*        0x00000000         0xffffffff

Linker script and memory map

START GROUP
LOAD c:/Espressif/ESP8266_SDK_210/lib\libc.a
LOAD c:/Espressif/ESP8266_SDK_210/lib\libgcc.a
LOAD c:/espressif/xtensa-lx106-elf/bin/../lib/gcc/xtensa-lx106-elf/5.1.0/../../../../xtensa-lx106-elf/lib\libhal.a
LOAD c:/Espressif/ESP8266_SDK_210/lib\libphy.a
LOAD c:/Espressif/ESP8266_SDK_210/lib\libpp.a
LOAD c:/Espressif/ESP8266_SDK_210/lib\libnet80211.a
LOAD c:/Espressif/ESP8266_SDK_210/lib\liblwip.a
LOAD c:/Espressif/ESP8266_SDK_210/lib\libwpa.a
LOAD c:/Espressif/ESP8266_SDK_210/lib\libmain.a
LOAD c:/Espressif/ESP8266_SDK_210/lib\libupgrade.a
LOAD c:/Espressif/ESP8266_SDK_210/lib\libssl.a
LOAD c:/Espressif/ESP8266_SDK_210/lib\libsmartconfig.a
LOAD c:/Espressif/ESP8266_SDK_210/lib\libcrypto.a
LOAD build/debug/app_app.a
END GROUP
                0x40000000                PROVIDE (_memmap_vecbase_reset, 0x40000000)
                0x00000110                _memmap_cacheattr_wb_base = 0x110
                0x00000110                _memmap_cacheattr_wt_base = 0x110
                0x00000220                _memmap_cacheattr_bp_base = 0x220
                0xfffff00f                _memmap_cacheattr_unused_mask = 0xfffff00f
                0x2222211f                _memmap_cacheattr_wb_trapnull = 0x2222211f
                0x2222211f                _memmap_cacheattr_wba_trapnull = 0x2222211f
                0x2222211f                _memmap_cacheattr_wbna_trapnull = 0x2222211f
                0x2222211f                _memmap_cacheattr_wt_trapnull = 0x2222211f
                0x2222222f                _memmap_cacheattr_bp_trapnull = 0x2222222f
                0xfffff11f                _memmap_cacheattr_wb_strict = 0xfffff11f
                0xfffff11f                _memmap_cacheattr_wt_strict = 0xfffff11f
                0xfffff22f                _memmap_cacheattr_bp_strict = 0xfffff22f
                0x22222112                _memmap_cacheattr_wb_allvalid = 0x22222112
                0x22222112                _memmap_cacheattr_wt_allvalid = 0x22222112
                0x22222222                _memmap_cacheattr_bp_allvalid = 0x22222222
                0x2222211f                PROVIDE (_memmap_cacheattr_reset, _memmap_cacheattr_wb_trapnull)

.dport0.rodata  0x3ff00000        0x0
                0x3ff00000                _dport0_rodata_start = ABSOLUTE (.)
 *(.dport0.rodata)
 *(.dport.rodata)
                0x3ff00000                _dport0_rodata_end = ABSOLUTE (.)

.dport0.literal
                0x3ff00000        0x0
                0x3ff00000                _dport0_literal_start = ABSOLUTE (.)
 *(.dport0.literal)
 *(.dport.literal)
                0x3ff00000                _dport0_literal_end = ABSOLUTE (.)

.dport0.data    0x3ff00000        0x0
                0x3ff00000                _dport0_data_start = ABSOLUTE (.)
 *(.dport0.data)
 *(.dport.data)
                0x3ff00000                _dport0_data_end = ABSOLUTE (.)

.data           0x3ffe8000      0x374
                0x3ffe8000                _data_start = ABSOLUTE (.)
 *(.data)
 .data          0x3ffe8000        0x0 c:/Espressif/ESP8266_SDK_210/lib\libmain.a(debug-vector.o)
 .data          0x3ffe8000        0x0 c:/Espressif/ESP8266_SDK_210/lib\libmain.a(double-vector.o)
 .data          0x3ffe8000        0x0 c:/Espressif/ESP8266_SDK_210/lib\libmain.a(kernel-vector.o)
 .data          0x3ffe8000        0x4 c:/Espressif/ESP8266_SDK_210/lib\libmain.a(nmi-vector.o)
                0x3ffe8000                _Pri_3_HandlerAddress
 .data          0x3ffe8004        0x0 c:/Espressif/ESP8266_SDK_210/lib\libmain.a(user-vector.o)
 .data          0x3ffe8004        0x0 c:/Espressif/ESP8266_SDK_210/lib\libmain.a(vector.o)
 .data          0x3ffe8004        0x1 c:/Espressif/ESP8266_SDK_210/lib\libmain.a(app_main.o)
 .data          0x3ffe8005        0x0 c:/Espressif/ESP8266_SDK_210/lib\libmain.a(ets_timer.o)
 .data          0x3ffe8005        0x0 c:/Espressif/ESP8266_SDK_210/lib\libmain.a(mem_manager.o)
 *fill*         0x3ffe8005        0x3 
 .data          0x3ffe8008        0xd c:/Espressif/ESP8266_SDK_210/lib\libmain.a(user_interface.o)
                0x3ffe800c                bin_sum_len
                0x3ffe8010                timer2_ms_flag
                0x3ffe8011                dhcps_flag
                0x3ffe8012                dhcpc_flag
                0x3ffe8014                reconnect_internal
 .data          0x3ffe8015        0x0 c:/Espressif/ESP8266_SDK_210/lib\libmain.a(spi_flash.o)
 .data          0x3ffe8015        0x0 c:/Espressif/ESP8266_SDK_210/lib\libmain.a(eagle_lib.o)
 *fill*         0x3ffe8015        0x3 
 .data          0x3ffe8018        0x1 c:/Espressif/ESP8266_SDK_210/lib\libmain.a(eagle_lwip_if.o)
                0x3ffe8018                default_hostname
 *fill*         0x3ffe8019        0x3 
 .data          0x3ffe801c        0x4 build/debug/app_app.a(user_main.o)
                0x3ffe801c                version
 .data          0x3ffe8020        0x0 build/debug/app_app.a(hw_timer.o)
 .data          0x3ffe8020        0x0 build/debug/app_app.a(easygpio.o)
 .data          0x3ffe8020        0x0 build/debug/app_app.a(stdout.o)
 .data          0x3ffe8020        0x0 c:/espressif/xtensa-lx106-elf/bin/../lib/gcc/xtensa-lx106-elf/5.1.0/../../../../xtensa-lx106-elf/lib\libhal.a(int_asm--set_intclear.o)
 .data          0x3ffe8020        0x0 c:/Espressif/ESP8266_SDK_210/lib\libphy.a(phy.o)
 .data          0x3ffe8020        0x0 c:/Espressif/ESP8266_SDK_210/lib\libphy.a(phy_chip_v6_ana.o)
 .data          0x3ffe8020       0x53 c:/Espressif/ESP8266_SDK_210/lib\libphy.a(phy_chip_v6.o)
                0x3ffe8022                tx_rf_ana_gain
                0x3ffe8050                rx_gain_swp
                0x3ffe8070                test_rffreq_txcap
 *fill*         0x3ffe8073        0x1 
 .data          0x3ffe8074        0x1 c:/Espressif/ESP8266_SDK_210/lib\libphy.a(phy_chip_v6_cal.o)
                0x3ffe8074                rfcal_bb_atten_init
 .data          0x3ffe8075        0x0 c:/Espressif/ESP8266_SDK_210/lib\libphy.a(phy_chip_v6_unused.o)
 *fill*         0x3ffe8075        0x3 
 .data          0x3ffe8078        0x4 c:/Espressif/ESP8266_SDK_210/lib\libphy.a(phy_sleep.o)
                0x3ffe8078                chip_version
 .data          0x3ffe807c        0x0 c:/Espressif/ESP8266_SDK_210/lib\libpp.a(if_hwctrl.o)
 .data          0x3ffe807c        0x0 c:/Espressif/ESP8266_SDK_210/lib\libpp.a(lmac.o)
 .data          0x3ffe807c        0x1 c:/Espressif/ESP8266_SDK_210/lib\libpp.a(pm.o)
 *fill*         0x3ffe807d        0x3 
 .data          0x3ffe8080        0x1 c:/Espressif/ESP8266_SDK_210/lib\libpp.a(pm_for_bcn_only_mode.o)
 *fill*         0x3ffe8081        0x3 
 .data          0x3ffe8084       0x1c c:/Espressif/ESP8266_SDK_210/lib\libpp.a(pp.o)
                0x3ffe8084                soft_wdt_interval
                0x3ffe8088                NoiseTimerInterval
                0x3ffe8090                sleep_start_wait_time
                0x3ffe8098                CanDoFreqCal
                0x3ffe8099                test_freq_val_first
                0x3ffe809c                tcb
 .data          0x3ffe80a0       0x40 c:/Espressif/ESP8266_SDK_210/lib\libpp.a(rate_control.o)
 .data          0x3ffe80e0      0x24c c:/Espressif/ESP8266_SDK_210/lib\libpp.a(trc.o)
 .data          0x3ffe832c        0x8 c:/Espressif/ESP8266_SDK_210/lib\libpp.a(wdev.o)
 .data          0x3ffe8334        0x0 c:/Espressif/ESP8266_SDK_210/lib\libpp.a(esf_buf.o)
 .data          0x3ffe8334        0x0 c:/Espressif/ESP8266_SDK_210/lib\libnet80211.a(ieee80211.o)
 .data          0x3ffe8334        0x0 c:/Espressif/ESP8266_SDK_210/lib\libnet80211.a(ieee80211_crypto.o)
 .data          0x3ffe8334        0x0 c:/Espressif/ESP8266_SDK_210/lib\libnet80211.a(ieee80211_ets.o)
 .data          0x3ffe8334        0x1 c:/Espressif/ESP8266_SDK_210/lib\libnet80211.a(ieee80211_hostap.o)
                0x3ffe8334                TmpSTAAPCloseAP
 .data          0x3ffe8335        0x0 c:/Espressif/ESP8266_SDK_210/lib\libnet80211.a(ieee80211_ht.o)
 .data          0x3ffe8335        0x0 c:/Espressif/ESP8266_SDK_210/lib\libnet80211.a(ieee80211_input.o)
 .data          0x3ffe8335        0x0 c:/Espressif/ESP8266_SDK_210/lib\libnet80211.a(ieee80211_mesh_quick.o)
 .data          0x3ffe8335        0x0 c:/Espressif/ESP8266_SDK_210/lib\libnet80211.a(ieee80211_output.o)
 .data          0x3ffe8335        0x0 c:/Espressif/ESP8266_SDK_210/lib\libnet80211.a(ieee80211_phy.o)
 .data          0x3ffe8335        0x0 c:/Espressif/ESP8266_SDK_210/lib\libnet80211.a(ieee80211_power.o)
 .data          0x3ffe8335        0x0 c:/Espressif/ESP8266_SDK_210/lib\libnet80211.a(ieee80211_proto.o)
 .data          0x3ffe8335        0x0 c:/Espressif/ESP8266_SDK_210/lib\libnet80211.a(ieee80211_regdomain.o)
 .data          0x3ffe8335        0x0 c:/Espressif/ESP8266_SDK_210/lib\libnet80211.a(ieee80211_rfid.o)
 *fill*         0x3ffe8335        0x3 
 .data          0x3ffe8338        0x1 c:/Espressif/ESP8266_SDK_210/lib\libnet80211.a(ieee80211_scan.o)
                0x3ffe8338                TestStaFreqCalValOK
 .data          0x3ffe8339        0x0 c:/Espressif/ESP8266_SDK_210/lib\libnet80211.a(ieee80211_sta.o)
 .data          0x3ffe8339        0x0 c:/Espressif/ESP8266_SDK_210/lib\libnet80211.a(wl_chm.o)
 *fill*         0x3ffe8339        0x3 
 .data          0x3ffe833c        0x1 c:/Espressif/ESP8266_SDK_210/lib\libnet80211.a(wl_cnx.o)
 *fill*         0x3ffe833d        0x3 
 .data          0x3ffe8340       0x1c c:/Espressif/ESP8266_SDK_210/lib\libnet80211.a(ieee80211_action.o)
 .data          0x3ffe835c        0x0 c:/Espressif/ESP8266_SDK_210/lib\libnet80211.a(ieee80211_action_vendor.o)
 .data          0x3ffe835c        0x0 c:/Espressif/ESP8266_SDK_210/lib\libnet80211.a(ieee80211_crypto_ccmp.o)
 .data          0x3ffe835c        0x0 c:/Espressif/ESP8266_SDK_210/lib\libnet80211.a(ieee80211_ie_vendor.o)
 .data          0x3ffe835c        0x4 c:/Espressif/ESP8266_SDK_210/lib\liblwip.a(dhcp.o)
 .data          0x3ffe8360        0x5 c:/Espressif/ESP8266_SDK_210/lib\liblwip.a(dhcpserver.o)
                0x3ffe8360                dhcps_lease_time
 .data          0x3ffe8365        0x0 c:/Espressif/ESP8266_SDK_210/lib\liblwip.a(dns.o)
 .data          0x3ffe8365        0x0 c:/Espressif/ESP8266_SDK_210/lib\liblwip.a(espconn_tcp.o)
 .data          0x3ffe8365        0x0 c:/Espressif/ESP8266_SDK_210/lib\liblwip.a(etharp.o)
 .data          0x3ffe8365        0x0 c:/Espressif/ESP8266_SDK_210/lib\liblwip.a(init.o)
 .data          0x3ffe8365        0x0 c:/Espressif/ESP8266_SDK_210/lib\liblwip.a(ip_addr.o)
 .data          0x3ffe8365        0x0 c:/Espressif/ESP8266_SDK_210/lib\liblwip.a(ip.o)
 *fill*         0x3ffe8365        0x3 
 .data          0x3ffe8368        0x2 c:/Espressif/ESP8266_SDK_210/lib\liblwip.a(memp.o)
                0x3ffe8368                memp_sizes_test
 .data          0x3ffe836a        0x0 c:/Espressif/ESP8266_SDK_210/lib\liblwip.a(netif.o)
 .data          0x3ffe836a        0x0 c:/Espressif/ESP8266_SDK_210/lib\liblwip.a(pbuf.o)
 .data          0x3ffe836a        0x0 c:/Espressif/ESP8266_SDK_210/lib\liblwip.a(raw.o)
 .data          0x3ffe836a        0x0 c:/Espressif/ESP8266_SDK_210/lib\liblwip.a(tcp_in.o)
 *fill*         0x3ffe836a        0x2 
 .data          0x3ffe836c        0x8 c:/Espressif/ESP8266_SDK_210/lib\liblwip.a(tcp.o)
 .data          0x3ffe8374        0x0 c:/Espressif/ESP8266_SDK_210/lib\liblwip.a(tcp_out.o)
 .data          0x3ffe8374        0x0 c:/Espressif/ESP8266_SDK_210/lib\liblwip.a(timers.o)
 .data          0x3ffe8374        0x0 c:/Espressif/ESP8266_SDK_210/lib\liblwip.a(udp.o)
 .data          0x3ffe8374        0x0 c:/Espressif/ESP8266_SDK_210/lib\liblwip.a(espconn_buf.o)
 .data          0x3ffe8374        0x0 c:/Espressif/ESP8266_SDK_210/lib\liblwip.a(espconn.o)
 .data          0x3ffe8374        0x0 c:/Espressif/ESP8266_SDK_210/lib\liblwip.a(espconn_udp.o)
 .data          0x3ffe8374        0x0 c:/Espressif/ESP8266_SDK_210/lib\liblwip.a(icmp.o)
 .data          0x3ffe8374        0x0 c:/Espressif/ESP8266_SDK_210/lib\liblwip.a(igmp.o)
 .data          0x3ffe8374        0x0 c:/Espressif/ESP8266_SDK_210/lib\liblwip.a(inet_chksum.o)
 .data          0x3ffe8374        0x0 c:/Espressif/ESP8266_SDK_210/lib\libwpa.a(ap_config.o)
 .data          0x3ffe8374        0x0 c:/Espressif/ESP8266_SDK_210/lib\libwpa.a(common.o)
 .data          0x3ffe8374        0x0 c:/Espressif/ESP8266_SDK_210/lib\libwpa.a(os_xtensa.o)
 .data          0x3ffe8374        0x0 c:/Espressif/ESP8266_SDK_210/lib\libwpa.a(wpa_auth.o)
 .data          0x3ffe8374        0x0 c:/Espressif/ESP8266_SDK_210/lib\libwpa.a(wpa_auth_ie.o)
 .data          0x3ffe8374        0x0 c:/Espressif/ESP8266_SDK_210/lib\libwpa.a(wpa.o)
 .data          0x3ffe8374        0x0 c:/Espressif/ESP8266_SDK_210/lib\libwpa.a(wpa_common.o)
 .data          0x3ffe8374        0x0 c:/Espressif/ESP8266_SDK_210/lib\libwpa.a(wpa_debug.o)
 .data          0x3ffe8374        0x0 c:/Espressif/ESP8266_SDK_210/lib\libwpa.a(wpa_ie.o)
 .data          0x3ffe8374        0x0 c:/Espressif/ESP8266_SDK_210/lib\libwpa.a(wpa_main.o)
 .data          0x3ffe8374        0x0 c:/Espressif/ESP8266_SDK_210/lib\libwpa.a(wpas_glue.o)
 .data          0x3ffe8374        0x0 c:/Espressif/ESP8266_SDK_210/lib\libcrypto.a(aes-wrap.o)
 .data          0x3ffe8374        0x0 c:/Espressif/ESP8266_SDK_210/lib\libcrypto.a(aes-internal-enc.o)
 .data          0x3ffe8374        0x0 c:/Espressif/ESP8266_SDK_210/lib\libcrypto.a(aes-internal.o)
 .data          0x3ffe8374        0x0 c:/Espressif/ESP8266_SDK_210/lib\libc.a(lib_a-memchr.o)
 .data          0x3ffe8374        0x0 c:/Espressif/ESP8266_SDK_210/lib\libgcc.a(_modsi3.o)
 .data          0x3ffe8374        0x0 c:/Espressif/ESP8266_SDK_210/lib\libgcc.a(_ashrdi3.o)
 .data          0x3ffe8374        0x0 c:/Espressif/ESP8266_SDK_210/lib\libgcc.a(_divsf3.o)
 .data          0x3ffe8374        0x0 c:/Espressif/ESP8266_SDK_210/lib\libgcc.a(_fixsfsi.o)
 .data          0x3ffe8374        0x0 c:/Espressif/ESP8266_SDK_210/lib\libnet80211.a(ieee80211_crypto_tkip.o)
 .data          0x3ffe8374        0x0 c:/Espressif/ESP8266_SDK_210/lib\libnet80211.a(ieee80211_crypto_wep.o)
 *(.data.*)
 *(.gnu.linkonce.d.*)
 *(.data1)
 *(.sdata)
 *(.sdata.*)
 *(.gnu.linkonce.s.*)
 *(.sdata2)
 *(.sdata2.*)
 *(.gnu.linkonce.s2.*)
 *(.jcr)
                0x3ffe8374                _data_end = ABSOLUTE (.)

.rodata         0x3ffe8380      0x2bc
                0x3ffe8380                _rodata_start = ABSOLUTE (.)
 *(.sdk.version)
 .sdk.version   0x3ffe8380        0xf c:/Espressif/ESP8266_SDK_210/lib\libmain.a(app_main.o)
                0x3ffe8380                SDK_VERSION
 *(.rodata)
 *fill*         0x3ffe838f        0x1 
 .rodata        0x3ffe8390       0x1c build/debug/app_app.a(user_main.o)
 .rodata        0x3ffe83ac       0x40 build/debug/app_app.a(easygpio.o)
 .rodata        0x3ffe83ec        0x8 c:/Espressif/ESP8266_SDK_210/lib\libphy.a(phy_chip_v6_ana.o)
 .rodata        0x3ffe83f4        0x8 c:/Espressif/ESP8266_SDK_210/lib\libphy.a(phy_chip_v6.o)
 .rodata        0x3ffe83fc        0x8 c:/Espressif/ESP8266_SDK_210/lib\libpp.a(pp.o)
 .rodata        0x3ffe8404        0x8 c:/Espressif/ESP8266_SDK_210/lib\libnet80211.a(ieee80211_hostap.o)
 .rodata        0x3ffe840c        0x9 c:/Espressif/ESP8266_SDK_210/lib\libnet80211.a(ieee80211_output.o)
 *fill*         0x3ffe8415        0x3 
 .rodata        0x3ffe8418        0x6 c:/Espressif/ESP8266_SDK_210/lib\liblwip.a(etharp.o)
                0x3ffe8418                ethbroadcast
 *fill*         0x3ffe841e        0x2 
 .rodata        0x3ffe8420       0x74 c:/Espressif/ESP8266_SDK_210/lib\liblwip.a(espconn_buf.o)
 *(.rodata.*)
 .rodata.str1.4
                0x3ffe8494        0xc c:/Espressif/ESP8266_SDK_210/lib\libmain.a(app_main.o)
 .rodata.str1.4
                0x3ffe84a0        0x4 c:/Espressif/ESP8266_SDK_210/lib\libmain.a(ets_timer.o)
                                  0xc (size before relaxing)
 .rodata.str1.4
                0x3ffe84a4       0x1a c:/Espressif/ESP8266_SDK_210/lib\libmain.a(mem_manager.o)
 *fill*         0x3ffe84be        0x2 
 .rodata.str1.4
                0x3ffe84c0       0x68 build/debug/app_app.a(user_main.o)
 .rodata.str1.4
                0x3ffe8528       0xd8 build/debug/app_app.a(easygpio.o)
 .rodata.str1.4
                0x3ffe8600        0x4 c:/Espressif/ESP8266_SDK_210/lib\libpp.a(lmac.o)
                                  0xc (size before relaxing)
 .rodata.str1.4
                0x3ffe8604        0x3 c:/Espressif/ESP8266_SDK_210/lib\libpp.a(pm.o)
                                  0xb (size before relaxing)
 *fill*         0x3ffe8607        0x1 
 .rodata.str1.4
                0x3ffe8608        0x4 c:/Espressif/ESP8266_SDK_210/lib\libpp.a(pm_for_bcn_only_mode.o)
                                  0xc (size before relaxing)
 .rodata.str1.4
                0x3ffe860c        0x8 c:/Espressif/ESP8266_SDK_210/lib\libpp.a(pp.o)
                                 0x10 (size before relaxing)
 .rodata.str1.4
                0x3ffe8614        0x4 c:/Espressif/ESP8266_SDK_210/lib\libpp.a(wdev.o)
                                  0xc (size before relaxing)
 .rodata.str1.4
                0x3ffe8618        0x3 c:/Espressif/ESP8266_SDK_210/lib\libnet80211.a(ieee80211_hostap.o)
                                  0x8 (size before relaxing)
 *fill*         0x3ffe861b        0x1 
 .rodata.str1.4
                0x3ffe861c        0x7 c:/Espressif/ESP8266_SDK_210/lib\libnet80211.a(ieee80211_mesh_quick.o)
 .rodata.str1.4
                0x00000000        0x4 c:/Espressif/ESP8266_SDK_210/lib\libnet80211.a(ieee80211_sta.o)
 .rodata.str1.4
                0x00000000        0x4 c:/Espressif/ESP8266_SDK_210/lib\libnet80211.a(ieee80211_action_vendor.o)
 .rodata.str1.4
                0x00000000        0x4 c:/Espressif/ESP8266_SDK_210/lib\libnet80211.a(ieee80211_ie_vendor.o)
 .rodata.str1.4
                0x00000000        0x7 c:/Espressif/ESP8266_SDK_210/lib\liblwip.a(espconn_tcp.o)
                                  0x1 (size before relaxing)
 *fill*         0x3ffe8623        0x1 
 .rodata.str1.4
                0x3ffe8624       0x10 c:/Espressif/ESP8266_SDK_210/lib\libwpa.a(wpa_debug.o)
                                  0xd (size before relaxing)
 *(.gnu.linkonce.r.*)
 *(.rodata1)
                0x3ffe8634                __XT_EXCEPTION_TABLE__ = ABSOLUTE (.)
 *(.xt_except_table)
 *(.gcc_except_table)
 *(.gnu.linkonce.e.*)
 *(.gnu.version_r)
 *(.eh_frame)
 *crtbegin.o(.ctors)
 *(EXCLUDE_FILE(*crtend.o) .ctors)
 *(SORT(.ctors.*))
 *(.ctors)
 *crtbegin.o(.dtors)
 *(EXCLUDE_FILE(*crtend.o) .dtors)
 *(SORT(.dtors.*))
 *(.dtors)
                0x3ffe8634                __XT_EXCEPTION_DESCS__ = ABSOLUTE (.)
 *(.xt_except_desc)
 *(.gnu.linkonce.h.*)
                0x3ffe8634                __XT_EXCEPTION_DESCS_END__ = ABSOLUTE (.)
 *(.xt_except_desc_end)
 *(.dynamic)
 *(.gnu.version_d)
                0x3ffe8634                . = ALIGN (0x4)
                0x3ffe8634                _bss_table_start = ABSOLUTE (.)
                0x3ffe8634        0x4 LONG 0x3ffe8640 _bss_start
                0x3ffe8638        0x4 LONG 0x3ffee958 _bss_end
                0x3ffe863c                _bss_table_end = ABSOLUTE (.)
                0x3ffe863c                _rodata_end = ABSOLUTE (.)

.bss            0x3ffe8640     0x6318
                0x3ffe8640                . = ALIGN (0x8)
                0x3ffe8640                _bss_start = ABSOLUTE (.)
 *(.dynsbss)
 *(.sbss)
 *(.sbss.*)
 *(.gnu.linkonce.sb.*)
 *(.scommon)
 *(.sbss2)
 *(.sbss2.*)
 *(.gnu.linkonce.sb2.*)
 *(.dynbss)
 *(.bss)
 .bss           0x3ffe8640        0x0 c:/Espressif/ESP8266_SDK_210/lib\libmain.a(debug-vector.o)
 .bss           0x3ffe8640        0x0 c:/Espressif/ESP8266_SDK_210/lib\libmain.a(double-vector.o)
 .bss           0x3ffe8640        0x0 c:/Espressif/ESP8266_SDK_210/lib\libmain.a(kernel-vector.o)
 .bss           0x3ffe8640      0x1c0 c:/Espressif/ESP8266_SDK_210/lib\libmain.a(nmi-vector.o)
 .bss           0x3ffe8800        0x0 c:/Espressif/ESP8266_SDK_210/lib\libmain.a(user-vector.o)
 .bss           0x3ffe8800        0x0 c:/Espressif/ESP8266_SDK_210/lib\libmain.a(vector.o)
 .bss           0x3ffe8800       0x45 c:/Espressif/ESP8266_SDK_210/lib\libmain.a(app_main.o)
                0x3ffe8804                info
                0x3ffe8828                freq_trace_enable
                0x3ffe882a                lwip_timer_interval
                0x3ffe882c                check_timeouts_timer
                0x3ffe8840                rf_cal_sec
                0x3ffe8844                user_init_flag
 *fill*         0x3ffe8845        0xb 
 .bss           0x3ffe8850       0x30 c:/Espressif/ESP8266_SDK_210/lib\libmain.a(ets_timer.o)
                0x3ffe8850                dbg_timer_flag
                0x3ffe8854                timer_list
                0x3ffe8858                debug_timer
                0x3ffe885c                debug_timerfn
 .bss           0x3ffe8880       0x3c c:/Espressif/ESP8266_SDK_210/lib\libmain.a(mem_manager.o)
 *fill*         0x3ffe88bc        0x4 
 .bss           0x3ffe88c0      0x252 c:/Espressif/ESP8266_SDK_210/lib\libmain.a(user_interface.o)
                0x3ffe89b6                protect_flag
                0x3ffe89c0                deep_sleep_flag
                0x3ffe89c1                cpu_overclock
                0x3ffe89c4                event_cb
                0x3ffe89c8                status_led_output_level
                0x3ffe89cc                done_cb
                0x3ffe89d0                rst_if
                0x3ffe89ec                default_interface
                0x3ffe89ed                OpmodChgIsOnGoing
                0x3ffe89f0                promiscuous_cb
                0x3ffe8a10                event_TaskQueue
 *fill*         0x3ffe8b12        0x2 
 .bss           0x3ffe8b14        0x4 c:/Espressif/ESP8266_SDK_210/lib\libmain.a(spi_flash.o)
                0x3ffe8b14                flash_read
 .bss           0x3ffe8b18        0x0 c:/Espressif/ESP8266_SDK_210/lib\libmain.a(eagle_lib.o)
 .bss           0x3ffe8b18        0xc c:/Espressif/ESP8266_SDK_210/lib\libmain.a(eagle_lwip_if.o)
                0x3ffe8b18                hostname
 .bss           0x3ffe8b24       0x2c build/debug/app_app.a(user_main.o)
                0x3ffe8b24                wordBitCount
 .bss           0x3ffe8b50        0x4 build/debug/app_app.a(hw_timer.o)
 .bss           0x3ffe8b54        0x0 build/debug/app_app.a(easygpio.o)
 .bss           0x3ffe8b54        0x0 build/debug/app_app.a(stdout.o)
 .bss           0x3ffe8b54        0x0 c:/espressif/xtensa-lx106-elf/bin/../lib/gcc/xtensa-lx106-elf/5.1.0/../../../../xtensa-lx106-elf/lib\libhal.a(int_asm--set_intclear.o)
 .bss           0x3ffe8b54        0x4 c:/Espressif/ESP8266_SDK_210/lib\libphy.a(phy.o)
 .bss           0x3ffe8b58        0x2 c:/Espressif/ESP8266_SDK_210/lib\libphy.a(phy_chip_v6_ana.o)
                0x3ffe8b58                tout_dis_txpwr_track
                0x3ffe8b59                sleep_mode_flag
 *fill*         0x3ffe8b5a        0x6 
 .bss           0x3ffe8b60      0x153 c:/Espressif/ESP8266_SDK_210/lib\libphy.a(phy_chip_v6.o)
                0x3ffe8b60                g_phyFuns
                0x3ffe8b64                rxiq_compute_num
                0x3ffe8b68                rx_table_renew_en
                0x3ffe8b6c                check_result
                0x3ffe8b70                chip6_sleep_params
                0x3ffe8c04                chip6_phy_init_ctrl
                0x3ffe8c78                phy_freq_offset
                0x3ffe8c7a                do_pwctrl_flag
                0x3ffe8c7b                txbk_dpdby_flag
                0x3ffe8c7d                sw_scan_mode
                0x3ffe8c7e                rxmax_ext_level
                0x3ffe8c80                phy_rx_gain_dc_table
                0x3ffe8c84                tx_data1
                0x3ffe8c88                tx_data2
                0x3ffe8c8c                tx_data3
                0x3ffe8c90                tx_data4
                0x3ffe8c94                periodic_cal_flag
                0x3ffe8c95                bbpll_cal_flag
                0x3ffe8c96                phy_in_most_power
                0x3ffe8c97                init_rf_no_cal
                0x3ffe8c98                test_print_time
                0x3ffe8c9c                phy_in_vdd33_offset
                0x3ffe8c9d                phy_set_most_tpw_disbg
                0x3ffe8c9e                phy_set_most_tpw_index
                0x3ffe8ca0                adc_rand_noise
                0x3ffe8ca4                phy_rx_gain_dc_flag
                0x3ffe8ca5                dpd_bypass_original
                0x3ffe8ca6                phy_txpwr_diff_flash
                0x3ffe8ca8                noise_array
 *fill*         0x3ffe8cb3        0x1 
 .bss           0x3ffe8cb4        0x9 c:/Espressif/ESP8266_SDK_210/lib\libphy.a(phy_chip_v6_cal.o)
                0x3ffe8cb4                phy_tx_power_out
                0x3ffe8cb6                phy_tx_pwr_error
                0x3ffe8cb8                tx_pwctrl_track_num
                0x3ffe8cb9                rxiq_cover_fail_num
                0x3ffe8cba                phy_meas_freq_offset
                0x3ffe8cbc                tx_pwctrl_pk_num
 .bss           0x3ffe8cbd        0x0 c:/Espressif/ESP8266_SDK_210/lib\libphy.a(phy_chip_v6_unused.o)
 *fill*         0x3ffe8cbd        0x3 
 .bss           0x3ffe8cc0        0x7 c:/Espressif/ESP8266_SDK_210/lib\libphy.a(phy_sleep.o)
                0x3ffe8cc0                periodic_cal_sat
                0x3ffe8cc2                lslp_mem_opt_8266
                0x3ffe8cc4                software_slp_reject
                0x3ffe8cc5                SDIO_slp_reject
                0x3ffe8cc6                hardware_reject
 *fill*         0x3ffe8cc7        0x9 
 .bss           0x3ffe8cd0       0x40 c:/Espressif/ESP8266_SDK_210/lib\libpp.a(if_hwctrl.o)
                0x3ffe8cd0                interface_mask
                0x3ffe8cf0                if_ctrl
 .bss           0x3ffe8d10      0x150 c:/Espressif/ESP8266_SDK_210/lib\libpp.a(lmac.o)
                0x3ffe8d14                lmacConfMib
                0x3ffe8d38                our_tx_eb
 .bss           0x3ffe8e60      0x12a c:/Espressif/ESP8266_SDK_210/lib\libpp.a(pm.o)
                0x3ffe8e60                pmc
 *fill*         0x3ffe8f8a        0x2 
 .bss           0x3ffe8f8c       0x38 c:/Espressif/ESP8266_SDK_210/lib\libpp.a(pm_for_bcn_only_mode.o)
 *fill*         0x3ffe8fc4        0xc 
 .bss           0x3ffe8fd0      0x342 c:/Espressif/ESP8266_SDK_210/lib\libpp.a(pp.o)
                0x3ffe8fe8                pend_flag_noise_check
                0x3ffe8ff0                pend_flag_periodic_cal
                0x3ffe9008                idle_timer_reopen_flag
                0x3ffe900a                dbg_stop_sw_wdt
                0x3ffe900b                dbg_stop_hw_wdt
                0x3ffe900d                total_buffed_eb_num
                0x3ffe9010                freq_change_sta_scan
                0x3ffe9024                test_freq_val_force_flag
                0x3ffe9026                TestStaFreqCalValFilter
                0x3ffe9028                PktsNumInOneChk
                0x3ffe902c                AllFreqOffsetInOneChk
                0x3ffe9030                AvgFreqOffsetInOneChk
                0x3ffe9032                HighestFreqOffsetInOneChk
                0x3ffe9034                LowestFreqOffsetInOneChk
                0x3ffe9036                pktnum_sta_freqcal
                0x3ffe9038                all_freqoffset_sta_freqcal
                0x3ffe903a                avg_freqoffset_sta_freqcal
                0x3ffe903c                DefFreqCalTimer
                0x3ffe9050                PktNumInOneChk
                0x3ffe91d0                buffed_eb_arr
 *fill*         0x3ffe9312        0xe 
 .bss           0x3ffe9320      0x100 c:/Espressif/ESP8266_SDK_210/lib\libpp.a(rate_control.o)
 .bss           0x3ffe9420      0x46c c:/Espressif/ESP8266_SDK_210/lib\libpp.a(trc.o)
 *fill*         0x3ffe988c        0x4 
 .bss           0x3ffe9890     0x2f88 c:/Espressif/ESP8266_SDK_210/lib\libpp.a(wdev.o)
                0x3ffe9890                wDevCtrl
                0x3ffe9a38                WdevTimOffSet
 *fill*         0x3ffec818        0x8 
 .bss           0x3ffec820      0xaa4 c:/Espressif/ESP8266_SDK_210/lib\libpp.a(esf_buf.o)
 .bss           0x3ffed2c4      0x6b0 c:/Espressif/ESP8266_SDK_210/lib\libnet80211.a(ieee80211.o)
                0x3ffed2c4                g_ic
 .bss           0x3ffed974        0x0 c:/Espressif/ESP8266_SDK_210/lib\libnet80211.a(ieee80211_crypto.o)
 .bss           0x3ffed974        0x0 c:/Espressif/ESP8266_SDK_210/lib\libnet80211.a(ieee80211_ets.o)
 *fill*         0x3ffed974        0x4 
 .bss           0x3ffed978       0x55 c:/Espressif/ESP8266_SDK_210/lib\libnet80211.a(ieee80211_hostap.o)
                0x3ffed978                BcnEb_update
                0x3ffed985                BcnWithMcastSendStart
                0x3ffed986                BcnWithMcastSendCnt
                0x3ffed9a0                PendFreeBcnEb
                0x3ffed9a2                ap_freq_force_to_scan
                0x3ffed9a4                ApFreqCalTimer
                0x3ffed9b8                APRecvBcnStartTick
 .bss           0x3ffed9cd        0x0 c:/Espressif/ESP8266_SDK_210/lib\libnet80211.a(ieee80211_ht.o)
 .bss           0x3ffed9cd        0x0 c:/Espressif/ESP8266_SDK_210/lib\libnet80211.a(ieee80211_input.o)
 .bss           0x3ffed9cd        0x0 c:/Espressif/ESP8266_SDK_210/lib\libnet80211.a(ieee80211_mesh_quick.o)
 .bss           0x3ffed9cd        0x0 c:/Espressif/ESP8266_SDK_210/lib\libnet80211.a(ieee80211_output.o)
 .bss           0x3ffed9cd        0x0 c:/Espressif/ESP8266_SDK_210/lib\libnet80211.a(ieee80211_phy.o)
 .bss           0x3ffed9cd        0x0 c:/Espressif/ESP8266_SDK_210/lib\libnet80211.a(ieee80211_power.o)
 .bss           0x3ffed9cd        0x0 c:/Espressif/ESP8266_SDK_210/lib\libnet80211.a(ieee80211_proto.o)
 .bss           0x3ffed9cd        0x0 c:/Espressif/ESP8266_SDK_210/lib\libnet80211.a(ieee80211_regdomain.o)
 .bss           0x3ffed9cd        0x0 c:/Espressif/ESP8266_SDK_210/lib\libnet80211.a(ieee80211_rfid.o)
 *fill*         0x3ffed9cd        0x3 
 .bss           0x3ffed9d0       0xcc c:/Espressif/ESP8266_SDK_210/lib\libnet80211.a(ieee80211_scan.o)
                0x3ffed9d0                gScanStruct
                0x3ffeda7c                freq_change_check_softap_link_enable
                0x3ffeda7d                FreqCalCntForScan
                0x3ffeda7e                TestStaFreqCalValInput
                0x3ffeda80                TestStaFreqCalValDev
                0x3ffeda82                connect_scan_flag
                0x3ffeda83                auth_type
                0x3ffeda84                scannum
 *fill*         0x3ffeda9c        0x4 
 .bss           0x3ffedaa0       0x28 c:/Espressif/ESP8266_SDK_210/lib\libnet80211.a(ieee80211_sta.o)
 .bss           0x3ffedac8       0x3c c:/Espressif/ESP8266_SDK_210/lib\libnet80211.a(wl_chm.o)
 *fill*         0x3ffedb04        0x4 
 .bss           0x3ffedb08      0x394 c:/Espressif/ESP8266_SDK_210/lib\libnet80211.a(wl_cnx.o)
                0x3ffede68                sta_con_timer
                0x3ffede7c                backup_ni_connect_status
                0x3ffede80                g_cnx_probe_rc_list_cb
                0x3ffede84                reconnect_flag
                0x3ffede85                no_ap_found_index
 .bss           0x3ffede9c        0x0 c:/Espressif/ESP8266_SDK_210/lib\libnet80211.a(ieee80211_action.o)
 *fill*         0x3ffede9c        0x4 
 .bss           0x3ffedea0       0x18 c:/Espressif/ESP8266_SDK_210/lib\libnet80211.a(ieee80211_action_vendor.o)
 .bss           0x3ffedeb8        0x0 c:/Espressif/ESP8266_SDK_210/lib\libnet80211.a(ieee80211_crypto_ccmp.o)
 .bss           0x3ffedeb8        0x0 c:/Espressif/ESP8266_SDK_210/lib\libnet80211.a(ieee80211_ie_vendor.o)
 *fill*         0x3ffedeb8        0x8 
 .bss           0x3ffedec0       0x48 c:/Espressif/ESP8266_SDK_210/lib\liblwip.a(dhcp.o)
                0x3ffedec0                manual_set_flag
                0x3ffeded0                dhcp_rx_options_given
                0x3ffedee0                dhcp_rx_options_val
 .bss           0x3ffedf08       0x24 c:/Espressif/ESP8266_SDK_210/lib\liblwip.a(dhcpserver.o)
 *fill*         0x3ffedf2c        0x4 
 .bss           0x3ffedf30      0x480 c:/Espressif/ESP8266_SDK_210/lib\liblwip.a(dns.o)
 .bss           0x3ffee3b0       0x78 c:/Espressif/ESP8266_SDK_210/lib\liblwip.a(espconn_tcp.o)
                0x3ffee3b0                espconn_TaskQueue
 *fill*         0x3ffee428        0x8 
 .bss           0x3ffee430      0x100 c:/Espressif/ESP8266_SDK_210/lib\liblwip.a(etharp.o)
                0x3ffee434                ethzero
 .bss           0x3ffee530        0x0 c:/Espressif/ESP8266_SDK_210/lib\liblwip.a(init.o)
 .bss           0x3ffee530       0x10 c:/Espressif/ESP8266_SDK_210/lib\liblwip.a(ip_addr.o)
 .bss           0x3ffee540       0x12 c:/Espressif/ESP8266_SDK_210/lib\liblwip.a(ip.o)
                0x3ffee540                current_iphdr_dest
                0x3ffee544                current_iphdr_src
                0x3ffee548                current_netif
                0x3ffee54c                current_header
 .bss           0x3ffee552        0x0 c:/Espressif/ESP8266_SDK_210/lib\liblwip.a(memp.o)
 *fill*         0x3ffee552        0x2 
 .bss           0x3ffee554        0x9 c:/Espressif/ESP8266_SDK_210/lib\liblwip.a(netif.o)
                0x3ffee554                netif_list
                0x3ffee558                netif_default
 .bss           0x3ffee55d        0x0 c:/Espressif/ESP8266_SDK_210/lib\liblwip.a(pbuf.o)
 *fill*         0x3ffee55d        0x3 
 .bss           0x3ffee560        0x4 c:/Espressif/ESP8266_SDK_210/lib\liblwip.a(raw.o)
 .bss           0x3ffee564       0x34 c:/Espressif/ESP8266_SDK_210/lib\liblwip.a(tcp_in.o)
                0x3ffee594                tcp_input_pcb
 .bss           0x3ffee598       0x1c c:/Espressif/ESP8266_SDK_210/lib\liblwip.a(tcp.o)
                0x3ffee59c                tcp_active_pcbs
                0x3ffee5a0                tcp_tmp_pcb
                0x3ffee5a4                tcp_tw_pcbs
                0x3ffee5a8                tcp_bound_pcbs
                0x3ffee5ac                tcp_listen_pcbs
                0x3ffee5b0                tcp_ticks
 .bss           0x3ffee5b4        0x0 c:/Espressif/ESP8266_SDK_210/lib\liblwip.a(tcp_out.o)
 .bss           0x3ffee5b4        0xc c:/Espressif/ESP8266_SDK_210/lib\liblwip.a(timers.o)
 .bss           0x3ffee5c0        0x4 c:/Espressif/ESP8266_SDK_210/lib\liblwip.a(udp.o)
                0x3ffee5c0                udp_pcbs
 .bss           0x3ffee5c4        0x0 c:/Espressif/ESP8266_SDK_210/lib\liblwip.a(espconn_buf.o)
 *fill*         0x3ffee5c4        0xc 
 .bss           0x3ffee5d0      0x104 c:/Espressif/ESP8266_SDK_210/lib\liblwip.a(espconn.o)
                0x3ffee5d0                plink_active
                0x3ffee5d4                pserver_list
                0x3ffee5e0                premot
                0x3ffee6a0                pktinfo
 .bss           0x3ffee6d4        0x0 c:/Espressif/ESP8266_SDK_210/lib\liblwip.a(espconn_udp.o)
 .bss           0x3ffee6d4        0x0 c:/Espressif/ESP8266_SDK_210/lib\liblwip.a(icmp.o)
 .bss           0x3ffee6d4        0xc c:/Espressif/ESP8266_SDK_210/lib\liblwip.a(igmp.o)
 .bss           0x3ffee6e0        0x0 c:/Espressif/ESP8266_SDK_210/lib\liblwip.a(inet_chksum.o)
 .bss           0x3ffee6e0        0x0 c:/Espressif/ESP8266_SDK_210/lib\libwpa.a(ap_config.o)
 .bss           0x3ffee6e0        0x0 c:/Espressif/ESP8266_SDK_210/lib\libwpa.a(common.o)
 .bss           0x3ffee6e0        0x0 c:/Espressif/ESP8266_SDK_210/lib\libwpa.a(os_xtensa.o)
 .bss           0x3ffee6e0        0x0 c:/Espressif/ESP8266_SDK_210/lib\libwpa.a(wpa_auth.o)
 .bss           0x3ffee6e0        0x0 c:/Espressif/ESP8266_SDK_210/lib\libwpa.a(wpa_auth_ie.o)
 .bss           0x3ffee6e0      0x26a c:/Espressif/ESP8266_SDK_210/lib\libwpa.a(wpa.o)
 .bss           0x3ffee94a        0x0 c:/Espressif/ESP8266_SDK_210/lib\libwpa.a(wpa_common.o)
 .bss           0x3ffee94a        0x0 c:/Espressif/ESP8266_SDK_210/lib\libwpa.a(wpa_debug.o)
 .bss           0x3ffee94a        0x0 c:/Espressif/ESP8266_SDK_210/lib\libwpa.a(wpa_ie.o)
 .bss           0x3ffee94a        0x0 c:/Espressif/ESP8266_SDK_210/lib\libwpa.a(wpa_main.o)
 .bss           0x3ffee94a        0x0 c:/Espressif/ESP8266_SDK_210/lib\libwpa.a(wpas_glue.o)
 .bss           0x3ffee94a        0x0 c:/Espressif/ESP8266_SDK_210/lib\libcrypto.a(aes-wrap.o)
 .bss           0x3ffee94a        0x0 c:/Espressif/ESP8266_SDK_210/lib\libcrypto.a(aes-internal-enc.o)
 .bss           0x3ffee94a        0x0 c:/Espressif/ESP8266_SDK_210/lib\libcrypto.a(aes-internal.o)
 .bss           0x3ffee94a        0x0 c:/Espressif/ESP8266_SDK_210/lib\libc.a(lib_a-memchr.o)
 .bss           0x3ffee94a        0x0 c:/Espressif/ESP8266_SDK_210/lib\libgcc.a(_modsi3.o)
 .bss           0x3ffee94a        0x0 c:/Espressif/ESP8266_SDK_210/lib\libgcc.a(_ashrdi3.o)
 .bss           0x3ffee94a        0x0 c:/Espressif/ESP8266_SDK_210/lib\libgcc.a(_divsf3.o)
 .bss           0x3ffee94a        0x0 c:/Espressif/ESP8266_SDK_210/lib\libgcc.a(_fixsfsi.o)
 *fill*         0x3ffee94a        0x6 
 .bss           0x3ffee950        0x8 c:/Espressif/ESP8266_SDK_210/lib\libnet80211.a(ieee80211_crypto_tkip.o)
 .bss           0x3ffee958        0x0 c:/Espressif/ESP8266_SDK_210/lib\libnet80211.a(ieee80211_crypto_wep.o)
 *(.bss.*)
 *(.gnu.linkonce.b.*)
 *(COMMON)
                0x3ffee958                . = ALIGN (0x8)
                0x3ffee958                _bss_end = ABSOLUTE (.)
                0x3ffee958                _heap_start = ABSOLUTE (.)

.irom0.text     0x40210000    0x31b14
                0x40210000                _irom0_text_start = ABSOLUTE (.)
 *libat.a:(.literal.* .text.*)
 *libcrypto.a:(.literal.* .text.*)
 .text.aes_wrap
                0x40210000       0xe7 c:/Espressif/ESP8266_SDK_210/lib\libcrypto.a(aes-wrap.o)
                                0x103 (size before relaxing)
                0x40210008                aes_wrap
 *fill*         0x402100e7        0x1 
 .text.rijndaelEncrypt
                0x402100e8      0x426 c:/Espressif/ESP8266_SDK_210/lib\libcrypto.a(aes-internal-enc.o)
                0x402100f8                rijndaelEncrypt
 *fill*         0x4021050e        0x2 
 .text.aes_encrypt_init
                0x40210510       0x5f c:/Espressif/ESP8266_SDK_210/lib\libcrypto.a(aes-internal-enc.o)
                                 0x67 (size before relaxing)
                0x4021051c                aes_encrypt_init
 *fill*         0x4021056f        0x1 
 .text.aes_encrypt
                0x40210570       0x19 c:/Espressif/ESP8266_SDK_210/lib\libcrypto.a(aes-internal-enc.o)
                                 0x1d (size before relaxing)
                0x40210570                aes_encrypt
 *fill*         0x40210589        0x3 
 .text.aes_encrypt_deinit
                0x4021058c       0x2b c:/Espressif/ESP8266_SDK_210/lib\libcrypto.a(aes-internal-enc.o)
                                 0x37 (size before relaxing)
                0x4021058c                aes_encrypt_deinit
 *fill*         0x402105b7        0x1 
 .text.rijndaelKeySetupEnc
                0x402105b8      0x304 c:/Espressif/ESP8266_SDK_210/lib\libcrypto.a(aes-internal.o)
                                0x31c (size before relaxing)
                0x402105bc                rijndaelKeySetupEnc
 .literal.aes_wrap
                0x402108bc        0x0 c:/Espressif/ESP8266_SDK_210/lib\libcrypto.a(aes-wrap.o)
 *fill*         0x402108bc        0x0 
 .literal.rijndaelEncrypt
                0x402108bc        0x0 c:/Espressif/ESP8266_SDK_210/lib\libcrypto.a(aes-internal-enc.o)
 .literal.aes_encrypt_init
                0x402108bc        0x0 c:/Espressif/ESP8266_SDK_210/lib\libcrypto.a(aes-internal-enc.o)
 .literal.aes_encrypt
                0x402108bc        0x0 c:/Espressif/ESP8266_SDK_210/lib\libcrypto.a(aes-internal-enc.o)
 .literal.aes_encrypt_deinit
                0x402108bc        0x0 c:/Espressif/ESP8266_SDK_210/lib\libcrypto.a(aes-internal-enc.o)
 *fill*         0x402108bc        0x0 
 *fill*         0x402108bc        0x0 
 *fill*         0x402108bc        0x0 
 *fill*         0x402108bc        0x0 
 .literal.rijndaelKeySetupEnc
                0x402108bc        0x0 c:/Espressif/ESP8266_SDK_210/lib\libcrypto.a(aes-internal.o)
 *libespnow.a:(.literal.* .text.*)
 *libjson.a:(.literal.* .text.*)
 *liblwip.a:(.literal.* .text.*)
 .text.dhcp_handle_nak
                0x402108bc       0x43 c:/Espressif/ESP8266_SDK_210/lib\liblwip.a(dhcp.o)
                                 0x73 (size before relaxing)
 *fill*         0x402108ff        0x1 
 .text.dhcp_check
                0x40210900       0x38 c:/Espressif/ESP8266_SDK_210/lib\liblwip.a(dhcp.o)
                                 0x44 (size before relaxing)
 .text.dhcp_handle_offer
                0x40210938       0x65 c:/Espressif/ESP8266_SDK_210/lib\liblwip.a(dhcp.o)
                                 0x6d (size before relaxing)
 *fill*         0x4021099d        0x3 
 .text.dhcp_select
                0x402109a0      0x1a2 c:/Espressif/ESP8266_SDK_210/lib\liblwip.a(dhcp.o)
                                0x262 (size before relaxing)
 *fill*         0x40210b42        0x2 
 .text.dhcp_coarse_tmr
                0x40210b44       0x51 c:/Espressif/ESP8266_SDK_210/lib\liblwip.a(dhcp.o)
                                 0x59 (size before relaxing)
                0x40210b48                dhcp_coarse_tmr
 *fill*         0x40210b95        0x3 
 .text.dhcp_fine_tmr
                0x40210b98       0x79 c:/Espressif/ESP8266_SDK_210/lib\liblwip.a(dhcp.o)
                                 0x81 (size before relaxing)
                0x40210ba4                dhcp_fine_tmr
 *fill*         0x40210c11        0x3 
 .text.dhcp_timeout
                0x40210c14       0xbc c:/Espressif/ESP8266_SDK_210/lib\liblwip.a(dhcp.o)
                                 0xf7 (size before relaxing)
 *fill*         0x40210cd0        0x0 
 .text.dhcp_t1_timeout
                0x40210cd0       0x1d c:/Espressif/ESP8266_SDK_210/lib\liblwip.a(dhcp.o)
                                 0x24 (size before relaxing)
 *fill*         0x40210ced        0x3 
 .text.dhcp_t2_timeout
                0x40210cf0       0x1d c:/Espressif/ESP8266_SDK_210/lib\liblwip.a(dhcp.o)
                                 0x24 (size before relaxing)
 *fill*         0x40210d0d        0x3 
 .text.dhcp_handle_ack
                0x40210d10      0x112 c:/Espressif/ESP8266_SDK_210/lib\liblwip.a(dhcp.o)
                                0x122 (size before relaxing)
 *fill*         0x40210e22        0x2 
 .text.dhcp_set_struct
                0x40210e24       0x24 c:/Espressif/ESP8266_SDK_210/lib\liblwip.a(dhcp.o)
                                 0x28 (size before relaxing)
                0x40210e24                dhcp_set_struct
 .text.dhcp_cleanup
                0x40210e48       0x2a c:/Espressif/ESP8266_SDK_210/lib\liblwip.a(dhcp.o)
                                 0x2e (size before relaxing)
                0x40210e4c                dhcp_cleanup
 *fill*         0x40210e72        0x2 
 .text.dhcp_start
                0x40210e74       0xb8 c:/Espressif/ESP8266_SDK_210/lib\liblwip.a(dhcp.o)
                                 0xfc (size before relaxing)
                0x40210e78                dhcp_start
 .text.dhcp_inform
                0x40210f2c       0xa8 c:/Espressif/ESP8266_SDK_210/lib\liblwip.a(dhcp.o)
                                 0xfc (size before relaxing)
                0x40210f2c                dhcp_inform
 .text.dhcp_network_changed
                0x40210fd4       0x49 c:/Espressif/ESP8266_SDK_210/lib\liblwip.a(dhcp.o)
                                 0x59 (size before relaxing)
                0x40210fd4                dhcp_network_changed
 *fill*         0x4021101d        0x3 
 .text.dhcp_arp_reply
                0x40211020       0x25 c:/Espressif/ESP8266_SDK_210/lib\liblwip.a(dhcp.o)
                                 0x29 (size before relaxing)
                0x40211020                dhcp_arp_reply
 *fill*         0x40211045        0x3 
 .text.dhcp_decline
                0x40211048       0x97 c:/Espressif/ESP8266_SDK_210/lib\liblwip.a(dhcp.o)
                                 0xd7 (size before relaxing)
 *fill*         0x402110df        0x1 
 .text.dhcp_discover
                0x402110e0      0x134 c:/Espressif/ESP8266_SDK_210/lib\liblwip.a(dhcp.o)
                                0x1e4 (size before relaxing)
 .text.dhcp_bind
                0x40211214      0x10d c:/Espressif/ESP8266_SDK_210/lib\liblwip.a(dhcp.o)
                                0x139 (size before relaxing)
 *fill*         0x40211321        0x3 
 .text.dhcp_renew
                0x40211324      0x136 c:/Espressif/ESP8266_SDK_210/lib\liblwip.a(dhcp.o)
                                0x1a2 (size before relaxing)
                0x40211328                dhcp_renew
 *fill*         0x4021145a        0x2 
 .text.dhcp_rebind
                0x4021145c      0x136 c:/Espressif/ESP8266_SDK_210/lib\liblwip.a(dhcp.o)
                                0x1a6 (size before relaxing)
 *fill*         0x40211592        0x2 
 .text.dhcp_reboot
                0x40211594       0xca c:/Espressif/ESP8266_SDK_210/lib\liblwip.a(dhcp.o)
                                0x11e (size before relaxing)
 *fill*         0x4021165e        0x2 
 .text.dhcp_release
                0x40211660       0xc0 c:/Espressif/ESP8266_SDK_210/lib\liblwip.a(dhcp.o)
                                0x110 (size before relaxing)
                0x40211660                dhcp_release
 .text.dhcp_stop
                0x40211720       0x36 c:/Espressif/ESP8266_SDK_210/lib\liblwip.a(dhcp.o)
                                 0x42 (size before relaxing)
                0x40211720                dhcp_stop
 *fill*         0x40211756        0x2 
 .text.dhcp_parse_reply
                0x40211758      0x250 c:/Espressif/ESP8266_SDK_210/lib\liblwip.a(dhcp.o)
                                0x270 (size before relaxing)
 .text.dhcp_recv
                0x402119a8      0x11e c:/Espressif/ESP8266_SDK_210/lib\liblwip.a(dhcp.o)
                                0x14d (size before relaxing)
 *fill*         0x40211ac6        0x2 
 .text.dhcp_create_msg
                0x40211ac8      0x1b4 c:/Espressif/ESP8266_SDK_210/lib\liblwip.a(dhcp.o)
                                0x1c8 (size before relaxing)
 .text.dhcp_delete_msg
                0x40211c7c       0x24 c:/Espressif/ESP8266_SDK_210/lib\liblwip.a(dhcp.o)
                                 0x28 (size before relaxing)
 .text.add_offer_options
                0x40211ca0      0x14a c:/Espressif/ESP8266_SDK_210/lib\liblwip.a(dhcpserver.o)
                                0x14e (size before relaxing)
 *fill*         0x40211dea        0x2 
 .text.create_msg
                0x40211dec       0xa8 c:/Espressif/ESP8266_SDK_210/lib\liblwip.a(dhcpserver.o)
                                 0xd0 (size before relaxing)
 .text.send_offer
                0x40211e94       0x82 c:/Espressif/ESP8266_SDK_210/lib\liblwip.a(dhcpserver.o)
                                 0xb2 (size before relaxing)
 *fill*         0x40211f16        0x2 
 .text.send_nak
                0x40211f18       0x7c c:/Espressif/ESP8266_SDK_210/lib\liblwip.a(dhcpserver.o)
                                 0xa8 (size before relaxing)
 .text.send_ack
                0x40211f94       0x82 c:/Espressif/ESP8266_SDK_210/lib\liblwip.a(dhcpserver.o)
                                 0xb2 (size before relaxing)
 *fill*         0x40212016        0x2 
 .text.parse_options
                0x40212018       0xb5 c:/Espressif/ESP8266_SDK_210/lib\liblwip.a(dhcpserver.o)
                                 0xbd (size before relaxing)
 *fill*         0x402120cd        0x3 
 .text.parse_msg
                0x402120d0       0x7b c:/Espressif/ESP8266_SDK_210/lib\liblwip.a(dhcpserver.o)
                                 0x9f (size before relaxing)
 *fill*         0x4021214b        0x1 
 .text.handle_dhcp
                0x4021214c       0xd2 c:/Espressif/ESP8266_SDK_210/lib\liblwip.a(dhcpserver.o)
                                 0xfd (size before relaxing)
 *fill*         0x4021221e        0x2 
 .text.wifi_softap_init_dhcps_lease
                0x40212220      0x144 c:/Espressif/ESP8266_SDK_210/lib\liblwip.a(dhcpserver.o)
                                0x154 (size before relaxing)
 .text.dhcps_start
                0x40212364       0x68 c:/Espressif/ESP8266_SDK_210/lib\liblwip.a(dhcpserver.o)
                                 0x9c (size before relaxing)
                0x4021236c                dhcps_start
 .text.dhcps_stop
                0x402123cc       0x84 c:/Espressif/ESP8266_SDK_210/lib\liblwip.a(dhcpserver.o)
                                 0xb8 (size before relaxing)
                0x402123d0                dhcps_stop
 .text.wifi_softap_set_dhcps_lease
                0x40212450       0xe9 c:/Espressif/ESP8266_SDK_210/lib\liblwip.a(dhcpserver.o)
                                0x111 (size before relaxing)
                0x40212450                wifi_softap_set_dhcps_lease
 *fill*         0x40212539        0x3 
 .text.wifi_softap_get_dhcps_lease
                0x4021253c       0x3d c:/Espressif/ESP8266_SDK_210/lib\liblwip.a(dhcpserver.o)
                                 0x51 (size before relaxing)
                0x4021253c                wifi_softap_get_dhcps_lease
 *fill*         0x40212579        0x3 
 .text.kill_oldest_dhcps_pool
                0x4021257c       0x60 c:/Espressif/ESP8266_SDK_210/lib\liblwip.a(dhcpserver.o)
                                 0x74 (size before relaxing)
 .text.dhcps_coarse_tmr
                0x402125dc       0x78 c:/Espressif/ESP8266_SDK_210/lib\liblwip.a(dhcpserver.o)
                                 0x98 (size before relaxing)
                0x402125dc                dhcps_coarse_tmr
 .text.wifi_softap_set_dhcps_offer_option
                0x40212654       0x43 c:/Espressif/ESP8266_SDK_210/lib\liblwip.a(dhcpserver.o)
                                 0x4b (size before relaxing)
                0x40212654                wifi_softap_set_dhcps_offer_option
 *fill*         0x40212697        0x1 
 .text.wifi_softap_set_dhcps_lease_time
                0x40212698       0x30 c:/Espressif/ESP8266_SDK_210/lib\liblwip.a(dhcpserver.o)
                                 0x40 (size before relaxing)
                0x40212698                wifi_softap_set_dhcps_lease_time
 .text.wifi_softap_reset_dhcps_lease_time
                0x402126c8       0x2b c:/Espressif/ESP8266_SDK_210/lib\liblwip.a(dhcpserver.o)
                                 0x3b (size before relaxing)
                0x402126c8                wifi_softap_reset_dhcps_lease_time
 *fill*         0x402126f3        0x1 
 .text.wifi_softap_get_dhcps_lease_time
                0x402126f4        0x7 c:/Espressif/ESP8266_SDK_210/lib\liblwip.a(dhcpserver.o)
                                  0xb (size before relaxing)
                0x402126f4                wifi_softap_get_dhcps_lease_time
 *fill*         0x402126fb        0x1 
 .text.wifi_softap_dhcps_client_leave
                0x402126fc       0xab c:/Espressif/ESP8266_SDK_210/lib\liblwip.a(dhcpserver.o)
                                 0xdb (size before relaxing)
                0x402126fc                wifi_softap_dhcps_client_leave
 *fill*         0x402127a7        0x1 
 .text.wifi_softap_dhcps_client_update
                0x402127a8      0x28a c:/Espressif/ESP8266_SDK_210/lib\liblwip.a(dhcpserver.o)
                                0x31e (size before relaxing)
                0x402127a8                wifi_softap_dhcps_client_update
 *fill*         0x40212a32        0x2 
 .text.dns_init
                0x40212a34       0x4a c:/Espressif/ESP8266_SDK_210/lib\liblwip.a(dns.o)
                                 0x72 (size before relaxing)
                0x40212a40                dns_init
 *fill*         0x40212a7e        0x2 
 .text.dns_setserver
                0x40212a80       0x1a c:/Espressif/ESP8266_SDK_210/lib\liblwip.a(dns.o)
                                 0x1e (size before relaxing)
                0x40212a80                dns_setserver
 *fill*         0x40212a9a        0x2 
 .text.dns_getserver
                0x40212a9c       0x17 c:/Espressif/ESP8266_SDK_210/lib\liblwip.a(dns.o)
                                 0x1b (size before relaxing)
                0x40212aa0                dns_getserver
 *fill*         0x40212ab3        0x1 
 .text.dns_tmr  0x40212ab4       0x19 c:/Espressif/ESP8266_SDK_210/lib\liblwip.a(dns.o)
                                 0x21 (size before relaxing)
                0x40212ab4                dns_tmr
 *fill*         0x40212acd        0x3 
 .text.dns_send
                0x40212ad0       0xfc c:/Espressif/ESP8266_SDK_210/lib\liblwip.a(dns.o)
                                0x140 (size before relaxing)
 .text.dns_check_entry
                0x40212bcc       0xd0 c:/Espressif/ESP8266_SDK_210/lib\liblwip.a(dns.o)
                                 0xdb (size before relaxing)
 *fill*         0x40212c9c        0x0 
 .text.dns_check_entries
                0x40212c9c       0x22 c:/Espressif/ESP8266_SDK_210/lib\liblwip.a(dns.o)
                                 0x26 (size before relaxing)
 *fill*         0x40212cbe        0x2 
 .text.dns_recv
                0x40212cc0      0x1de c:/Espressif/ESP8266_SDK_210/lib\liblwip.a(dns.o)
                                0x222 (size before relaxing)
 *fill*         0x40212e9e        0x2 
 .text.dns_enqueue
                0x40212ea0       0xbf c:/Espressif/ESP8266_SDK_210/lib\liblwip.a(dns.o)
                                 0xd3 (size before relaxing)
 *fill*         0x40212f5f        0x1 
 .text.dns_gethostbyname
                0x40212f60       0x5a c:/Espressif/ESP8266_SDK_210/lib\liblwip.a(dns.o)
                                 0x6a (size before relaxing)
                0x40212f60                dns_gethostbyname
 *fill*         0x40212fba        0x2 
 .text.espconn_kill_oldest
                0x40212fbc       0xe1 c:/Espressif/ESP8266_SDK_210/lib\liblwip.a(espconn_tcp.o)
                                0x101 (size before relaxing)
 *fill*         0x4021309d        0x3 
 .text.espconn_kill_oldest_pcb
                0x402130a0       0x89 c:/Espressif/ESP8266_SDK_210/lib\liblwip.a(espconn_tcp.o)
                                 0x95 (size before relaxing)
                0x402130a4                espconn_kill_oldest_pcb
 *fill*         0x40213129        0x3 
 .text.espconn_kill_pcb
                0x4021312c       0x7c c:/Espressif/ESP8266_SDK_210/lib\liblwip.a(espconn_tcp.o)
                                 0x8c (size before relaxing)
                0x4021312c                espconn_kill_pcb
 .text.espconn_find_current_pcb
                0x402131a8       0x9a c:/Espressif/ESP8266_SDK_210/lib\liblwip.a(espconn_tcp.o)
                                 0xa2 (size before relaxing)
                0x402131a8                espconn_find_current_pcb
 *fill*         0x40213242        0x2 
 .text.espconn_tcp_memp_free
                0x40213244       0x63 c:/Espressif/ESP8266_SDK_210/lib\liblwip.a(espconn_tcp.o)
                                 0x7f (size before relaxing)
                0x40213244                espconn_tcp_memp_free
 *fill*         0x402132a7        0x1 
 .text.espconn_tcp_reconnect
                0x402132a8       0xa7 c:/Espressif/ESP8266_SDK_210/lib\liblwip.a(espconn_tcp.o)
                                 0xcb (size before relaxing)
 *fill*         0x4021334f        0x1 
 .text.espconn_tcp_disconnect_successful
                0x40213350      0x115 c:/Espressif/ESP8266_SDK_210/lib\liblwip.a(espconn_tcp.o)
                                0x161 (size before relaxing)
 *fill*         0x40213465        0x3 
 .text.espconn_Task
                0x40213468       0x6b c:/Espressif/ESP8266_SDK_210/lib\liblwip.a(espconn_tcp.o)
                                 0x83 (size before relaxing)
 *fill*         0x402134d3        0x1 
 .text.espconn_tcp_sent
                0x402134d4       0xc8 c:/Espressif/ESP8266_SDK_210/lib\liblwip.a(espconn_tcp.o)
                                 0xd4 (size before relaxing)
                0x402134d8                espconn_tcp_sent
 .text.espconn_tcp_disconnect
                0x4021359c       0x23 c:/Espressif/ESP8266_SDK_210/lib\liblwip.a(espconn_tcp.o)
                                 0x2e (size before relaxing)
                0x4021359c                espconn_tcp_disconnect
 *fill*         0x402135bf        0x1 
 .text.espconn_client_close
                0x402135c0       0x81 c:/Espressif/ESP8266_SDK_210/lib\liblwip.a(espconn_tcp.o)
                                 0xb5 (size before relaxing)
 *fill*         0x40213641        0x3 
 .text.espconn_recv_hold
                0x40213644       0x44 c:/Espressif/ESP8266_SDK_210/lib\liblwip.a(espconn_tcp.o)
                                 0x4c (size before relaxing)
                0x40213648                espconn_recv_hold
 .text.espconn_recv_unhold
                0x40213688       0x59 c:/Espressif/ESP8266_SDK_210/lib\liblwip.a(espconn_tcp.o)
                                 0x65 (size before relaxing)
                0x4021368c                espconn_recv_unhold
 *fill*         0x402136e1        0x3 
 .text.espconn_lock_recv
                0x402136e4       0x49 c:/Espressif/ESP8266_SDK_210/lib\liblwip.a(espconn_tcp.o)
                                 0x58 (size before relaxing)
                0x402136e4                espconn_lock_recv
 *fill*         0x4021372d        0x3 
 .text.espconn_unlock_recv
                0x40213730       0x26 c:/Espressif/ESP8266_SDK_210/lib\liblwip.a(espconn_tcp.o)
                                 0x2a (size before relaxing)
                0x40213730                espconn_unlock_recv
 *fill*         0x40213756        0x2 
 .text.espconn_client_recv
                0x40213758       0xe2 c:/Espressif/ESP8266_SDK_210/lib\liblwip.a(espconn_tcp.o)
                                0x126 (size before relaxing)
 *fill*         0x4021383a        0x2 
 .text.espconn_tcp_write
                0x4021383c       0x57 c:/Espressif/ESP8266_SDK_210/lib\liblwip.a(espconn_tcp.o)
                                 0x5b (size before relaxing)
                0x4021383c                espconn_tcp_write
 *fill*         0x40213893        0x1 
 .text.espconn_tcp_finish
                0x40213894       0x74 c:/Espressif/ESP8266_SDK_210/lib\liblwip.a(espconn_tcp.o)
                                 0x88 (size before relaxing)
 .text.espconn_client_sent
                0x40213908       0x23 c:/Espressif/ESP8266_SDK_210/lib\liblwip.a(espconn_tcp.o)
                                 0x27 (size before relaxing)
 *fill*         0x4021392b        0x1 
 .text.espconn_client_err
                0x4021392c       0x7e c:/Espressif/ESP8266_SDK_210/lib\liblwip.a(espconn_tcp.o)
                                 0x86 (size before relaxing)
 *fill*         0x402139aa        0x2 
 .text.espconn_client_connect
                0x402139ac       0xb9 c:/Espressif/ESP8266_SDK_210/lib\liblwip.a(espconn_tcp.o)
                                 0xdd (size before relaxing)
 *fill*         0x40213a65        0x3 
 .text.espconn_tcp_client
                0x40213a68       0xe6 c:/Espressif/ESP8266_SDK_210/lib\liblwip.a(espconn_tcp.o)
                                0x13e (size before relaxing)
                0x40213a70                espconn_tcp_client
 *fill*         0x40213b4e        0x2 
 .text.espconn_server_close
                0x40213b50       0x91 c:/Espressif/ESP8266_SDK_210/lib\liblwip.a(espconn_tcp.o)
                                 0xd5 (size before relaxing)
 *fill*         0x40213be1        0x3 
 .text.espconn_server_recv
                0x40213be4       0xe6 c:/Espressif/ESP8266_SDK_210/lib\liblwip.a(espconn_tcp.o)
                                0x12a (size before relaxing)
 *fill*         0x40213cca        0x2 
 .text.espconn_server_sent
                0x40213ccc       0x27 c:/Espressif/ESP8266_SDK_210/lib\liblwip.a(espconn_tcp.o)
                                 0x2b (size before relaxing)
 *fill*         0x40213cf3        0x1 
 .text.espconn_server_poll
                0x40213cf4       0x8e c:/Espressif/ESP8266_SDK_210/lib\liblwip.a(espconn_tcp.o)
                                 0xa6 (size before relaxing)
 *fill*         0x40213d82        0x2 
 .text.esponn_server_err
                0x40213d84       0x80 c:/Espressif/ESP8266_SDK_210/lib\liblwip.a(espconn_tcp.o)
                                 0x88 (size before relaxing)
 .text.espconn_tcp_accept
                0x40213e04      0x146 c:/Espressif/ESP8266_SDK_210/lib\liblwip.a(espconn_tcp.o)
                                0x1b6 (size before relaxing)
 *fill*         0x40213f4a        0x2 
 .text.espconn_tcp_server
                0x40213f4c       0xbb c:/Espressif/ESP8266_SDK_210/lib\liblwip.a(espconn_tcp.o)
                                0x107 (size before relaxing)
                0x40213f50                espconn_tcp_server
 *fill*         0x40214007        0x1 
 .text.espconn_tcp_delete
                0x40214008       0x86 c:/Espressif/ESP8266_SDK_210/lib\liblwip.a(espconn_tcp.o)
                                 0xae (size before relaxing)
                0x4021400c                espconn_tcp_delete
 *fill*         0x4021408e        0x2 
 .text.espconn_init
                0x40214090       0x28 c:/Espressif/ESP8266_SDK_210/lib\liblwip.a(espconn_tcp.o)
                0x4021409c                espconn_init
 .text.free_etharp_q
                0x402140b8       0x3f c:/Espressif/ESP8266_SDK_210/lib\liblwip.a(etharp.o)
                                 0x47 (size before relaxing)
 *fill*         0x402140f7        0x1 
 .text.free_entry
                0x402140f8       0x30 c:/Espressif/ESP8266_SDK_210/lib\liblwip.a(etharp.o)
                                 0x34 (size before relaxing)
 .text.etharp_tmr
                0x40214128       0x5a c:/Espressif/ESP8266_SDK_210/lib\liblwip.a(etharp.o)
                                 0x62 (size before relaxing)
                0x40214128                etharp_tmr
 *fill*         0x40214182        0x2 
 .text.find_entry
                0x40214184       0xdc c:/Espressif/ESP8266_SDK_210/lib\liblwip.a(etharp.o)
                                 0xe4 (size before relaxing)
 .text.etharp_send_ip
                0x40214260       0x49 c:/Espressif/ESP8266_SDK_210/lib\liblwip.a(etharp.o)
                                 0x51 (size before relaxing)
 *fill*         0x402142a9        0x3 
 .text.update_arp_entry
                0x402142ac       0xa8 c:/Espressif/ESP8266_SDK_210/lib\liblwip.a(etharp.o)
                                 0xcc (size before relaxing)
 .text.etharp_cleanup_netif
                0x40214354       0x3f c:/Espressif/ESP8266_SDK_210/lib\liblwip.a(etharp.o)
                                 0x47 (size before relaxing)
                0x40214354                etharp_cleanup_netif
 *fill*         0x40214393        0x1 
 .text.etharp_find_addr
                0x40214394       0x3d c:/Espressif/ESP8266_SDK_210/lib\liblwip.a(etharp.o)
                                 0x45 (size before relaxing)
                0x40214394                etharp_find_addr
 *fill*         0x402143d1        0x3 
 .text.etharp_ip_input
                0x402143d4       0x49 c:/Espressif/ESP8266_SDK_210/lib\liblwip.a(etharp.o)
                                 0x4d (size before relaxing)
 *fill*         0x4021441d        0x3 
 .text.etharp_arp_input
                0x40214420      0x17c c:/Espressif/ESP8266_SDK_210/lib\liblwip.a(etharp.o)
                                0x1c4 (size before relaxing)
 .text.etharp_output_to_arp_index
                0x4021459c       0x4c c:/Espressif/ESP8266_SDK_210/lib\liblwip.a(etharp.o)
                                 0x5c (size before relaxing)
 .text.etharp_output
                0x402145e8      0x11f c:/Espressif/ESP8266_SDK_210/lib\liblwip.a(etharp.o)
                                0x13b (size before relaxing)
                0x402145f0                etharp_output
 *fill*         0x40214707        0x1 
 .text.etharp_query
                0x40214708      0x15f c:/Espressif/ESP8266_SDK_210/lib\liblwip.a(etharp.o)
                                0x19f (size before relaxing)
                0x40214710                etharp_query
 *fill*         0x40214867        0x1 
 .text.etharp_raw
                0x40214868       0xd9 c:/Espressif/ESP8266_SDK_210/lib\liblwip.a(etharp.o)
                                 0xf9 (size before relaxing)
 *fill*         0x40214941        0x3 
 .text.etharp_request
                0x40214944       0x29 c:/Espressif/ESP8266_SDK_210/lib\liblwip.a(etharp.o)
                                 0x31 (size before relaxing)
                0x40214948                etharp_request
 *fill*         0x4021496d        0x3 
 .text.ethernet_input
                0x40214970       0x79 c:/Espressif/ESP8266_SDK_210/lib\liblwip.a(etharp.o)
                                 0x95 (size before relaxing)
                0x40214970                ethernet_input
 *fill*         0x402149e9        0x3 
 .text.lwip_init
                0x402149ec       0x40 c:/Espressif/ESP8266_SDK_210/lib\liblwip.a(init.o)
                                 0x60 (size before relaxing)
                0x402149f0                lwip_init
 .text.ip4_addr_netmask_valid
                0x40214a2c       0x44 c:/Espressif/ESP8266_SDK_210/lib\liblwip.a(ip_addr.o)
                                 0x48 (size before relaxing)
                0x40214a30                ip4_addr_netmask_valid
 .text.ipaddr_addr
                0x40214a70       0x1d c:/Espressif/ESP8266_SDK_210/lib\liblwip.a(ip_addr.o)
                                 0x21 (size before relaxing)
                0x40214a70                ipaddr_addr
 *fill*         0x40214a8d        0x3 
 .text.ipaddr_aton
                0x40214a90      0x219 c:/Espressif/ESP8266_SDK_210/lib\liblwip.a(ip_addr.o)
                                0x22d (size before relaxing)
                0x40214a94                ipaddr_aton
 *fill*         0x40214ca9        0x3 
 .text.ipaddr_ntoa
                0x40214cac       0x1b c:/Espressif/ESP8266_SDK_210/lib\liblwip.a(ip_addr.o)
                                 0x1f (size before relaxing)
                0x40214cb0                ipaddr_ntoa
 *fill*         0x40214cc7        0x1 
 .text.ipaddr_ntoa_r
                0x40214cc8       0xc2 c:/Espressif/ESP8266_SDK_210/lib\liblwip.a(ip_addr.o)
                                 0xca (size before relaxing)
                0x40214cc8                ipaddr_ntoa_r
 *fill*         0x40214d8a        0x2 
 .text.ip_route
                0x40214d8c       0x79 c:/Espressif/ESP8266_SDK_210/lib\liblwip.a(ip.o)
                                 0x89 (size before relaxing)
                0x40214d90                ip_route
 *fill*         0x40214e05        0x3 
 .text.ip_router
                0x40214e08       0x76 c:/Espressif/ESP8266_SDK_210/lib\liblwip.a(ip.o)
                                 0x86 (size before relaxing)
                0x40214e0c                ip_router
 *fill*         0x40214e7e        0x2 
 .text.ip_input
                0x40214e80      0x25d c:/Espressif/ESP8266_SDK_210/lib\liblwip.a(ip.o)
                                0x2cc (size before relaxing)
                0x40214e88                ip_input
 *fill*         0x402150dd        0x3 
 .text.ip_output_if
                0x402150e0       0x1c c:/Espressif/ESP8266_SDK_210/lib\liblwip.a(ip.o)
                                 0x20 (size before relaxing)
                0x402150e0                ip_output_if
 .text.ip_output_if_opt
                0x402150fc      0x1f1 c:/Espressif/ESP8266_SDK_210/lib\liblwip.a(ip.o)
                                0x205 (size before relaxing)
                0x40215104                ip_output_if_opt
 *fill*         0x402152ed        0x3 
 .text.ip_output
                0x402152f0       0x3f c:/Espressif/ESP8266_SDK_210/lib\liblwip.a(ip.o)
                                 0x47 (size before relaxing)
                0x402152f0                ip_output
 *fill*         0x4021532f        0x1 
 .text.netif_add
                0x40215330       0x6d c:/Espressif/ESP8266_SDK_210/lib\liblwip.a(netif.o)
                                 0x79 (size before relaxing)
                0x40215334                netif_add
 *fill*         0x4021539d        0x3 
 .text.netif_set_addr
                0x402153a0       0x28 c:/Espressif/ESP8266_SDK_210/lib\liblwip.a(netif.o)
                                 0x3c (size before relaxing)
                0x402153a0                netif_set_addr
 .text.netif_remove
                0x402153c8       0x5c c:/Espressif/ESP8266_SDK_210/lib\liblwip.a(netif.o)
                                 0x70 (size before relaxing)
                0x402153c8                netif_remove
 .text.netif_find
                0x40215424       0x37 c:/Espressif/ESP8266_SDK_210/lib\liblwip.a(netif.o)
                                 0x3b (size before relaxing)
                0x40215424                netif_find
 *fill*         0x4021545b        0x1 
 .text.netif_set_ipaddr
                0x4021545c       0x69 c:/Espressif/ESP8266_SDK_210/lib\liblwip.a(netif.o)
                                 0x71 (size before relaxing)
                0x40215460                netif_set_ipaddr
 *fill*         0x402154c5        0x3 
 .text.netif_set_default
                0x402154c8        0x7 c:/Espressif/ESP8266_SDK_210/lib\liblwip.a(netif.o)
                                  0xb (size before relaxing)
                0x402154c8                netif_set_default
 *fill*         0x402154cf        0x1 
 .text.netif_set_up
                0x402154d0       0x3a c:/Espressif/ESP8266_SDK_210/lib\liblwip.a(netif.o)
                                 0x46 (size before relaxing)
                0x402154d0                netif_set_up
 *fill*         0x4021550a        0x2 
 .text.netif_set_down
                0x4021550c       0x26 c:/Espressif/ESP8266_SDK_210/lib\liblwip.a(netif.o)
                                 0x2a (size before relaxing)
                0x4021550c                netif_set_down
 *fill*         0x40215532        0x2 
 .text.netif_set_link_up
                0x40215534       0x49 c:/Espressif/ESP8266_SDK_210/lib\liblwip.a(netif.o)
                                 0x59 (size before relaxing)
                0x40215534                netif_set_link_up
 *fill*         0x4021557d        0x3 
 .text.pbuf_free_ooseq_new
                0x40215580       0x52 c:/Espressif/ESP8266_SDK_210/lib\liblwip.a(pbuf.o)
                                 0x61 (size before relaxing)
                0x40215580                pbuf_free_ooseq_new
 *fill*         0x402155d2        0x2 
 .text.pbuf_alloc
                0x402155d4      0x162 c:/Espressif/ESP8266_SDK_210/lib\liblwip.a(pbuf.o)
                                0x185 (size before relaxing)
                0x402155d8                pbuf_alloc
 *fill*         0x40215736        0x2 
 .text.pbuf_realloc
                0x40215738       0x4b c:/Espressif/ESP8266_SDK_210/lib\liblwip.a(pbuf.o)
                                 0x4f (size before relaxing)
                0x40215738                pbuf_realloc
 *fill*         0x40215783        0x1 
 .text.pbuf_free
                0x40215784       0x8b c:/Espressif/ESP8266_SDK_210/lib\liblwip.a(pbuf.o)
                                 0xa7 (size before relaxing)
                0x40215784                pbuf_free
 *fill*         0x4021580f        0x1 
 .text.pbuf_chain
                0x40215810       0x1c c:/Espressif/ESP8266_SDK_210/lib\liblwip.a(pbuf.o)
                                 0x28 (size before relaxing)
                0x40215810                pbuf_chain
 .text.pbuf_dechain
                0x4021582c       0x3d c:/Espressif/ESP8266_SDK_210/lib\liblwip.a(pbuf.o)
                                 0x41 (size before relaxing)
                0x4021582c                pbuf_dechain
 *fill*         0x40215869        0x3 
 .text.pbuf_copy
                0x4021586c       0xa4 c:/Espressif/ESP8266_SDK_210/lib\liblwip.a(pbuf.o)
                                 0xa8 (size before relaxing)
                0x4021586c                pbuf_copy
 .text.pbuf_copy_partial
                0x40215910       0x7f c:/Espressif/ESP8266_SDK_210/lib\liblwip.a(pbuf.o)
                                 0x83 (size before relaxing)
                0x40215910                pbuf_copy_partial
 *fill*         0x4021598f        0x1 
 .text.pbuf_take
                0x40215990       0x60 c:/Espressif/ESP8266_SDK_210/lib\liblwip.a(pbuf.o)
                                 0x64 (size before relaxing)
                0x40215990                pbuf_take
 .text.pbuf_coalesce
                0x402159f0       0x33 c:/Espressif/ESP8266_SDK_210/lib\liblwip.a(pbuf.o)
                                 0x47 (size before relaxing)
                0x402159f0                pbuf_coalesce
 *fill*         0x40215a23        0x1 
 .text.pbuf_memcmp
                0x40215a24       0x70 c:/Espressif/ESP8266_SDK_210/lib\liblwip.a(pbuf.o)
                                 0x78 (size before relaxing)
                0x40215a24                pbuf_memcmp
 .text.pbuf_memfind
                0x40215a94       0x54 c:/Espressif/ESP8266_SDK_210/lib\liblwip.a(pbuf.o)
                                 0x5c (size before relaxing)
                0x40215a94                pbuf_memfind
 .text.pbuf_strstr
                0x40215ae8       0x51 c:/Espressif/ESP8266_SDK_210/lib\liblwip.a(pbuf.o)
                                 0x61 (size before relaxing)
                0x40215aec                pbuf_strstr
 *fill*         0x40215b39        0x3 
 .text.raw_input
                0x40215b3c       0x90 c:/Espressif/ESP8266_SDK_210/lib\liblwip.a(raw.o)
                                 0x9c (size before relaxing)
                0x40215b44                raw_input
 .text.raw_sendto
                0x40215bcc       0x9a c:/Espressif/ESP8266_SDK_210/lib\liblwip.a(raw.o)
                                 0xca (size before relaxing)
                0x40215bcc                raw_sendto
 *fill*         0x40215c66        0x2 
 .text.raw_send
                0x40215c68       0x14 c:/Espressif/ESP8266_SDK_210/lib\liblwip.a(raw.o)
                                 0x18 (size before relaxing)
                0x40215c68                raw_send
 .text.raw_remove
                0x40215c7c       0x3d c:/Espressif/ESP8266_SDK_210/lib\liblwip.a(raw.o)
                                 0x45 (size before relaxing)
                0x40215c80                raw_remove
 *fill*         0x40215cb9        0x3 
 .text.raw_new  0x40215cbc       0x49 c:/Espressif/ESP8266_SDK_210/lib\liblwip.a(raw.o)
                                 0x5d (size before relaxing)
                0x40215cbc                raw_new
 *fill*         0x40215d05        0x3 
 .text.tcp_input
                0x40215d08      0x4d0 c:/Espressif/ESP8266_SDK_210/lib\liblwip.a(tcp_in.o)
                                0x594 (size before relaxing)
                0x40215d10                tcp_input
 .text.tcp_listen_input
                0x402161d8      0x12d c:/Espressif/ESP8266_SDK_210/lib\liblwip.a(tcp_in.o)
                                0x180 (size before relaxing)
 *fill*         0x40216305        0x3 
 .text.tcp_timewait_input
                0x40216308       0x7d c:/Espressif/ESP8266_SDK_210/lib\liblwip.a(tcp_in.o)
                                 0x98 (size before relaxing)
 *fill*         0x40216385        0x3 
 .text.tcp_process
                0x40216388      0x491 c:/Espressif/ESP8266_SDK_210/lib\liblwip.a(tcp_in.o)
                                0x529 (size before relaxing)
 *fill*         0x40216819        0x3 
 .text.tcp_oos_insert_segment
                0x4021681c       0xf1 c:/Espressif/ESP8266_SDK_210/lib\liblwip.a(tcp_in.o)
                                0x101 (size before relaxing)
 *fill*         0x4021690d        0x3 
 .text.tcp_receive
                0x40216910      0x912 c:/Espressif/ESP8266_SDK_210/lib\liblwip.a(tcp_in.o)
                                0x9ca (size before relaxing)
 *fill*         0x40217222        0x2 
 .text.tcp_parseopt
                0x40217224       0x74 c:/Espressif/ESP8266_SDK_210/lib\liblwip.a(tcp_in.o)
                                 0x78 (size before relaxing)
 .text.tcp_tmr  0x40217298       0x26 c:/Espressif/ESP8266_SDK_210/lib\liblwip.a(tcp.o)
                                 0x32 (size before relaxing)
                0x4021729c                tcp_tmr
 *fill*         0x402172be        0x2 
 .text.tcp_close_shutdown
                0x402172c0      0x16a c:/Espressif/ESP8266_SDK_210/lib\liblwip.a(tcp.o)
                                0x1b6 (size before relaxing)
 *fill*         0x4021742a        0x2 
 .text.tcp_close
                0x4021742c       0x24 c:/Espressif/ESP8266_SDK_210/lib\liblwip.a(tcp.o)
                                 0x28 (size before relaxing)
                0x4021742c                tcp_close
 .text.tcp_shutdown
                0x40217450       0x56 c:/Espressif/ESP8266_SDK_210/lib\liblwip.a(tcp.o)
                                 0x61 (size before relaxing)
                0x40217450                tcp_shutdown
 *fill*         0x402174a6        0x2 
 .text.tcp_abandon
                0x402174a8       0xae c:/Espressif/ESP8266_SDK_210/lib\liblwip.a(tcp.o)
                                 0xe6 (size before relaxing)
                0x402174a8                tcp_abandon
 *fill*         0x40217556        0x2 
 .text.tcp_abort
                0x40217558       0x14 c:/Espressif/ESP8266_SDK_210/lib\liblwip.a(tcp.o)
                                 0x18 (size before relaxing)
                0x40217558                tcp_abort
 .text.tcp_bind
                0x4021756c       0x77 c:/Espressif/ESP8266_SDK_210/lib\liblwip.a(tcp.o)
                                 0x87 (size before relaxing)
                0x4021756c                tcp_bind
 *fill*         0x402175e3        0x1 
 .text.tcp_listen_with_backlog
                0x402175e4       0xc4 c:/Espressif/ESP8266_SDK_210/lib\liblwip.a(tcp.o)
                                 0xe4 (size before relaxing)
                0x402175e8                tcp_listen_with_backlog
 .text.tcp_update_rcv_ann_wnd
                0x402176a8       0x42 c:/Espressif/ESP8266_SDK_210/lib\liblwip.a(tcp.o)
                                 0x46 (size before relaxing)
                0x402176a8                tcp_update_rcv_ann_wnd
 *fill*         0x402176ea        0x2 
 .text.tcp_recved
                0x402176ec       0x59 c:/Espressif/ESP8266_SDK_210/lib\liblwip.a(tcp.o)
                                 0x69 (size before relaxing)
                0x402176ec                tcp_recved
 *fill*         0x40217745        0x3 
 .text.tcp_new_port
                0x40217748       0x61 c:/Espressif/ESP8266_SDK_210/lib\liblwip.a(tcp.o)
                                 0x6d (size before relaxing)
 *fill*         0x402177a9        0x3 
 .text.tcp_connect
                0x402177ac       0xfc c:/Espressif/ESP8266_SDK_210/lib\liblwip.a(tcp.o)
                                0x130 (size before relaxing)
                0x402177ac                tcp_connect
 .text.tcp_slowtmr
                0x402178a8      0x2b0 c:/Espressif/ESP8266_SDK_210/lib\liblwip.a(tcp.o)
                                0x308 (size before relaxing)
                0x402178ac                tcp_slowtmr
 .text.tcp_fasttmr
                0x40217b58       0x7c c:/Espressif/ESP8266_SDK_210/lib\liblwip.a(tcp.o)
                                 0x88 (size before relaxing)
                0x40217b58                tcp_fasttmr
 .text.tcp_segs_free
                0x40217bd4       0x1f c:/Espressif/ESP8266_SDK_210/lib\liblwip.a(tcp.o)
                                 0x23 (size before relaxing)
                0x40217bd4                tcp_segs_free
 *fill*         0x40217bf3        0x1 
 .text.tcp_seg_free
                0x40217bf4       0x2c c:/Espressif/ESP8266_SDK_210/lib\liblwip.a(tcp.o)
                                 0x38 (size before relaxing)
                0x40217bf4                tcp_seg_free
 .text.tcp_seg_copy
                0x40217c20       0x42 c:/Espressif/ESP8266_SDK_210/lib\liblwip.a(tcp.o)
                                 0x56 (size before relaxing)
                0x40217c20                tcp_seg_copy
 *fill*         0x40217c62        0x2 
 .text.tcp_recv_null
                0x40217c64       0x30 c:/Espressif/ESP8266_SDK_210/lib\liblwip.a(tcp.o)
                                 0x43 (size before relaxing)
                0x40217c64                tcp_recv_null
 *fill*         0x40217c94        0x0 
 .text.tcp_kill_prio
                0x40217c94       0x44 c:/Espressif/ESP8266_SDK_210/lib\liblwip.a(tcp.o)
                                 0x4f (size before relaxing)
 *fill*         0x40217cd8        0x0 
 .text.tcp_kill_timewait
                0x40217cd8       0x34 c:/Espressif/ESP8266_SDK_210/lib\liblwip.a(tcp.o)
                                 0x3f (size before relaxing)
 *fill*         0x40217d0c        0x0 
 .text.tcp_alloc
                0x40217d0c       0xf8 c:/Espressif/ESP8266_SDK_210/lib\liblwip.a(tcp.o)
                                0x13c (size before relaxing)
                0x40217d18                tcp_alloc
 .text.tcp_new  0x40217e04       0x14 c:/Espressif/ESP8266_SDK_210/lib\liblwip.a(tcp.o)
                                 0x18 (size before relaxing)
                0x40217e04                tcp_new
 .text.tcp_pcb_purge
                0x40217e18       0x55 c:/Espressif/ESP8266_SDK_210/lib\liblwip.a(tcp.o)
                                 0x6d (size before relaxing)
                0x40217e18                tcp_pcb_purge
 *fill*         0x40217e6d        0x3 
 .text.tcp_pcb_remove
                0x40217e70       0x62 c:/Espressif/ESP8266_SDK_210/lib\liblwip.a(tcp.o)
                                 0x72 (size before relaxing)
                0x40217e70                tcp_pcb_remove
 *fill*         0x40217ed2        0x2 
 .text.tcp_next_iss
                0x40217ed4       0x17 c:/Espressif/ESP8266_SDK_210/lib\liblwip.a(tcp.o)
                                 0x1b (size before relaxing)
                0x40217ed8                tcp_next_iss
 *fill*         0x40217eeb        0x1 
 .text.tcp_eff_send_mss
                0x40217eec       0x33 c:/Espressif/ESP8266_SDK_210/lib\liblwip.a(tcp.o)
                                 0x37 (size before relaxing)
                0x40217eec                tcp_eff_send_mss
 *fill*         0x40217f1f        0x1 
 .text.tcp_output_alloc_header
                0x40217f20       0xf6 c:/Espressif/ESP8266_SDK_210/lib\liblwip.a(tcp_out.o)
                                 0xfe (size before relaxing)
 *fill*         0x40218016        0x2 
 .text.tcp_send_fin
                0x40218018       0x48 c:/Espressif/ESP8266_SDK_210/lib\liblwip.a(tcp_out.o)
                                 0x4f (size before relaxing)
                0x40218018                tcp_send_fin
 *fill*         0x40218060        0x0 
 .text.tcp_create_segment
                0x40218060      0x125 c:/Espressif/ESP8266_SDK_210/lib\liblwip.a(tcp_out.o)
                                0x141 (size before relaxing)
 *fill*         0x40218185        0x3 
 .text.tcp_pbuf_prealloc
                0x40218188       0x35 c:/Espressif/ESP8266_SDK_210/lib\liblwip.a(tcp_out.o)
                                 0x39 (size before relaxing)
 *fill*         0x402181bd        0x3 
 .text.tcp_write_checks
                0x402181c0       0x3e c:/Espressif/ESP8266_SDK_210/lib\liblwip.a(tcp_out.o)
                                 0x42 (size before relaxing)
 *fill*         0x402181fe        0x2 
 .text.tcp_write
                0x40218200      0x349 c:/Espressif/ESP8266_SDK_210/lib\liblwip.a(tcp_out.o)
                                0x3a8 (size before relaxing)
                0x40218204                tcp_write
 *fill*         0x40218549        0x3 
 .text.tcp_enqueue_flags
                0x4021854c       0xe2 c:/Espressif/ESP8266_SDK_210/lib\liblwip.a(tcp_out.o)
                                 0xf6 (size before relaxing)
                0x4021854c                tcp_enqueue_flags
 *fill*         0x4021862e        0x2 
 .text.tcp_send_empty_ack
                0x40218630       0x8c c:/Espressif/ESP8266_SDK_210/lib\liblwip.a(tcp_out.o)
                                 0xa8 (size before relaxing)
                0x40218630                tcp_send_empty_ack
 .text.tcp_output
                0x402186bc      0x312 c:/Espressif/ESP8266_SDK_210/lib\liblwip.a(tcp_out.o)
                                0x325 (size before relaxing)
                0x402186c4                tcp_output
 *fill*         0x402189ce        0x2 
 .text.tcp_output_segment
                0x402189d0      0x145 c:/Espressif/ESP8266_SDK_210/lib\liblwip.a(tcp_out.o)
                                0x161 (size before relaxing)
 *fill*         0x40218b15        0x3 
 .text.tcp_rst  0x40218b18      0x143 c:/Espressif/ESP8266_SDK_210/lib\liblwip.a(tcp_out.o)
                                0x167 (size before relaxing)
                0x40218b1c                tcp_rst
 *fill*         0x40218c5b        0x1 
 .text.tcp_rexmit_rto
                0x40218c5c       0x77 c:/Espressif/ESP8266_SDK_210/lib\liblwip.a(tcp_out.o)
                                 0x7b (size before relaxing)
                0x40218c5c                tcp_rexmit_rto
 *fill*         0x40218cd3        0x1 
 .text.tcp_rexmit
                0x40218cd4       0xaa c:/Espressif/ESP8266_SDK_210/lib\liblwip.a(tcp_out.o)
                                 0xae (size before relaxing)
                0x40218cd4                tcp_rexmit
 *fill*         0x40218d7e        0x2 
 .text.tcp_rexmit_fast
                0x40218d80       0x5a c:/Espressif/ESP8266_SDK_210/lib\liblwip.a(tcp_out.o)
                                 0x5e (size before relaxing)
                0x40218d80                tcp_rexmit_fast
 *fill*         0x40218dda        0x2 
 .text.tcp_keepalive
                0x40218ddc       0x76 c:/Espressif/ESP8266_SDK_210/lib\liblwip.a(tcp_out.o)
                                 0x96 (size before relaxing)
                0x40218ddc                tcp_keepalive
 *fill*         0x40218e52        0x2 
 .text.tcp_zero_window_probe
                0x40218e54      0x14f c:/Espressif/ESP8266_SDK_210/lib\liblwip.a(tcp_out.o)
                                0x16f (size before relaxing)
                0x40218e5c                tcp_zero_window_probe
 *fill*         0x40218fa3        0x1 
 .text.tcpip_tcp_timer
                0x40218fa4       0x3d c:/Espressif/ESP8266_SDK_210/lib\liblwip.a(timers.o)
                                 0x50 (size before relaxing)
 *fill*         0x40218fe1        0x3 
 .text.tcp_timer_needed
                0x40218fe4       0x33 c:/Espressif/ESP8266_SDK_210/lib\liblwip.a(timers.o)
                                 0x47 (size before relaxing)
                0x40218fe4                tcp_timer_needed
 *fill*         0x40219017        0x1 
 .text.tcp_timer_coarse
                0x40219018       0x20 c:/Espressif/ESP8266_SDK_210/lib\liblwip.a(timers.o)
                                 0x2c (size before relaxing)
 .text.arp_timer
                0x40219038       0x24 c:/Espressif/ESP8266_SDK_210/lib\liblwip.a(timers.o)
                                 0x30 (size before relaxing)
 .text.dhcp_timer_coarse
                0x4021905c       0x22 c:/Espressif/ESP8266_SDK_210/lib\liblwip.a(timers.o)
                                 0x3a (size before relaxing)
 *fill*         0x4021907e        0x2 
 .text.dhcp_timer_fine
                0x40219080       0x20 c:/Espressif/ESP8266_SDK_210/lib\liblwip.a(timers.o)
                                 0x2c (size before relaxing)
 .text.igmp_timer
                0x402190a0       0x20 c:/Espressif/ESP8266_SDK_210/lib\liblwip.a(timers.o)
                                 0x2c (size before relaxing)
 .text.dns_timer
                0x402190c0       0x20 c:/Espressif/ESP8266_SDK_210/lib\liblwip.a(timers.o)
                                 0x2c (size before relaxing)
 .text.sys_timeouts_init
                0x402190e0       0x6a c:/Espressif/ESP8266_SDK_210/lib\liblwip.a(timers.o)
                                 0xba (size before relaxing)
                0x402190e4                sys_timeouts_init
 *fill*         0x4021914a        0x2 
 .text.sys_timeout
                0x4021914c       0x7d c:/Espressif/ESP8266_SDK_210/lib\liblwip.a(timers.o)
                                 0x89 (size before relaxing)
                0x40219150                sys_timeout
 *fill*         0x402191c9        0x3 
 .text.sys_untimeout
                0x402191cc       0x50 c:/Espressif/ESP8266_SDK_210/lib\liblwip.a(timers.o)
                                 0x5c (size before relaxing)
                0x402191cc                sys_untimeout
 .text.sys_check_timeouts
                0x4021921c       0xbe c:/Espressif/ESP8266_SDK_210/lib\liblwip.a(timers.o)
                                 0xe6 (size before relaxing)
                0x40219220                sys_check_timeouts
 *fill*         0x402192da        0x2 
 .text.sys_restart_timeouts
                0x402192dc        0xf c:/Espressif/ESP8266_SDK_210/lib\liblwip.a(timers.o)
                                 0x17 (size before relaxing)
                0x402192dc                sys_restart_timeouts
 *fill*         0x402192eb        0x1 
 .text.udp_input
                0x402192ec      0x25c c:/Espressif/ESP8266_SDK_210/lib\liblwip.a(udp.o)
                                0x2c0 (size before relaxing)
                0x402192f0                udp_input
 .text.udp_send
                0x40219548       0x17 c:/Espressif/ESP8266_SDK_210/lib\liblwip.a(udp.o)
                                 0x1b (size before relaxing)
                0x40219548                udp_send
 *fill*         0x4021955f        0x1 
 .text.udp_sendto
                0x40219560       0x4f c:/Espressif/ESP8266_SDK_210/lib\liblwip.a(udp.o)
                                 0x57 (size before relaxing)
                0x40219560                udp_sendto
 *fill*         0x402195af        0x1 
 .text.udp_sendto_if
                0x402195b0      0x13c c:/Espressif/ESP8266_SDK_210/lib\liblwip.a(udp.o)
                                0x170 (size before relaxing)
                0x402195b0                udp_sendto_if
 .text.udp_bind
                0x402196ec       0x7b c:/Espressif/ESP8266_SDK_210/lib\liblwip.a(udp.o)
                                 0x8b (size before relaxing)
                0x402196ec                udp_bind
 *fill*         0x40219767        0x1 
 .text.udp_connect
                0x40219768       0x5d c:/Espressif/ESP8266_SDK_210/lib\liblwip.a(udp.o)
                                 0x65 (size before relaxing)
                0x40219768                udp_connect
 *fill*         0x402197c5        0x3 
 .text.udp_remove
                0x402197c8       0x3d c:/Espressif/ESP8266_SDK_210/lib\liblwip.a(udp.o)
                                 0x45 (size before relaxing)
                0x402197cc                udp_remove
 *fill*         0x40219805        0x3 
 .text.udp_new  0x40219808       0x37 c:/Espressif/ESP8266_SDK_210/lib\liblwip.a(udp.o)
                                 0x47 (size before relaxing)
                0x40219808                udp_new
 *fill*         0x4021983f        0x1 
 .text.ringbuf_new
                0x40219840       0x5a c:/Espressif/ESP8266_SDK_210/lib\liblwip.a(espconn_buf.o)
                                 0x72 (size before relaxing)
                0x40219844                ringbuf_new
 *fill*         0x4021989a        0x2 
 .text.ringbuf_free
                0x4021989c       0x4f c:/Espressif/ESP8266_SDK_210/lib\liblwip.a(espconn_buf.o)
                                 0x63 (size before relaxing)
                0x402198a4                ringbuf_free
 *fill*         0x402198eb        0x1 
 .text.ringbuf_capacity
                0x402198ec       0x14 c:/Espressif/ESP8266_SDK_210/lib\liblwip.a(espconn_buf.o)
                                 0x18 (size before relaxing)
                0x402198ec                ringbuf_capacity
 .text.ringbuf_end
                0x40219900       0x1c c:/Espressif/ESP8266_SDK_210/lib\liblwip.a(espconn_buf.o)
                                 0x20 (size before relaxing)
 .text.ringbuf_bytes_free