Archive member included because of file (symbol)

c:/Espressif/ESP8266_SDK/lib\libmain.a(debug-vector.o)
                              (_DebugExceptionVector)
c:/Espressif/ESP8266_SDK/lib\libmain.a(double-vector.o)
                              (_DoubleExceptionVector)
c:/Espressif/ESP8266_SDK/lib\libmain.a(kernel-vector.o)
                              (_KernelExceptionVector)
c:/Espressif/ESP8266_SDK/lib\libmain.a(nmi-vector.o)
                              (_NMIExceptionVector)
c:/Espressif/ESP8266_SDK/lib\libmain.a(user-vector.o)
                              (_UserExceptionVector)
c:/Espressif/ESP8266_SDK/lib\libmain.a(vector.o)
                              (call_user_start)
c:/Espressif/ESP8266_SDK/lib\libmain.a(app_main.o)
                              c:/Espressif/ESP8266_SDK/lib\libmain.a(nmi-vector.o) (NMI_Handler)
c:/Espressif/ESP8266_SDK/lib\libmain.a(ets_timer.o)
                              c:/Espressif/ESP8266_SDK/lib\libmain.a(app_main.o) (ets_timer_setfn)
c:/Espressif/ESP8266_SDK/lib\libmain.a(mem_manager.o)
                              c:/Espressif/ESP8266_SDK/lib\libmain.a(app_main.o) (pvPortMalloc)
c:/Espressif/ESP8266_SDK/lib\libmain.a(spi_flash.o)
                              c:/Espressif/ESP8266_SDK/lib\libmain.a(app_main.o) (spi_flash_read)
c:/Espressif/ESP8266_SDK/lib\libmain.a(user_interface.o)
                              c:/Espressif/ESP8266_SDK/lib\libmain.a(app_main.o) (done_cb)
c:/Espressif/ESP8266_SDK/lib\libmain.a(eagle_lib.o)
                              c:/Espressif/ESP8266_SDK/lib\libmain.a(user_interface.o) (ets_sprintf)
c:/Espressif/ESP8266_SDK/lib\libmain.a(eagle_lwip_if.o)
                              c:/Espressif/ESP8266_SDK/lib\libmain.a(user_interface.o) (eagle_lwip_getif)
c:/espressif/xtensa-lx106-elf/bin/../lib/gcc/xtensa-lx106-elf/4.8.2/../../../../xtensa-lx106-elf/lib\libc.a(lib_a-memcpy.o)
                              c:/Espressif/ESP8266_SDK/lib\libmain.a(user_interface.o) (memcpy)
c:/espressif/xtensa-lx106-elf/bin/../lib/gcc/xtensa-lx106-elf/4.8.2\libgcc.a(_udivsi3.o)
                              c:/Espressif/ESP8266_SDK/lib\libmain.a(app_main.o) (__udivsi3)
c:/espressif/xtensa-lx106-elf/bin/../lib/gcc/xtensa-lx106-elf/4.8.2\libgcc.a(_umodsi3.o)
                              c:/Espressif/ESP8266_SDK/lib\libmain.a(eagle_lib.o) (__umodsi3)
c:/espressif/xtensa-lx106-elf/bin/../lib/gcc/xtensa-lx106-elf/4.8.2\libgcc.a(_muldi3.o)
                              c:/Espressif/ESP8266_SDK/lib\libmain.a(user_interface.o) (__muldi3)
c:/espressif/xtensa-lx106-elf/bin/../lib/gcc/xtensa-lx106-elf/4.8.2\libgcc.a(_umulsidi3.o)
                              c:/espressif/xtensa-lx106-elf/bin/../lib/gcc/xtensa-lx106-elf/4.8.2\libgcc.a(_muldi3.o) (__umulsidi3)
c:/espressif/xtensa-lx106-elf/bin/../lib/gcc/xtensa-lx106-elf/4.8.2/../../../../xtensa-lx106-elf/lib\libhal.a(int_asm--set_intclear.o)
                              c:/Espressif/ESP8266_SDK/lib\libmain.a(app_main.o) (xthal_set_intclear)
c:/Espressif/ESP8266_SDK/lib\libphy.a(phy.o)
                              c:/Espressif/ESP8266_SDK/lib\libmain.a(app_main.o) (phy_enable_agc)
c:/Espressif/ESP8266_SDK/lib\libphy.a(phy_chip_v6_ana.o)
                              c:/Espressif/ESP8266_SDK/lib\libmain.a(user_interface.o) (test_tout)
c:/Espressif/ESP8266_SDK/lib\libphy.a(phy_chip_v6.o)
                              c:/Espressif/ESP8266_SDK/lib\libphy.a(phy_chip_v6_ana.o) (g_phyFuns)
c:/Espressif/ESP8266_SDK/lib\libphy.a(phy_chip_v6_cal.o)
                              c:/Espressif/ESP8266_SDK/lib\libphy.a(phy_chip_v6.o) (loop_pwctrl_pwdet_error_accum_high_power)
c:/Espressif/ESP8266_SDK/lib\libphy.a(phy_chip_v6_unused.o)
                              c:/Espressif/ESP8266_SDK/lib\libphy.a(phy_chip_v6.o) (chip_v6_set_sense)
c:/Espressif/ESP8266_SDK/lib\libphy.a(phy_sleep.o)
                              c:/Espressif/ESP8266_SDK/lib\libphy.a(phy_chip_v6.o) (pm_set_sleep_cycles)
c:/Espressif/ESP8266_SDK/lib\libpp.a(if_hwctrl.o)
                              c:/Espressif/ESP8266_SDK/lib\libmain.a(user_interface.o) (ic_set_vif)
c:/Espressif/ESP8266_SDK/lib\libpp.a(lmac.o)
                              c:/Espressif/ESP8266_SDK/lib\libmain.a(app_main.o) (lmacInit)
c:/Espressif/ESP8266_SDK/lib\libpp.a(pm.o)
                              c:/Espressif/ESP8266_SDK/lib\libmain.a(user_interface.o) (pm_rtc_clock_cali_proc)
c:/Espressif/ESP8266_SDK/lib\libpp.a(pp.o)
                              c:/Espressif/ESP8266_SDK/lib\libpp.a(pm.o) (pend_flag_noise_check)
c:/Espressif/ESP8266_SDK/lib\libpp.a(rate_control.o)
                              c:/Espressif/ESP8266_SDK/lib\libpp.a(lmac.o) (RC_SetBasicRate)
c:/Espressif/ESP8266_SDK/lib\libpp.a(trc.o)
                              c:/Espressif/ESP8266_SDK/lib\libpp.a(if_hwctrl.o) (rcUpdatePhyMode)
c:/Espressif/ESP8266_SDK/lib\libpp.a(wdev.o)
[...]
Memory Configuration

Name             Origin             Length             Attributes
dport0_0_seg     0x3ff00000         0x00000010
dram0_0_seg      0x3ffe8000         0x00014000
iram1_0_seg      0x40100000         0x00008000
irom0_0_seg      0x40240000         0x0003c000
*default*        0x00000000         0xffffffff

Linker script and memory map

START GROUP
LOAD c:/espressif/xtensa-lx106-elf/bin/../lib/gcc/xtensa-lx106-elf/4.8.2/../../../../xtensa-lx106-elf/lib\libc.a
LOAD c:/espressif/xtensa-lx106-elf/bin/../lib/gcc/xtensa-lx106-elf/4.8.2\libgcc.a
LOAD c:/espressif/xtensa-lx106-elf/bin/../lib/gcc/xtensa-lx106-elf/4.8.2/../../../../xtensa-lx106-elf/lib\libhal.a
LOAD c:/Espressif/ESP8266_SDK/lib\libphy.a
LOAD c:/Espressif/ESP8266_SDK/lib\libpp.a
LOAD c:/Espressif/ESP8266_SDK/lib\libnet80211.a
LOAD c:/Espressif/ESP8266_SDK/lib\liblwip.a
LOAD c:/Espressif/ESP8266_SDK/lib\libwpa.a
LOAD c:/Espressif/ESP8266_SDK/lib\libmain.a
LOAD c:/Espressif/ESP8266_SDK/lib\libupgrade.a
LOAD c:/Espressif/ESP8266_SDK/lib\libssl.a
LOAD c:/Espressif/ESP8266_SDK/lib\libsmartconfig.a
LOAD build/app_app.a
END GROUP
                0x40000000                PROVIDE (_memmap_vecbase_reset, 0x40000000)
                0x00000110                _memmap_cacheattr_wb_base = 0x110
                0x00000110                _memmap_cacheattr_wt_base = 0x110
                0x00000220                _memmap_cacheattr_bp_base = 0x220
                0xfffff00f                _memmap_cacheattr_unused_mask = 0xfffff00f
                0x2222211f                _memmap_cacheattr_wb_trapnull = 0x2222211f
                0x2222211f                _memmap_cacheattr_wba_trapnull = 0x2222211f
                0x2222211f                _memmap_cacheattr_wbna_trapnull = 0x2222211f
                0x2222211f                _memmap_cacheattr_wt_trapnull = 0x2222211f
                0x2222222f                _memmap_cacheattr_bp_trapnull = 0x2222222f
                0xfffff11f                _memmap_cacheattr_wb_strict = 0xfffff11f
                0xfffff11f                _memmap_cacheattr_wt_strict = 0xfffff11f
                0xfffff22f                _memmap_cacheattr_bp_strict = 0xfffff22f
                0x22222112                _memmap_cacheattr_wb_allvalid = 0x22222112
                0x22222112                _memmap_cacheattr_wt_allvalid = 0x22222112
                0x22222222                _memmap_cacheattr_bp_allvalid = 0x22222222
                0x2222211f                PROVIDE (_memmap_cacheattr_reset, _memmap_cacheattr_wb_trapnull)

.dport0.rodata  0x3ff00000        0x0
                0x3ff00000                _dport0_rodata_start = ABSOLUTE (.)
 *(.dport0.rodata)
 *(.dport.rodata)
                0x3ff00000                _dport0_rodata_end = ABSOLUTE (.)

.dport0.literal
                0x3ff00000        0x0
                0x3ff00000                _dport0_literal_start = ABSOLUTE (.)
 *(.dport0.literal)
 *(.dport.literal)
                0x3ff00000                _dport0_literal_end = ABSOLUTE (.)

.dport0.data    0x3ff00000        0x0
                0x3ff00000                _dport0_data_start = ABSOLUTE (.)
 *(.dport0.data)
 *(.dport.data)
                0x3ff00000                _dport0_data_end = ABSOLUTE (.)

.data           0x3ffe8000      0x53c
                0x3ffe8000                _data_start = ABSOLUTE (.)
 *(.data)
 .data          0x3ffe8000        0x0 c:/Espressif/ESP8266_SDK/lib\libmain.a(debug-vector.o)
 .data          0x3ffe8000        0x0 c:/Espressif/ESP8266_SDK/lib\libmain.a(double-vector.o)
 .data          0x3ffe8000        0x0 c:/Espressif/ESP8266_SDK/lib\libmain.a(kernel-vector.o)
 .data          0x3ffe8000        0x4 c:/Espressif/ESP8266_SDK/lib\libmain.a(nmi-vector.o)
                0x3ffe8000                _Pri_3_HandlerAddress
 .data          0x3ffe8004        0x0 c:/Espressif/ESP8266_SDK/lib\libmain.a(user-vector.o)
 .data          0x3ffe8004        0x0 c:/Espressif/ESP8266_SDK/lib\libmain.a(vector.o)
 .data          0x3ffe8004        0x1 c:/Espressif/ESP8266_SDK/lib\libmain.a(app_main.o)
 .data          0x3ffe8005        0x0 c:/Espressif/ESP8266_SDK/lib\libmain.a(ets_timer.o)
 .data          0x3ffe8005        0x0 c:/Espressif/ESP8266_SDK/lib\libmain.a(mem_manager.o)
 .data          0x3ffe8005        0x0 c:/Espressif/ESP8266_SDK/lib\libmain.a(spi_flash.o)
 *fill*         0x3ffe8005        0x3 
 .data          0x3ffe8008        0x5 c:/Espressif/ESP8266_SDK/lib\libmain.a(user_interface.o)
                0x3ffe8009                timer2_ms_flag
                0x3ffe800a                dhcps_flag
                0x3ffe800b                dhcpc_flag
                0x3ffe800c                reconnect_internal
 .data          0x3ffe800d        0x0 c:/Espressif/ESP8266_SDK/lib\libmain.a(eagle_lib.o)
 .data          0x3ffe800d        0x0 c:/Espressif/ESP8266_SDK/lib\libmain.a(eagle_lwip_if.o)
 .data          0x3ffe800d        0x0 c:/espressif/xtensa-lx106-elf/bin/../lib/gcc/xtensa-lx106-elf/4.8.2/../../../../xtensa-lx106-elf/lib\libc.a(lib_a-memcpy.o)
 .data          0x3ffe800d        0x0 c:/espressif/xtensa-lx106-elf/bin/../lib/gcc/xtensa-lx106-elf/4.8.2\libgcc.a(_udivsi3.o)
 .data          0x3ffe800d        0x0 c:/espressif/xtensa-lx106-elf/bin/../lib/gcc/xtensa-lx106-elf/4.8.2\libgcc.a(_umodsi3.o)
 .data          0x3ffe800d        0x0 c:/espressif/xtensa-lx106-elf/bin/../lib/gcc/xtensa-lx106-elf/4.8.2\libgcc.a(_muldi3.o)
 .data          0x3ffe800d        0x0 c:/espressif/xtensa-lx106-elf/bin/../lib/gcc/xtensa-lx106-elf/4.8.2\libgcc.a(_umulsidi3.o)
 .data          0x3ffe800d        0x0 c:/espressif/xtensa-lx106-elf/bin/../lib/gcc/xtensa-lx106-elf/4.8.2/../../../../xtensa-lx106-elf/lib\libhal.a(int_asm--set_intclear.o)
 .data          0x3ffe800d        0x0 c:/Espressif/ESP8266_SDK/lib\libphy.a(phy.o)
 .data          0x3ffe800d        0x0 c:/Espressif/ESP8266_SDK/lib\libphy.a(phy_chip_v6_ana.o)
 *fill*         0x3ffe800d        0x3 
 .data          0x3ffe8010       0x53 c:/Espressif/ESP8266_SDK/lib\libphy.a(phy_chip_v6.o)
                0x3ffe8012                tx_rf_ana_gain
                0x3ffe8034                tx_pwctrl_atten_init_en
                0x3ffe8040                rx_gain_swp
                0x3ffe8060                test_rffreq_txcap
 .data          0x3ffe8063        0x0 c:/Espressif/ESP8266_SDK/lib\libphy.a(phy_chip_v6_cal.o)
 .data          0x3ffe8063        0x0 c:/Espressif/ESP8266_SDK/lib\libphy.a(phy_chip_v6_unused.o)
 *fill*         0x3ffe8063        0x1 
 .data          0x3ffe8064        0x4 c:/Espressif/ESP8266_SDK/lib\libphy.a(phy_sleep.o)
                0x3ffe8064                chip_version
 .data          0x3ffe8068        0x0 c:/Espressif/ESP8266_SDK/lib\libpp.a(if_hwctrl.o)
 .data          0x3ffe8068        0x0 c:/Espressif/ESP8266_SDK/lib\libpp.a(lmac.o)
 .data          0x3ffe8068        0x1 c:/Espressif/ESP8266_SDK/lib\libpp.a(pm.o)
 *fill*         0x3ffe8069        0x3 
 .data          0x3ffe806c       0x1c c:/Espressif/ESP8266_SDK/lib\libpp.a(pp.o)
                0x3ffe806c                soft_wdt_interval
                0x3ffe8070                NoiseTimerInterval
                0x3ffe8078                sleep_start_wait_time
                0x3ffe8084                tcb
 *fill*         0x3ffe8088        0x8 
 .data          0x3ffe8090       0x40 c:/Espressif/ESP8266_SDK/lib\libpp.a(rate_control.o)
 .data          0x3ffe80d0      0x22c c:/Espressif/ESP8266_SDK/lib\libpp.a(trc.o)
 *fill*         0x3ffe82fc        0x4 
 .data          0x3ffe8300       0x10 c:/Espressif/ESP8266_SDK/lib\libpp.a(wdev.o)
 .data          0x3ffe8310        0x0 c:/Espressif/ESP8266_SDK/lib\libpp.a(esf_buf.o)
 .data          0x3ffe8310        0x0 c:/Espressif/ESP8266_SDK/lib\libnet80211.a(ieee80211.o)
 .data          0x3ffe8310        0x0 c:/Espressif/ESP8266_SDK/lib\libnet80211.a(ieee80211_crypto.o)
 .data          0x3ffe8310        0x0 c:/Espressif/ESP8266_SDK/lib\libnet80211.a(ieee80211_ets.o)
 .data          0x3ffe8310        0x0 c:/Espressif/ESP8266_SDK/lib\libnet80211.a(ieee80211_hostap.o)
 .data          0x3ffe8310        0x0 c:/Espressif/ESP8266_SDK/lib\libnet80211.a(ieee80211_ht.o)
 .data          0x3ffe8310        0x0 c:/Espressif/ESP8266_SDK/lib\libnet80211.a(ieee80211_input.o)
 .data          0x3ffe8310        0x0 c:/Espressif/ESP8266_SDK/lib\libnet80211.a(ieee80211_output.o)
 .data          0x3ffe8310      0x1a8 c:/Espressif/ESP8266_SDK/lib\libnet80211.a(ieee80211_phy.o)
 .data          0x3ffe84b8        0x0 c:/Espressif/ESP8266_SDK/lib\libnet80211.a(ieee80211_power.o)
 .data          0x3ffe84b8        0x6 c:/Espressif/ESP8266_SDK/lib\libnet80211.a(ieee80211_proto.o)
                0x3ffe84b8                ieee80211_addr_bcast
 .data          0x3ffe84be        0x0 c:/Espressif/ESP8266_SDK/lib\libnet80211.a(ieee80211_scan.o)
 .data          0x3ffe84be        0x0 c:/Espressif/ESP8266_SDK/lib\libnet80211.a(ieee80211_sta.o)
 .data          0x3ffe84be        0x0 c:/Espressif/ESP8266_SDK/lib\libnet80211.a(wl_chm.o)
 .data          0x3ffe84be        0x0 c:/Espressif/ESP8266_SDK/lib\libnet80211.a(wl_cnx.o)
 *fill*         0x3ffe84be        0x2 
 .data          0x3ffe84c0       0x1c c:/Espressif/ESP8266_SDK/lib\libnet80211.a(ieee80211_action.o)
 .data          0x3ffe84dc        0x4 c:/Espressif/ESP8266_SDK/lib\liblwip.a(dhcp.o)
 .data          0x3ffe84e0        0x8 c:/Espressif/ESP8266_SDK/lib\liblwip.a(dhcpserver.o)
 .data          0x3ffe84e8        0x0 c:/Espressif/ESP8266_SDK/lib\liblwip.a(dns.o)
 .data          0x3ffe84e8        0x0 c:/Espressif/ESP8266_SDK/lib\liblwip.a(espconn_tcp.o)
 .data          0x3ffe84e8        0x0 c:/Espressif/ESP8266_SDK/lib\liblwip.a(etharp.o)
 .data          0x3ffe84e8        0x0 c:/Espressif/ESP8266_SDK/lib\liblwip.a(init.o)
 .data          0x3ffe84e8        0x0 c:/Espressif/ESP8266_SDK/lib\liblwip.a(ip_addr.o)
 .data          0x3ffe84e8        0x0 c:/Espressif/ESP8266_SDK/lib\liblwip.a(ip.o)
 .data          0x3ffe84e8        0x2 c:/Espressif/ESP8266_SDK/lib\liblwip.a(memp.o)
                0x3ffe84e8                memp_sizes_test
 .data          0x3ffe84ea        0x0 c:/Espressif/ESP8266_SDK/lib\liblwip.a(netif.o)
 .data          0x3ffe84ea        0x0 c:/Espressif/ESP8266_SDK/lib\liblwip.a(pbuf.o)
 .data          0x3ffe84ea        0x0 c:/Espressif/ESP8266_SDK/lib\liblwip.a(raw.o)
 .data          0x3ffe84ea        0x0 c:/Espressif/ESP8266_SDK/lib\liblwip.a(tcp_in.o)
 *fill*         0x3ffe84ea        0x2 
 .data          0x3ffe84ec        0x8 c:/Espressif/ESP8266_SDK/lib\liblwip.a(tcp.o)
 .data          0x3ffe84f4        0x0 c:/Espressif/ESP8266_SDK/lib\liblwip.a(tcp_out.o)
 .data          0x3ffe84f4        0x0 c:/Espressif/ESP8266_SDK/lib\liblwip.a(timers.o)
 .data          0x3ffe84f4        0x0 c:/Espressif/ESP8266_SDK/lib\liblwip.a(udp.o)
 .data          0x3ffe84f4        0x0 c:/Espressif/ESP8266_SDK/lib\liblwip.a(espconn.o)
 .data          0x3ffe84f4        0x0 c:/Espressif/ESP8266_SDK/lib\liblwip.a(espconn_udp.o)
 .data          0x3ffe84f4        0x0 c:/Espressif/ESP8266_SDK/lib\liblwip.a(icmp.o)
 .data          0x3ffe84f4        0x0 c:/Espressif/ESP8266_SDK/lib\liblwip.a(igmp.o)
 .data          0x3ffe84f4        0x0 c:/Espressif/ESP8266_SDK/lib\liblwip.a(inet_chksum.o)
 .data          0x3ffe84f4        0x0 c:/Espressif/ESP8266_SDK/lib\liblwip.a(mdns.o)
 .data          0x3ffe84f4        0x0 c:/Espressif/ESP8266_SDK/lib\libwpa.a(ap_config.o)
 .data          0x3ffe84f4        0x0 c:/Espressif/ESP8266_SDK/lib\libwpa.a(common.o)
 .data          0x3ffe84f4        0x0 c:/Espressif/ESP8266_SDK/lib\libwpa.a(os_xtensa.o)
 .data          0x3ffe84f4        0x0 c:/Espressif/ESP8266_SDK/lib\libwpa.a(wpa_auth.o)
 .data          0x3ffe84f4        0x0 c:/Espressif/ESP8266_SDK/lib\libwpa.a(wpa_auth_ie.o)
 .data          0x3ffe84f4        0x0 c:/Espressif/ESP8266_SDK/lib\libwpa.a(wpa.o)
 .data          0x3ffe84f4        0x0 c:/Espressif/ESP8266_SDK/lib\libwpa.a(wpa_common.o)
 .data          0x3ffe84f4        0x0 c:/Espressif/ESP8266_SDK/lib\libwpa.a(wpa_debug.o)
 .data          0x3ffe84f4        0x0 c:/Espressif/ESP8266_SDK/lib\libwpa.a(wpa_ie.o)
 .data          0x3ffe84f4        0x0 c:/Espressif/ESP8266_SDK/lib\libwpa.a(wpa_main.o)
 .data          0x3ffe84f4        0x0 c:/Espressif/ESP8266_SDK/lib\libwpa.a(wpas_glue.o)
 .data          0x3ffe84f4        0x0 c:/Espressif/ESP8266_SDK/lib\libwpa.a(aes-wrap.o)
 .data          0x3ffe84f4        0x0 c:/Espressif/ESP8266_SDK/lib\libwpa.a(aes-internal-enc.o)
 .data          0x3ffe84f4        0x0 c:/espressif/xtensa-lx106-elf/bin/../lib/gcc/xtensa-lx106-elf/4.8.2/../../../../xtensa-lx106-elf/lib\libc.a(lib_a-memset.o)
 .data          0x3ffe84f4        0x0 c:/espressif/xtensa-lx106-elf/bin/../lib/gcc/xtensa-lx106-elf/4.8.2/../../../../xtensa-lx106-elf/lib\libc.a(lib_a-strlen.o)
 .data          0x3ffe84f4        0x0 c:/espressif/xtensa-lx106-elf/bin/../lib/gcc/xtensa-lx106-elf/4.8.2\libgcc.a(_divsi3.o)
 .data          0x3ffe84f4        0x0 c:/espressif/xtensa-lx106-elf/bin/../lib/gcc/xtensa-lx106-elf/4.8.2\libgcc.a(_modsi3.o)
 .data          0x3ffe84f4        0x0 c:/espressif/xtensa-lx106-elf/bin/../lib/gcc/xtensa-lx106-elf/4.8.2\libgcc.a(_ashrdi3.o)
 .data          0x3ffe84f4        0x0 c:/espressif/xtensa-lx106-elf/bin/../lib/gcc/xtensa-lx106-elf/4.8.2\libgcc.a(_addsubsf3.o)
 .data          0x3ffe84f4        0x0 c:/espressif/xtensa-lx106-elf/bin/../lib/gcc/xtensa-lx106-elf/4.8.2\libgcc.a(_mulsf3.o)
 .data          0x3ffe84f4        0x0 c:/espressif/xtensa-lx106-elf/bin/../lib/gcc/xtensa-lx106-elf/4.8.2\libgcc.a(_divsf3.o)
 .data          0x3ffe84f4        0x0 c:/espressif/xtensa-lx106-elf/bin/../lib/gcc/xtensa-lx106-elf/4.8.2\libgcc.a(_fixsfsi.o)
 .data          0x3ffe84f4        0x0 c:/espressif/xtensa-lx106-elf/bin/../lib/gcc/xtensa-lx106-elf/4.8.2\libgcc.a(_fixunssfsi.o)
 .data          0x3ffe84f4        0x0 c:/espressif/xtensa-lx106-elf/bin/../lib/gcc/xtensa-lx106-elf/4.8.2\libgcc.a(_floatsisf.o)
 .data          0x3ffe84f4        0x0 c:/espressif/xtensa-lx106-elf/bin/../lib/gcc/xtensa-lx106-elf/4.8.2\libgcc.a(_muldf3.o)
 .data          0x3ffe84f4        0x0 c:/espressif/xtensa-lx106-elf/bin/../lib/gcc/xtensa-lx106-elf/4.8.2\libgcc.a(_divdf3.o)
 .data          0x3ffe84f4        0x0 c:/espressif/xtensa-lx106-elf/bin/../lib/gcc/xtensa-lx106-elf/4.8.2\libgcc.a(_fixdfsi.o)
 .data          0x3ffe84f4        0x0 c:/espressif/xtensa-lx106-elf/bin/../lib/gcc/xtensa-lx106-elf/4.8.2\libgcc.a(_floatsidf.o)
 .data          0x3ffe84f4        0x0 c:/espressif/xtensa-lx106-elf/bin/../lib/gcc/xtensa-lx106-elf/4.8.2\libgcc.a(_truncdfsf2.o)
 .data          0x3ffe84f4        0x0 c:/espressif/xtensa-lx106-elf/bin/../lib/gcc/xtensa-lx106-elf/4.8.2\libgcc.a(_popcountsi2.o)
 .data          0x3ffe84f4        0x0 c:/espressif/xtensa-lx106-elf/bin/../lib/gcc/xtensa-lx106-elf/4.8.2\libgcc.a(_divdi3.o)
 .data          0x3ffe84f4        0x0 c:/espressif/xtensa-lx106-elf/bin/../lib/gcc/xtensa-lx106-elf/4.8.2\libgcc.a(_umoddi3.o)
 .data          0x3ffe84f4        0x0 c:/espressif/xtensa-lx106-elf/bin/../lib/gcc/xtensa-lx106-elf/4.8.2\libgcc.a(_popcount_tab.o)
 .data          0x3ffe84f4       0x18 c:/Espressif/ESP8266_SDK/lib\libnet80211.a(ieee80211_crypto_ccmp.o)
                0x3ffe84f4                ccmp
 .data          0x3ffe850c       0x18 c:/Espressif/ESP8266_SDK/lib\libnet80211.a(ieee80211_crypto_tkip.o)
                0x3ffe850c                tkip
 .data          0x3ffe8524       0x18 c:/Espressif/ESP8266_SDK/lib\libnet80211.a(ieee80211_crypto_wep.o)
                0x3ffe8524                wep
 *(.data.*)
 *(.gnu.linkonce.d.*)
 *(.data1)
 *(.sdata)
 *(.sdata.*)
 *(.gnu.linkonce.s.*)
 *(.sdata2)
 *(.sdata2.*)
 *(.gnu.linkonce.s2.*)
 *(.jcr)
                0x3ffe853c                _data_end = ABSOLUTE (.)

.rodata         0x3ffe8540      0x4a8
                0x3ffe8540                _rodata_start = ABSOLUTE (.)
 *(.rodata)
 .rodata        0x3ffe8540        0x2 c:/Espressif/ESP8266_SDK/lib\libmain.a(mem_manager.o)
 *fill*         0x3ffe8542        0x2 
 .rodata        0x3ffe8544        0x8 c:/Espressif/ESP8266_SDK/lib\libmain.a(eagle_lib.o)
 .rodata        0x3ffe854c        0x8 c:/Espressif/ESP8266_SDK/lib\libphy.a(phy_chip_v6_ana.o)
 .rodata        0x3ffe8554        0x8 c:/Espressif/ESP8266_SDK/lib\libphy.a(phy_chip_v6.o)
 .rodata        0x3ffe855c        0x3 c:/Espressif/ESP8266_SDK/lib\libpp.a(pp.o)
 *fill*         0x3ffe855f        0x1 
 .rodata        0x3ffe8560        0x8 c:/Espressif/ESP8266_SDK/lib\libnet80211.a(ieee80211.o)
                0x3ffe8560                ieee80211_opcap
 .rodata        0x3ffe8568        0x4 c:/Espressif/ESP8266_SDK/lib\libnet80211.a(ieee80211_hostap.o)
 .rodata        0x3ffe856c        0x4 c:/Espressif/ESP8266_SDK/lib\libnet80211.a(ieee80211_output.o)
 .rodata        0x3ffe8570       0x70 c:/Espressif/ESP8266_SDK/lib\libnet80211.a(ieee80211_proto.o)
 .rodata        0x3ffe85e0        0x8 c:/Espressif/ESP8266_SDK/lib\libnet80211.a(wl_cnx.o)
 .rodata        0x3ffe85e8        0x8 c:/Espressif/ESP8266_SDK/lib\liblwip.a(dhcpserver.o)
 .rodata        0x3ffe85f0        0xc c:/Espressif/ESP8266_SDK/lib\liblwip.a(etharp.o)
                0x3ffe85f0                ethbroadcast
                0x3ffe85f6                ethzero
 .rodata        0x3ffe85fc        0x8 c:/Espressif/ESP8266_SDK/lib\liblwip.a(ip_addr.o)
                0x3ffe85fc                ip_addr_any
                0x3ffe8600                ip_addr_broadcast
 *fill*         0x3ffe8604        0xc 
 .rodata        0x3ffe8610       0x14 c:/Espressif/ESP8266_SDK/lib\liblwip.a(memp.o)
                0x3ffe8610                memp_sizes
 *fill*         0x3ffe8624        0xc 
 .rodata        0x3ffe8630       0x2d c:/Espressif/ESP8266_SDK/lib\liblwip.a(tcp.o)
                0x3ffe8630                tcp_pcb_lists
                0x3ffe8640                tcp_persist_backoff
                0x3ffe8650                tcp_backoff
 *fill*         0x3ffe865d        0x3 
 .rodata        0x3ffe8660        0x6 c:/Espressif/ESP8266_SDK/lib\libwpa.a(ap_config.o)
 *fill*         0x3ffe8666        0x2 
 .rodata        0x3ffe8668       0x14 c:/Espressif/ESP8266_SDK/lib\libwpa.a(wpa_auth.o)
 *fill*         0x3ffe867c        0x4 
 .rodata        0x3ffe8680        0x8 c:/Espressif/ESP8266_SDK/lib\libwpa.a(wpa.o)
 *fill*         0x3ffe8688        0x8 
 .rodata        0x3ffe8690        0xc c:/Espressif/ESP8266_SDK/lib\libwpa.a(wpa_common.o)
 .rodata        0x3ffe869c      0x100 c:/espressif/xtensa-lx106-elf/bin/../lib/gcc/xtensa-lx106-elf/4.8.2\libgcc.a(_popcount_tab.o)
                0x3ffe869c                __popcount_tab
 *(.rodata.*)
 .rodata.str1.4
                0x3ffe879c       0x73 c:/Espressif/ESP8266_SDK/lib\libmain.a(app_main.o)
 *fill*         0x3ffe880f        0x1 
 .rodata.str1.4
                0x3ffe8810       0x14 c:/Espressif/ESP8266_SDK/lib\libmain.a(ets_timer.o)
 .rodata.str1.4
                0x3ffe8824       0x28 c:/Espressif/ESP8266_SDK/lib\libmain.a(mem_manager.o)
 .rodata.str1.4
                0x3ffe884c       0x1b c:/Espressif/ESP8266_SDK/lib\libmain.a(user_interface.o)
                                 0x22 (size before relaxing)
 *fill*         0x3ffe8867        0x1 
 .rodata.str1.4
                0x3ffe8868        0x7 c:/Espressif/ESP8266_SDK/lib\libpp.a(lmac.o)
                                  0xf (size before relaxing)
 *fill*         0x3ffe886f        0x1 
 .rodata.str1.4
                0x3ffe8870       0x17 c:/Espressif/ESP8266_SDK/lib\libpp.a(pm.o)
                                 0x1f (size before relaxing)
 *fill*         0x3ffe8887        0x1 
 .rodata.str1.4
                0x3ffe8888        0x5 c:/Espressif/ESP8266_SDK/lib\libpp.a(pp.o)
                                  0xd (size before relaxing)
 *fill*         0x3ffe888d        0x3 
 .rodata.str1.4
                0x3ffe8890        0x7 c:/Espressif/ESP8266_SDK/lib\libpp.a(wdev.o)
                                  0xf (size before relaxing)
 .rodata.str1.4
                0x00000000        0x7 c:/Espressif/ESP8266_SDK/lib\libnet80211.a(ieee80211.o)
 .rodata.str1.4
                0x00000000        0x7 c:/Espressif/ESP8266_SDK/lib\libnet80211.a(ieee80211_output.o)
 *fill*         0x3ffe8897        0x1 
 .rodata.str1.4
                0x3ffe8898        0x4 c:/Espressif/ESP8266_SDK/lib\libnet80211.a(ieee80211_scan.o)
 .rodata.str1.4
                0x3ffe889c        0xf c:/Espressif/ESP8266_SDK/lib\liblwip.a(dns.o)
 .rodata.str1.4
                0x00000000        0xf c:/Espressif/ESP8266_SDK/lib\liblwip.a(espconn_tcp.o)
                                  0x1 (size before relaxing)
 *fill*         0x3ffe88ab        0x1 
 .rodata.str1.4
                0x3ffe88ac       0x88 c:/Espressif/ESP8266_SDK/lib\liblwip.a(mdns.o)
 .rodata.str1.4
                0x3ffe8934       0x3c c:/Espressif/ESP8266_SDK/lib\libwpa.a(wpa_auth.o)
                                 0x43 (size before relaxing)
 .rodata.str1.4
                0x00000000       0x17 c:/Espressif/ESP8266_SDK/lib\libwpa.a(wpa.o)
 .rodata.str1.4
                0x3ffe8970        0xc c:/Espressif/ESP8266_SDK/lib\libwpa.a(wpa_common.o)
                                  0x9 (size before relaxing)
 *(.gnu.linkonce.r.*)
 *(.rodata1)
                0x3ffe897c                __XT_EXCEPTION_TABLE__ = ABSOLUTE (.)
 *(.xt_except_table)
 *(.gcc_except_table)
 *(.gnu.linkonce.e.*)
 *(.gnu.version_r)
 *(.eh_frame)
 .eh_frame      0x3ffe897c       0x38 c:/espressif/xtensa-lx106-elf/bin/../lib/gcc/xtensa-lx106-elf/4.8.2\libgcc.a(_divdi3.o)
 .eh_frame      0x3ffe89b4       0x2c c:/espressif/xtensa-lx106-elf/bin/../lib/gcc/xtensa-lx106-elf/4.8.2\libgcc.a(_umoddi3.o)
                                 0x3c (size before relaxing)
 *crtbegin.o(.ctors)
 *(EXCLUDE_FILE(*crtend.o) .ctors)
 *(SORT(.ctors.*))
 *(.ctors)
 *crtbegin.o(.dtors)
 *(EXCLUDE_FILE(*crtend.o) .dtors)
 *(SORT(.dtors.*))
 *(.dtors)
                0x3ffe89e0                __XT_EXCEPTION_DESCS__ = ABSOLUTE (.)
 *(.xt_except_desc)
 *(.gnu.linkonce.h.*)
                0x3ffe89e0                __XT_EXCEPTION_DESCS_END__ = ABSOLUTE (.)
 *(.xt_except_desc_end)
 *(.dynamic)
 *(.gnu.version_d)
                0x3ffe89e0                . = ALIGN (0x4)
                0x3ffe89e0                _bss_table_start = ABSOLUTE (.)
                0x3ffe89e0        0x4 LONG 0x3ffe89e8 _bss_start
                0x3ffe89e4        0x4 LONG 0x3fff1af8 _bss_end
                0x3ffe89e8                _bss_table_end = ABSOLUTE (.)
                0x3ffe89e8                _rodata_end = ABSOLUTE (.)

.bss            0x3ffe89e8     0x9110
                0x3ffe89e8                . = ALIGN (0x8)
                0x3ffe89e8                _bss_start = ABSOLUTE (.)
 *(.dynsbss)
 *(.sbss)
 *(.sbss.*)
 *(.gnu.linkonce.sb.*)
 *(.scommon)
 *(.sbss2)
 *(.sbss2.*)
 *(.gnu.linkonce.sb2.*)
 *(.dynbss)
 *(.bss)
 .bss           0x3ffe89e8        0x0 c:/Espressif/ESP8266_SDK/lib\libmain.a(debug-vector.o)
 .bss           0x3ffe89e8        0x0 c:/Espressif/ESP8266_SDK/lib\libmain.a(double-vector.o)
 .bss           0x3ffe89e8        0x0 c:/Espressif/ESP8266_SDK/lib\libmain.a(kernel-vector.o)
 *fill*         0x3ffe89e8        0x8 
 .bss           0x3ffe89f0      0x1c0 c:/Espressif/ESP8266_SDK/lib\libmain.a(nmi-vector.o)
 .bss           0x3ffe8bb0        0x0 c:/Espressif/ESP8266_SDK/lib\libmain.a(user-vector.o)
 .bss           0x3ffe8bb0        0x0 c:/Espressif/ESP8266_SDK/lib\libmain.a(vector.o)
 .bss           0x3ffe8bb0       0x3d c:/Espressif/ESP8266_SDK/lib\libmain.a(app_main.o)
                0x3ffe8bb4                info
                0x3ffe8bd8                check_timeouts_timer
                0x3ffe8bec                user_init_flag
 *fill*         0x3ffe8bed        0x3 
 .bss           0x3ffe8bf0       0x30 c:/Espressif/ESP8266_SDK/lib\libmain.a(ets_timer.o)
                0x3ffe8bf0                timer_list
                0x3ffe8bf4                debug_timer
                0x3ffe8bf8                debug_timerfn
 .bss           0x3ffe8c20       0x18 c:/Espressif/ESP8266_SDK/lib\libmain.a(mem_manager.o)
 .bss           0x3ffe8c38        0x0 c:/Espressif/ESP8266_SDK/lib\libmain.a(spi_flash.o)
 *fill*         0x3ffe8c38        0x8 
 .bss           0x3ffe8c40      0x141 c:/Espressif/ESP8266_SDK/lib\libmain.a(user_interface.o)
                0x3ffe8d37                deep_sleep_flag
                0x3ffe8d38                cpu_overclock
                0x3ffe8d3c                event_cb
                0x3ffe8d40                status_led_output_level
                0x3ffe8d44                done_cb
                0x3ffe8d48                rst_if
                0x3ffe8d64                default_interface
                0x3ffe8d65                OpmodChgIsOnGoing
                0x3ffe8d68                promiscuous_cb
 .bss           0x3ffe8d81        0x0 c:/Espressif/ESP8266_SDK/lib\libmain.a(eagle_lib.o)
 *fill*         0x3ffe8d81        0x3 
 .bss           0x3ffe8d84        0x8 c:/Espressif/ESP8266_SDK/lib\libmain.a(eagle_lwip_if.o)
 .bss           0x3ffe8d8c        0x0 c:/espressif/xtensa-lx106-elf/bin/../lib/gcc/xtensa-lx106-elf/4.8.2/../../../../xtensa-lx106-elf/lib\libc.a(lib_a-memcpy.o)
 .bss           0x3ffe8d8c        0x0 c:/espressif/xtensa-lx106-elf/bin/../lib/gcc/xtensa-lx106-elf/4.8.2\libgcc.a(_udivsi3.o)
 .bss           0x3ffe8d8c        0x0 c:/espressif/xtensa-lx106-elf/bin/../lib/gcc/xtensa-lx106-elf/4.8.2\libgcc.a(_umodsi3.o)
 .bss           0x3ffe8d8c        0x0 c:/espressif/xtensa-lx106-elf/bin/../lib/gcc/xtensa-lx106-elf/4.8.2\libgcc.a(_muldi3.o)
 .bss           0x3ffe8d8c        0x0 c:/espressif/xtensa-lx106-elf/bin/../lib/gcc/xtensa-lx106-elf/4.8.2\libgcc.a(_umulsidi3.o)
 .bss           0x3ffe8d8c        0x0 c:/espressif/xtensa-lx106-elf/bin/../lib/gcc/xtensa-lx106-elf/4.8.2/../../../../xtensa-lx106-elf/lib\libhal.a(int_asm--set_intclear.o)
 .bss           0x3ffe8d8c        0x4 c:/Espressif/ESP8266_SDK/lib\libphy.a(phy.o)
 .bss           0x3ffe8d90        0x0 c:/Espressif/ESP8266_SDK/lib\libphy.a(phy_chip_v6_ana.o)
 .bss           0x3ffe8d90      0x3ab c:/Espressif/ESP8266_SDK/lib\libphy.a(phy_chip_v6.o)
                0x3ffe8d90                g_phyFuns
                0x3ffe8d94                rxiq_compute_num
                0x3ffe8d98                rxdc_init_flag
                0x3ffe8d9c                check_result
                0x3ffe8da0                chip6_sleep_params
                0x3ffe8f84                chip6_phy_init_ctrl
                0x3ffe8ff8                phy_freq_offset
                0x3ffe8ffa                do_pwctrl_flag
                0x3ffe8ffb                pwctrl_debug
                0x3ffe8ffc                txbk_dpdby_flag
                0x3ffe8ffe                sw_scan_mode
                0x3ffe9010                periodic_cal_dc_num
                0x3ffe9014                periodic_cal_flag
                0x3ffe9015                bbpll_cal_flag
                0x3ffe9016                phy_in_most_power
                0x3ffe9017                deep_sleep_en
                0x3ffe9018                rtc_mem_check_fail
                0x3ffe9019                rtc_recovery_en
                0x3ffe901a                phy_in_vdd33_offset
                0x3ffe901b                phy_set_most_tpw_disbg
                0x3ffe901c                phy_set_most_tpw_index
                0x3ffe9020                adc_rand_noise
                0x3ffe9024                dpd_bypass_original
                0x3ffe9028                noise_array
                0x3ffe9130                tx_pwctrl_atten_init
 *fill*         0x3ffe913b        0x1 
 .bss           0x3ffe913c        0x6 c:/Espressif/ESP8266_SDK/lib\libphy.a(phy_chip_v6_cal.o)
                0x3ffe913c                loop_pwctrl_pwdet_error_accum_high_power
                0x3ffe913e                tx_pwctrl_pk_num
                0x3ffe913f                loop_pwctrl_correct_atten_high_power
                0x3ffe9140                tx_pwctrl_set_chan_flag
                0x3ffe9141                rxiq_cover_fail_num
 .bss           0x3ffe9142        0x0 c:/Espressif/ESP8266_SDK/lib\libphy.a(phy_chip_v6_unused.o)
 *fill*         0x3ffe9142        0x2 
 .bss           0x3ffe9144        0x7 c:/Espressif/ESP8266_SDK/lib\libphy.a(phy_sleep.o)
                0x3ffe9144                periodic_cal_sat
                0x3ffe9146                lslp_mem_opt_8266
                0x3ffe9148                software_slp_reject
                0x3ffe9149                SDIO_slp_reject
                0x3ffe914a                hardware_reject
 *fill*         0x3ffe914b        0x5 
 .bss           0x3ffe9150       0x30 c:/Espressif/ESP8266_SDK/lib\libpp.a(if_hwctrl.o)
                0x3ffe9150                interface_mask
                0x3ffe9160                if_ctrl
 .bss           0x3ffe9180      0x150 c:/Espressif/ESP8266_SDK/lib\libpp.a(lmac.o)
                0x3ffe9184                lmacConfMib
 .bss           0x3ffe92d0      0x11a c:/Espressif/ESP8266_SDK/lib\libpp.a(pm.o)
 *fill*         0x3ffe93ea        0x6 
 .bss           0x3ffe93f0      0x2e2 c:/Espressif/ESP8266_SDK/lib\libpp.a(pp.o)
                0x3ffe9408                pend_flag_noise_check
                0x3ffe9410                pend_flag_periodic_cal
                0x3ffe9428                idle_timer_reopen_flag
                0x3ffe9429                dbg_stop_sw_wdt
                0x3ffe942a                dbg_stop_hw_wdt
                0x3ffe9440                HighestFreqOffsetInOneChk
 *fill*         0x3ffe96d2        0xe 
 .bss           0x3ffe96e0      0x100 c:/Espressif/ESP8266_SDK/lib\libpp.a(rate_control.o)
 .bss           0x3ffe97e0      0x448 c:/Espressif/ESP8266_SDK/lib\libpp.a(trc.o)
 *fill*         0x3ffe9c28        0x8 
 .bss           0x3ffe9c30     0x4e80 c:/Espressif/ESP8266_SDK/lib\libpp.a(wdev.o)
                0x3ffe9c30                wDevCtrl
                0x3ffe9dd4                WdevTimOffSet
 .bss           0x3ffeeab0     0x1294 c:/Espressif/ESP8266_SDK/lib\libpp.a(esf_buf.o)
 .bss           0x3ffefd44      0x558 c:/Espressif/ESP8266_SDK/lib\libnet80211.a(ieee80211.o)
                0x3ffefd44                g_ic
 .bss           0x3fff029c        0x0 c:/Espressif/ESP8266_SDK/lib\libnet80211.a(ieee80211_crypto.o)
 .bss           0x3fff029c        0x0 c:/Espressif/ESP8266_SDK/lib\libnet80211.a(ieee80211_ets.o)
 .bss           0x3fff029c       0x38 c:/Espressif/ESP8266_SDK/lib\libnet80211.a(ieee80211_hostap.o)
                0x3fff02b4                TmpSTAAPCloseAP
                0x3fff02b5                PendFreeBcnEb
                0x3fff02c0                ApFreqCalTimer
 .bss           0x3fff02d4        0x0 c:/Espressif/ESP8266_SDK/lib\libnet80211.a(ieee80211_ht.o)
 .bss           0x3fff02d4        0x0 c:/Espressif/ESP8266_SDK/lib\libnet80211.a(ieee80211_input.o)
 .bss           0x3fff02d4        0x0 c:/Espressif/ESP8266_SDK/lib\libnet80211.a(ieee80211_output.o)
 .bss           0x3fff02d4        0x0 c:/Espressif/ESP8266_SDK/lib\libnet80211.a(ieee80211_phy.o)
 .bss           0x3fff02d4        0x0 c:/Espressif/ESP8266_SDK/lib\libnet80211.a(ieee80211_power.o)
 .bss           0x3fff02d4        0x0 c:/Espressif/ESP8266_SDK/lib\libnet80211.a(ieee80211_proto.o)
 .bss           0x3fff02d4       0xd0 c:/Espressif/ESP8266_SDK/lib\libnet80211.a(ieee80211_scan.o)
                0x3fff02d4                gScanStruct
                0x3fff0388                FreqCalCntForScan
                0x3fff038a                TestStaFreqCalValInput
                0x3fff038c                auth_type
                0x3fff038e                scannum
 .bss           0x3fff03a4        0x0 c:/Espressif/ESP8266_SDK/lib\libnet80211.a(ieee80211_sta.o)
 .bss           0x3fff03a4       0x3c c:/Espressif/ESP8266_SDK/lib\libnet80211.a(wl_chm.o)
 .bss           0x3fff03e0      0x418 c:/Espressif/ESP8266_SDK/lib\libnet80211.a(wl_cnx.o)
                0x3fff07e0                sta_con_timer
                0x3fff07f4                g_cnx_probe_rc_list_cb
 .bss           0x3fff07f8        0x0 c:/Espressif/ESP8266_SDK/lib\libnet80211.a(ieee80211_action.o)
 *fill*         0x3fff07f8        0x8 
 .bss           0x3fff0800       0x38 c:/Espressif/ESP8266_SDK/lib\liblwip.a(dhcp.o)
                0x3fff0800                dhcp_rx_options_given
                0x3fff0810                dhcp_rx_options_val
 .bss           0x3fff0838      0x248 c:/Espressif/ESP8266_SDK/lib\liblwip.a(dhcpserver.o)
                0x3fff0848                s
 .bss           0x3fff0a80      0x690 c:/Espressif/ESP8266_SDK/lib\liblwip.a(dns.o)
 .bss           0x3fff1110       0x78 c:/Espressif/ESP8266_SDK/lib\liblwip.a(espconn_tcp.o)
                0x3fff1110                espconn_TaskQueue
 *fill*         0x3fff1188        0x8 
 .bss           0x3fff1190      0x100 c:/Espressif/ESP8266_SDK/lib\liblwip.a(etharp.o)
 .bss           0x3fff1290        0x0 c:/Espressif/ESP8266_SDK/lib\liblwip.a(init.o)
 .bss           0x3fff1290       0x10 c:/Espressif/ESP8266_SDK/lib\liblwip.a(ip_addr.o)
 .bss           0x3fff12a0       0x12 c:/Espressif/ESP8266_SDK/lib\liblwip.a(ip.o)
                0x3fff12a0                current_iphdr_dest
                0x3fff12a4                current_iphdr_src
                0x3fff12a8                current_netif
                0x3fff12ac                current_header
 .bss           0x3fff12b2        0x0 c:/Espressif/ESP8266_SDK/lib\liblwip.a(memp.o)
 *fill*         0x3fff12b2        0x2 
 .bss           0x3fff12b4        0x9 c:/Espressif/ESP8266_SDK/lib\liblwip.a(netif.o)
                0x3fff12b4                netif_list
                0x3fff12b8                netif_default
 .bss           0x3fff12bd        0x0 c:/Espressif/ESP8266_SDK/lib\liblwip.a(pbuf.o)
 *fill*         0x3fff12bd        0x3 
 .bss           0x3fff12c0        0x4 c:/Espressif/ESP8266_SDK/lib\liblwip.a(raw.o)
 .bss           0x3fff12c4       0x34 c:/Espressif/ESP8266_SDK/lib\liblwip.a(tcp_in.o)
                0x3fff12f4                tcp_input_pcb
 .bss           0x3fff12f8       0x1c c:/Espressif/ESP8266_SDK/lib\liblwip.a(tcp.o)
                0x3fff12fc                tcp_active_pcbs
                0x3fff1300                tcp_tmp_pcb
                0x3fff1304                tcp_tw_pcbs
                0x3fff1308                tcp_bound_pcbs
                0x3fff130c                tcp_listen_pcbs
                0x3fff1310                tcp_ticks
 .bss           0x3fff1314        0x0 c:/Espressif/ESP8266_SDK/lib\liblwip.a(tcp_out.o)
 .bss           0x3fff1314        0xc c:/Espressif/ESP8266_SDK/lib\liblwip.a(timers.o)
 .bss           0x3fff1320        0x4 c:/Espressif/ESP8266_SDK/lib\liblwip.a(udp.o)
                0x3fff1320                udp_pcbs
 *fill*         0x3fff1324        0xc 
 .bss           0x3fff1330      0x104 c:/Espressif/ESP8266_SDK/lib\liblwip.a(espconn.o)
                0x3fff1330                plink_active
                0x3fff1334                pserver_list
                0x3fff1340                premot
                0x3fff1400                pktinfo
 .bss           0x3fff1434        0x0 c:/Espressif/ESP8266_SDK/lib\liblwip.a(espconn_udp.o)
 .bss           0x3fff1434        0x0 c:/Espressif/ESP8266_SDK/lib\liblwip.a(icmp.o)
 .bss           0x3fff1434        0xc c:/Espressif/ESP8266_SDK/lib\liblwip.a(igmp.o)
 .bss           0x3fff1440        0x0 c:/Espressif/ESP8266_SDK/lib\liblwip.a(inet_chksum.o)
 .bss           0x3fff1440      0x421 c:/Espressif/ESP8266_SDK/lib\liblwip.a(mdns.o)
                0x3fff1444                PUCK_SERVICE
                0x3fff144c                PUCK_PORT
                0x3fff1458                mdns_timer
 .bss           0x3fff1861        0x0 c:/Espressif/ESP8266_SDK/lib\libwpa.a(ap_config.o)
 .bss           0x3fff1861        0x0 c:/Espressif/ESP8266_SDK/lib\libwpa.a(common.o)
 .bss           0x3fff1861        0x0 c:/Espressif/ESP8266_SDK/lib\libwpa.a(os_xtensa.o)
 .bss           0x3fff1861        0x0 c:/Espressif/ESP8266_SDK/lib\libwpa.a(wpa_auth.o)
 .bss           0x3fff1861        0x0 c:/Espressif/ESP8266_SDK/lib\libwpa.a(wpa_auth_ie.o)
 *fill*         0x3fff1861        0xf 
 .bss           0x3fff1870      0x27a c:/Espressif/ESP8266_SDK/lib\libwpa.a(wpa.o)
 .bss           0x3fff1aea        0x0 c:/Espressif/ESP8266_SDK/lib\libwpa.a(wpa_common.o)
 .bss           0x3fff1aea        0x0 c:/Espressif/ESP8266_SDK/lib\libwpa.a(wpa_debug.o)
 .bss           0x3fff1aea        0x0 c:/Espressif/ESP8266_SDK/lib\libwpa.a(wpa_ie.o)
 .bss           0x3fff1aea        0x0 c:/Espressif/ESP8266_SDK/lib\libwpa.a(wpa_main.o)
 .bss           0x3fff1aea        0x0 c:/Espressif/ESP8266_SDK/lib\libwpa.a(wpas_glue.o)
 .bss           0x3fff1aea        0x0 c:/Espressif/ESP8266_SDK/lib\libwpa.a(aes-wrap.o)
 .bss           0x3fff1aea        0x0 c:/Espressif/ESP8266_SDK/lib\libwpa.a(aes-internal-enc.o)
 .bss           0x3fff1aea        0x0 c:/espressif/xtensa-lx106-elf/bin/../lib/gcc/xtensa-lx106-elf/4.8.2/../../../../xtensa-lx106-elf/lib\libc.a(lib_a-memset.o)
 .bss           0x3fff1aea        0x0 c:/espressif/xtensa-lx106-elf/bin/../lib/gcc/xtensa-lx106-elf/4.8.2/../../../../xtensa-lx106-elf/lib\libc.a(lib_a-strlen.o)
 .bss           0x3fff1aea        0x0 c:/espressif/xtensa-lx106-elf/bin/../lib/gcc/xtensa-lx106-elf/4.8.2\libgcc.a(_divsi3.o)
 .bss           0x3fff1aea        0x0 c:/espressif/xtensa-lx106-elf/bin/../lib/gcc/xtensa-lx106-elf/4.8.2\libgcc.a(_modsi3.o)
 .bss           0x3fff1aea        0x0 c:/espressif/xtensa-lx106-elf/bin/../lib/gcc/xtensa-lx106-elf/4.8.2\libgcc.a(_ashrdi3.o)
 .bss           0x3fff1aea        0x0 c:/espressif/xtensa-lx106-elf/bin/../lib/gcc/xtensa-lx106-elf/4.8.2\libgcc.a(_addsubsf3.o)
 .bss           0x3fff1aea        0x0 c:/espressif/xtensa-lx106-elf/bin/../lib/gcc/xtensa-lx106-elf/4.8.2\libgcc.a(_mulsf3.o)
 .bss           0x3fff1aea        0x0 c:/espressif/xtensa-lx106-elf/bin/../lib/gcc/xtensa-lx106-elf/4.8.2\libgcc.a(_divsf3.o)
 .bss           0x3fff1aea        0x0 c:/espressif/xtensa-lx106-elf/bin/../lib/gcc/xtensa-lx106-elf/4.8.2\libgcc.a(_fixsfsi.o)
 .bss           0x3fff1aea        0x0 c:/espressif/xtensa-lx106-elf/bin/../lib/gcc/xtensa-lx106-elf/4.8.2\libgcc.a(_fixunssfsi.o)
 .bss           0x3fff1aea        0x0 c:/espressif/xtensa-lx106-elf/bin/../lib/gcc/xtensa-lx106-elf/4.8.2\libgcc.a(_floatsisf.o)
 .bss           0x3fff1aea        0x0 c:/espressif/xtensa-lx106-elf/bin/../lib/gcc/xtensa-lx106-elf/4.8.2\libgcc.a(_muldf3.o)
 .bss           0x3fff1aea        0x0 c:/espressif/xtensa-lx106-elf/bin/../lib/gcc/xtensa-lx106-elf/4.8.2\libgcc.a(_divdf3.o)
 .bss           0x3fff1aea        0x0 c:/espressif/xtensa-lx106-elf/bin/../lib/gcc/xtensa-lx106-elf/4.8.2\libgcc.a(_fixdfsi.o)
 .bss           0x3fff1aea        0x0 c:/espressif/xtensa-lx106-elf/bin/../lib/gcc/xtensa-lx106-elf/4.8.2\libgcc.a(_floatsidf.o)
 .bss           0x3fff1aea        0x0 c:/espressif/xtensa-lx106-elf/bin/../lib/gcc/xtensa-lx106-elf/4.8.2\libgcc.a(_truncdfsf2.o)
 .bss           0x3fff1aea        0x0 c:/espressif/xtensa-lx106-elf/bin/../lib/gcc/xtensa-lx106-elf/4.8.2\libgcc.a(_popcountsi2.o)
 .bss           0x3fff1aea        0x0 c:/espressif/xtensa-lx106-elf/bin/../lib/gcc/xtensa-lx106-elf/4.8.2\libgcc.a(_divdi3.o)
 .bss           0x3fff1aea        0x0 c:/espressif/xtensa-lx106-elf/bin/../lib/gcc/xtensa-lx106-elf/4.8.2\libgcc.a(_umoddi3.o)
 .bss           0x3fff1aea        0x0 c:/espressif/xtensa-lx106-elf/bin/../lib/gcc/xtensa-lx106-elf/4.8.2\libgcc.a(_popcount_tab.o)
 .bss           0x3fff1aea        0x0 c:/Espressif/ESP8266_SDK/lib\libnet80211.a(ieee80211_crypto_ccmp.o)
 *fill*         0x3fff1aea        0x6 
 .bss           0x3fff1af0        0x8 c:/Espressif/ESP8266_SDK/lib\libnet80211.a(ieee80211_crypto_tkip.o)
 .bss           0x3fff1af8        0x0 c:/Espressif/ESP8266_SDK/lib\libnet80211.a(ieee80211_crypto_wep.o)
 *(.bss.*)
 *(.gnu.linkonce.b.*)
 *(COMMON)
                0x3fff1af8                . = ALIGN (0x8)
                0x3fff1af8                _bss_end = ABSOLUTE (.)
                0x3fff1af8                _heap_start = ABSOLUTE (.)

.text           0x40100000     0x6a52
                0x40100000                _stext = .
                0x40100000                _text_start = ABSOLUTE (.)
 *(.UserEnter.text)
 .UserEnter.text
                0x40100000        0xd c:/Espressif/ESP8266_SDK/lib\libmain.a(vector.o)
                                 0x14 (size before relaxing)
                0x40100004                call_user_start
                0x40100010                . = ALIGN (0x10)
 *fill*         0x4010000d        0x3 
 *(.DebugExceptionVector.text)
 .DebugExceptionVector.text
                0x40100010        0x6 c:/Espressif/ESP8266_SDK/lib\libmain.a(debug-vector.o)
                0x40100010                _DebugExceptionVector
                0x40100020                . = ALIGN (0x10)
 *fill*         0x40100016        0xa 
 *(.NMIExceptionVector.text)
 .NMIExceptionVector.text
                0x40100020        0x6 c:/Espressif/ESP8266_SDK/lib\libmain.a(nmi-vector.o)
                                  0xd (size before relaxing)
                0x40100020                _NMIExceptionVector
                0x40100030                . = ALIGN (0x10)
 *fill*         0x40100026        0xa 
 *(.KernelExceptionVector.text)
 .KernelExceptionVector.text
                0x40100030        0x6 c:/Espressif/ESP8266_SDK/lib\libmain.a(kernel-vector.o)
                0x40100030                _KernelExceptionVector
                0x40100036        0x4 LONG 0x0
                0x4010003a        0x4 LONG 0x0
                0x4010003e        0x4 LONG 0x0
                0x40100042        0x4 LONG 0x0
                0x40100050                . = ALIGN (0x10)
 *fill*         0x40100046        0xa 
 *(.UserExceptionVector.text)
 .UserExceptionVector.text
                0x40100050        0x6 c:/Espressif/ESP8266_SDK/lib\libmain.a(user-vector.o)
                                  0xd (size before relaxing)
                0x40100050                _UserExceptionVector
                0x40100056        0x4 LONG 0x0
                0x4010005a        0x4 LONG 0x0
                0x4010005e        0x4 LONG 0x0
                0x40100062        0x4 LONG 0x0
                0x40100070                . = ALIGN (0x10)
 *fill*         0x40100066        0xa 
 *(.DoubleExceptionVector.text)
 .DoubleExceptionVector.text
                0x40100070        0x6 c:/Espressif/ESP8266_SDK/lib\libmain.a(double-vector.o)
                0x40100070                _DoubleExceptionVector
                0x40100076        0x4 LONG 0x0
                0x4010007a        0x4 LONG 0x0
                0x4010007e        0x4 LONG 0x0
                0x40100082        0x4 LONG 0x0
                0x40100090                . = ALIGN (0x10)
 *fill*         0x40100086        0xa 
 *(.entry.text)
 *(.init.literal)
 *(.init)
 *(.literal .text .literal.* .text.* .stub .gnu.warning .gnu.linkonce.literal.* .gnu.linkonce.t.*.literal .gnu.linkonce.t.*)
 .text          0x40100090       0xc7 c:/Espressif/ESP8266_SDK/lib\libmain.a(nmi-vector.o)
                                 0xcb (size before relaxing)
                0x4010009c                _NMILevelVector
 *fill*         0x40100157        0x1 
 .text          0x40100158       0x1e c:/Espressif/ESP8266_SDK/lib\libmain.a(user-vector.o)
                0x4010015c                _UserExceptionVector_1
 *fill*         0x40100176        0x2 
 .text          0x40100178      0x51e c:/Espressif/ESP8266_SDK/lib\libmain.a(app_main.o)
                                0x58a (size before relaxing)
                0x40100180                Cache_Read_Enable_New
                0x401001bc                NmiTimSetFunc
                0x401001e0                NMI_Handler
                0x40100238                call_user_start_local
 *fill*         0x40100696        0x2 
 .text          0x40100698      0x229 c:/Espressif/ESP8266_SDK/lib\libmain.a(ets_timer.o)
                                0x251 (size before relaxing)
                0x40100704                ets_timer_setfn
                0x40100780                ets_timer_disarm
                0x40100800                ets_timer_arm_new
 *fill*         0x401008c1        0x3 
 .text          0x401008c4      0x1d1 c:/Espressif/ESP8266_SDK/lib\libmain.a(mem_manager.o)
                                0x205 (size before relaxing)
                0x401008c8                xPortWantedSizeAlign
                0x401008f0                pvPortMalloc
                0x40100998                vPortFree
                0x401009d8                pvPortCalloc
                0x40100a00                pvPortZalloc
                0x40100a14                pvPortRealloc
                0x40100a4c                vPortInitialiseBlocks
 *fill*         0x40100a95        0x3 
 .text          0x40100a98      0x185 c:/Espressif/ESP8266_SDK/lib\libmain.a(spi_flash.o)
                                0x1c5 (size before relaxing)
                0x40100aa8                spi_flash_get_id
                0x40100b04                spi_flash_read_status
                0x40100b38                spi_flash_write_status
                0x40100b6c                spi_flash_erase_sector
                0x40100b98                spi_flash_write
                0x40100be4                spi_flash_read
 *fill*         0x40100c1d        0x3 
 .text          0x40100c20      0x4fa c:/Espressif/ESP8266_SDK/lib\libmain.a(user_interface.o)
                                0x57e (size before relaxing)
                0x40100c38                os_printf_plus
                0x40100d58                system_restart_local
                0x40101004                system_phy_temperature_alert
                0x40101020                system_get_time
                0x40101038                system_os_post
                0x4010106c                system_rtc_mem_write
                0x401010c4                system_rtc_mem_read
 *fill*         0x4010111a        0x2 
 .literal       0x4010111c        0x0 c:/espressif/xtensa-lx106-elf/bin/../lib/gcc/xtensa-lx106-elf/4.8.2\libgcc.a(_muldi3.o)
                                  0x4 (size before relaxing)
 .literal       0x4010111c        0x8 c:/espressif/xtensa-lx106-elf/bin/../lib/gcc/xtensa-lx106-elf/4.8.2/../../../../xtensa-lx106-elf/lib\libc.a(lib_a-strlen.o)
                                  0xc (size before relaxing)
 .literal       0x40101124        0x4 c:/espressif/xtensa-lx106-elf/bin/../lib/gcc/xtensa-lx106-elf/4.8.2\libgcc.a(_addsubsf3.o)
                                  0xc (size before relaxing)
 .literal       0x40101128        0x0 c:/espressif/xtensa-lx106-elf/bin/../lib/gcc/xtensa-lx106-elf/4.8.2\libgcc.a(_mulsf3.o)
                                 0x10 (size before relaxing)
 .literal       0x40101128        0x0 c:/espressif/xtensa-lx106-elf/bin/../lib/gcc/xtensa-lx106-elf/4.8.2\libgcc.a(_divsf3.o)
                                 0x10 (size before relaxing)
 .literal       0x40101128        0x0 c:/espressif/xtensa-lx106-elf/bin/../lib/gcc/xtensa-lx106-elf/4.8.2\libgcc.a(_fixsfsi.o)
                                  0x4 (size before relaxing)
 .literal       0x40101128        0x0 c:/espressif/xtensa-lx106-elf/bin/../lib/gcc/xtensa-lx106-elf/4.8.2\libgcc.a(_fixunssfsi.o)
                                  0x4 (size before relaxing)
 .literal       0x40101128        0x8 c:/espressif/xtensa-lx106-elf/bin/../lib/gcc/xtensa-lx106-elf/4.8.2\libgcc.a(_muldf3.o)
                                 0x10 (size before relaxing)
 .literal       0x40101130        0x0 c:/espressif/xtensa-lx106-elf/bin/../lib/gcc/xtensa-lx106-elf/4.8.2\libgcc.a(_divdf3.o)
                                 0x10 (size before relaxing)
 .literal       0x40101130        0x0 c:/espressif/xtensa-lx106-elf/bin/../lib/gcc/xtensa-lx106-elf/4.8.2\libgcc.a(_fixdfsi.o)
                                  0x4 (size before relaxing)
 .literal       0x40101130        0x4 c:/espressif/xtensa-lx106-elf/bin/../lib/gcc/xtensa-lx106-elf/4.8.2\libgcc.a(_truncdfsf2.o)
                                  0x8 (size before relaxing)
 .literal       0x40101134        0x4 c:/espressif/xtensa-lx106-elf/bin/../lib/gcc/xtensa-lx106-elf/4.8.2\libgcc.a(_popcountsi2.o)
 .literal       0x40101138        0x0 c:/espressif/xtensa-lx106-elf/bin/../lib/gcc/xtensa-lx106-elf/4.8.2\libgcc.a(_divdi3.o)
                                 0x48 (size before relaxing)
 .literal       0x40101138        0x0 c:/espressif/xtensa-lx106-elf/bin/../lib/gcc/xtensa-lx106-elf/4.8.2\libgcc.a(_umoddi3.o)
                                 0x40 (size before relaxing)
 .text          0x40101138       0x36 c:/espressif/xtensa-lx106-elf/bin/../lib/gcc/xtensa-lx106-elf/4.8.2\libgcc.a(_muldi3.o)
                0x40101138                __muldi3
 *fill*         0x4010116e        0x2 
 .text          0x40101170       0x53 c:/Espressif/ESP8266_SDK/lib\libphy.a(phy.o)
                                 0x5f (size before relaxing)
                0x40101178                register_phy_ops
                0x40101198                register_get_phy_addr
                0x401011a0                phy_change_channel
                0x401011b8                phy_get_mactime
 *fill*         0x401011c3        0x1 
 .text          0x401011c4       0xbf c:/Espressif/ESP8266_SDK/lib\libphy.a(phy_chip_v6_cal.o)
                0x401011c4                unsign_to_sign
                0x401011fc                phy_get_bb_freqoffset
 *fill*         0x40101283        0x1 
 .text          0x40101284       0xf3 c:/Espressif/ESP8266_SDK/lib\libphy.a(phy_sleep.o)
                                0x103 (size before relaxing)
                0x40101294                pm_rtc_clock_cali
                0x4010134c                clockgate_watchdog
 *fill*         0x40101377        0x1 
 .text          0x40101378     0x14b6 c:/Espressif/ESP8266_SDK/lib\libpp.a(lmac.o)
                               0x182a (size before relaxing)
                0x4010137c                lmacIsActive
                0x40101390                lmacIsIdle
                0x401017d8                lmacSetAcParam
                0x4010182c                lmacProcessTXStartData
                0x401019d4                lmacProcessTxSuccess
                0x40101b1c                GetAccess
                0x40101b28                lmacDiscardAgedMSDU
                0x40101b3c                lmacRecycleMPDU
                0x40102030                lmacProcessCollisions
                0x4010208c                lmacProcessCollision
                0x40102110                lmacMSDUAged
                0x40102494                lmacProcessCtsTimeout
                0x401024dc                lmacProcessAckTimeout
                0x40102530                lmacProcessRtsStart
                0x4010253c                lmacProcessTxRtsError
                0x401025d8                lmacProcessTxError
                0x40102664                lmacTxFrame
                0x40102818                lmacRxDone
 *fill*         0x4010282e        0x2 
 .text          0x40102830      0xa6c c:/Espressif/ESP8266_SDK/lib\libpp.a(pp.o)
                                0xbac (size before relaxing)
                0x40102860                pp_soft_wdt_feed
                0x401028d4                ppProcessTxQ
                0x4010294c                ppFetchTxQFirstAvail
                0x4010298c                ppDequeueTxQ
                0x401029b4                ppRollBackTxQ
                0x401029d8                ppRecordBarRRC
                0x401029e8                ppTxqUpdateBitmap
                0x40102a10                ppEnqueueTxDone
                0x40102a44                ppEnqueueRxq
                0x40103120                ppDiscardMPDU
                0x40103144                pp_post
                0x40103188                pp_post2
                0x401031b0                ppCalTxop
                0x4010322c                ppCalFrameTimes
 .text          0x4010329c       0xf5 c:/Espressif/ESP8266_SDK/lib\libpp.a(rate_control.o)
                                0x109 (size before relaxing)
                0x401032bc                RC_GetAckRate
                0x401032c8                RC_GetRtsRate
                0x401032d8                RC_GetAckTime
                0x401032ec                RC_GetCtsTime
                0x40103324                RC_GetBlockAckTime
 *fill*         0x40103391        0x3 
 .text          0x40103394      0x809 c:/Espressif/ESP8266_SDK/lib\libpp.a(trc.o)
                                0x83d (size before relaxing)
                0x40103508                rcUpdateTxDone
                0x4010359c                rcUpdateRxDone
                0x401035f8                rcUpdateDataRxDone
                0x40103610                rcGetSched
                0x401036bc                rcGetRate
                0x40103ad0                rcReachRetryLimit
                0x40103ae8                trc_NeedRTS
 *fill*         0x40103b9d        0x3 
 .text          0x40103ba0     0x1094 c:/Espressif/ESP8266_SDK/lib\libpp.a(wdev.o)
                               0x134c (size before relaxing)
                0x40103f6c                wDev_MacTim1SetFunc
                0x40103f88                wDev_MacTim1Arm
                0x40104018                wDev_ProcessFiq
                0x40104338                wDev_EnableTransmit
                0x40104374                wDev_DisableTransmit
                0x40104394                Tx_Copy2Queue
                0x401043dc                wDev_ProcessCollision
                0x40104400                wDev_GetTxqCollisions
                0x40104410                wDev_ClearTxqCollisions
                0x4010442c                wDev_SetWaitingQueue
                0x40104478                wDev_ClearWaitingQueue
                0x4010449c                wDev_SetFrameAckType
                0x40104500                wDev_AppendRxBlocks
                0x40104660                wDev_AppendRxAmpduLensBlocks
                0x40104750                wDev_GetBAInfo
                0x40104780                wDevDisableRx
 .text          0x40104c34      0x25e c:/Espressif/ESP8266_SDK/lib\libpp.a(esf_buf.o)
                                0x2fa (size before relaxing)
                0x40104c38                esf_rx_buf_alloc
                0x40104c8c                esf_buf_alloc
                0x40104db0                esf_buf_recycle
 *fill*         0x40104e92        0x2 
 .text          0x40104e94       0xcf c:/Espressif/ESP8266_SDK/lib\libnet80211.a(wl_chm.o)
                                 0xe7 (size before relaxing)
                0x40104e98                chm_acquire_lock
                0x40104edc                chm_release_lock
                0x40104ef4                chm_cancel_op
                0x40104f30                chm_return_home_channel
                0x40104f5c                chm_get_current_channel
 *fill*         0x40104f63        0x1 
 .text          0x40104f64       0x21 c:/Espressif/ESP8266_SDK/lib\liblwip.a(dns.o)
                0x40104f6c                dns_tmr
 *fill*         0x40104f85        0x3 
 .text          0x40104f88       0x33 c:/Espressif/ESP8266_SDK/lib\liblwip.a(etharp.o)
                                 0x37 (size before relaxing)
 *fill*         0x40104fbb        0x1 
 .text          0x40104fbc      0x1cc c:/Espressif/ESP8266_SDK/lib\liblwip.a(tcp.o)
                                0x1ec (size before relaxing)
 .text          0x40105188      0x15c c:/Espressif/ESP8266_SDK/lib\liblwip.a(tcp_out.o)
                                0x164 (size before relaxing)
 .text          0x401052e4       0xb0 c:/Espressif/ESP8266_SDK/lib\liblwip.a(timers.o)
                                 0xc0 (size before relaxing)
 .text          0x40105394       0x3a c:/Espressif/ESP8266_SDK/lib\liblwip.a(espconn.o)
                                 0x46 (size before relaxing)
                0x4010539c                espconn_port
 *fill*         0x401053ce        0x2 
 .text          0x401053d0       0x5b c:/espressif/xtensa-lx106-elf/bin/../lib/gcc/xtensa-lx106-elf/4.8.2/../../../../xtensa-lx106-elf/lib\libc.a(lib_a-strlen.o)
                0x401053d0                strlen
 *fill*         0x4010542b        0x1 
 .text          0x4010542c      0x1ff c:/espressif/xtensa-lx106-elf/bin/../lib/gcc/xtensa-lx106-elf/4.8.2\libgcc.a(_addsubsf3.o)
                0x40105448                __addsf3
                0x40105530                __subsf3
 *fill*         0x4010562b        0x1 
 .text          0x4010562c      0x15d c:/espressif/xtensa-lx106-elf/bin/../lib/gcc/xtensa-lx106-elf/4.8.2\libgcc.a(_mulsf3.o)
                0x401056a4                __mulsf3
 *fill*         0x40105789        0x3 
 .text          0x4010578c      0x135 c:/espressif/xtensa-lx106-elf/bin/../lib/gcc/xtensa-lx106-elf/4.8.2\libgcc.a(_divsf3.o)
                0x40105808                __divsf3
 *fill*         0x401058c1        0x3 
 .text          0x401058c4       0x40 c:/espressif/xtensa-lx106-elf/bin/../lib/gcc/xtensa-lx106-elf/4.8.2\libgcc.a(_fixsfsi.o)
                0x401058c4                __fixsfsi
 .text          0x40105904       0x51 c:/espressif/xtensa-lx106-elf/bin/../lib/gcc/xtensa-lx106-elf/4.8.2\libgcc.a(_fixunssfsi.o)
                0x40105904                __fixunssfsi
 *fill*         0x40105955        0x3 
 .text          0x40105958      0x29b c:/espressif/xtensa-lx106-elf/bin/../lib/gcc/xtensa-lx106-elf/4.8.2\libgcc.a(_muldf3.o)
                0x40105a38                __muldf3
 *fill*         0x40105bf3        0x1 
 .text          0x40105bf4      0x20b c:/espressif/xtensa-lx106-elf/bin/../lib/gcc/xtensa-lx106-elf/4.8.2\libgcc.a(_divdf3.o)
                0x40105cdc                __divdf3
 *fill*         0x40105dff        0x1 
 .text          0x40105e00       0x48 c:/espressif/xtensa-lx106-elf/bin/../lib/gcc/xtensa-lx106-elf/4.8.2\libgcc.a(_fixdfsi.o)
                0x40105e00                __fixdfsi
 .text          0x40105e48       0xa0 c:/espressif/xtensa-lx106-elf/bin/../lib/gcc/xtensa-lx106-elf/4.8.2\libgcc.a(_truncdfsf2.o)
                0x40105e48                __truncdfsf2
 .text          0x40105ee8       0x21 c:/espressif/xtensa-lx106-elf/bin/../lib/gcc/xtensa-lx106-elf/4.8.2\libgcc.a(_popcountsi2.o)
                0x40105ee8                __popcountsi2
 *fill*         0x40105f09        0x3 
 .text          0x40105f0c      0x3eb c:/espressif/xtensa-lx106-elf/bin/../lib/gcc/xtensa-lx106-elf/4.8.2\libgcc.a(_divdi3.o)
                                0x41b (size before relaxing)
                0x40105f0c                __divdi3
 *fill*         0x401062f7        0x1 
 .text          0x401062f8      0x33a c:/espressif/xtensa-lx106-elf/bin/../lib/gcc/xtensa-lx106-elf/4.8.2\libgcc.a(_umoddi3.o)
                                0x366 (size before relaxing)
                0x401062f8                __umoddi3
 .text          0x40106632        0x0 c:/Espressif/ESP8266_SDK/lib\libmain.a(debug-vector.o)
 .text          0x40106632        0x0 c:/Espressif/ESP8266_SDK/lib\libmain.a(double-vector.o)
 .text          0x40106632        0x0 c:/Espressif/ESP8266_SDK/lib\libmain.a(kernel-vector.o)
 *fill*         0x40106632        0x2 
 .literal       0x40106634        0x0 c:/Espressif/ESP8266_SDK/lib\libmain.a(nmi-vector.o)
 *fill*         0x40106634        0x0 
 .literal       0x40106634        0x0 c:/Espressif/ESP8266_SDK/lib\libmain.a(user-vector.o)
 .text          0x40106634        0x0 c:/Espressif/ESP8266_SDK/lib\libmain.a(vector.o)
 *fill*         0x40106634        0x0 
 .literal       0x40106634        0x0 c:/Espressif/ESP8266_SDK/lib\libmain.a(app_main.o)
 *fill*         0x40106634        0x0 
 .literal       0x40106634        0x0 c:/Espressif/ESP8266_SDK/lib\libmain.a(ets_timer.o)
 *fill*         0x40106634        0x0 
 .literal       0x40106634        0x0 c:/Espressif/ESP8266_SDK/lib\libmain.a(mem_manager.o)
 *fill*         0x40106634        0x0 
 .literal       0x40106634        0x0 c:/Espressif/ESP8266_SDK/lib\libmain.a(spi_flash.o)
 *fill*         0x40106634        0x0 
 .literal       0x40106634        0x0 c:/Espressif/ESP8266_SDK/lib\libmain.a(user_interface.o)
 .text          0x40106634        0x0 c:/Espressif/ESP8266_SDK/lib\libmain.a(eagle_lib.o)
 .text          0x40106634        0x0 c:/Espressif/ESP8266_SDK/lib\libmain.a(eagle_lwip_if.o)
 *fill*         0x40106634        0x0 
 .text          0x40106634      0x145 c:/espressif/xtensa-lx106-elf/bin/../lib/gcc/xtensa-lx106-elf/4.8.2/../../../../xtensa-lx106-elf/lib\libc.a(lib_a-memcpy.o)
                0x40106678                memcpy
 *fill*         0x40106779        0x3 
 .text          0x4010677c       0x4c c:/espressif/xtensa-lx106-elf/bin/../lib/gcc/xtensa-lx106-elf/4.8.2\libgcc.a(_udivsi3.o)
                0x4010677c                __udivsi3
 .text          0x401067c8       0x39 c:/espressif/xtensa-lx106-elf/bin/../lib/gcc/xtensa-lx106-elf/4.8.2\libgcc.a(_umodsi3.o)
                0x401067c8                __umodsi3
 *fill*         0x40106801        0x0 
 *fill*         0x40106801        0x3 
 .text          0x40106804       0x48 c:/espressif/xtensa-lx106-elf/bin/../lib/gcc/xtensa-lx106-elf/4.8.2\libgcc.a(_umulsidi3.o)
                0x40106804                __umulsidi3
 .text          0x4010684c        0x5 c:/espressif/xtensa-lx106-elf/bin/../lib/gcc/xtensa-lx106-elf/4.8.2/../../../../xtensa-lx106-elf/lib\libhal.a(int_asm--set_intclear.o)
                0x4010684c                xthal_set_intclear
 *fill*         0x40106851        0x3 
 .literal       0x40106854        0x0 c:/Espressif/ESP8266_SDK/lib\libphy.a(phy.o)
 .text          0x40106854        0x0 c:/Espressif/ESP8266_SDK/lib\libphy.a(phy_chip_v6_ana.o)
 *fill*         0x40106854        0x0 
 .literal       0x40106854        0x0 c:/Espressif/ESP8266_SDK/lib\libphy.a(phy_chip_v6.o)
 .text          0x40106854        0x2 c:/Espressif/ESP8266_SDK/lib\libphy.a(phy_chip_v6.o)
                0x40106854                ram_tx_mac_disable
 *fill*         0x40106856        0x2 
 .literal       0x40106858        0x0 c:/Espressif/ESP8266_SDK/lib\libphy.a(phy_chip_v6_cal.o)
 .text          0x40106858        0x0 c:/Espressif/ESP8266_SDK/lib\libphy.a(phy_chip_v6_unused.o)
 *fill*         0x40106858        0x0 
 .literal       0x40106858        0x0 c:/Espressif/ESP8266_SDK/lib\libphy.a(phy_sleep.o)
 .text          0x40106858        0x0 c:/Espressif/ESP8266_SDK/lib\libpp.a(if_hwctrl.o)
 *fill*         0x40106858        0x0 
 .literal       0x40106858        0x0 c:/Espressif/ESP8266_SDK/lib\libpp.a(lmac.o)
 .text          0x40106858        0x0 c:/Espressif/ESP8266_SDK/lib\libpp.a(pm.o)
 *fill*         0x40106858        0x0 
 .literal       0x40106858        0x0 c:/Espressif/ESP8266_SDK/lib\libpp.a(pp.o)
 .literal       0x40106858        0x0 c:/Espressif/ESP8266_SDK/lib\libpp.a(rate_control.o)
 *fill*         0x40106858        0x0 
 .literal       0x40106858        0x0 c:/Espressif/ESP8266_SDK/lib\libpp.a(trc.o)
 *fill*         0x40106858        0x0 
 .literal       0x40106858        0x0 c:/Espressif/ESP8266_SDK/lib\libpp.a(wdev.o)
 .literal       0x40106858        0x0 c:/Espressif/ESP8266_SDK/lib\libpp.a(esf_buf.o)
 .text          0x40106858        0x0 c:/Espressif/ESP8266_SDK/lib\libnet80211.a(ieee80211.o)
 .text          0x40106858        0x0 c:/Espressif/ESP8266_SDK/lib\libnet80211.a(ieee80211_crypto.o)
 .text          0x40106858        0x0 c:/Espressif/ESP8266_SDK/lib\libnet80211.a(ieee80211_ets.o)
 *fill*         0x40106858        0x0 
 .literal       0x40106858        0x0 c:/Espressif/ESP8266_SDK/lib\libnet80211.a(ieee80211_hostap.o)
 .text          0x40106858       0x25 c:/Espressif/ESP8266_SDK/lib\libnet80211.a(ieee80211_hostap.o)
 .text          0x4010687d        0x0 c:/Espressif/ESP8266_SDK/lib\libnet80211.a(ieee80211_ht.o)
 .text          0x4010687d        0x0 c:/Espressif/ESP8266_SDK/lib\libnet80211.a(ieee80211_input.o)
 .text          0x4010687d        0x0 c:/Espressif/ESP8266_SDK/lib\libnet80211.a(ieee80211_output.o)
 .text          0x4010687d        0x0 c:/Espressif/ESP8266_SDK/lib\libnet80211.a(ieee80211_phy.o)
 .text          0x4010687d        0x0 c:/Espressif/ESP8266_SDK/lib\libnet80211.a(ieee80211_power.o)
 .text          0x4010687d        0x0 c:/Espressif/ESP8266_SDK/lib\libnet80211.a(ieee80211_proto.o)
 .text          0x4010687d        0x0 c:/Espressif/ESP8266_SDK/lib\libnet80211.a(ieee80211_scan.o)
 .text          0x4010687d        0x0 c:/Espressif/ESP8266_SDK/lib\libnet80211.a(ieee80211_sta.o)
 *fill*         0x4010687d        0x3 
 .literal       0x40106880        0x0 c:/Espressif/ESP8266_SDK/lib\libnet80211.a(wl_chm.o)
 .text          0x40106880        0x0 c:/Espressif/ESP8266_SDK/lib\libnet80211.a(wl_cnx.o)
 .text          0x40106880        0x0 c:/Espressif/ESP8266_SDK/lib\libnet80211.a(ieee80211_action.o)
 .text          0x40106880        0x0 c:/Espressif/ESP8266_SDK/lib\liblwip.a(dhcp.o)
 .text          0x40106880        0x0 c:/Espressif/ESP8266_SDK/lib\liblwip.a(dhcpserver.o)
 *fill*         0x40106880        0x0 
 .literal       0x40106880        0x0 c:/Espressif/ESP8266_SDK/lib\liblwip.a(dns.o)
 .text          0x40106880        0x0 c:/Espressif/ESP8266_SDK/lib\liblwip.a(espconn_tcp.o)
 *fill*         0x40106880        0x0 
 .literal       0x40106880        0x0 c:/Espressif/ESP8266_SDK/lib\liblwip.a(etharp.o)
 .text          0x40106880        0x0 c:/Espressif/ESP8266_SDK/lib\liblwip.a(init.o)
 .text          0x40106880        0x0 c:/Espressif/ESP8266_SDK/lib\liblwip.a(ip_addr.o)
 .text          0x40106880        0x0 c:/Espressif/ESP8266_SDK/lib\liblwip.a(ip.o)
 .text          0x40106880        0x0 c:/Espressif/ESP8266_SDK/lib\liblwip.a(memp.o)
 .text          0x40106880        0x0 c:/Espressif/ESP8266_SDK/lib\liblwip.a(netif.o)
 .text          0x40106880        0x0 c:/Espressif/ESP8266_SDK/lib\liblwip.a(pbuf.o)
 .text          0x40106880        0x0 c:/Espressif/ESP8266_SDK/lib\liblwip.a(raw.o)
 .text          0x40106880        0x0 c:/Espressif/ESP8266_SDK/lib\liblwip.a(tcp_in.o)
 *fill*         0x40106880        0x0 
 .literal       0x40106880        0x0 c:/Espressif/ESP8266_SDK/lib\liblwip.a(tcp.o)
 .literal       0x40106880        0x0 c:/Espressif/ESP8266_SDK/lib\liblwip.a(tcp_out.o)
 .literal       0x40106880        0x0 c:/Espressif/ESP8266_SDK/lib\liblwip.a(timers.o)
 .text          0x40106880        0x0 c:/Espressif/ESP8266_SDK/lib\liblwip.a(udp.o)
 .literal       0x40106880        0x0 c:/Espressif/ESP8266_SDK/lib\liblwip.a(espconn.o)
 .text          0x40106880        0x0 c:/Espressif/ESP8266_SDK/lib\liblwip.a(espconn_udp.o)
 .text          0x40106880        0x0 c:/Espressif/ESP8266_SDK/lib\liblwip.a(icmp.o)
 .text          0x40106880        0x0 c:/Espressif/ESP8266_SDK/lib\liblwip.a(igmp.o)
 .text          0x40106880        0x0 c:/Espressif/ESP8266_SDK/lib\liblwip.a(inet_chksum.o)
 .text          0x40106880        0x0 c:/Espressif/ESP8266_SDK/lib\liblwip.a(mdns.o)
 .text          0x40106880        0x0 c:/Espressif/ESP8266_SDK/lib\libwpa.a(ap_config.o)
 .text          0x40106880        0x0 c:/Espressif/ESP8266_SDK/lib\libwpa.a(common.o)
 .text          0x40106880        0x0 c:/Espressif/ESP8266_SDK/lib\libwpa.a(os_xtensa.o)
 *fill*         0x40106880        0x0 
 .literal       0x40106880        0x0 c:/Espressif/ESP8266_SDK/lib\libwpa.a(wpa_auth.o)
 .text          0x40106880       0x11 c:/Espressif/ESP8266_SDK/lib\libwpa.a(wpa_auth.o)
 .text          0x40106891        0x0 c:/Espressif/ESP8266_SDK/lib\libwpa.a(wpa_auth_ie.o)
 .text          0x40106891        0x0 c:/Espressif/ESP8266_SDK/lib\libwpa.a(wpa.o)
 .text          0x40106891        0x0 c:/Espressif/ESP8266_SDK/lib\libwpa.a(wpa_common.o)
 .text          0x40106891        0x0 c:/Espressif/ESP8266_SDK/lib\libwpa.a(wpa_debug.o)
 .text          0x40106891        0x0 c:/Espressif/ESP8266_SDK/lib\libwpa.a(wpa_ie.o)
 .text          0x40106891        0x0 c:/Espressif/ESP8266_SDK/lib\libwpa.a(wpa_main.o)
 .text          0x40106891        0x0 c:/Espressif/ESP8266_SDK/lib\libwpa.a(wpas_glue.o)
 .text          0x40106891        0x0 c:/Espressif/ESP8266_SDK/lib\libwpa.a(aes-wrap.o)
 .text          0x40106891        0x0 c:/Espressif/ESP8266_SDK/lib\libwpa.a(aes-internal-enc.o)
 *fill*         0x40106891        0x3 
 .text          0x40106894       0x7c c:/espressif/xtensa-lx106-elf/bin/../lib/gcc/xtensa-lx106-elf/4.8.2/../../../../xtensa-lx106-elf/lib\libc.a(lib_a-memset.o)
                0x401068c0                memset
 *fill*         0x40106910        0x0 
 .text          0x40106910       0x64 c:/espressif/xtensa-lx106-elf/bin/../lib/gcc/xtensa-lx106-elf/4.8.2\libgcc.a(_divsi3.o)
                0x40106910                __divsi3
 .text          0x40106974       0x49 c:/espressif/xtensa-lx106-elf/bin/../lib/gcc/xtensa-lx106-elf/4.8.2\libgcc.a(_modsi3.o)
                0x40106974                __modsi3
 *fill*         0x401069bd        0x3 
 .text          0x401069c0       0x18 c:/espressif/xtensa-lx106-elf/bin/../lib/gcc/xtensa-lx106-elf/4.8.2\libgcc.a(_ashrdi3.o)
                0x401069c0                __ashrdi3
 *fill*         0x401069d8        0x0 
 *fill*         0x401069d8        0x0 
 *fill*         0x401069d8        0x0 
 *fill*         0x401069d8        0x0 
 .text          0x401069d8       0x44 c:/espressif/xtensa-lx106-elf/bin/../lib/gcc/xtensa-lx106-elf/4.8.2\libgcc.a(_floatsisf.o)
                0x401069d8                __floatunsisf
                0x401069e0                __floatsisf
 *fill*         0x40106a1c        0x0 
 *fill*         0x40106a1c        0x0 
 .text          0x40106a1c       0x36 c:/espressif/xtensa-lx106-elf/bin/../lib/gcc/xtensa-lx106-elf/4.8.2\libgcc.a(_floatsidf.o)
                0x40106a1c                __floatunsidf
                0x40106a24                __floatsidf
 *fill*         0x40106a52        0x0 
 *fill*         0x40106a52        0x0 
 *fill*         0x40106a52        0x0 
 .text          0x40106a52        0x0 c:/espressif/xtensa-lx106-elf/bin/../lib/gcc/xtensa-lx106-elf/4.8.2\libgcc.a(_popcount_tab.o)
 .text          0x40106a52        0x0 c:/Espressif/ESP8266_SDK/lib\libnet80211.a(ieee80211_crypto_ccmp.o)
 .text          0x40106a52        0x0 c:/Espressif/ESP8266_SDK/lib\libnet80211.a(ieee80211_crypto_tkip.o)
 .text          0x40106a52        0x0 c:/Espressif/ESP8266_SDK/lib\libnet80211.a(ieee80211_crypto_wep.o)
 *(.fini.literal)
 *(.fini)
 *(.gnu.version)
                0x40106a52                _text_end = ABSOLUTE (.)
                0x40106a52                _etext = .

.NMIExceptionVector.literal
                0x40106a54        0x0
 .NMIExceptionVector.literal
                0x40106a54        0x0 c:/Espressif/ESP8266_SDK/lib\libmain.a(nmi-vector.o)

.UserExceptionVector.literal
                0x40106a54        0x0
 .UserExceptionVector.literal
                0x40106a54        0x0 c:/Espressif/ESP8266_SDK/lib\libmain.a(user-vector.o)

.UserEnter.literal
                0x40106a54        0x0
 .UserEnter.literal
                0x40106a54        0x0 c:/Espressif/ESP8266_SDK/lib\libmain.a(vector.o)

.lit4           0x40106a54        0x0
                0x40106a54                _lit4_start = ABSOLUTE (.)
 *(*.lit4)
 *(.lit4.*)
 *(.gnu.linkonce.lit4.*)
                0x40106a54                _lit4_end = ABSOLUTE (.)

.irom0.text     0x40240000    0x27e08
                0x40240000                _irom0_text_start = ABSOLUTE (.)
 *(.irom0.literal .irom.literal .irom.text.literal .irom0.text .irom.text)
 .irom0.text    0x40240000      0x675 c:/Espressif/ESP8266_SDK/lib\libmain.a(app_main.o)
                                0x77d (size before relaxing)
                0x402401f8                wdt_init
                0x40240288                user_uart_wait_tx_fifo_empty
 *fill*         0x40240675        0x3 
 .irom0.text    0x40240678      0x15e c:/Espressif/ESP8266_SDK/lib\libmain.a(ets_timer.o)
                                0x192 (size before relaxing)
                0x40240680                ets_timer_done
                0x402406c4                ets_timer_handler_isr
                0x40240774                ets_timer_init
 *fill*         0x402407d6        0x2 
 .irom0.text    0x402407d8       0x54 c:/Espressif/ESP8266_SDK/lib\libmain.a(mem_manager.o)
                                 0x58 (size before relaxing)
                0x402407dc                xPortGetFreeHeapSize
 .irom0.text    0x4024082c     0x2775 c:/Espressif/ESP8266_SDK/lib\libmain.a(user_interface.o)
                               0x2ed5 (size before relaxing)
                0x40240830                system_set_os_print
                0x40240840                system_get_os_print
                0x40240a08                system_pp_recycle_rx_pkt
                0x40240a1c                system_adc_read
                0x40240a34                system_get_vdd33
                0x40240a50                system_restart
                0x40240ac4                system_restore
                0x40240b20                system_get_flash_size_map
                0x40240b44                system_get_boot_version
                0x40240b7c                system_get_test_result
                0x40240ba4                system_get_userbin_addr
                0x40240c3c                system_get_boot_mode
                0x40240c6c                system_restart_enhance
                0x40240da8                system_upgrade_userbin_set
                0x40240df0                system_upgrade_userbin_check
                0x40240e30                system_upgrade_flag_set
                0x40240e44                system_upgrade_flag_check
                0x40240e68                system_upgrade_reboot
                0x40240f88                system_deep_sleep
                0x40240fe8                system_deep_sleep_set_option
                0x40241004                system_phy_set_max_tpw
                0x40241018                system_phy_set_tpw_via_vdd33
                0x4024102c                system_phy_set_rfoption
                0x40241044                system_update_cpu_freq
                0x402410a0                system_get_cpu_freq
                0x402410b8                system_overclock
                0x402410e4                system_restoreclock
                0x40241114                system_timer_reinit
                0x40241130                system_relative_time
                0x40241150                system_station_got_ip_set
                0x40241254                system_print_meminfo
                0x402412b4                system_get_free_heap_size
                0x402412cc                system_get_chip_id
                0x402412f0                system_rtc_clock_cali_proc
                0x40241304                system_get_rtc_time
                0x40241318                system_mktime
                0x402413e8                system_init_done_cb
                0x402413f0                system_get_rst_info
                0x402413f8                wifi_softap_dhcps_start
                0x40241440                wifi_softap_dhcps_stop
                0x40241484                wifi_softap_dhcps_status
                0x4024148c                wifi_station_dhcpc_start
                0x402414e0                wifi_station_dhcpc_stop
                0x40241524                wifi_station_dhcpc_status
                0x40241594                wifi_get_opmode
                0x402415a8                wifi_get_opmode_default
                0x40241624                wifi_get_broadcast_if
                0x40241660                wifi_set_broadcast_if
                0x40241778                wifi_set_opmode
                0x4024178c                wifi_set_opmode_current
                0x402417a0                system_get_checksum
                0x40241868                system_param_save_with_protect
                0x4024190c                system_param_load
                0x40241a38                wifi_station_get_config
                0x40241a4c                wifi_station_get_config_default
                0x40241a6c                wifi_station_get_ap_info
                0x40241b28                wifi_station_ap_number_set
                0x40241dcc                wifi_station_set_config
                0x40241de0                wifi_station_set_config_current
                0x40241df4                wifi_station_get_current_ap_id
                0x40241e08                wifi_station_ap_check
                0x40241e40                wifi_station_ap_change
                0x40241f34                wifi_station_scan
                0x40241f80                wifi_station_get_auto_connect
                0x40241f94                wifi_station_set_auto_connect
                0x40241fe8                wifi_station_connect
                0x40242080                wifi_station_disconnect
                0x40242128                wifi_station_get_connect_status
                0x40242158                wifi_station_set_reconnect_policy
                0x40242170                wifi_station_get_reconnect_policy
                0x40242178                wifi_station_get_rssi
                0x402421bc                wifi_softap_cacl_mac
                0x4024222c                wifi_softap_set_default_ssid
                0x402423d4                wifi_softap_get_config
                0x402423e8                wifi_softap_get_config_default
                0x4024264c                wifi_softap_set_config
                0x40242660                wifi_softap_set_config_current
                0x40242674                wifi_softap_set_station_info
                0x402426e4                wifi_softap_get_station_info
                0x40242784                wifi_softap_free_station_info
                0x402427b8                wifi_softap_get_station_num
                0x4024280c                wifi_softap_deauth
                0x402428c8                wifi_get_phy_mode
                0x402428d0                wifi_set_phy_mode
                0x40242994                wifi_set_sleep_type
                0x402429b4                wifi_get_sleep_type
                0x402429cc                wifi_get_channel
                0x402429e4                wifi_set_channel
                0x40242a14                wifi_promiscuous_set_mac
                0x40242a74                wifi_promiscuous_enable
                0x40242b58                wifi_set_promiscuous_rx_cb
                0x40242b7c                wifi_get_ip_info
                0x40242c54                wifi_set_ip_info
                0x40242d04                wifi_get_macaddr
                0x40242d64                wifi_set_macaddr
                0x40242e20                wifi_status_led_install
                0x40242e60                wifi_status_led_uninstall
                0x40242e84                wifi_set_status_led_output_level
                0x40242e98                wifi_set_event_handler_cb
                0x40242ea8                system_os_task
                0x40242eec                system_uart_swap
                0x40242f64                system_uart_de_swap
                0x40242f9c                system_get_sdk_version
 *fill*         0x40242fa1        0x3 
 .irom0.text    0x40242fa4      0x5cf c:/Espressif/ESP8266_SDK/lib\libmain.a(eagle_lib.o)
                                0x5df (size before relaxing)
                0x40242fa8                divide
                0x40242fe4                skip_atoi
                0x40243164                ets_vsnprintf
                0x402434c4                ets_vsprintf
                0x402434e8                ets_sprintf
                0x40243510                ets_strcat
                0x40243530                ets_strrchr
                0x4024355c                ets_strchr
 *fill*         0x40243573        0x1 
 .irom0.text    0x40243574      0x2d2 c:/Espressif/ESP8266_SDK/lib\libmain.a(eagle_lwip_if.o)
                                0x376 (size before relaxing)
                0x40243628                eagle_lwip_if_alloc
                0x402437c8                eagle_lwip_if_free
                0x40243824                eagle_lwip_getif
 *fill*         0x40243846        0x2 
 .irom0.text    0x40243848       0xfa c:/Espressif/ESP8266_SDK/lib\libphy.a(phy.o)
                                0x11e (size before relaxing)
                0x4024384c                rf_init
                0x40243868                bb_init
                0x40243880                phy_init
                0x402438b0                RFChannelSel
                0x402438cc                phy_delete_channel
                0x402438e4                phy_enable_agc
                0x402438fc                phy_disable_agc
                0x40243914                phy_initialize_bb
                0x4024392c                phy_set_sense
 *fill*         0x40243942        0x2 
 .irom0.text    0x40243944     0x18e0 c:/Espressif/ESP8266_SDK/lib\libphy.a(phy_chip_v6_ana.o)
                               0x1b00 (size before relaxing)
                0x40243948                ram_pbus_set_rxgain
                0x40243a24                ram_pbus_debugmode
                0x40243ad8                ram_pbus_xpd_tx_on
                0x40243b44                set_rf_freq_offset
                0x40243bb8                chip_v6_rxmax_ext_ana
                0x40243d08                ram_chip_v6_rx_init
                0x40243d3c                tsen_meas
                0x40243dec                readvdd33
                0x40243f80                txpwr_offset
                0x40244040                set_txcap_reg
                0x402440c0                ram_ana_inf_gating_en
                0x40244220                ram_restart_cal
                0x4024428c                wait_rfpll_cal_end
                0x40244324                ram_rfpll_set_freq
                0x40244430                ram_set_channel_freq
                0x40244768                chip_60_set_channel
                0x40244930                chip_v6_set_chan_offset
                0x40244968                chip_v6_set_chan
                0x402449e0                chip_v6_set_chan_wakeup
                0x40244a60                chip_v6_rf_init
                0x40244c6c                low_power_set
                0x40244cd0                test_tout
                0x40244f14                check_data_flag
                0x40244f38                phy_get_check_flag
                0x402450a8                phy_get_vdd33
 .irom0.text    0x40245224     0x395c c:/Espressif/ESP8266_SDK/lib\libphy.a(phy_chip_v6.o)
                               0x3f50 (size before relaxing)
                0x40245224                ram_tx_mac_enable
                0x40245228                rtc_mem_backup
                0x40245258                rtc_mem_recovery
                0x40245288                set_cal_rxdc
                0x40245340                set_rx_gain_cal_iq
                0x4024569c                gen_rx_gain_table
                0x402457dc                pbus_set_rxbbgain
                0x4024585c                set_rx_gain_testchip_50
                0x40245b6c                ram_get_corr_power
                0x40245c5c                check_data_func
                0x40245c7c                do_noisefloor_lsleep_v50
                0x40245cb0                do_noisefloor
                0x40245d20                start_dig_rx
                0x40245d64                stop_dig_rx
                0x40245d90                chip_v6_set_chanfreq
                0x40245dc8                tx_cap_init
                0x40245f88                target_power_add_backoff
                0x40245fd8                tx_pwctrl_init_cal
                0x40246140                tx_atten_set_interp
                0x402463bc                tx_pwctrl_init
                0x402464b0                ram_get_noisefloor
                0x402464cc                get_noisefloor_sat
                0x402464fc                ram_set_noise_floor
                0x40246558                ram_start_noisefloor
                0x402465a4                read_hw_noisefloor
                0x402465d0                noise_check_loop
                0x4024672c                noise_init
                0x40246928                target_power_backoff
                0x4024697c                sdt_on_noise_start
                0x40246a00                chip_v6_set_chan_rx_cmp
                0x40246b88                chip_v6_set_chan_misc
                0x40246c18                phy_dig_spur_set
                0x40246f78                phy_dig_spur_prot
                0x402471b0                chip_v6_rxmax_ext_dig
                0x402471fc                chip_v6_rxmax_ext
                0x402472b4                phy_bb_rx_cfg
                0x402476b4                uart_wait_idle
                0x402476ec                phy_pbus_soc_cfg
                0x402477b0                phy_gpio_cfg
                0x40247af8                tx_cont_en
                0x40247ba0                tx_cont_dis
                0x40247bf4                tx_cont_cfg
                0x40247c18                chip_v6_initialize_bb
                0x40247d84                periodic_cal
                0x40247e90                bbpll_cal
                0x40247f28                periodic_cal_top
                0x40247f88                register_chipv6_phy_init_param
                0x40248228                change_bbpll160_sleep
                0x40248318                change_bbpll160
                0x40248350                set_crystal_uart
                0x402483c8                ant_switch_init
                0x40248474                reduce_current_init
                0x402484dc                rtc_mem_check
                0x40248514                phy_afterwake_set_rfoption
                0x40248540                deep_sleep_set_option
                0x402485bc                register_chipv6_phy
                0x4024887c                set_dpd_bypass
                0x402488d4                set_rf_gain_stage10
                0x40248904                get_vdd33_offset
                0x40248978                get_phy_target_power
                0x40248a28                set_most_pwr_reg
                0x40248afc                phy_set_most_tpw
                0x40248b20                phy_vdd33_set_tpw
                0x40248b38                get_adc_rand
                0x40248b6c                phy_get_rand
 .irom0.text    0x40248b80     0x214c c:/Espressif/ESP8266_SDK/lib\libphy.a(phy_chip_v6_cal.o)
                               0x2388 (size before relaxing)
                0x40248b80                txbbgain2dcoindex
                0x40248ba0                dcoindex2txbbgain
                0x40248bc4                init_cal_dcoffset
                0x40248c88                set_rfanagain_dc_reg
                0x40248d24                set_txdc_pbus
                0x40248d90                get_rf_gain_qdb
                0x40248db8                correct_rf_ana_gain
                0x40248ec0                get_sar_dout
                0x40248f58                cal_rf_ana_gain
                0x40249030                meas_tone_pwr_db
                0x402490a0                tx_pwr_backoff
                0x402491ec                get_fcc_1m2m_pwr_offset
                0x40249228                ram_set_txbb_atten
                0x402492bc                txiq_get_mis_pwr
                0x40249360                txiq_cover
                0x4024957c                ram_rfcal_txiq
                0x402497ec                rc_cal
                0x402499ac                get_target_power_offset
                0x40249ab4                get_pwctrl_correct
                0x40249b0c                tx_pwctrl_cal
                0x40249e4c                tx_pwctrl_bg_init
                0x40249ec8                tx_pwctrl_background
                0x40249f80                read_sar_dout
                0x40249fe4                ram_get_fm_sar_dout
                0x4024a088                ram_cal_tos_v60
                0x4024a268                ram_get_bb_atten
                0x4024a298                ram_rfcal_txcap
                0x4024a45c                ram_rfcal_pwrctrl
                0x4024a688                ram_rxiq_get_mis
                0x4024a858                ram_rxiq_cover_mg_mp
                0x4024a9fc                ram_rfcal_rxiq
                0x4024ac08                dpd_scale_set
                0x4024ac50                dpd_mem_write
 .irom0.text    0x4024accc      0x271 c:/Espressif/ESP8266_SDK/lib\libphy.a(phy_chip_v6_unused.o)
                                0x2fd (size before relaxing)
                0x4024accc                chip_v6_set_sense
                0x4024acd0                chip_v6_get_sense
                0x4024acd4                chip_v6_unset_chanfreq
                0x4024ace0                data_collect
                0x4024adb4                operation_test
                0x4024ae2c                slop_wdt_feed
                0x4024ae40                slop_test
                0x4024aef4                wd_reset_cnt
 *fill*         0x4024af3d        0x3 
 .irom0.text    0x4024af40      0xd16 c:/Espressif/ESP8266_SDK/lib\libphy.a(phy_sleep.o)
                                0xf2e (size before relaxing)
                0x4024af40                pm_usec2rtc
                0x4024af74                pm_rtc2usec
                0x4024af84                pm_set_sleep_cycles
                0x4024afac                pm_sleep_opt
                0x4024b0b0                pm_wakeup_opt
                0x4024b0e8                get_chip_version
                0x4024b128                pm_sleep_opt_bb_off
                0x4024b168                pm_sleep_opt_bb_on
                0x4024b1b4                pm_set_pll_xtal_wait_time
                0x4024b1fc                pm_prepare_to_sleep
                0x4024b220                pm_sdio_nidle
                0x4024b294                chg_lslp_mem_opt_8266
                0x4024b2c4                pm_goto_sleep
                0x4024b410                pm_wait4wakeup
                0x4024b448                pm_open_rf
                0x4024b490                pm_sleep_set_mac
                0x4024b514                pm_set_wakeup_mac
                0x4024b5b0                pm_check_mac_idle
                0x4024b608                pm_set_sleep_btco
                0x4024b6a8                pm_set_wakeup_btco
                0x4024b7bc                pm_set_sleep_mode
                0x4024b88c                pm_unmask_bt
                0x4024b8f0                pm_wakeup_init
                0x4024baf8                sleep_opt_8266
                0x4024bb18                sleep_opt_bb_on_8266
                0x4024bb54                sleep_reset_analog_rtcreg_8266
 *fill*         0x4024bc56        0x2 
 .irom0.text    0x4024bc58      0x3d9 c:/Espressif/ESP8266_SDK/lib\libpp.a(if_hwctrl.o)
                                0x4b9 (size before relaxing)
                0x4024bc5c                ic_get_addr
                0x4024bc68                ic_set_opmode
                0x4024bc80                ic_enable_interface
                0x4024bcd0                ic_interface_enabled
                0x4024bce4                ic_disable_interface
                0x4024bd2c                ic_is_pure_sta
                0x4024bd48                ic_get_ptk_alg
                0x4024bd58                ic_get_gtk_alg
                0x4024bd68                ic_set_ptk_alg
                0x4024bd78                ic_set_gtk_alg
                0x4024bd88                ic_interface_is_p2p
                0x4024be0c                ic_set_vif
                0x4024bea4                ic_set_sta
                0x4024bf40                ic_bss_info_update
                0x4024bf9c                ic_set_key
                0x4024bff8                ic_remove_key
                0x4024c00c                ic_get_rssi
 *fill*         0x4024c031        0x3 
 .irom0.text    0x4024c034       0xfc c:/Espressif/ESP8266_SDK/lib\libpp.a(lmac.o)
                                0x114 (size before relaxing)
                0x4024c038                lmacInitAc
                0x4024c06c                lmacInit
                0x4024c114                lmacSetRetryLimit
 .irom0.text    0x4024c130     0x1a0d c:/Espressif/ESP8266_SDK/lib\libpp.a(pm.o)
                               0x1eed (size before relaxing)
                0x4024c138                pm_rtc_clock_cali_proc
                0x4024c170                pm_set_sleep_time
                0x4024c44c                pm_rf_is_closed
                0x4024c490                pm_set_sleep_type_from_upper
                0x4024c580                pm_get_sleep_type
                0x4024c740                uart_tx_flush
                0x4024c744                pm_suspend
                0x4024c970                pm_shutdown
                0x4024ca68                pm_reset_idle_sleep
                0x4024caa8                pm_idle_sleep
                0x4024cab4                pm_open