Archive member included because of file (symbol)

c:/Espressif/ESP8266_SDK_151/lib\libmain.a(debug-vector.o)
                              (_DebugExceptionVector)
c:/Espressif/ESP8266_SDK_151/lib\libmain.a(double-vector.o)
                              (_DoubleExceptionVector)
c:/Espressif/ESP8266_SDK_151/lib\libmain.a(kernel-vector.o)
                              (_KernelExceptionVector)
c:/Espressif/ESP8266_SDK_151/lib\libmain.a(nmi-vector.o)
                              (_NMIExceptionVector)
c:/Espressif/ESP8266_SDK_151/lib\libmain.a(user-vector.o)
                              (_UserExceptionVector)
c:/Espressif/ESP8266_SDK_151/lib\libmain.a(vector.o)
                              (call_user_start)
c:/Espressif/ESP8266_SDK_151/lib\libmain.a(app_main.o)
                              c:/Espressif/ESP8266_SDK_151/lib\libmain.a(nmi-vector.o) (NMI_Handler)
c:/Espressif/ESP8266_SDK_151/lib\libmain.a(ets_timer.o)
                              c:/Espressif/ESP8266_SDK_151/lib\libmain.a(app_main.o) (ets_timer_setfn)
c:/Espressif/ESP8266_SDK_151/lib\libmain.a(mem_manager.o)
                              c:/Espressif/ESP8266_SDK_151/lib\libmain.a(app_main.o) (pvPortMalloc)
c:/Espressif/ESP8266_SDK_151/lib\libmain.a(spi_flash.o)
                              c:/Espressif/ESP8266_SDK_151/lib\libmain.a(app_main.o) (spi_flash_read)
c:/Espressif/ESP8266_SDK_151/lib\libmain.a(user_interface.o)
                              c:/Espressif/ESP8266_SDK_151/lib\libmain.a(app_main.o) (done_cb)
c:/Espressif/ESP8266_SDK_151/lib\libmain.a(eagle_lib.o)
                              c:/Espressif/ESP8266_SDK_151/lib\libmain.a(user_interface.o) (ets_sprintf)
c:/Espressif/ESP8266_SDK_151/lib\libmain.a(eagle_lwip_if.o)
                              c:/Espressif/ESP8266_SDK_151/lib\libmain.a(user_interface.o) (hostname)
build/app_app.a(user_main.o)  c:/Espressif/ESP8266_SDK_151/lib\libmain.a(app_main.o) (user_init)
build/app_app.a(config.o)     build/app_app.a(user_main.o) (sysCfg)
build/app_app.a(mqtt.o)       build/app_app.a(user_main.o) (MQTT_InitConnection)
build/app_app.a(dht22.o)      build/app_app.a(user_main.o) (dhtRead)
build/app_app.a(switch.o)     build/app_app.a(user_main.o) (initSwitch)
build/app_app.a(easygpio.o)   build/app_app.a(user_main.o) (easygpio_outputSet)
build/app_app.a(wifi.o)       build/app_app.a(user_main.o) (getBestSSID)
build/app_app.a(flash.o)      build/app_app.a(user_main.o) (startFlash)
build/app_app.a(doSmartConfig.o)
                              build/app_app.a(user_main.o) (checkSmartConfig)
build/app_app.a(publish.o)    build/app_app.a(user_main.o) (publishError)
build/app_app.a(stdout.o)     build/app_app.a(user_main.o) (stdout_init)
build/app_app.a(check.o)      build/app_app.a(user_main.o) (checkMinHeap)
build/app_app.a(decodeMessage.o)
                              build/app_app.a(user_main.o) (decodeMessage)
build/app_app.a(io.o)         build/app_app.a(user_main.o) (initOutputs)
build/app_app.a(utils.o)      build/app_app.a(mqtt.o) (UTILS_StrToIP)
build/app_app.a(queue.o)      build/app_app.a(mqtt.o) (QUEUE_Init)
build/app_app.a(mqtt_msg.o)   build/app_app.a(mqtt.o) (mqtt_msg_init)
build/app_app.a(ringbuf.o)    build/app_app.a(queue.o) (RINGBUF_Init)
build/app_app.a(temperature.o)
                              build/app_app.a(publish.o) (getUnmappedTemperature)
build/app_app.a(ds18b20.o)    build/app_app.a(temperature.o) (ds_init)
build/app_app.a(jsmn.o)       build/app_app.a(decodeMessage.o) (jsoneq)
build/app_app.a(dtoa.o)       build/app_app.a(temperature.o) (dtoStr)
build/app_app.a(proto.o)      build/app_app.a(queue.o) (PROTO_AddRb)
c:/espressif/xtensa-lx106-elf/bin/../lib/gcc/xtensa-lx106-elf/5.1.0/../../../../xtensa-lx106-elf/lib\libc.a(lib_a-atoi.o)
                              build/app_app.a(user_main.o) (atoi)
c:/espressif/xtensa-lx106-elf/bin/../lib/gcc/xtensa-lx106-elf/5.1.0/../../../../xtensa-lx106-elf/lib\libc.a(lib_a-lcltime.o)
                              build/app_app.a(user_main.o) (localtime)
c:/espressif/xtensa-lx106-elf/bin/../lib/gcc/xtensa-lx106-elf/5.1.0/../../../../xtensa-lx106-elf/lib\libc.a(lib_a-lcltime_r.o)
                              c:/espressif/xtensa-lx106-elf/bin/../lib/gcc/xtensa-lx106-elf/5.1.0/../../../../xtensa-lx106-elf/lib\libc.a(lib_a-lcltime.o) (localtime_r)
c:/espressif/xtensa-lx106-elf/bin/../lib/gcc/xtensa-lx106-elf/5.1.0/../../../../xtensa-lx106-elf/lib\libc.a(lib_a-memcpy.o)
                              build/app_app.a(user_main.o) (memcpy)
c:/espressif/xtensa-lx106-elf/bin/../lib/gcc/xtensa-lx106-elf/5.1.0/../../../../xtensa-lx106-elf/lib\libc.a(lib_a-mktm_r.o)
                              c:/espressif/xtensa-lx106-elf/bin/../lib/gcc/xtensa-lx106-elf/5.1.0/../../../../xtensa-lx106-elf/lib\libc.a(lib_a-lcltime_r.o) (_mktm_r)
c:/espressif/xtensa-lx106-elf/bin/../lib/gcc/xtensa-lx106-elf/5.1.0/../../../../xtensa-lx106-elf/lib\libc.a(lib_a-strcmp.o)
[...]
Memory Configuration

Name             Origin             Length             Attributes
dport0_0_seg     0x3ff00000         0x00000010
dram0_0_seg      0x3ffe8000         0x00014000
iram1_0_seg      0x40100000         0x00008000
irom0_0_seg      0x40210000         0x00068000
*default*        0x00000000         0xffffffff

Linker script and memory map

START GROUP
LOAD c:/espressif/xtensa-lx106-elf/bin/../lib/gcc/xtensa-lx106-elf/5.1.0/../../../../xtensa-lx106-elf/lib\libc.a
LOAD c:/espressif/xtensa-lx106-elf/bin/../lib/gcc/xtensa-lx106-elf/5.1.0\libgcc.a
LOAD c:/espressif/xtensa-lx106-elf/bin/../lib/gcc/xtensa-lx106-elf/5.1.0/../../../../xtensa-lx106-elf/lib\libhal.a
LOAD c:/Espressif/ESP8266_SDK_151/lib\libphy.a
LOAD c:/Espressif/ESP8266_SDK_151/lib\libpp.a
LOAD c:/Espressif/ESP8266_SDK_151/lib\libnet80211.a
LOAD c:/Espressif/ESP8266_SDK_151/lib\liblwip.a
LOAD c:/Espressif/ESP8266_SDK_151/lib\libwpa.a
LOAD c:/Espressif/ESP8266_SDK_151/lib\libmain.a
LOAD c:/Espressif/ESP8266_SDK_151/lib\libupgrade.a
LOAD c:/Espressif/ESP8266_SDK_151/lib\libssl.a
LOAD c:/Espressif/ESP8266_SDK_151/lib\libsmartconfig.a
LOAD c:/Espressif/ESP8266_SDK_151/lib\libcrypto.a
LOAD build/app_app.a
END GROUP
                0x40000000                PROVIDE (_memmap_vecbase_reset, 0x40000000)
                0x00000110                _memmap_cacheattr_wb_base = 0x110
                0x00000110                _memmap_cacheattr_wt_base = 0x110
                0x00000220                _memmap_cacheattr_bp_base = 0x220
                0xfffff00f                _memmap_cacheattr_unused_mask = 0xfffff00f
                0x2222211f                _memmap_cacheattr_wb_trapnull = 0x2222211f
                0x2222211f                _memmap_cacheattr_wba_trapnull = 0x2222211f
                0x2222211f                _memmap_cacheattr_wbna_trapnull = 0x2222211f
                0x2222211f                _memmap_cacheattr_wt_trapnull = 0x2222211f
                0x2222222f                _memmap_cacheattr_bp_trapnull = 0x2222222f
                0xfffff11f                _memmap_cacheattr_wb_strict = 0xfffff11f
                0xfffff11f                _memmap_cacheattr_wt_strict = 0xfffff11f
                0xfffff22f                _memmap_cacheattr_bp_strict = 0xfffff22f
                0x22222112                _memmap_cacheattr_wb_allvalid = 0x22222112
                0x22222112                _memmap_cacheattr_wt_allvalid = 0x22222112
                0x22222222                _memmap_cacheattr_bp_allvalid = 0x22222222
                0x2222211f                PROVIDE (_memmap_cacheattr_reset, _memmap_cacheattr_wb_trapnull)

.dport0.rodata  0x3ff00000        0x0
                0x3ff00000                _dport0_rodata_start = ABSOLUTE (.)
 *(.dport0.rodata)
 *(.dport.rodata)
                0x3ff00000                _dport0_rodata_end = ABSOLUTE (.)

.dport0.literal
                0x3ff00000        0x0
                0x3ff00000                _dport0_literal_start = ABSOLUTE (.)
 *(.dport0.literal)
 *(.dport.literal)
                0x3ff00000                _dport0_literal_end = ABSOLUTE (.)

.dport0.data    0x3ff00000        0x0
                0x3ff00000                _dport0_data_start = ABSOLUTE (.)
 *(.dport0.data)
 *(.dport.data)
                0x3ff00000                _dport0_data_end = ABSOLUTE (.)

.data           0x3ffe8000      0x839
                0x3ffe8000                _data_start = ABSOLUTE (.)
 *(.data)
 .data          0x3ffe8000        0x0 c:/Espressif/ESP8266_SDK_151/lib\libmain.a(debug-vector.o)
 .data          0x3ffe8000        0x0 c:/Espressif/ESP8266_SDK_151/lib\libmain.a(double-vector.o)
 .data          0x3ffe8000        0x0 c:/Espressif/ESP8266_SDK_151/lib\libmain.a(kernel-vector.o)
 .data          0x3ffe8000        0x4 c:/Espressif/ESP8266_SDK_151/lib\libmain.a(nmi-vector.o)
                0x3ffe8000                _Pri_3_HandlerAddress
 .data          0x3ffe8004        0x0 c:/Espressif/ESP8266_SDK_151/lib\libmain.a(user-vector.o)
 .data          0x3ffe8004        0x0 c:/Espressif/ESP8266_SDK_151/lib\libmain.a(vector.o)
 .data          0x3ffe8004        0x1 c:/Espressif/ESP8266_SDK_151/lib\libmain.a(app_main.o)
 .data          0x3ffe8005        0x0 c:/Espressif/ESP8266_SDK_151/lib\libmain.a(ets_timer.o)
 .data          0x3ffe8005        0x0 c:/Espressif/ESP8266_SDK_151/lib\libmain.a(mem_manager.o)
 .data          0x3ffe8005        0x0 c:/Espressif/ESP8266_SDK_151/lib\libmain.a(spi_flash.o)
 *fill*         0x3ffe8005        0x3 
 .data          0x3ffe8008        0x6 c:/Espressif/ESP8266_SDK_151/lib\libmain.a(user_interface.o)
                0x3ffe8009                timer2_ms_flag
                0x3ffe800a                dhcps_flag
                0x3ffe800b                dhcpc_flag
                0x3ffe800d                reconnect_internal
 .data          0x3ffe800e        0x0 c:/Espressif/ESP8266_SDK_151/lib\libmain.a(eagle_lib.o)
 *fill*         0x3ffe800e        0x2 
 .data          0x3ffe8010        0x1 c:/Espressif/ESP8266_SDK_151/lib\libmain.a(eagle_lwip_if.o)
                0x3ffe8010                default_hostname
 *fill*         0x3ffe8011        0x3 
 .data          0x3ffe8014        0xc build/app_app.a(user_main.o)
                0x3ffe801c                version
 .data          0x3ffe8020        0x0 build/app_app.a(config.o)
 .data          0x3ffe8020        0x0 build/app_app.a(mqtt.o)
 .data          0x3ffe8020        0x0 build/app_app.a(dht22.o)
 .data          0x3ffe8020        0x0 build/app_app.a(switch.o)
 .data          0x3ffe8020        0x0 build/app_app.a(easygpio.o)
 .data          0x3ffe8020        0x0 build/app_app.a(wifi.o)
 .data          0x3ffe8020        0x0 build/app_app.a(flash.o)
 .data          0x3ffe8020        0x0 build/app_app.a(doSmartConfig.o)
 .data          0x3ffe8020        0x5 build/app_app.a(publish.o)
 .data          0x3ffe8025        0x0 build/app_app.a(stdout.o)
 *fill*         0x3ffe8025        0x3 
 .data          0x3ffe8028        0x4 build/app_app.a(check.o)
 .data          0x3ffe802c        0x0 build/app_app.a(decodeMessage.o)
 .data          0x3ffe802c        0x3 build/app_app.a(io.o)
                0x3ffe802c                pirPins
 .data          0x3ffe802f        0x0 build/app_app.a(utils.o)
 .data          0x3ffe802f        0x0 build/app_app.a(queue.o)
 .data          0x3ffe802f        0x0 build/app_app.a(mqtt_msg.o)
 .data          0x3ffe802f        0x0 build/app_app.a(ringbuf.o)
 .data          0x3ffe802f        0x0 build/app_app.a(temperature.o)
 .data          0x3ffe802f        0x0 build/app_app.a(ds18b20.o)
 .data          0x3ffe802f        0x0 build/app_app.a(jsmn.o)
 .data          0x3ffe802f        0x0 build/app_app.a(dtoa.o)
 .data          0x3ffe802f        0x0 build/app_app.a(proto.o)
 .data          0x3ffe802f        0x0 c:/espressif/xtensa-lx106-elf/bin/../lib/gcc/xtensa-lx106-elf/5.1.0/../../../../xtensa-lx106-elf/lib\libc.a(lib_a-atoi.o)
 .data          0x3ffe802f        0x0 c:/espressif/xtensa-lx106-elf/bin/../lib/gcc/xtensa-lx106-elf/5.1.0/../../../../xtensa-lx106-elf/lib\libc.a(lib_a-lcltime.o)
 .data          0x3ffe802f        0x0 c:/espressif/xtensa-lx106-elf/bin/../lib/gcc/xtensa-lx106-elf/5.1.0/../../../../xtensa-lx106-elf/lib\libc.a(lib_a-lcltime_r.o)
 .data          0x3ffe802f        0x0 c:/espressif/xtensa-lx106-elf/bin/../lib/gcc/xtensa-lx106-elf/5.1.0/../../../../xtensa-lx106-elf/lib\libc.a(lib_a-memcpy.o)
 .data          0x3ffe802f        0x0 c:/espressif/xtensa-lx106-elf/bin/../lib/gcc/xtensa-lx106-elf/5.1.0/../../../../xtensa-lx106-elf/lib\libc.a(lib_a-mktm_r.o)
 .data          0x3ffe802f        0x0 c:/espressif/xtensa-lx106-elf/bin/../lib/gcc/xtensa-lx106-elf/5.1.0/../../../../xtensa-lx106-elf/lib\libc.a(lib_a-strcmp.o)
 .data          0x3ffe802f        0x0 c:/espressif/xtensa-lx106-elf/bin/../lib/gcc/xtensa-lx106-elf/5.1.0/../../../../xtensa-lx106-elf/lib\libc.a(lib_a-strcpy.o)
 .data          0x3ffe802f        0x0 c:/espressif/xtensa-lx106-elf/bin/../lib/gcc/xtensa-lx106-elf/5.1.0/../../../../xtensa-lx106-elf/lib\libc.a(lib_a-strlen.o)
 .data          0x3ffe802f        0x0 c:/espressif/xtensa-lx106-elf/bin/../lib/gcc/xtensa-lx106-elf/5.1.0/../../../../xtensa-lx106-elf/lib\libc.a(lib_a-strncmp.o)
 .data          0x3ffe802f        0x0 c:/espressif/xtensa-lx106-elf/bin/../lib/gcc/xtensa-lx106-elf/5.1.0/../../../../xtensa-lx106-elf/lib\libc.a(lib_a-strtol.o)
 .data          0x3ffe802f        0x0 c:/espressif/xtensa-lx106-elf/bin/../lib/gcc/xtensa-lx106-elf/5.1.0/../../../../xtensa-lx106-elf/lib\libc.a(lib_a-tzlock.o)
 *fill*         0x3ffe802f        0x1 
 .data          0x3ffe8030        0x8 c:/espressif/xtensa-lx106-elf/bin/../lib/gcc/xtensa-lx106-elf/5.1.0/../../../../xtensa-lx106-elf/lib\libc.a(lib_a-tzvars.o)
                0x3ffe8030                _tzname
 .data          0x3ffe8038        0x4 c:/espressif/xtensa-lx106-elf/bin/../lib/gcc/xtensa-lx106-elf/5.1.0/../../../../xtensa-lx106-elf/lib\libc.a(lib_a-ctype_.o)
                0x3ffe8038                __ctype_ptr__
 .data          0x3ffe803c       0x40 c:/espressif/xtensa-lx106-elf/bin/../lib/gcc/xtensa-lx106-elf/5.1.0/../../../../xtensa-lx106-elf/lib\libc.a(lib_a-gettzinfo.o)
 *fill*         0x3ffe807c        0x4 
 .data          0x3ffe8080      0x430 c:/espressif/xtensa-lx106-elf/bin/../lib/gcc/xtensa-lx106-elf/5.1.0/../../../../xtensa-lx106-elf/lib\libc.a(lib_a-impure.o)
                0x3ffe8080                _impure_ptr
 .data          0x3ffe84b0        0x0 c:/espressif/xtensa-lx106-elf/bin/../lib/gcc/xtensa-lx106-elf/5.1.0\libgcc.a(_divsi3.o)
 .data          0x3ffe84b0        0x0 c:/espressif/xtensa-lx106-elf/bin/../lib/gcc/xtensa-lx106-elf/5.1.0\libgcc.a(_modsi3.o)
 .data          0x3ffe84b0        0x0 c:/espressif/xtensa-lx106-elf/bin/../lib/gcc/xtensa-lx106-elf/5.1.0\libgcc.a(_udivsi3.o)
 .data          0x3ffe84b0        0x0 c:/espressif/xtensa-lx106-elf/bin/../lib/gcc/xtensa-lx106-elf/5.1.0\libgcc.a(_umodsi3.o)
 .data          0x3ffe84b0        0x0 c:/espressif/xtensa-lx106-elf/bin/../lib/gcc/xtensa-lx106-elf/5.1.0\libgcc.a(_addsubsf3.o)
 .data          0x3ffe84b0        0x0 c:/espressif/xtensa-lx106-elf/bin/../lib/gcc/xtensa-lx106-elf/5.1.0\libgcc.a(_mulsf3.o)
 .data          0x3ffe84b0        0x0 c:/espressif/xtensa-lx106-elf/bin/../lib/gcc/xtensa-lx106-elf/5.1.0\libgcc.a(_divsf3.o)
 .data          0x3ffe84b0        0x0 c:/espressif/xtensa-lx106-elf/bin/../lib/gcc/xtensa-lx106-elf/5.1.0\libgcc.a(_cmpsf2.o)
 .data          0x3ffe84b0        0x0 c:/espressif/xtensa-lx106-elf/bin/../lib/gcc/xtensa-lx106-elf/5.1.0\libgcc.a(_fixsfsi.o)
 .data          0x3ffe84b0        0x0 c:/espressif/xtensa-lx106-elf/bin/../lib/gcc/xtensa-lx106-elf/5.1.0\libgcc.a(_floatsisf.o)
 .data          0x3ffe84b0        0x0 c:/espressif/xtensa-lx106-elf/bin/../lib/gcc/xtensa-lx106-elf/5.1.0\libgcc.a(_addsubdf3.o)
 .data          0x3ffe84b0        0x0 c:/espressif/xtensa-lx106-elf/bin/../lib/gcc/xtensa-lx106-elf/5.1.0\libgcc.a(_muldf3.o)
 .data          0x3ffe84b0        0x0 c:/espressif/xtensa-lx106-elf/bin/../lib/gcc/xtensa-lx106-elf/5.1.0\libgcc.a(_divdf3.o)
 .data          0x3ffe84b0        0x0 c:/espressif/xtensa-lx106-elf/bin/../lib/gcc/xtensa-lx106-elf/5.1.0\libgcc.a(_cmpdf2.o)
 .data          0x3ffe84b0        0x0 c:/espressif/xtensa-lx106-elf/bin/../lib/gcc/xtensa-lx106-elf/5.1.0\libgcc.a(_fixunsdfsi.o)
 .data          0x3ffe84b0        0x0 c:/espressif/xtensa-lx106-elf/bin/../lib/gcc/xtensa-lx106-elf/5.1.0\libgcc.a(_floatsidf.o)
 .data          0x3ffe84b0        0x0 c:/espressif/xtensa-lx106-elf/bin/../lib/gcc/xtensa-lx106-elf/5.1.0\libgcc.a(_muldi3.o)
 .data          0x3ffe84b0        0x0 c:/espressif/xtensa-lx106-elf/bin/../lib/gcc/xtensa-lx106-elf/5.1.0\libgcc.a(_umulsidi3.o)
 .data          0x3ffe84b0        0x0 c:/espressif/xtensa-lx106-elf/bin/../lib/gcc/xtensa-lx106-elf/5.1.0/../../../../xtensa-lx106-elf/lib\libhal.a(int_asm--set_intclear.o)
 .data          0x3ffe84b0        0x0 c:/Espressif/ESP8266_SDK_151/lib\libphy.a(phy.o)
 .data          0x3ffe84b0        0x0 c:/Espressif/ESP8266_SDK_151/lib\libphy.a(phy_chip_v6_ana.o)
 .data          0x3ffe84b0       0x53 c:/Espressif/ESP8266_SDK_151/lib\libphy.a(phy_chip_v6.o)
                0x3ffe84b2                tx_rf_ana_gain
                0x3ffe84e0                rx_gain_swp
                0x3ffe8500                test_rffreq_txcap
 .data          0x3ffe8503        0x0 c:/Espressif/ESP8266_SDK_151/lib\libphy.a(phy_chip_v6_cal.o)
 .data          0x3ffe8503        0x0 c:/Espressif/ESP8266_SDK_151/lib\libphy.a(phy_chip_v6_unused.o)
 *fill*         0x3ffe8503        0x1 
 .data          0x3ffe8504        0x4 c:/Espressif/ESP8266_SDK_151/lib\libphy.a(phy_sleep.o)
                0x3ffe8504                chip_version
 .data          0x3ffe8508        0x0 c:/Espressif/ESP8266_SDK_151/lib\libpp.a(if_hwctrl.o)
 .data          0x3ffe8508        0x0 c:/Espressif/ESP8266_SDK_151/lib\libpp.a(lmac.o)
 .data          0x3ffe8508        0x1 c:/Espressif/ESP8266_SDK_151/lib\libpp.a(pm.o)
 *fill*         0x3ffe8509        0x3 
 .data          0x3ffe850c        0x1 c:/Espressif/ESP8266_SDK_151/lib\libpp.a(pm_for_bcn_only_mode.o)
 *fill*         0x3ffe850d        0x3 
 .data          0x3ffe8510       0x1c c:/Espressif/ESP8266_SDK_151/lib\libpp.a(pp.o)
                0x3ffe8510                soft_wdt_interval
                0x3ffe8514                NoiseTimerInterval
                0x3ffe851c                sleep_start_wait_time
                0x3ffe8524                CanDoFreqCal
                0x3ffe8528                tcb
 *fill*         0x3ffe852c        0x4 
 .data          0x3ffe8530       0x40 c:/Espressif/ESP8266_SDK_151/lib\libpp.a(rate_control.o)
 .data          0x3ffe8570      0x24c c:/Espressif/ESP8266_SDK_151/lib\libpp.a(trc.o)
 .data          0x3ffe87bc        0x8 c:/Espressif/ESP8266_SDK_151/lib\libpp.a(wdev.o)
 .data          0x3ffe87c4        0x0 c:/Espressif/ESP8266_SDK_151/lib\libpp.a(esf_buf.o)
 .data          0x3ffe87c4        0x0 c:/Espressif/ESP8266_SDK_151/lib\libnet80211.a(ieee80211.o)
 .data          0x3ffe87c4        0x0 c:/Espressif/ESP8266_SDK_151/lib\libnet80211.a(ieee80211_crypto.o)
 .data          0x3ffe87c4        0x0 c:/Espressif/ESP8266_SDK_151/lib\libnet80211.a(ieee80211_ets.o)
 .data          0x3ffe87c4        0x1 c:/Espressif/ESP8266_SDK_151/lib\libnet80211.a(ieee80211_hostap.o)
                0x3ffe87c4                TmpSTAAPCloseAP
 .data          0x3ffe87c5        0x0 c:/Espressif/ESP8266_SDK_151/lib\libnet80211.a(ieee80211_ht.o)
 .data          0x3ffe87c5        0x0 c:/Espressif/ESP8266_SDK_151/lib\libnet80211.a(ieee80211_input.o)
 .data          0x3ffe87c5        0x0 c:/Espressif/ESP8266_SDK_151/lib\libnet80211.a(ieee80211_mesh_quick.o)
 .data          0x3ffe87c5        0x0 c:/Espressif/ESP8266_SDK_151/lib\libnet80211.a(ieee80211_output.o)
 .data          0x3ffe87c5        0x0 c:/Espressif/ESP8266_SDK_151/lib\libnet80211.a(ieee80211_phy.o)
 .data          0x3ffe87c5        0x0 c:/Espressif/ESP8266_SDK_151/lib\libnet80211.a(ieee80211_power.o)
 .data          0x3ffe87c5        0x0 c:/Espressif/ESP8266_SDK_151/lib\libnet80211.a(ieee80211_proto.o)
 .data          0x3ffe87c5        0x0 c:/Espressif/ESP8266_SDK_151/lib\libnet80211.a(ieee80211_rfid.o)
 .data          0x3ffe87c5        0x0 c:/Espressif/ESP8266_SDK_151/lib\libnet80211.a(ieee80211_scan.o)
 .data          0x3ffe87c5        0x0 c:/Espressif/ESP8266_SDK_151/lib\libnet80211.a(ieee80211_sta.o)
 .data          0x3ffe87c5        0x0 c:/Espressif/ESP8266_SDK_151/lib\libnet80211.a(wl_chm.o)
 *fill*         0x3ffe87c5        0x3 
 .data          0x3ffe87c8        0x1 c:/Espressif/ESP8266_SDK_151/lib\libnet80211.a(wl_cnx.o)
 *fill*         0x3ffe87c9        0x7 
 .data          0x3ffe87d0       0x1c c:/Espressif/ESP8266_SDK_151/lib\libnet80211.a(ieee80211_action.o)
 .data          0x3ffe87ec        0x0 c:/Espressif/ESP8266_SDK_151/lib\libnet80211.a(ieee80211_action_vendor.o)
 .data          0x3ffe87ec        0x0 c:/Espressif/ESP8266_SDK_151/lib\libnet80211.a(ieee80211_crypto_ccmp.o)
 .data          0x3ffe87ec        0x0 c:/Espressif/ESP8266_SDK_151/lib\libnet80211.a(ieee80211_ie_vendor.o)
 .data          0x3ffe87ec        0x4 c:/Espressif/ESP8266_SDK_151/lib\liblwip.a(dhcp.o)
 .data          0x3ffe87f0        0x5 c:/Espressif/ESP8266_SDK_151/lib\liblwip.a(dhcpserver.o)
                0x3ffe87f0                dhcps_lease_time
 .data          0x3ffe87f5        0x0 c:/Espressif/ESP8266_SDK_151/lib\liblwip.a(dns.o)
 .data          0x3ffe87f5        0x0 c:/Espressif/ESP8266_SDK_151/lib\liblwip.a(espconn.o)
 .data          0x3ffe87f5        0x0 c:/Espressif/ESP8266_SDK_151/lib\liblwip.a(espconn_tcp.o)
 .data          0x3ffe87f5        0x0 c:/Espressif/ESP8266_SDK_151/lib\liblwip.a(espconn_udp.o)
 .data          0x3ffe87f5        0x0 c:/Espressif/ESP8266_SDK_151/lib\liblwip.a(etharp.o)
 .data          0x3ffe87f5        0x0 c:/Espressif/ESP8266_SDK_151/lib\liblwip.a(igmp.o)
 .data          0x3ffe87f5        0x0 c:/Espressif/ESP8266_SDK_151/lib\liblwip.a(inet_chksum.o)
 .data          0x3ffe87f5        0x0 c:/Espressif/ESP8266_SDK_151/lib\liblwip.a(init.o)
 .data          0x3ffe87f5        0x0 c:/Espressif/ESP8266_SDK_151/lib\liblwip.a(ip_addr.o)
 .data          0x3ffe87f5        0x0 c:/Espressif/ESP8266_SDK_151/lib\liblwip.a(ip.o)
 *fill*         0x3ffe87f5        0x3 
 .data          0x3ffe87f8        0x2 c:/Espressif/ESP8266_SDK_151/lib\liblwip.a(memp.o)
                0x3ffe87f8                memp_sizes_test
 .data          0x3ffe87fa        0x0 c:/Espressif/ESP8266_SDK_151/lib\liblwip.a(netif.o)
 .data          0x3ffe87fa        0x0 c:/Espressif/ESP8266_SDK_151/lib\liblwip.a(pbuf.o)
 .data          0x3ffe87fa        0x0 c:/Espressif/ESP8266_SDK_151/lib\liblwip.a(raw.o)
 .data          0x3ffe87fa        0x0 c:/Espressif/ESP8266_SDK_151/lib\liblwip.a(tcp_in.o)
 *fill*         0x3ffe87fa        0x2 
 .data          0x3ffe87fc        0x8 c:/Espressif/ESP8266_SDK_151/lib\liblwip.a(tcp.o)
 .data          0x3ffe8804        0x0 c:/Espressif/ESP8266_SDK_151/lib\liblwip.a(tcp_out.o)
 .data          0x3ffe8804        0x0 c:/Espressif/ESP8266_SDK_151/lib\liblwip.a(timers.o)
 .data          0x3ffe8804        0x0 c:/Espressif/ESP8266_SDK_151/lib\liblwip.a(udp.o)
 .data          0x3ffe8804        0x0 c:/Espressif/ESP8266_SDK_151/lib\liblwip.a(icmp.o)
 .data          0x3ffe8804        0x0 c:/Espressif/ESP8266_SDK_151/lib\libwpa.a(ap_config.o)
 .data          0x3ffe8804        0x0 c:/Espressif/ESP8266_SDK_151/lib\libwpa.a(common.o)
 .data          0x3ffe8804        0x0 c:/Espressif/ESP8266_SDK_151/lib\libwpa.a(os_xtensa.o)
 .data          0x3ffe8804        0x0 c:/Espressif/ESP8266_SDK_151/lib\libwpa.a(wpa_auth.o)
 .data          0x3ffe8804        0x0 c:/Espressif/ESP8266_SDK_151/lib\libwpa.a(wpa_auth_ie.o)
 .data          0x3ffe8804        0x0 c:/Espressif/ESP8266_SDK_151/lib\libwpa.a(wpa.o)
 .data          0x3ffe8804        0x0 c:/Espressif/ESP8266_SDK_151/lib\libwpa.a(wpa_common.o)
 .data          0x3ffe8804        0x0 c:/Espressif/ESP8266_SDK_151/lib\libwpa.a(wpa_debug.o)
 .data          0x3ffe8804        0x0 c:/Espressif/ESP8266_SDK_151/lib\libwpa.a(wpa_ie.o)
 .data          0x3ffe8804        0x0 c:/Espressif/ESP8266_SDK_151/lib\libwpa.a(wpa_main.o)
 .data          0x3ffe8804        0x0 c:/Espressif/ESP8266_SDK_151/lib\libwpa.a(wpas_glue.o)
 .data          0x3ffe8804       0x1c c:/Espressif/ESP8266_SDK_151/lib\libssl.a(espconn_secure.o)
                0x3ffe8804                ssl_option
 .data          0x3ffe8820        0x0 c:/Espressif/ESP8266_SDK_151/lib\libssl.a(espconn_ssl.o)
 .data          0x3ffe8820        0x0 c:/Espressif/ESP8266_SDK_151/lib\libssl.a(ssl_loader.o)
 .data          0x3ffe8820        0x0 c:/Espressif/ESP8266_SDK_151/lib\libssl.a(ssl_md5.o)
 .data          0x3ffe8820        0x0 c:/Espressif/ESP8266_SDK_151/lib\libssl.a(ssl_tls1_clnt.o)
 .data          0x3ffe8820        0x8 c:/Espressif/ESP8266_SDK_151/lib\libssl.a(ssl_tls1.o)
 .data          0x3ffe8828        0x0 c:/Espressif/ESP8266_SDK_151/lib\libssl.a(ssl_tls1_svr.o)
 .data          0x3ffe8828        0x0 c:/Espressif/ESP8266_SDK_151/lib\libssl.a(ssl_x509.o)
 .data          0x3ffe8828        0x0 c:/Espressif/ESP8266_SDK_151/lib\libssl.a(sha256.o)
 .data          0x3ffe8828        0x0 c:/Espressif/ESP8266_SDK_151/lib\libssl.a(sha384.o)
 .data          0x3ffe8828        0x0 c:/Espressif/ESP8266_SDK_151/lib\libssl.a(sha512.o)
 .data          0x3ffe8828        0x0 c:/Espressif/ESP8266_SDK_151/lib\libssl.a(ssl_aes.o)
 .data          0x3ffe8828        0x0 c:/Espressif/ESP8266_SDK_151/lib\libssl.a(ssl_asn1.o)
 .data          0x3ffe8828        0x0 c:/Espressif/ESP8266_SDK_151/lib\libssl.a(ssl_bigint.o)
 .data          0x3ffe8828        0x0 c:/Espressif/ESP8266_SDK_151/lib\libssl.a(ssl_crypto_misc.o)
 .data          0x3ffe8828        0x0 c:/Espressif/ESP8266_SDK_151/lib\libssl.a(ssl_hmac.o)
 .data          0x3ffe8828        0x0 c:/Espressif/ESP8266_SDK_151/lib\libssl.a(ssl_os_port.o)
 .data          0x3ffe8828        0x0 c:/Espressif/ESP8266_SDK_151/lib\libssl.a(ssl_rc4.o)
 .data          0x3ffe8828        0x0 c:/Espressif/ESP8266_SDK_151/lib\libssl.a(ssl_rsa.o)
 .data          0x3ffe8828        0x0 c:/Espressif/ESP8266_SDK_151/lib\libssl.a(ssl_sha1.o)
 .data          0x3ffe8828        0xe c:/Espressif/ESP8266_SDK_151/lib\libsmartconfig.a(sc_sniffer.o)
                0x3ffe8828                g_SC_Select
                0x3ffe8830                ET_Group_bssid
 .data          0x3ffe8836        0x0 c:/Espressif/ESP8266_SDK_151/lib\libsmartconfig.a(sc_airkiss.o)
 *fill*         0x3ffe8836        0x2 
 .data          0x3ffe8838        0x1 c:/Espressif/ESP8266_SDK_151/lib\libsmartconfig.a(sc_esptouch.o)
                0x3ffe8838                g_ET_TimeOut
 .data          0x3ffe8839        0x0 c:/Espressif/ESP8266_SDK_151/lib\libcrypto.a(aes-wrap.o)
 .data          0x3ffe8839        0x0 c:/Espressif/ESP8266_SDK_151/lib\libcrypto.a(aes-internal-enc.o)
 .data          0x3ffe8839        0x0 c:/Espressif/ESP8266_SDK_151/lib\libcrypto.a(aes-internal.o)
 .data          0x3ffe8839        0x0 c:/espressif/xtensa-lx106-elf/bin/../lib/gcc/xtensa-lx106-elf/5.1.0/../../../../xtensa-lx106-elf/lib\libc.a(lib_a-memcmp.o)
 .data          0x3ffe8839        0x0 c:/espressif/xtensa-lx106-elf/bin/../lib/gcc/xtensa-lx106-elf/5.1.0\libgcc.a(_ashrdi3.o)
 .data          0x3ffe8839        0x0 c:/espressif/xtensa-lx106-elf/bin/../lib/gcc/xtensa-lx106-elf/5.1.0\libgcc.a(_fixunssfsi.o)
 .data          0x3ffe8839        0x0 c:/espressif/xtensa-lx106-elf/bin/../lib/gcc/xtensa-lx106-elf/5.1.0\libgcc.a(_fixdfsi.o)
 .data          0x3ffe8839        0x0 c:/espressif/xtensa-lx106-elf/bin/../lib/gcc/xtensa-lx106-elf/5.1.0\libgcc.a(_truncdfsf2.o)
 .data          0x3ffe8839        0x0 c:/espressif/xtensa-lx106-elf/bin/../lib/gcc/xtensa-lx106-elf/5.1.0\libgcc.a(_divdi3.o)
 .data          0x3ffe8839        0x0 c:/espressif/xtensa-lx106-elf/bin/../lib/gcc/xtensa-lx106-elf/5.1.0\libgcc.a(_udivdi3.o)
 .data          0x3ffe8839        0x0 c:/espressif/xtensa-lx106-elf/bin/../lib/gcc/xtensa-lx106-elf/5.1.0\libgcc.a(_umoddi3.o)
 .data          0x3ffe8839        0x0 c:/Espressif/ESP8266_SDK_151/lib\libnet80211.a(ieee80211_crypto_tkip.o)
 .data          0x3ffe8839        0x0 c:/Espressif/ESP8266_SDK_151/lib\libnet80211.a(ieee80211_crypto_wep.o)
 *(.data.*)
 *(.gnu.linkonce.d.*)
 *(.data1)
 *(.sdata)
 *(.sdata.*)
 *(.gnu.linkonce.s.*)
 *(.sdata2)
 *(.sdata2.*)
 *(.gnu.linkonce.s2.*)
 *(.jcr)
                0x3ffe8839                _data_end = ABSOLUTE (.)

.noinit         0x3ffe883c        0x4
 .noinit        0x3ffe883c        0x4 build/app_app.a(user_main.o)
                0x3ffe883c                lastAction

.rodata         0x3ffe8840     0x1ce0
                0x3ffe8840                _rodata_start = ABSOLUTE (.)
 *(.sdk.version)
 .sdk.version   0x3ffe8840       0x10 c:/Espressif/ESP8266_SDK_151/lib\libmain.a(app_main.o)
                0x3ffe8840                SDK_VERSION
 *(.rodata)
 .rodata        0x3ffe8850       0x28 build/app_app.a(mqtt.o)
 .rodata        0x3ffe8878       0x40 build/app_app.a(easygpio.o)
 .rodata        0x3ffe88b8        0x4 build/app_app.a(io.o)
                0x3ffe88b8                outputMap
 .rodata        0x3ffe88bc       0x20 build/app_app.a(ds18b20.o)
 .rodata        0x3ffe88dc      0x160 build/app_app.a(jsmn.o)
 .rodata        0x3ffe8a3c       0x68 c:/espressif/xtensa-lx106-elf/bin/../lib/gcc/xtensa-lx106-elf/5.1.0/../../../../xtensa-lx106-elf/lib\libc.a(lib_a-mktm_r.o)
 .rodata        0x3ffe8aa4      0x101 c:/espressif/xtensa-lx106-elf/bin/../lib/gcc/xtensa-lx106-elf/5.1.0/../../../../xtensa-lx106-elf/lib\libc.a(lib_a-ctype_.o)
                0x3ffe8aa4                _ctype_
 *fill*         0x3ffe8ba5        0x3 
 .rodata        0x3ffe8ba8        0x4 c:/espressif/xtensa-lx106-elf/bin/../lib/gcc/xtensa-lx106-elf/5.1.0/../../../../xtensa-lx106-elf/lib\libc.a(lib_a-impure.o)
                0x3ffe8ba8                _global_impure_ptr
 .rodata        0x3ffe8bac        0x8 c:/Espressif/ESP8266_SDK_151/lib\libphy.a(phy_chip_v6_ana.o)
 .rodata        0x3ffe8bb4        0x8 c:/Espressif/ESP8266_SDK_151/lib\libphy.a(phy_chip_v6.o)
 .rodata        0x3ffe8bbc        0x4 c:/Espressif/ESP8266_SDK_151/lib\libpp.a(pp.o)
 .rodata        0x3ffe8bc0        0x8 c:/Espressif/ESP8266_SDK_151/lib\libnet80211.a(ieee80211_hostap.o)
 .rodata        0x3ffe8bc8        0x9 c:/Espressif/ESP8266_SDK_151/lib\libnet80211.a(ieee80211_output.o)
 *fill*         0x3ffe8bd1        0x3 
 .rodata        0x3ffe8bd4        0x6 c:/Espressif/ESP8266_SDK_151/lib\liblwip.a(etharp.o)
                0x3ffe8bd4                ethbroadcast
 *fill*         0x3ffe8bda        0x6 
 .rodata        0x3ffe8be0       0x34 c:/Espressif/ESP8266_SDK_151/lib\libssl.a(ssl_loader.o)
 *fill*         0x3ffe8c14        0xc 
 .rodata        0x3ffe8c20       0x40 c:/Espressif/ESP8266_SDK_151/lib\libssl.a(ssl_md5.o)
 .rodata        0x3ffe8c60       0x74 c:/Espressif/ESP8266_SDK_151/lib\libssl.a(ssl_tls1.o)
                0x3ffe8cb4                ssl_prot_prefs
 *fill*         0x3ffe8cd4        0x4 
 .rodata        0x3ffe8cd8       0x10 c:/Espressif/ESP8266_SDK_151/lib\libssl.a(ssl_tls1_svr.o)
 *fill*         0x3ffe8ce8        0x8 
 .rodata        0x3ffe8cf0       0x40 c:/Espressif/ESP8266_SDK_151/lib\libssl.a(sha256.o)
 .rodata        0x3ffe8d30      0x300 c:/Espressif/ESP8266_SDK_151/lib\libssl.a(sha512.o)
 .rodata        0x3ffe9030      0x220 c:/Espressif/ESP8266_SDK_151/lib\libssl.a(ssl_aes.o)
 .rodata        0x3ffe9250       0x48 c:/Espressif/ESP8266_SDK_151/lib\libssl.a(ssl_asn1.o)
 *fill*         0x3ffe9298        0x8 
 .rodata        0x3ffe92a0       0x90 c:/Espressif/ESP8266_SDK_151/lib\libssl.a(ssl_crypto_misc.o)
                0x3ffe92a0                unsupported_str
 .rodata        0x3ffe9330       0x10 c:/Espressif/ESP8266_SDK_151/lib\libssl.a(ssl_sha1.o)
 .rodata        0x3ffe9340        0x7 c:/Espressif/ESP8266_SDK_151/lib\libsmartconfig.a(sc_sniffer.o)
                0x3ffe9340                SC_VERSION
 *fill*         0x3ffe9347        0x1 
 .rodata        0x3ffe9348        0x8 c:/Espressif/ESP8266_SDK_151/lib\libsmartconfig.a(sc_airkiss.o)
                0x3ffe9348                RSSI_BEAR
                0x3ffe9349                DATA_RSSI_BEAR
                0x3ffe934a                RSSI_MIN
 *(.rodata.*)
 .rodata.str1.4
                0x3ffe9350        0xc c:/Espressif/ESP8266_SDK_151/lib\libmain.a(app_main.o)
 .rodata.str1.4
                0x3ffe935c        0x4 c:/Espressif/ESP8266_SDK_151/lib\libmain.a(ets_timer.o)
                                  0xc (size before relaxing)
 .rodata.str1.4
                0x3ffe9360       0x1a c:/Espressif/ESP8266_SDK_151/lib\libmain.a(mem_manager.o)
 *fill*         0x3ffe937a        0x2 
 .rodata.str1.4
                0x3ffe937c      0x2f4 build/app_app.a(user_main.o)
                                0x308 (size before relaxing)
 .rodata.str1.4
                0x3ffe9670       0xc9 build/app_app.a(config.o)
                                 0xcd (size before relaxing)
 *fill*         0x3ffe9739        0x3 
 .rodata.str1.4
                0x3ffe973c      0x1d4 build/app_app.a(mqtt.o)
                                0x1d8 (size before relaxing)
 .rodata.str1.4
                0x3ffe9910       0xd8 build/app_app.a(easygpio.o)
 .rodata.str1.4
                0x3ffe99e8       0x69 build/app_app.a(wifi.o)
                                 0x79 (size before relaxing)
 *fill*         0x3ffe9a51        0x3 
 .rodata.str1.4
                0x3ffe9a54       0x16 build/app_app.a(flash.o)
 *fill*         0x3ffe9a6a        0x2 
 .rodata.str1.4
                0x3ffe9a6c      0x26e build/app_app.a(publish.o)
                                0x286 (size before relaxing)
 *fill*         0x3ffe9cda        0x2 
 .rodata.str1.4
                0x3ffe9cdc       0x4e build/app_app.a(check.o)
 *fill*         0x3ffe9d2a        0x2 
 .rodata.str1.4
                0x3ffe9d2c       0xbc build/app_app.a(decodeMessage.o)
                                 0xe8 (size before relaxing)
 .rodata.str1.4
                0x3ffe9de8       0x50 build/app_app.a(io.o)
                                 0x54 (size before relaxing)
 .rodata.str1.4
                0x00000000        0x1 build/app_app.a(queue.o)
 .rodata.str1.4
                0x3ffe9e38       0x63 build/app_app.a(mqtt_msg.o)
 *fill*         0x3ffe9e9b        0x1 
 .rodata.str1.4
                0x3ffe9e9c      0x14d build/app_app.a(temperature.o)
                                0x151 (size before relaxing)
 *fill*         0x3ffe9fe9        0x3 
 .rodata.str1.4
                0x3ffe9fec       0x6f build/app_app.a(jsmn.o)
 .rodata.str1.1
                0x3ffea05b        0x4 c:/espressif/xtensa-lx106-elf/bin/../lib/gcc/xtensa-lx106-elf/5.1.0/../../../../xtensa-lx106-elf/lib\libc.a(lib_a-tzvars.o)
 .rodata.str1.1
                0x3ffea05f        0x2 c:/espressif/xtensa-lx106-elf/bin/../lib/gcc/xtensa-lx106-elf/5.1.0/../../../../xtensa-lx106-elf/lib\libc.a(lib_a-impure.o)
 *fill*         0x3ffea061        0x3 
 .rodata.str1.4
                0x3ffea064        0x4 c:/Espressif/ESP8266_SDK_151/lib\libpp.a(lmac.o)
                                  0xc (size before relaxing)
 .rodata.str1.4
                0x3ffea068        0x4 c:/Espressif/ESP8266_SDK_151/lib\libpp.a(pm_for_bcn_only_mode.o)
                                  0xc (size before relaxing)
 .rodata.str1.4
                0x3ffea06c        0x8 c:/Espressif/ESP8266_SDK_151/lib\libpp.a(pp.o)
                                 0x10 (size before relaxing)
 .rodata.str1.4
                0x3ffea074        0x4 c:/Espressif/ESP8266_SDK_151/lib\libpp.a(wdev.o)
                                  0xc (size before relaxing)
 .rodata.str1.4
                0x3ffea078        0x3 c:/Espressif/ESP8266_SDK_151/lib\libnet80211.a(ieee80211_hostap.o)
                                  0x8 (size before relaxing)
 *fill*         0x3ffea07b        0x1 
 .rodata.str1.4
                0x3ffea07c        0x7 c:/Espressif/ESP8266_SDK_151/lib\libnet80211.a(ieee80211_mesh_quick.o)
 .rodata.str1.4
                0x00000000        0x4 c:/Espressif/ESP8266_SDK_151/lib\libnet80211.a(ieee80211_sta.o)
 .rodata.str1.4
                0x00000000        0x4 c:/Espressif/ESP8266_SDK_151/lib\libnet80211.a(ieee80211_action_vendor.o)
 .rodata.str1.4
                0x00000000        0x4 c:/Espressif/ESP8266_SDK_151/lib\libnet80211.a(ieee80211_ie_vendor.o)
 .rodata.str1.4
                0x00000000        0x1 c:/Espressif/ESP8266_SDK_151/lib\liblwip.a(espconn_tcp.o)
 *fill*         0x3ffea083        0x1 
 .rodata.str1.4
                0x3ffea084        0x5 c:/Espressif/ESP8266_SDK_151/lib\libwpa.a(wpa_debug.o)
                                  0xd (size before relaxing)
 *fill*         0x3ffea089        0x3 
 .rodata.str1.4
                0x3ffea08c       0x18 c:/Espressif/ESP8266_SDK_151/lib\libssl.a(espconn_ssl.o)
 .rodata.str1.4
                0x3ffea0a4      0x150 c:/Espressif/ESP8266_SDK_151/lib\libssl.a(ssl_loader.o)
                                0x151 (size before relaxing)
 .rodata.str1.4
                0x3ffea1f4      0x13a c:/Espressif/ESP8266_SDK_151/lib\libssl.a(ssl_tls1.o)
 *fill*         0x3ffea32e        0x2 
 .rodata.str1.4
                0x3ffea330       0xec c:/Espressif/ESP8266_SDK_151/lib\libssl.a(ssl_x509.o)
                                 0xf4 (size before relaxing)
 .rodata.str1.4
                0x3ffea41c       0x1e c:/Espressif/ESP8266_SDK_151/lib\libssl.a(ssl_crypto_misc.o)
 *fill*         0x3ffea43a        0x2 
 .rodata.str1.4
                0x3ffea43c       0x20 c:/Espressif/ESP8266_SDK_151/lib\libssl.a(ssl_rsa.o)
 .rodata.str1.4
                0x3ffea45c        0xd c:/Espressif/ESP8266_SDK_151/lib\libsmartconfig.a(sc_sniffer.o)
 *fill*         0x3ffea469        0x3 
 .rodata.str1.4
                0x3ffea46c        0xd c:/Espressif/ESP8266_SDK_151/lib\libsmartconfig.a(sc_airkiss.o)
 *fill*         0x3ffea479        0x3 
 .rodata.str1.4
                0x3ffea47c       0x10 c:/Espressif/ESP8266_SDK_151/lib\libsmartconfig.a(sc_esptouch.o)
                                  0xe (size before relaxing)
 *(.gnu.linkonce.r.*)
 *(.rodata1)
                0x3ffea48c                __XT_EXCEPTION_TABLE__ = ABSOLUTE (.)
 *(.xt_except_table)
 *(.gcc_except_table)
 *(.gnu.linkonce.e.*)
 *(.gnu.version_r)
 *(.eh_frame)
 .eh_frame      0x3ffea48c       0x38 c:/espressif/xtensa-lx106-elf/bin/../lib/gcc/xtensa-lx106-elf/5.1.0\libgcc.a(_divdi3.o)
 .eh_frame      0x3ffea4c4       0x28 c:/espressif/xtensa-lx106-elf/bin/../lib/gcc/xtensa-lx106-elf/5.1.0\libgcc.a(_udivdi3.o)
                                 0x38 (size before relaxing)
 .eh_frame      0x3ffea4ec       0x2c c:/espressif/xtensa-lx106-elf/bin/../lib/gcc/xtensa-lx106-elf/5.1.0\libgcc.a(_umoddi3.o)
                                 0x3c (size before relaxing)
 *crtbegin.o(.ctors)
 *(EXCLUDE_FILE(*crtend.o) .ctors)
 *(SORT(.ctors.*))
 *(.ctors)
 *crtbegin.o(.dtors)
 *(EXCLUDE_FILE(*crtend.o) .dtors)
 *(SORT(.dtors.*))
 *(.dtors)
                0x3ffea518                __XT_EXCEPTION_DESCS__ = ABSOLUTE (.)
 *(.xt_except_desc)
 *(.gnu.linkonce.h.*)
                0x3ffea518                __XT_EXCEPTION_DESCS_END__ = ABSOLUTE (.)
 *(.xt_except_desc_end)
 *(.dynamic)
 *(.gnu.version_d)
                0x3ffea518                . = ALIGN (0x4)
                0x3ffea518                _bss_table_start = ABSOLUTE (.)
                0x3ffea518        0x4 LONG 0x3ffea520 _bss_start
                0x3ffea51c        0x4 LONG 0x3fff0f30 _bss_end
                0x3ffea520                _bss_table_end = ABSOLUTE (.)
                0x3ffea520                _rodata_end = ABSOLUTE (.)

.bss            0x3ffea520     0x6a10
                0x3ffea520                . = ALIGN (0x8)
                0x3ffea520                _bss_start = ABSOLUTE (.)
 *(.dynsbss)
 *(.sbss)
 *(.sbss.*)
 *(.gnu.linkonce.sb.*)
 *(.scommon)
 *(.sbss2)
 *(.sbss2.*)
 *(.gnu.linkonce.sb2.*)
 *(.dynbss)
 *(.bss)
 .bss           0x3ffea520        0x0 c:/Espressif/ESP8266_SDK_151/lib\libmain.a(debug-vector.o)
 .bss           0x3ffea520        0x0 c:/Espressif/ESP8266_SDK_151/lib\libmain.a(double-vector.o)
 .bss           0x3ffea520        0x0 c:/Espressif/ESP8266_SDK_151/lib\libmain.a(kernel-vector.o)
 .bss           0x3ffea520      0x1c0 c:/Espressif/ESP8266_SDK_151/lib\libmain.a(nmi-vector.o)
 .bss           0x3ffea6e0        0x0 c:/Espressif/ESP8266_SDK_151/lib\libmain.a(user-vector.o)
 .bss           0x3ffea6e0        0x0 c:/Espressif/ESP8266_SDK_151/lib\libmain.a(vector.o)
 .bss           0x3ffea6e0       0x41 c:/Espressif/ESP8266_SDK_151/lib\libmain.a(app_main.o)
                0x3ffea6e4                info
                0x3ffea708                lwip_timer_interval
                0x3ffea70c                check_timeouts_timer
                0x3ffea720                user_init_flag
 *fill*         0x3ffea721        0xf 
 .bss           0x3ffea730       0x30 c:/Espressif/ESP8266_SDK_151/lib\libmain.a(ets_timer.o)
                0x3ffea730                timer_list
                0x3ffea734                debug_timer
                0x3ffea738                debug_timerfn
 .bss           0x3ffea760       0x3c c:/Espressif/ESP8266_SDK_151/lib\libmain.a(mem_manager.o)
 .bss           0x3ffea79c        0x4 c:/Espressif/ESP8266_SDK_151/lib\libmain.a(spi_flash.o)
                0x3ffea79c                flash_read
 .bss           0x3ffea7a0      0x242 c:/Espressif/ESP8266_SDK_151/lib\libmain.a(user_interface.o)
                0x3ffea897                deep_sleep_flag
                0x3ffea898                cpu_overclock
                0x3ffea89c                event_cb
                0x3ffea8a0                status_led_output_level
                0x3ffea8a4                done_cb
                0x3ffea8a8                rst_if
                0x3ffea8c4                default_interface
                0x3ffea8c5                OpmodChgIsOnGoing
                0x3ffea8c8                promiscuous_cb
                0x3ffea8e0                event_TaskQueue
 .bss           0x3ffea9e2        0x0 c:/Espressif/ESP8266_SDK_151/lib\libmain.a(eagle_lib.o)
 *fill*         0x3ffea9e2        0x2 
 .bss           0x3ffea9e4        0xc c:/Espressif/ESP8266_SDK_151/lib\libmain.a(eagle_lwip_if.o)
                0x3ffea9e4                hostname
 .bss           0x3ffea9f0       0x2c build/app_app.a(user_main.o)
 .bss           0x3ffeaa1c        0x0 build/app_app.a(config.o)
 .bss           0x3ffeaa1c        0x8 build/app_app.a(mqtt.o)
                0x3ffeaa1c                default_private_key_len
                0x3ffeaa20                default_certificate_len
 .bss           0x3ffeaa24       0x98 build/app_app.a(dht22.o)
 .bss           0x3ffeaabc       0x24 build/app_app.a(switch.o)
 .bss           0x3ffeaae0        0x0 build/app_app.a(easygpio.o)
 .bss           0x3ffeaae0       0x42 build/app_app.a(wifi.o)
                0x3ffeaae0                wifiCb
 *fill*         0x3ffeab22        0x2 
 .bss           0x3ffeab24       0x24 build/app_app.a(flash.o)
 .bss           0x3ffeab48        0x1 build/app_app.a(doSmartConfig.o)
 *fill*         0x3ffeab49        0x3 
 .bss           0x3ffeab4c        0x4 build/app_app.a(publish.o)
 .bss           0x3ffeab50        0x0 build/app_app.a(stdout.o)
 .bss           0x3ffeab50        0x0 build/app_app.a(check.o)
 .bss           0x3ffeab50        0x0 build/app_app.a(decodeMessage.o)
 .bss           0x3ffeab50       0x54 build/app_app.a(io.o)
                0x3ffeab50                oldPIRstatus
                0x3ffeab54                pirStatus
 .bss           0x3ffeaba4        0x0 build/app_app.a(utils.o)
 .bss           0x3ffeaba4        0x0 build/app_app.a(queue.o)
 .bss           0x3ffeaba4        0x0 build/app_app.a(mqtt_msg.o)
 .bss           0x3ffeaba4        0x0 build/app_app.a(ringbuf.o)
 .bss           0x3ffeaba4       0x60 build/app_app.a(temperature.o)
 .bss           0x3ffeac04        0xc build/app_app.a(ds18b20.o)
 .bss           0x3ffeac10        0x0 build/app_app.a(jsmn.o)
 .bss           0x3ffeac10        0x0 build/app_app.a(dtoa.o)
 .bss           0x3ffeac10        0x0 build/app_app.a(proto.o)
 .bss           0x3ffeac10        0x0 c:/espressif/xtensa-lx106-elf/bin/../lib/gcc/xtensa-lx106-elf/5.1.0/../../../../xtensa-lx106-elf/lib\libc.a(lib_a-atoi.o)
 .bss           0x3ffeac10        0x0 c:/espressif/xtensa-lx106-elf/bin/../lib/gcc/xtensa-lx106-elf/5.1.0/../../../../xtensa-lx106-elf/lib\libc.a(lib_a-lcltime.o)
 .bss           0x3ffeac10        0x0 c:/espressif/xtensa-lx106-elf/bin/../lib/gcc/xtensa-lx106-elf/5.1.0/../../../../xtensa-lx106-elf/lib\libc.a(lib_a-lcltime_r.o)
 .bss           0x3ffeac10        0x0 c:/espressif/xtensa-lx106-elf/bin/../lib/gcc/xtensa-lx106-elf/5.1.0/../../../../xtensa-lx106-elf/lib\libc.a(lib_a-memcpy.o)
 .bss           0x3ffeac10        0x0 c:/espressif/xtensa-lx106-elf/bin/../lib/gcc/xtensa-lx106-elf/5.1.0/../../../../xtensa-lx106-elf/lib\libc.a(lib_a-mktm_r.o)
 .bss           0x3ffeac10        0x0 c:/espressif/xtensa-lx106-elf/bin/../lib/gcc/xtensa-lx106-elf/5.1.0/../../../../xtensa-lx106-elf/lib\libc.a(lib_a-strcmp.o)
 .bss           0x3ffeac10        0x0 c:/espressif/xtensa-lx106-elf/bin/../lib/gcc/xtensa-lx106-elf/5.1.0/../../../../xtensa-lx106-elf/lib\libc.a(lib_a-strcpy.o)
 .bss           0x3ffeac10        0x0 c:/espressif/xtensa-lx106-elf/bin/../lib/gcc/xtensa-lx106-elf/5.1.0/../../../../xtensa-lx106-elf/lib\libc.a(lib_a-strlen.o)
 .bss           0x3ffeac10        0x0 c:/espressif/xtensa-lx106-elf/bin/../lib/gcc/xtensa-lx106-elf/5.1.0/../../../../xtensa-lx106-elf/lib\libc.a(lib_a-strncmp.o)
 .bss           0x3ffeac10        0x0 c:/espressif/xtensa-lx106-elf/bin/../lib/gcc/xtensa-lx106-elf/5.1.0/../../../../xtensa-lx106-elf/lib\libc.a(lib_a-strtol.o)
 .bss           0x3ffeac10        0x0 c:/espressif/xtensa-lx106-elf/bin/../lib/gcc/xtensa-lx106-elf/5.1.0/../../../../xtensa-lx106-elf/lib\libc.a(lib_a-tzlock.o)
 .bss           0x3ffeac10        0x8 c:/espressif/xtensa-lx106-elf/bin/../lib/gcc/xtensa-lx106-elf/5.1.0/../../../../xtensa-lx106-elf/lib\libc.a(lib_a-tzvars.o)
                0x3ffeac10                _timezone
                0x3ffeac14                _daylight
 .bss           0x3ffeac18        0x0 c:/espressif/xtensa-lx106-elf/bin/../lib/gcc/xtensa-lx106-elf/5.1.0/../../../../xtensa-lx106-elf/lib\libc.a(lib_a-ctype_.o)
 .bss           0x3ffeac18        0x0 c:/espressif/xtensa-lx106-elf/bin/../lib/gcc/xtensa-lx106-elf/5.1.0/../../../../xtensa-lx106-elf/lib\libc.a(lib_a-gettzinfo.o)
 .bss           0x3ffeac18        0x0 c:/espressif/xtensa-lx106-elf/bin/../lib/gcc/xtensa-lx106-elf/5.1.0/../../../../xtensa-lx106-elf/lib\libc.a(lib_a-impure.o)
 .bss           0x3ffeac18        0x0 c:/espressif/xtensa-lx106-elf/bin/../lib/gcc/xtensa-lx106-elf/5.1.0\libgcc.a(_divsi3.o)
 .bss           0x3ffeac18        0x0 c:/espressif/xtensa-lx106-elf/bin/../lib/gcc/xtensa-lx106-elf/5.1.0\libgcc.a(_modsi3.o)
 .bss           0x3ffeac18        0x0 c:/espressif/xtensa-lx106-elf/bin/../lib/gcc/xtensa-lx106-elf/5.1.0\libgcc.a(_udivsi3.o)
 .bss           0x3ffeac18        0x0 c:/espressif/xtensa-lx106-elf/bin/../lib/gcc/xtensa-lx106-elf/5.1.0\libgcc.a(_umodsi3.o)
 .bss           0x3ffeac18        0x0 c:/espressif/xtensa-lx106-elf/bin/../lib/gcc/xtensa-lx106-elf/5.1.0\libgcc.a(_addsubsf3.o)
 .bss           0x3ffeac18        0x0 c:/espressif/xtensa-lx106-elf/bin/../lib/gcc/xtensa-lx106-elf/5.1.0\libgcc.a(_mulsf3.o)
 .bss           0x3ffeac18        0x0 c:/espressif/xtensa-lx106-elf/bin/../lib/gcc/xtensa-lx106-elf/5.1.0\libgcc.a(_divsf3.o)
 .bss           0x3ffeac18        0x0 c:/espressif/xtensa-lx106-elf/bin/../lib/gcc/xtensa-lx106-elf/5.1.0\libgcc.a(_cmpsf2.o)
 .bss           0x3ffeac18        0x0 c:/espressif/xtensa-lx106-elf/bin/../lib/gcc/xtensa-lx106-elf/5.1.0\libgcc.a(_fixsfsi.o)
 .bss           0x3ffeac18        0x0 c:/espressif/xtensa-lx106-elf/bin/../lib/gcc/xtensa-lx106-elf/5.1.0\libgcc.a(_floatsisf.o)
 .bss           0x3ffeac18        0x0 c:/espressif/xtensa-lx106-elf/bin/../lib/gcc/xtensa-lx106-elf/5.1.0\libgcc.a(_addsubdf3.o)
 .bss           0x3ffeac18        0x0 c:/espressif/xtensa-lx106-elf/bin/../lib/gcc/xtensa-lx106-elf/5.1.0\libgcc.a(_muldf3.o)
 .bss           0x3ffeac18        0x0 c:/espressif/xtensa-lx106-elf/bin/../lib/gcc/xtensa-lx106-elf/5.1.0\libgcc.a(_divdf3.o)
 .bss           0x3ffeac18        0x0 c:/espressif/xtensa-lx106-elf/bin/../lib/gcc/xtensa-lx106-elf/5.1.0\libgcc.a(_cmpdf2.o)
 .bss           0x3ffeac18        0x0 c:/espressif/xtensa-lx106-elf/bin/../lib/gcc/xtensa-lx106-elf/5.1.0\libgcc.a(_fixunsdfsi.o)
 .bss           0x3ffeac18        0x0 c:/espressif/xtensa-lx106-elf/bin/../lib/gcc/xtensa-lx106-elf/5.1.0\libgcc.a(_floatsidf.o)
 .bss           0x3ffeac18        0x0 c:/espressif/xtensa-lx106-elf/bin/../lib/gcc/xtensa-lx106-elf/5.1.0\libgcc.a(_muldi3.o)
 .bss           0x3ffeac18        0x0 c:/espressif/xtensa-lx106-elf/bin/../lib/gcc/xtensa-lx106-elf/5.1.0\libgcc.a(_umulsidi3.o)
 .bss           0x3ffeac18        0x0 c:/espressif/xtensa-lx106-elf/bin/../lib/gcc/xtensa-lx106-elf/5.1.0/../../../../xtensa-lx106-elf/lib\libhal.a(int_asm--set_intclear.o)
 .bss           0x3ffeac18        0x4 c:/Espressif/ESP8266_SDK_151/lib\libphy.a(phy.o)
 .bss           0x3ffeac1c        0x2 c:/Espressif/ESP8266_SDK_151/lib\libphy.a(phy_chip_v6_ana.o)
                0x3ffeac1c                tout_dis_txpwr_track
                0x3ffeac1d                sleep_mode_flag
 *fill*         0x3ffeac1e        0x2 
 .bss           0x3ffeac20      0x160 c:/Espressif/ESP8266_SDK_151/lib\libphy.a(phy_chip_v6.o)
                0x3ffeac20                g_phyFuns
                0x3ffeac24                rxiq_compute_num
                0x3ffeac28                rx_table_renew_en
                0x3ffeac2c                check_result
                0x3ffeac30                chip6_sleep_params
                0x3ffeacc4                chip6_phy_init_ctrl
                0x3ffead38                phy_freq_offset
                0x3ffead3a                do_pwctrl_flag
                0x3ffead3b                pwctrl_debug
                0x3ffead3c                txbk_dpdby_flag
                0x3ffead3e                sw_scan_mode
                0x3ffead3f                rxmax_ext_level
                0x3ffead40                phy_rx_gain_dc_table
                0x3ffead54                periodic_cal_dc_num
                0x3ffead58                periodic_cal_flag
                0x3ffead59                bbpll_cal_flag
                0x3ffead5a                phy_in_most_power
                0x3ffead5b                init_rf_no_cal
                0x3ffead5c                test_print_time
                0x3ffead60                phy_rx_gain_dc_flag
                0x3ffead61                phy_in_vdd33_offset
                0x3ffead62                phy_set_most_tpw_disbg
                0x3ffead63                phy_set_most_tpw_index
                0x3ffead64                adc_rand_noise
                0x3ffead68                dpd_bypass_original
                0x3ffead70                noise_array
 .bss           0x3ffead80        0x8 c:/Espressif/ESP8266_SDK_151/lib\libphy.a(phy_chip_v6_cal.o)
                0x3ffead80                phy_tx_power_out
                0x3ffead82                loop_pwctrl_pwdet_error_accum_high_power
                0x3ffead84                tx_pwctrl_pk_num
                0x3ffead85                tx_pwctrl_track_num
                0x3ffead86                loop_pwctrl_correct_atten_high_power
                0x3ffead87                rxiq_cover_fail_num
 .bss           0x3ffead88        0x0 c:/Espressif/ESP8266_SDK_151/lib\libphy.a(phy_chip_v6_unused.o)
 .bss           0x3ffead88        0x7 c:/Espressif/ESP8266_SDK_151/lib\libphy.a(phy_sleep.o)
                0x3ffead88                periodic_cal_sat
                0x3ffead8a                lslp_mem_opt_8266
                0x3ffead8c                software_slp_reject
                0x3ffead8d                SDIO_slp_reject
                0x3ffead8e                hardware_reject
 *fill*         0x3ffead8f        0x1 
 .bss           0x3ffead90       0x40 c:/Espressif/ESP8266_SDK_151/lib\libpp.a(if_hwctrl.o)
                0x3ffead90                interface_mask
                0x3ffeadb0                if_ctrl
 .bss           0x3ffeadd0      0x150 c:/Espressif/ESP8266_SDK_151/lib\libpp.a(lmac.o)
                0x3ffeadd4                lmacConfMib
                0x3ffeadf8                our_tx_eb
 .bss           0x3ffeaf20      0x11a c:/Espressif/ESP8266_SDK_151/lib\libpp.a(pm.o)
                0x3ffeaf20                pmc
                0x3ffeb000                flash_tmp
 *fill*         0x3ffeb03a        0x2 
 .bss           0x3ffeb03c       0x34 c:/Espressif/ESP8266_SDK_151/lib\libpp.a(pm_for_bcn_only_mode.o)
 .bss           0x3ffeb070      0x322 c:/Espressif/ESP8266_SDK_151/lib\libpp.a(pp.o)
                0x3ffeb088                pend_flag_noise_check
                0x3ffeb090                pend_flag_periodic_cal
                0x3ffeb0a8                idle_timer_reopen_flag
                0x3ffeb0aa                dbg_stop_sw_wdt
                0x3ffeb0ab                dbg_stop_hw_wdt
                0x3ffeb0ad                total_buffed_eb_num
                0x3ffeb0b0                HighestFreqOffsetInOneChk
                0x3ffeb0b2                LowestFreqOffsetInOneChk
                0x3ffeb0b4                DefFreqCalTimer
                0x3ffeb0c8                PktNumInOneChk
                0x3ffeb250                buffed_eb_arr
 *fill*         0x3ffeb392        0xe 
 .bss           0x3ffeb3a0      0x100 c:/Espressif/ESP8266_SDK_151/lib\libpp.a(rate_control.o)
 .bss           0x3ffeb4a0      0x46c c:/Espressif/ESP8266_SDK_151/lib\libpp.a(trc.o)
 *fill*         0x3ffeb90c        0x4 
 .bss           0x3ffeb910     0x2f88 c:/Espressif/ESP8266_SDK_151/lib\libpp.a(wdev.o)
                0x3ffeb910                wDevCtrl
                0x3ffebab8                WdevTimOffSet
 *fill*         0x3ffee898        0x8 
 .bss           0x3ffee8a0      0xaa4 c:/Espressif/ESP8266_SDK_151/lib\libpp.a(esf_buf.o)
 .bss           0x3ffef344      0x67c c:/Espressif/ESP8266_SDK_151/lib\libnet80211.a(ieee80211.o)
                0x3ffef344                g_ic
 .bss           0x3ffef9c0        0x0 c:/Espressif/ESP8266_SDK_151/lib\libnet80211.a(ieee80211_crypto.o)
 .bss           0x3ffef9c0        0x0 c:/Espressif/ESP8266_SDK_151/lib\libnet80211.a(ieee80211_ets.o)
 .bss           0x3ffef9c0       0x56 c:/Espressif/ESP8266_SDK_151/lib\libnet80211.a(ieee80211_hostap.o)
                0x3ffef9c0                BcnEb_update
                0x3ffef9cd                BcnWithMcastSendStart
                0x3ffef9ce                BcnWithMcastSendCnt
                0x3ffef9e8                PendFreeBcnEb
                0x3ffef9ec                ApFreqCalTimer
                0x3ffefa00                APRecvBcnStartTick
 .bss           0x3ffefa16        0x0 c:/Espressif/ESP8266_SDK_151/lib\libnet80211.a(ieee80211_ht.o)
 .bss           0x3ffefa16        0x0 c:/Espressif/ESP8266_SDK_151/lib\libnet80211.a(ieee80211_input.o)
 .bss           0x3ffefa16        0x0 c:/Espressif/ESP8266_SDK_151/lib\libnet80211.a(ieee80211_mesh_quick.o)
 .bss           0x3ffefa16        0x0 c:/Espressif/ESP8266_SDK_151/lib\libnet80211.a(ieee80211_output.o)
 .bss           0x3ffefa16        0x0 c:/Espressif/ESP8266_SDK_151/lib\libnet80211.a(ieee80211_phy.o)
 .bss           0x3ffefa16        0x0 c:/Espressif/ESP8266_SDK_151/lib\libnet80211.a(ieee80211_power.o)
 .bss           0x3ffefa16        0x0 c:/Espressif/ESP8266_SDK_151/lib\libnet80211.a(ieee80211_proto.o)
 .bss           0x3ffefa16        0x0 c:/Espressif/ESP8266_SDK_151/lib\libnet80211.a(ieee80211_rfid.o)
 *fill*         0x3ffefa16        0x2 
 .bss           0x3ffefa18       0xc8 c:/Espressif/ESP8266_SDK_151/lib\libnet80211.a(ieee80211_scan.o)
                0x3ffefa18                gScanStruct
                0x3ffefac4                connect_scan_flag
                0x3ffefac5                FreqCalCntForScan
                0x3ffefac6                TestStaFreqCalValInput
                0x3ffefac8                auth_type
                0x3ffefaca                scannum
 .bss           0x3ffefae0       0x10 c:/Espressif/ESP8266_SDK_151/lib\libnet80211.a(ieee80211_sta.o)
 .bss           0x3ffefaf0       0x3c c:/Espressif/ESP8266_SDK_151/lib\libnet80211.a(wl_chm.o)
 *fill*         0x3ffefb2c        0x4 
 .bss           0x3ffefb30      0x37a c:/Espressif/ESP8266_SDK_151/lib\libnet80211.a(wl_cnx.o)
                0x3ffefe90                sta_con_timer
                0x3ffefea4                g_cnx_probe_rc_list_cb
                0x3ffefea8                reconnect_flag
                0x3ffefea9                no_ap_found_index
 .bss           0x3ffefeaa        0x0 c:/Espressif/ESP8266_SDK_151/lib\libnet80211.a(ieee80211_action.o)
 *fill*         0x3ffefeaa        0x2 
 .bss           0x3ffefeac       0x10 c:/Espressif/ESP8266_SDK_151/lib\libnet80211.a(ieee80211_action_vendor.o)
 .bss           0x3ffefebc        0x0 c:/Espressif/ESP8266_SDK_151/lib\libnet80211.a(ieee80211_crypto_ccmp.o)
 .bss           0x3ffefebc        0x0 c:/Espressif/ESP8266_SDK_151/lib\libnet80211.a(ieee80211_ie_vendor.o)
 *fill*         0x3ffefebc        0x4 
 .bss           0x3ffefec0       0x38 c:/Espressif/ESP8266_SDK_151/lib\liblwip.a(dhcp.o)
                0x3ffefec0                dhcp_rx_options_given
                0x3ffefed0                dhcp_rx_options_val
 .bss           0x3ffefef8       0x28 c:/Espressif/ESP8266_SDK_151/lib\liblwip.a(dhcpserver.o)
 .bss           0x3ffeff20      0x480 c:/Espressif/ESP8266_SDK_151/lib\liblwip.a(dns.o)
 .bss           0x3fff03a0      0x104 c:/Espressif/ESP8266_SDK_151/lib\liblwip.a(espconn.o)
                0x3fff03a0                plink_active
                0x3fff03a4                pserver_list
                0x3fff03b0                premot
                0x3fff0470                pktinfo
 *fill*         0x3fff04a4        0xc 
 .bss           0x3fff04b0       0x78 c:/Espressif/ESP8266_SDK_151/lib\liblwip.a(espconn_tcp.o)
                0x3fff04b0                espconn_TaskQueue
 .bss           0x3fff0528        0x0 c:/Espressif/ESP8266_SDK_151/lib\liblwip.a(espconn_udp.o)
 *fill*         0x3fff0528        0x8 
 .bss           0x3fff0530      0x100 c:/Espressif/ESP8266_SDK_151/lib\liblwip.a(etharp.o)
                0x3fff0534                ethzero
 .bss           0x3fff0630        0xc c:/Espressif/ESP8266_SDK_151/lib\liblwip.a(igmp.o)
 .bss           0x3fff063c        0x0 c:/Espressif/ESP8266_SDK_151/lib\liblwip.a(inet_chksum.o)
 .bss           0x3fff063c        0x0 c:/Espressif/ESP8266_SDK_151/lib\liblwip.a(init.o)
 *fill*         0x3fff063c        0x4 
 .bss           0x3fff0640       0x10 c:/Espressif/ESP8266_SDK_151/lib\liblwip.a(ip_addr.o)
 .bss           0x3fff0650       0x12 c:/Espressif/ESP8266_SDK_151/lib\liblwip.a(ip.o)
                0x3fff0650                current_iphdr_dest
                0x3fff0654                current_iphdr_src
                0x3fff0658                current_netif
                0x3fff065c                current_header
 .bss           0x3fff0662        0x0 c:/Espressif/ESP8266_SDK_151/lib\liblwip.a(memp.o)
 *fill*         0x3fff0662        0x2 
 .bss           0x3fff0664        0x9 c:/Espressif/ESP8266_SDK_151/lib\liblwip.a(netif.o)
                0x3fff0664                netif_list
                0x3fff0668                netif_default
 .bss           0x3fff066d        0x0 c:/Espressif/ESP8266_SDK_151/lib\liblwip.a(pbuf.o)
 *fill*         0x3fff066d        0x3 
 .bss           0x3fff0670        0x4 c:/Espressif/ESP8266_SDK_151/lib\liblwip.a(raw.o)
 .bss           0x3fff0674       0x34 c:/Espressif/ESP8266_SDK_151/lib\liblwip.a(tcp_in.o)
                0x3fff06a4                tcp_input_pcb
 .bss           0x3fff06a8       0x1c c:/Espressif/ESP8266_SDK_151/lib\liblwip.a(tcp.o)
                0x3fff06ac                tcp_active_pcbs
                0x3fff06b0                tcp_tmp_pcb
                0x3fff06b4                tcp_tw_pcbs
                0x3fff06b8                tcp_bound_pcbs
                0x3fff06bc                tcp_listen_pcbs
                0x3fff06c0                tcp_ticks
 .bss           0x3fff06c4        0x0 c:/Espressif/ESP8266_SDK_151/lib\liblwip.a(tcp_out.o)
 .bss           0x3fff06c4        0xc c:/Espressif/ESP8266_SDK_151/lib\liblwip.a(timers.o)
 .bss           0x3fff06d0        0x4 c:/Espressif/ESP8266_SDK_151/lib\liblwip.a(udp.o)
                0x3fff06d0                udp_pcbs
 .bss           0x3fff06d4        0x0 c:/Espressif/ESP8266_SDK_151/lib\liblwip.a(icmp.o)
 .bss           0x3fff06d4        0x0 c:/Espressif/ESP8266_SDK_151/lib\libwpa.a(ap_config.o)
 .bss           0x3fff06d4        0x0 c:/Espressif/ESP8266_SDK_151/lib\libwpa.a(common.o)
 .bss           0x3fff06d4        0x0 c:/Espressif/ESP8266_SDK_151/lib\libwpa.a(os_xtensa.o)
 .bss           0x3fff06d4        0x0 c:/Espressif/ESP8266_SDK_151/lib\libwpa.a(wpa_auth.o)
 .bss           0x3fff06d4        0x0 c:/Espressif/ESP8266_SDK_151/lib\libwpa.a(wpa_auth_ie.o)
 *fill*         0x3fff06d4        0xc 
 .bss           0x3fff06e0      0x26a c:/Espressif/ESP8266_SDK_151/lib\libwpa.a(wpa.o)
 .bss           0x3fff094a        0x0 c:/Espressif/ESP8266_SDK_151/lib\libwpa.a(wpa_common.o)
 .bss           0x3fff094a        0x0 c:/Espressif/ESP8266_SDK_151/lib\libwpa.a(wpa_debug.o)
 .bss           0x3fff094a        0x0 c:/Espressif/ESP8266_SDK_151/lib\libwpa.a(wpa_ie.o)
 .bss           0x3fff094a        0x0 c:/Espressif/ESP8266_SDK_151/lib\libwpa.a(wpa_main.o)
 .bss           0x3fff094a        0x0 c:/Espressif/ESP8266_SDK_151/lib\libwpa.a(wpas_glue.o)
 *fill*         0x3fff094a        0x2 
 .bss           0x3fff094c       0x10 c:/Espressif/ESP8266_SDK_151/lib\libssl.a(espconn_secure.o)
                0x3fff094c                def_certificate
                0x3fff0950                def_certificate_len
                0x3fff0954                def_private_key
                0x3fff0958                def_private_key_len
 *fill*         0x3fff095c        0x4 
 .bss           0x3fff0960       0x88 c:/Espressif/ESP8266_SDK_151/lib\libssl.a(espconn_ssl.o)
                0x3fff0960                pfile_param
                0x3fff0968                plink_server
 .bss           0x3fff09e8        0x0 c:/Espressif/ESP8266_SDK_151/lib\libssl.a(ssl_loader.o)
 .bss           0x3fff09e8        0x0 c:/Espressif/ESP8266_SDK_151/lib\libssl.a(ssl_md5.o)
 .bss           0x3fff09e8        0x0 c:/Espressif/ESP8266_SDK_151/lib\libssl.a(ssl_tls1_clnt.o)
 .bss           0x3fff09e8        0x4 c:/Espressif/ESP8266_SDK_151/lib\libssl.a(ssl_tls1.o)
 .bss           0x3fff09ec        0x0 c:/Espressif/ESP8266_SDK_151/lib\libssl.a(ssl_tls1_svr.o)
 .bss           0x3fff09ec        0x0 c:/Espressif/ESP8266_SDK_151/lib\libssl.a(ssl_x509.o)
 .bss           0x3fff09ec        0x0 c:/Espressif/ESP8266_SDK_151/lib\libssl.a(sha256.o)
 .bss           0x3fff09ec        0x0 c:/Espressif/ESP8266_SDK_151/lib\libssl.a(sha384.o)
 .bss           0x3fff09ec        0x0 c:/Espressif/ESP8266_SDK_151/lib\libssl.a(sha512.o)
 .bss           0x3fff09ec        0x0 c:/Espressif/ESP8266_SDK_151/lib\libssl.a(ssl_aes.o)
 .bss           0x3fff09ec        0x0 c:/Espressif/ESP8266_SDK_151/lib\libssl.a(ssl_asn1.o)
 .bss           0x3fff09ec        0x0 c:/Espressif/ESP8266_SDK_151/lib\libssl.a(ssl_bigint.o)
 .bss           0x3fff09ec        0x8 c:/Espressif/ESP8266_SDK_151/lib\libssl.a(ssl_crypto_misc.o)
                0x3fff09ec                hex_finish
                0x3fff09f0                hex_index
 .bss           0x3fff09f4        0x0 c:/Espressif/ESP8266_SDK_151/lib\libssl.a(ssl_hmac.o)
 .bss           0x3fff09f4        0x0 c:/Espressif/ESP8266_SDK_151/lib\libssl.a(ssl_os_port.o)
 .bss           0x3fff09f4        0x0 c:/Espressif/ESP8266_SDK_151/lib\libssl.a(ssl_rc4.o)
 .bss           0x3fff09f4        0x0 c:/Espressif/ESP8266_SDK_151/lib\libssl.a(ssl_rsa.o)
 .bss           0x3fff09f4        0x0 c:/Espressif/ESP8266_SDK_151/lib\libssl.a(ssl_sha1.o)
 .bss           0x3fff09f4       0x30 c:/Espressif/ESP8266_SDK_151/lib\libsmartconfig.a(sc_sniffer.o)
                0x3fff09f4                pAPListHead
                0x3fff09f8                pAPListTral
                0x3fff09fc                smartconfig_cb
                0x3fff0a00                SnifGlob
                0x3fff0a10                channel_timer
 .bss           0x3fff0a24       0xcc c:/Espressif/ESP8266_SDK_151/lib\libsmartconfig.a(sc_airkiss.o)
                0x3fff0a24                pAKGuideGlob
                0x3fff0a28                p_kiss
                0x3fff0a2c                p_kiss_ht40
                0x3fff0a30                KissRes_ht20_timer
                0x3fff0aac                KissRes_ht40_timer
                0x3fff0ac0                pKissConn
                0x3fff0adc                weixin_timer
 .bss           0x3fff0af0       0xd4 c:/Espressif/ESP8266_SDK_151/lib\libsmartconfig.a(sc_esptouch.o)
                0x3fff0af0                pETGuideGlob
                0x3fff0af4                pCHListHead
                0x3fff0af8                pCHListTral
                0x3fff0afc                pTouchGlob
                0x3fff0b00                TouchRestart_ht20_timer
                0x3fff0b7c                TouchRestart_ht40_timer
                0x3fff0b90                pTouchConn
                0x3fff0bac                TouchUdpTimer
 .bss           0x3fff0bc4        0x0 c:/Espressif/ESP8266_SDK_151/lib\libcrypto.a(aes-wrap.o)
 .bss           0x3fff0bc4        0x0 c:/Espressif/ESP8266_SDK_151/lib\libcrypto.a(aes-internal-enc.o)
 .bss           0x3fff0bc4        0x0 c:/Espressif/ESP8266_SDK_151/lib\libcrypto.a(aes-internal.o)
 .bss           0x3fff0bc4        0x0 c:/espressif/xtensa-lx106-elf/bin/../lib/gcc/xtensa-lx106-elf/5.1.0/../../../../xtensa-lx106-elf/lib\libc.a(lib_a-memcmp.o)
 .bss           0x3fff0bc4        0x0 c:/espressif/xtensa-lx106-elf/bin/../lib/gcc/xtensa-lx106-elf/5.1.0\libgcc.a(_ashrdi3.o)
 .bss           0x3fff0bc4        0x0 c:/espressif/xtensa-lx106-elf/bin/../lib/gcc/xtensa-lx106-elf/5.1.0\libgcc.a(_fixunssfsi.o)
 .bss           0x3fff0bc4        0x0 c:/espressif/xtensa-lx106-elf/bin/../lib/gcc/xtensa-lx106-elf/5.1.0\libgcc.a(_fixdfsi.o)
 .bss           0x3fff0bc4        0x0 c:/espressif/xtensa-lx106-elf/bin/../lib/gcc/xtensa-lx106-elf/5.1.0\libgcc.a(_truncdfsf2.o)
 .bss           0x3fff0bc4        0x0 c:/espressif/xtensa-lx106-elf/bin/../lib/gcc/xtensa-lx106-elf/5.1.0\libgcc.a(_divdi3.o)
 .bss           0x3fff0bc4        0x0 c:/espressif/xtensa-lx106-elf/bin/../lib/gcc/xtensa-lx106-elf/5.1.0\libgcc.a(_udivdi3.o)
 .bss           0x3fff0bc4        0x0 c:/espressif/xtensa-lx106-elf/bin/../lib/gcc/xtensa-lx106-elf/5.1.0\libgcc.a(_umoddi3.o)
 *fill*         0x3fff0bc4        0x4 
 .bss           0x3fff0bc8        0x8 c:/Espressif/ESP8266_SDK_151/lib\libnet80211.a(ieee80211_crypto_tkip.o)
 .bss           0x3fff0bd0        0x0 c:/Espressif/ESP8266_SDK_151/lib\libnet80211.a(ieee80211_crypto_wep.o)
 *(.bss.*)
 *(.gnu.linkonce.b.*)
 *(COMMON)
 COMMON         0x3fff0bd0      0x19c build/app_app.a(user_main.o)
                0x3fff0bd0                savedLastAction
                0x3fff0bd4                taskQueue
                0x3fff0c74                mqttClient
                0x3fff0d40                mqttConnected
                0x3fff0d44                date_timer
                0x3fff0d58                transmit_timer
 COMMON         0x3fff0d6c      0x1b4 build/app_app.a(config.o)
                0x3fff0d6c                sysCfg
                0x3fff0f1c                saveFlag
 COMMON         0x3fff0f20       0x10 build/app_app.a(mqtt.o)
                0x3fff0f20                default_private_key
                0x3fff0f24                default_certificate
                0x3fff0f28                mqtt_procTaskQueue
                0x3fff0f30                . = ALIGN (0x8)
                0x3fff0f30                _bss_end = ABSOLUTE (.)
                0x3fff0f30                _heap_start = ABSOLUTE (.)

.text           0x40100000     0x7f90
                0x40100000                _stext = .
                0x40100000                _text_start = ABSOLUTE (.)
 *(.UserEnter.text)
 .UserEnter.text
                0x40100000        0xd c:/Espressif/ESP8266_SDK_151/lib\libmain.a(vector.o)
                                 0x14 (size before relaxing)
                0x40100004                call_user_start
                0x40100010                . = ALIGN (0x10)
 *fill*         0x4010000d        0x3 
 *(.DebugExceptionVector.text)
 .DebugExceptionVector.text
                0x40100010        0x6 c:/Espressif/ESP8266_SDK_151/lib\libmain.a(debug-vector.o)
                0x40100010                _DebugExceptionVector
                0x40100020                . = ALIGN (0x10)
 *fill*         0x40100016        0xa 
 *(.NMIExceptionVector.text)
 .NMIExceptionVector.text
                0x40100020        0x6 c:/Espressif/ESP8266_SDK_151/lib\libmain.a(nmi-vector.o)
                                  0xd (size before relaxing)
                0x40100020                _NMIExceptionVector
                0x40100030                . = ALIGN (0x10)
 *fill*         0x40100026        0xa 
 *(.KernelExceptionVector.text)
 .KernelExceptionVector.text
                0x40100030        0x6 c:/Espressif/ESP8266_SDK_151/lib\libmain.a(kernel-vector.o)
                0x40100030                _KernelExceptionVector
                0x40100036        0x4 LONG 0x0
                0x4010003a        0x4 LONG 0x0
                0x4010003e        0x4 LONG 0x0
                0x40100042        0x4 LONG 0x0
                0x40100050                . = ALIGN (0x10)
 *fill*         0x40100046        0xa 
 *(.UserExceptionVector.text)
 .UserExceptionVector.text
                0x40100050        0x6 c:/Espressif/ESP8266_SDK_151/lib\libmain.a(user-vector.o)
                                  0xd (size before relaxing)
                0x40100050                _UserExceptionVector
                0x40100056        0x4 LONG 0x0
                0x4010005a        0x4 LONG 0x0
                0x4010005e        0x4 LONG 0x0
                0x40100062        0x4 LONG 0x0
                0x40100070                . = ALIGN (0x10)
 *fill*         0x40100066        0xa 
 *(.DoubleExceptionVector.text)
 .DoubleExceptionVector.text
                0x40100070        0x6 c:/Espressif/ESP8266_SDK_151/lib\libmain.a(double-vector.o)
                0x40100070                _DoubleExceptionVector
                0x40100076        0x4 LONG 0x0
                0x4010007a        0x4 LONG 0x0
                0x4010007e        0x4 LONG 0x0
                0x40100082        0x4 LONG 0x0
                0x40100090                . = ALIGN (0x10)
 *fill*         0x40100086        0xa 
 *(.entry.text)
 *(.init.literal)
 *(.init)
 *(.literal .text .literal.* .text.* .stub .gnu.warning .gnu.linkonce.literal.* .gnu.linkonce.t.*.literal .gnu.linkonce.t.*)
 .text          0x40100090       0xc7 c:/Espressif/ESP8266_SDK_151/lib\libmain.a(nmi-vector.o)
                                 0xcb (size before relaxing)
                0x4010009c                _NMILevelVector
 *fill*         0x40100157        0x1 
 .text          0x40100158       0x1e c:/Espressif/ESP8266_SDK_151/lib\libmain.a(user-vector.o)
                0x4010015c                _UserExceptionVector_1
 *fill*         0x40100176        0x2 
 .text          0x40100178      0x55f c:/Espressif/ESP8266_SDK_151/lib\libmain.a(app_main.o)
                                0x5bb (size before relaxing)
                0x401001b0                Cache_Read_Enable_New
                0x401001ec                NmiTimSetFunc
                0x40100210                NMI_Handler
                0x40100268                call_user_start_local
                0x40100388                wdt_feed
 *fill*         0x401006d7        0x1 
 .text          0x401006d8      0x267 c:/Espressif/ESP8266_SDK_151/lib\libmain.a(ets_timer.o)
                                0x29f (size before relaxing)
                0x40100744                ets_timer_setfn
                0x401007bc                ets_timer_disarm
                0x4010084c                ets_timer_arm_new
 *fill*         0x4010093f        0x1 
 .text          0x40100940      0x30f c:/Espressif/ESP8266_SDK_151/lib\libmain.a(mem_manager.o)
                                0x367 (size before relaxing)
                0x40100944                prvInsertBlockIntoUsedList
                0x40100974                system_show_malloc
                0x40100974                pvShowMalloc
                0x40100a00                prvRemoveBlockFromUsedList
                0x40100a2c                xPortWantedSizeAlign
                0x40100a54                pvPortMalloc
                0x40100b1c                vPortFree
                0x40100b74                pvPortCalloc
                0x40100ba4                pvPortZalloc
                0x40100bc0                pvPortRealloc
 *fill*         0x40100c4f        0x1 
 .text          0x40100c50      0x269 c:/Espressif/ESP8266_SDK_151/lib\libmain.a(spi_flash.o)
                                0x2b5 (size before relaxing)
                0x40100c54                Cache_Read_Disable_2
                0x40100c94                Cache_Read_Enable_2
                0x40100ccc                spi_flash_get_id
                0x40100d28                spi_flash_read_status
                0x40100d5c                spi_flash_write_status
                0x40100ddc                spi_flash_erase_sector
                0x40100e10                spi_flash_write
                0x40100e64                spi_flash_read
 *fill*         0x40100eb9        0x3 
 .text          0x40100ebc      0x2ee c:/Espressif/ESP8266_SDK_151/lib\libmain.a(user_interface.o)
                                0x34a (size before relaxing)
                0x40100ed8                os_printf_plus
                0x40101004                system_restart_core
                0x4010103c                system_deep_sleep_local_2
                0x401010b0                system_get_time
                0x401010c8                system_os_post
                0x401010fc                system_rtc_mem_write
                0x40101154                system_rtc_mem_read
 *fill*         0x401011aa        0x2 
 .text          0x401011ac       0x41 build/app_app.a(switch.o)
                                 0x55 (size before relaxing)
                0x401011b8                initSwitch
 *fill*         0x401011ed        0x3 
 .text          0x401011f0      0x145 build/app_app.a(easygpio.o)
                                0x151 (size before relaxing)
                0x401011f8                easygpio_outputSet
                0x40101258                easygpio_inputGet
                0x40101294                easygpio_outputDisable
                0x401012d0                easygpio_outputEnable
 *fill*         0x40101335        0x3 
 .text          0x40101338      0x3cc build/app_app.a(jsmn.o)
                                0x3d0 (size before relaxing)
                0x4010133c                jsmn_parse
                0x401016f8                jsmn_init
 .literal       0x40101704        0x0 c:/espressif/xtensa-lx106-elf/bin/../lib/gcc/xtensa-lx106-elf/5.1.0/../../../../xtensa-lx106-elf/lib\libc.a(lib_a-atoi.o)
                                  0x8 (size before relaxing)
 .literal       0x40101704        0x4 c:/espressif/xtensa-lx106-elf/bin/../lib/gcc/xtensa-lx106-elf/5.1.0/../../../../xtensa-lx106-elf/lib\libc.a(lib_a-lcltime.o)
                                  0x8 (size before relaxing)
 .literal       0x40101708        0x0 c:/espressif/xtensa-lx106-elf/bin/../lib/gcc/xtensa-lx106-elf/5.1.0/../../../../xtensa-lx106-elf/lib\libc.a(lib_a-lcltime_r.o)
                                  0x4 (size before relaxing)
 .literal       0x40101708       0x18 c:/espressif/xtensa-lx106-elf/bin/../lib/gcc/xtensa-lx106-elf/5.1.0/../../../../xtensa-lx106-elf/lib\libc.a(lib_a-mktm_r.o)
                                 0x88 (size before relaxing)
 .literal       0x40101720       0x14 c:/espressif/xtensa-lx106-elf/bin/../lib/gcc/xtensa-lx106-elf/5.1.0/../../../../xtensa-lx106-elf/lib\libc.a(lib_a-strcmp.o)
                                 0x20 (size before relaxing)
 .literal       0x40101734        0x0 c:/espressif/xtensa-lx106-elf/bin/../lib/gcc/xtensa-lx106-elf/5.1.0/../../../../xtensa-lx106-elf/lib\libc.a(lib_a-strcpy.o)
                                  0xc (size before relaxing)
 .literal       0x40101734        0x0 c:/espressif/xtensa-lx106-elf/bin/../lib/gcc/xtensa-lx106-elf/5.1.0/../../../../xtensa-lx106-elf/lib\libc.a(lib_a-strlen.o)
                                  0xc (size before relaxing)
 .literal       0x40101734        0xc c:/espressif/xtensa-lx106-elf/bin/../lib/gcc/xtensa-lx106-elf/5.1.0/../../../../xtensa-lx106-elf/lib\libc.a(lib_a-strtol.o)
                                 0x18 (size before relaxing)
 .literal       0x40101740        0x4 c:/espressif/xtensa-lx106-elf/bin/../lib/gcc/xtensa-lx106-elf/5.1.0/../../../../xtensa-lx106-elf/lib\libc.a(lib_a-gettzinfo.o)
 .literal       0x40101744        0x4 c:/espressif/xtensa-lx106-elf/bin/../lib/gcc/xtensa-lx106-elf/5.1.0\libgcc.a(_addsubsf3.o)
                                  0xc (size before relaxing)
 .literal       0x40101748        0x0 c:/espressif/xtensa-lx106-elf/bin/../lib/gcc/xtensa-lx106-elf/5.1.0\libgcc.a(_mulsf3.o)
                                 0x10 (size before relaxing)
 .literal       0x40101748        0x0 c:/espressif/xtensa-lx106-elf/bin/../lib/gcc/xtensa-lx106-elf/5.1.0\libgcc.a(_divsf3.o)
                                 0x10 (size before relaxing)
 .literal       0x40101748        0x0 c:/espressif/xtensa-lx106-elf/bin/../lib/gcc/xtensa-lx106-elf/5.1.0\libgcc.a(_cmpsf2.o)
                                 0x18 (size before relaxing)
 .literal       0x40101748        0x0 c:/espressif/xtensa-lx106-elf/bin/../lib/gcc/xtensa-lx106-elf/5.1.0\libgcc.a(_fixsfsi.o)
                                  0x4 (size before relaxing)
 .literal       0x40101748        0x4 c:/espressif/xtensa-lx106-elf/bin/../lib/gcc/xtensa-lx106-elf/5.1.0\libgcc.a(_addsubdf3.o)
                                  0xc (size before relaxing)
 .literal       0x4010174c        0x4 c:/espressif/xtensa-lx106-elf/bin/../lib/gcc/xtensa-lx106-elf/5.1.0\libgcc.a(_muldf3.o)
                                 0x10 (size before relaxing)
 .literal       0x40101750        0x0 c:/espressif/xtensa-lx106-elf/bin/../lib/gcc/xtensa-lx106-elf/5.1.0\libgcc.a(_divdf3.o)
                                 0x10 (size before relaxing)
 .literal       0x40101750        0x0 c:/espressif/xtensa-lx106-elf/bin/../lib/gcc/xtensa-lx106-elf/5.1.0\libgcc.a(_cmpdf2.o)
                                 0x18 (size before relaxing)
 .literal       0x40101750        0x0 c:/espressif/xtensa-lx106-elf/bin/../lib/gcc/xtensa-lx106-elf/5.1.0\libgcc.a(_fixunsdfsi.o)
                                  0x4 (size before relaxing)
 .literal       0x40101750        0x0 c:/espressif/xtensa-lx106-elf/bin/../lib/gcc/xtensa-lx106-elf/5.1.0\libgcc.a(_muldi3.o)
                                  0x4 (size before relaxing)
 .literal       0x40101750        0x0 c:/espressif/xtensa-lx106-elf/bin/../lib/gcc/xtensa-lx106-elf/5.1.0\libgcc.a(_fixunssfsi.o)
                                  0x4 (size before relaxing)
 .literal       0x40101750        0x0 c:/espressif/xtensa-lx106-elf/bin/../lib/gcc/xtensa-lx106-elf/5.1.0\libgcc.a(_fixdfsi.o)
                                  0x4 (size before relaxing)
 .literal       0x40101750        0x4 c:/espressif/xtensa-lx106-elf/bin/../lib/gcc/xtensa-lx106-elf/5.1.0\libgcc.a(_truncdfsf2.o)
                                  0x8 (size before relaxing)
 .literal       0x40101754        0x0 c:/espressif/xtensa-lx106-elf/bin/../lib/gcc/xtensa-lx106-elf/5.1.0\libgcc.a(_divdi3.o)
                                 0x48 (size before relaxing)
 .literal       0x40101754        0x0 c:/espressif/xtensa-lx106-elf/bin/../lib/gcc/xtensa-lx106-elf/5.1.0\libgcc.a(_udivdi3.o)
                                 0x48 (size before relaxing)
 .literal       0x40101754        0x0 c:/espressif/xtensa-lx106-elf/bin/../lib/gcc/xtensa-lx106-elf/5.1.0\libgcc.a(_umoddi3.o)
                                 0x48 (size before relaxing)
 .text          0x40101754       0x27 c:/espressif/xtensa-lx106-elf/bin/../lib/gcc/xtensa-lx106-elf/5.1.0/../../../../xtensa-lx106-elf/lib\libc.a(lib_a-atoi.o)
                                 0x2f (size before relaxing)
                0x40101754                atoi
                0x40101768                _atoi_r
 *fill*         0x4010177b        0x1 
 .text          0x4010177c       0x17 c:/espressif/xtensa-lx106-elf/bin/../lib/gcc/xtensa-lx106-elf/5.1.0/../../../../xtensa-lx106-elf/lib\libc.a(lib_a-lcltime.o)
                                 0x1b (size before relaxing)
                0x4010177c                localtime
 *fill*         0x40101793        0x1 
 .text          0x40101794       0x14 c:/espressif/xtensa-lx106-elf/bin/../lib/gcc/xtensa-lx106-elf/5.1.0/../../../../xtensa-lx106-elf/lib\libc.a(lib_a-lcltime_r.o)
                0x40101794                localtime_r
 .text          0x401017a8      0x463 c:/espressif/xtensa-lx106-elf/bin/../lib/gcc/xtensa-lx106-elf/5.1.0/../../../../xtensa-lx106-elf/lib\libc.a(lib_a-mktm_r.o)
                                0x49f (size before relaxing)
                0x401017a8                __tzcalc_limits
                0x40101918                _mktm_r
 *fill*         0x40101c0b        0x1 
 .text          0x40101c0c       0xff c:/espressif/xtensa-lx106-elf/bin/../lib/gcc/xtensa-lx106-elf/5.1.0/../../../../xtensa-lx106-elf/lib\libc.a(lib_a-strcmp.o)
                0x40101c0c                strcmp
 *fill*         0x40101d0b        0x1 
 .text          0x40101d0c       0x83 c:/espressif/xtensa-lx106-elf/bin/../lib/gcc/xtensa-lx106-elf/5.1.0/../../../../xtensa-lx106-elf/lib\libc.a(lib_a-strcpy.o)
                0x40101d0c                strcpy
 *fill*         0x40101d8f        0x1 
 .text          0x40101d90       0x5b c:/espressif/xtensa-lx106-elf/bin/../lib/gcc/xtensa-lx106-elf/5.1.0/../../../../xtensa-lx106-elf/lib\libc.a(lib_a-strlen.o)
                0x40101d90                strlen
 *fill*         0x40101deb        0x1 
 .text          0x40101dec      0x14f c:/espressif/xtensa-lx106-elf/bin/../lib/gcc/xtensa-lx106-elf/5.1.0/../../../../xtensa-lx106-elf/lib\libc.a(lib_a-strtol.o)
                                0x153 (size before relaxing)
                0x40101dec                _strtol_r
                0x40101f20                strtol
 *fill*         0x40101f3b        0x1 
 .text          0x40101f3c        0x5 c:/espressif/xtensa-lx106-elf/bin/../lib/gcc/xtensa-lx106-elf/5.1.0/../../../../xtensa-lx106-elf/lib\libc.a(lib_a-gettzinfo.o)
                0x40101f3c                __gettzinfo
 *fill*         0x40101f41        0x3 
 .text          0x40101f44      0x1ff c:/espressif/xtensa-lx106-elf/bin/../lib/gcc/xtensa-lx106-elf/5.1.0\libgcc.a(_addsubsf3.o)
                0x40101f60                __addsf3
                0x40102048                __subsf3
 *fill*         0x40102143        0x1 
 .text          0x40102144      0x15d c:/espressif/xtensa-lx106-elf/bin/../lib/gcc/xtensa-lx106-elf/5.1.0\libgcc.a(_mulsf3.o)
                0x401021bc                __mulsf3
 *fill*         0x401022a1        0x3 
 .text          0x401022a4      0x135 c:/espressif/xtensa-lx106-elf/bin/../lib/gcc/xtensa-lx106-elf/5.1.0\libgcc.a(_divsf3.o)
                0x40102320                __divsf3
 *fill*         0x401023d9        0x3 
 .text          0x401023dc      0x122 c:/espressif/xtensa-lx106-elf/bin/../lib/gcc/xtensa-lx106-elf/5.1.0\libgcc.a(_cmpsf2.o)
                0x401023dc                __nesf2
                0x401023dc                __eqsf2
                0x40102404                __gtsf2
                0x40102424                __lesf2
                0x40102470                __gesf2
                0x40102490                __ltsf2
                0x401024dc                __unordsf2
 *fill*         0x401024fe        0x2 
 .text          0x40102500       0x40 c:/espressif/xtensa-lx106-elf/bin/../lib/gcc/xtensa-lx106-elf/5.1.0\libgcc.a(_fixsfsi.o)
                0x40102500                __fixsfsi
 .text          0x40102540      0x2f6 c:/espressif/xtensa-lx106-elf/bin/../lib/gcc/xtensa-lx106-elf/5.1.0\libgcc.a(_addsubdf3.o)
                0x40102560                __adddf3
                0x401026b0                __subdf3
 *fill*         0x40102836        0x2 
 .text          0x40102838      0x29b c:/espressif/xtensa-lx106-elf/bin/../lib/gcc/xtensa-lx106-elf/5.1.0\libgcc.a(_muldf3.o)
                0x40102918                __muldf3
 *fill*         0x40102ad3        0x1 
 .text          0x40102ad4      0x20b c:/espressif/xtensa-lx106-elf/bin/../lib/gcc/xtensa-lx106-elf/5.1.0\libgcc.a(_divdf3.o)
                0x40102bbc                __divdf3
 *fill*         0x40102cdf        0x1 
 .text          0x40102ce0      0x169 c:/espressif/xtensa-lx106-elf/bin/../lib/gcc/xtensa-lx106-elf/5.1.0\libgcc.a(_cmpdf2.o)
                0x40102ce0                __nedf2
                0x40102ce0                __eqdf2
                0x40102d10                __gtdf2
                0x40102d34                __ledf2
                0x40102d98                __gedf2
                0x40102dbc                __ltdf2
                0x40102e20                __unorddf2
 *fill*         0x40102e49        0x3 
 .text          0x40102e4c       0x59 c:/espressif/xtensa-lx106-elf/bin/../lib/gcc/xtensa-lx106-elf/5.1.0\libgcc.a(_fixunsdfsi.o)
                0x40102e4c                __fixunsdfsi
 *fill*         0x40102ea5        0x3 
 .text          0x40102ea8       0x36 c:/espressif/xtensa-lx106-elf/bin/../lib/gcc/xtensa-lx106-elf/5.1.0\libgcc.a(_muldi3.o)
                0x40102ea8                __muldi3
 *fill*         0x40102ede        0x2 
 .text          0x40102ee0       0x53 c:/Espressif/ESP8266_SDK_151/lib\libphy.a(phy.o)
                                 0x5f (size before relaxing)
                0x40102ee8                register_phy_ops
                0x40102f08                register_get_phy_addr
                0x40102f10                phy_change_channel
                0x40102f28                phy_get_mactime
 *fill*         0x40102f33        0x1 
 .text          0x40102f34       0xaa c:/Espressif/ESP8266_SDK_151/lib\libphy.a(phy_chip_v6_cal.o)
                                 0xb2 (size before relaxing)
                0x40102f34                unsign_to_sign
                0x40102f6c                phy_get_bb_freqoffset
                0x40102fd0                phy_get_bb_evm
 *fill*         0x40102fde        0x2 
 .text          0x40102fe0       0xe7 c:/Espressif/ESP8266_SDK_151/lib\libphy.a(phy_sleep.o)
                                0x103 (size before relaxing)
                0x40102fe4                pm_rtc_clock_cali
                0x4010309c                clockgate_watchdog
 *fill*         0x401030c7        0x1 
 .text          0x401030c8     0x1606 c:/Espressif/ESP8266_SDK_151/lib\libpp.a(lmac.o)
                               0x1962 (size before relaxing)
                0x401030cc                lmacIsActive
                0x401030e0                lmacIsIdle
                0x40103564                lmacSetAcParam
                0x401035b8                lmacProcessTXStartData
                0x40103738                lmacProcessTxSuccess
                0x4010387c                GetAccess
                0x40103888                lmacDiscardAgedMSDU
                0x4010389c                lmacRecycleMPDU
                0x40103e60                lmacProcessTxTimeout
                0x40103ec8                lmacProcessAllTxTimeout
                0x40103edc                lmacProcessCollisions
                0x40103f3c                lmacProcessCollision
                0x40103fc0                lmacMSDUAged
                0x40104350                lmacProcessCtsTimeout
                0x40104388                lmacProcessAckTimeout
                0x401043e0                lmacProcessRtsStart
                0x401043ec                lmacProcessTxRtsError
                0x4010448c                lmacProcessTxError
                0x4010451c                lmacTxFrame
                0x401046b8                lmacRxDone
 *fill*         0x401046ce        0x2 
 .text          0x401046d0      0x8e1 c:/Espressif/ESP8266_SDK_151/lib\libpp.a(pp.o)
                                0x9fd (size before relaxing)
                0x40104704                pp_soft_wdt_feed_local
                0x40104798                ppProcessTxQ
                0x4010480c                ppFetchTxQFirstAvail
                0x4010484c                ppDequeueTxQ
                0x40104874                ppRollBackTxQ
                0x40104898                ppRecordBarRRC
                0x401048a8                ppTxqUpdateBitmap
                0x401048d0                ppEnqueueTxDone
                0x40104904                ppEnqueueRxq
                0x40104dec                ppDiscardMPDU
                0x40104e10                pp_post
                0x40104e9c                pp_post2
                0x40104ec4                ppCalTxop
                0x40104f44                ppCalFrameTimes
 *fill*         0x40104fb1        0x3 
 .text          0x40104fb4       0xf5 c:/Espressif/ESP8266_SDK_151/lib\libpp.a(rate_control.o)
                                0x109 (size before relaxing)
                0x40104fd4                RC_GetAckRate
                0x40104fe0                RC_GetRtsRate
                0x40104ff0                RC_GetAckTime
                0x40105004                RC_GetCtsTime
                0x4010503c                RC_GetBlockAckTime
 *fill*         0x401050a9        0x3 
 .text          0x401050ac      0x9a1 c:/Espressif/ESP8266_SDK_151/lib\libpp.a(trc.o)
                                0xa05 (size before relaxing)
                0x40105280                rcUpdateTxDone
                0x40105314                rcUpdateRxDone
                0x40105370                rcUpdateDataRxDone
                0x4010538c                rcGetSched
                0x40105470                rcGetRate
                0x40105980                rcReachRetryLimit
                0x40105998                trc_NeedRTS
 *fill*         0x40105a4d        0x3 
 .text          0x40105a50     0x105f c:/Espressif/ESP8266_SDK_151/lib\libpp.a(wdev.o)
                               0x1347 (size before relaxing)
                0x40105df4                wDev_MacTim1SetFunc
                0x40105e14                wDev_MacTim1Arm
                0x40105ea8                wDev_ProcessFiq
                0x401061ec                wDev_EnableTransmit
                0x40106224                wDev_DisableTransmit
                0x40106244                Tx_Copy2Queue
                0x4010628c                wDev_ProcessCollision
                0x401062b0                wDev_GetTxqCollisions
                0x401062c0                wDev_ClearTxqCollisions
                0x401062dc                wDev_SetWaitingQueue
                0x40106324                wDev_ClearWaitingQueue
                0x40106348                wDev_SetFrameAckType
                0x401063ac                wDev_AppendRxBlocks
                0x401064f0                wDev_AppendRxAmpduLensBlocks
                0x401065c4                wDev_GetBAInfo
                0x401065f8                wDevDisableRx
 *fill*         0x40106aaf        0x1 
 .text          0x40106ab0       0x4c c:/Espressif/ESP8266_SDK_151/lib\libpp.a(esf_buf.o)
                                 0x5c (size before relaxing)
                0x40106ab4                esf_rx_buf_alloc
 .text          0x40106afc       0x23 c:/Espressif/ESP8266_SDK_151/lib\libnet80211.a(ieee80211_output.o)
                                 0x27 (size before relaxing)
 *fill*         0x40106b1f        0x1 
 .text          0x40106b20        0xb c:/Espressif/ESP8266_SDK_151/lib\libnet80211.a(wl_chm.o)
                0x40106b24                chm_get_current_channel
 *fill*         0x40106b2b        0x1 
 .text          0x40106b2c       0x43 c:/Espressif/ESP8266_SDK_151/lib\liblwip.a(etharp.o)
                                 0x47 (size before relaxing)
 *fill*         0x40106b6f        0x1 
 .text          0x40106b70      0x1fd c:/Espressif/ESP8266_SDK_151/lib\liblwip.a(tcp.o)
                                0x229 (size before relaxing)
 *fill*         0x40106d6d        0x3 
 .text          0x40106d70      0x159 c:/Espressif/ESP8266_SDK_151/lib\liblwip.a(tcp_out.o)
                                0x161 (size before relaxing)
 *fill*         0x40106ec9        0x3 
 .text          0x40106ecc       0xb4 c:/Espressif/ESP8266_SDK_151/lib\liblwip.a(timers.o)
                                 0xc0 (size before relaxing)
 .text          0x40106f80       0x29 c:/Espressif/ESP8266_SDK_151/lib\libssl.a(ssl_os_port.o)
                                 0x39 (size before relaxing)
                0x40106f80                gettimeofday
 *fill*         0x40106fa9        0x3 
 .text          0x40106fac       0x51 c:/espressif/xtensa-lx106-elf/bin/../lib/gcc/xtensa-lx106-elf/5.1.0\libgcc.a(_fixunssfsi.o)
                0x40106fac                __fixunssfsi
 *fill*         0x40106ffd        0x3 
 .text          0x40107000       0x48 c:/espressif/xtensa-lx106-elf/bin/../lib/gcc/xtensa-lx106-elf/5.1.0\libgcc.a(_fixdfsi.o)
                0x40107000                __fixdfsi
 .text          0x40107048       0xa0 c:/espressif/xtensa-lx106-elf/bin/../lib/gcc/xtensa-lx106-elf/5.1.0\libgcc.a(_truncdfsf2.o)
                0x40107048                __truncdfsf2
 .text          0x401070e8      0x3df c:/espressif/xtensa-lx106-elf/bin/../lib/gcc/xtensa-lx106-elf/5.1.0\libgcc.a(_divdi3.o)
                                0x40f (size before relaxing)
                0x401070e8                __divdi3
 *fill*         0x401074c7        0x1 
 .text          0x401074c8      0x375 c:/espressif/xtensa-lx106-elf/bin/../lib/gcc/xtensa-lx106-elf/5.1.0\libgcc.a(_udivdi3.o)
                                0x3a1 (size before relaxing)
                0x401074c8                __udivdi3
 *fill*         0x4010783d        0x3 
 .text          0x40107840      0x350 c:/espressif/xtensa-lx106-elf/bin/../lib/gcc/xtensa-lx106-elf/5.1.0\libgcc.a(_umoddi3.o)
                                0x388 (size before relaxing)
                0x40107840                __umoddi3
 .text          0x40107b90        0x0 c:/Espressif/ESP8266_SDK_151/lib\libmain.a(debug-vector.o)
 .text          0x40107b90        0x0 c:/Espressif/ESP8266_SDK_151/lib\libmain.a(double-vector.o)
 .text          0x40107b90        0x0 c:/Espressif/ESP8266_SDK_151/lib\libmain.a(kernel-vector.o)
 .literal       0x40107b90        0x0 c:/Espressif/ESP8266_SDK_151/lib\libmain.a(nmi-vector.o)
 *fill*         0x40107b90        0x0 
 .literal       0x40107b90        0x0 c:/Espressif/ESP8266_SDK_151/lib\libmain.a(user-vector.o)
 .text          0x40107b90        0x0 c:/Espressif/ESP8266_SDK_151/lib\libmain.a(vector.o)
 *fill*         0x40107b90        0x0 
 .literal       0x40107b90        0x0 c:/Espressif/ESP8266_SDK_151/lib\libmain.a(app_main.o)
 *fill*         0x40107b90        0x0 
 .literal       0x40107b90        0x0 c:/Espressif/ESP8266_SDK_151/lib\libmain.a(ets_timer.o)
 *fill*         0x40107b90        0x0 
 .literal       0x40107b90        0x0 c:/Espressif/ESP8266_SDK_151/lib\libmain.a(mem_manager.o)
 *fill*         0x40107b90        0x0 
 .literal       0x40107b90        0x0 c:/Espressif/ESP8266_SDK_151/lib\libmain.a(spi_flash.o)
 *fill*         0x40107b90        0x0 
 .literal       0x40107b90        0x0 c:/Espressif/ESP8266_SDK_151/lib\libmain.a(user_interface.o)
 .text          0x40107b90        0x0 c:/Espressif/ESP8266_SDK_151/lib\libmain.a(eagle_lib.o)
 .text          0x40107b90        0x0 c:/Espressif/ESP8266_SDK_151/lib\libmain.a(eagle_lwip_if.o)
 *fill*         0x40107b90        0x0 
 .literal       0x40107b90        0x0 build/app_app.a(user_main.o)
 .text          0x40107b90        0x2 build/app_app.a(user_main.o)
                0x40107b90                user_rf_pre_init
 .text          0x40107b92        0x0 build/app_app.a(config.o)
 .text          0x40107b92        0x0 build/app_app.a(mqtt.o)
 .text          0x40107b92        0x0 build/app_app.a(dht22.o)
 *fill*         0x40107b92        0x2 
 .literal       0x40107b94        0x0 build/app_app.a(switch.o)
 *fill*         0x40107b94        0x0 
 .literal       0x40107b94        0x0 build/app_app.a(easygpio.o)
 .text          0x40107b94        0x0 build/app_app.a(wifi.o)
 .text          0x40107b94        0x0 build/app_app.a(flash.o)
 .text          0x40107b94        0x0 build/app_app.a(doSmartConfig.o)
 .text          0x40107b94        0x0 build/app_app.a(publish.o)
 .text          0x40107b94        0x0 build/app_app.a(stdout.o)
 .text          0x40107b94        0x0 build/app_app.a(check.o)
 .text          0x40107b94        0x0 build/app_app.a(decodeMessage.o)
 .text          0x40107b94        0x0 build/app_app.a(io.o)
 .text          0x40107b94        0x0 build/app_app.a(utils.o)
 .text          0x40107b94        0x0 build/app_app.a(queue.o)
 .text          0x40107b94        0x0 build/app_app.a(mqtt_msg.o)
 .text          0x40107b94        0x0 build/app_app.a(ringbuf.o)
 .text          0x40107b94        0x0 build/app_app.a(temperature.o)
 .text          0x40107b94        0x0 build/app_app.a(ds18b20.o)
 *fill*         0x40107b94        0x0 
 .literal       0x40107b94        0x0 build/app_app.a(jsmn.o)
 .text          0x40107b94        0x0 build/app_app.a(dtoa.o)
 .text          0x40107b94        0x0 build/app_app.a(proto.o)
 *fill*         0x40107b94        0x0 
 *fill*         0x40107b94        0x0 