Archive member included because of file (symbol)

c:/Espressif/ESP8266_SDK_200/lib\libmain.a(debug-vector.o)
                              (_DebugExceptionVector)
c:/Espressif/ESP8266_SDK_200/lib\libmain.a(double-vector.o)
                              (_DoubleExceptionVector)
c:/Espressif/ESP8266_SDK_200/lib\libmain.a(kernel-vector.o)
                              (_KernelExceptionVector)
c:/Espressif/ESP8266_SDK_200/lib\libmain.a(nmi-vector.o)
                              (_NMIExceptionVector)
c:/Espressif/ESP8266_SDK_200/lib\libmain.a(user-vector.o)
                              (_UserExceptionVector)
c:/Espressif/ESP8266_SDK_200/lib\libmain.a(vector.o)
                              (call_user_start)
c:/Espressif/ESP8266_SDK_200/lib\libmain.a(app_main.o)
                              c:/Espressif/ESP8266_SDK_200/lib\libmain.a(nmi-vector.o) (NMI_Handler)
c:/Espressif/ESP8266_SDK_200/lib\libmain.a(ets_timer.o)
                              c:/Espressif/ESP8266_SDK_200/lib\libmain.a(app_main.o) (ets_timer_setfn)
c:/Espressif/ESP8266_SDK_200/lib\libmain.a(mem_manager.o)
                              c:/Espressif/ESP8266_SDK_200/lib\libmain.a(app_main.o) (vPortFree)
c:/Espressif/ESP8266_SDK_200/lib\libmain.a(spi_flash.o)
                              c:/Espressif/ESP8266_SDK_200/lib\libmain.a(app_main.o) (spi_flash_get_id)
c:/Espressif/ESP8266_SDK_200/lib\libmain.a(user_interface.o)
                              c:/Espressif/ESP8266_SDK_200/lib\libmain.a(app_main.o) (done_cb)
c:/Espressif/ESP8266_SDK_200/lib\libmain.a(eagle_lib.o)
                              c:/Espressif/ESP8266_SDK_200/lib\libmain.a(user_interface.o) (ets_sprintf)
c:/Espressif/ESP8266_SDK_200/lib\libmain.a(eagle_lwip_if.o)
                              c:/Espressif/ESP8266_SDK_200/lib\libmain.a(user_interface.o) (hostname)
build/app_app.a(user_main.o)  c:/Espressif/ESP8266_SDK_200/lib\libmain.a(app_main.o) (user_rf_cal_sector_set)
build/app_app.a(config.o)     build/app_app.a(user_main.o) (sysCfg)
build/app_app.a(io.o)         build/app_app.a(user_main.o) (initOutputs)
build/app_app.a(mqtt.o)       build/app_app.a(user_main.o) (MQTT_InitConnection)
build/app_app.a(dht22.o)      build/app_app.a(user_main.o) (dhtRead)
build/app_app.a(switch.o)     build/app_app.a(user_main.o) (initSwitch)
build/app_app.a(http.o)       build/app_app.a(user_main.o) (tcp_listen)
build/app_app.a(easygpio.o)   build/app_app.a(io.o) (easygpio_pinMode)
build/app_app.a(wifi.o)       build/app_app.a(user_main.o) (getBestSSID)
build/app_app.a(flash.o)      build/app_app.a(http.o) (stopFlash)
build/app_app.a(doSmartConfig.o)
                              build/app_app.a(user_main.o) (checkSmartConfig)
build/app_app.a(stdout.o)     build/app_app.a(user_main.o) (stdout_init)
build/app_app.a(check.o)      build/app_app.a(user_main.o) (checkMinHeap)
build/app_app.a(publish.o)    build/app_app.a(user_main.o) (publishError)
build/app_app.a(decodeMessage.o)
                              build/app_app.a(user_main.o) (decodeMessage)
build/app_app.a(utils.o)      build/app_app.a(mqtt.o) (UTILS_StrToIP)
build/app_app.a(queue.o)      build/app_app.a(mqtt.o) (QUEUE_Init)
build/app_app.a(mqtt_msg.o)   build/app_app.a(mqtt.o) (mqtt_msg_init)
build/app_app.a(ringbuf.o)    build/app_app.a(queue.o) (RINGBUF_Init)
build/app_app.a(temperature.o)
                              build/app_app.a(publish.o) (getUnmappedTemperature)
build/app_app.a(ds18b20.o)    build/app_app.a(temperature.o) (ds_init)
build/app_app.a(jsmn.o)       build/app_app.a(decodeMessage.o) (jsoneq)
build/app_app.a(dtoa.o)       build/app_app.a(temperature.o) (dtoStr)
build/app_app.a(proto.o)      build/app_app.a(queue.o) (PROTO_AddRb)
c:/espressif/xtensa-lx106-elf/bin/../lib/gcc/xtensa-lx106-elf/5.1.0/../../../../xtensa-lx106-elf/lib\libc.a(lib_a-atoi.o)
                              build/app_app.a(user_main.o) (atoi)
c:/espressif/xtensa-lx106-elf/bin/../lib/gcc/xtensa-lx106-elf/5.1.0/../../../../xtensa-lx106-elf/lib\libc.a(lib_a-lcltime.o)
                              build/app_app.a(user_main.o) (localtime)
c:/espressif/xtensa-lx106-elf/bin/../lib/gcc/xtensa-lx106-elf/5.1.0/../../../../xtensa-lx106-elf/lib\libc.a(lib_a-lcltime_r.o)
                              c:/espressif/xtensa-lx106-elf/bin/../lib/gcc/xtensa-lx106-elf/5.1.0/../../../../xtensa-lx106-elf/lib\libc.a(lib_a-lcltime.o) (localtime_r)
c:/espressif/xtensa-lx106-elf/bin/../lib/gcc/xtensa-lx106-elf/5.1.0/../../../../xtensa-lx106-elf/lib\libc.a(lib_a-memcpy.o)
                              build/app_app.a(publish.o) (memcpy)
c:/espressif/xtensa-lx106-elf/bin/../lib/gcc/xtensa-lx106-elf/5.1.0/../../../../xtensa-lx106-elf/lib\libc.a(lib_a-memset.o)
                              build/app_app.a(http.o) (memset)
c:/espressif/xtensa-lx106-elf/bin/../lib/gcc/xtensa-lx106-elf/5.1.0/../../../../xtensa-lx106-elf/lib\libc.a(lib_a-mktm_r.o)
[...]
Memory Configuration

Name             Origin             Length             Attributes
dport0_0_seg     0x3ff00000         0x00000010
dram0_0_seg      0x3ffe8000         0x00014000
iram1_0_seg      0x40100000         0x00008000
irom0_0_seg      0x40210000         0x0005c000
*default*        0x00000000         0xffffffff

Linker script and memory map

START GROUP
LOAD c:/espressif/xtensa-lx106-elf/bin/../lib/gcc/xtensa-lx106-elf/5.1.0/../../../../xtensa-lx106-elf/lib\libc.a
LOAD c:/Espressif/ESP8266_SDK_200/lib\libgcc.a
LOAD c:/espressif/xtensa-lx106-elf/bin/../lib/gcc/xtensa-lx106-elf/5.1.0/../../../../xtensa-lx106-elf/lib\libhal.a
LOAD c:/Espressif/ESP8266_SDK_200/lib\libphy.a
LOAD c:/Espressif/ESP8266_SDK_200/lib\libpp.a
LOAD c:/Espressif/ESP8266_SDK_200/lib\libnet80211.a
LOAD c:/Espressif/ESP8266_SDK_200/lib\liblwip.a
LOAD c:/Espressif/ESP8266_SDK_200/lib\libwpa.a
LOAD c:/Espressif/ESP8266_SDK_200/lib\libmain.a
LOAD c:/Espressif/ESP8266_SDK_200/lib\libupgrade.a
LOAD c:/Espressif/ESP8266_SDK_200/lib\libssl.a
LOAD c:/Espressif/ESP8266_SDK_200/lib\libsmartconfig.a
LOAD c:/Espressif/ESP8266_SDK_200/lib\libcrypto.a
LOAD build/app_app.a
END GROUP
                0x40000000                PROVIDE (_memmap_vecbase_reset, 0x40000000)
                0x00000110                _memmap_cacheattr_wb_base = 0x110
                0x00000110                _memmap_cacheattr_wt_base = 0x110
                0x00000220                _memmap_cacheattr_bp_base = 0x220
                0xfffff00f                _memmap_cacheattr_unused_mask = 0xfffff00f
                0x2222211f                _memmap_cacheattr_wb_trapnull = 0x2222211f
                0x2222211f                _memmap_cacheattr_wba_trapnull = 0x2222211f
                0x2222211f                _memmap_cacheattr_wbna_trapnull = 0x2222211f
                0x2222211f                _memmap_cacheattr_wt_trapnull = 0x2222211f
                0x2222222f                _memmap_cacheattr_bp_trapnull = 0x2222222f
                0xfffff11f                _memmap_cacheattr_wb_strict = 0xfffff11f
                0xfffff11f                _memmap_cacheattr_wt_strict = 0xfffff11f
                0xfffff22f                _memmap_cacheattr_bp_strict = 0xfffff22f
                0x22222112                _memmap_cacheattr_wb_allvalid = 0x22222112
                0x22222112                _memmap_cacheattr_wt_allvalid = 0x22222112
                0x22222222                _memmap_cacheattr_bp_allvalid = 0x22222222
                0x2222211f                PROVIDE (_memmap_cacheattr_reset, _memmap_cacheattr_wb_trapnull)

.dport0.rodata  0x3ff00000        0x0
                0x3ff00000                _dport0_rodata_start = ABSOLUTE (.)
 *(.dport0.rodata)
 *(.dport.rodata)
                0x3ff00000                _dport0_rodata_end = ABSOLUTE (.)

.dport0.literal
                0x3ff00000        0x0
                0x3ff00000                _dport0_literal_start = ABSOLUTE (.)
 *(.dport0.literal)
 *(.dport.literal)
                0x3ff00000                _dport0_literal_end = ABSOLUTE (.)

.dport0.data    0x3ff00000        0x0
                0x3ff00000                _dport0_data_start = ABSOLUTE (.)
 *(.dport0.data)
 *(.dport.data)
                0x3ff00000                _dport0_data_end = ABSOLUTE (.)

.data           0x3ffe8000      0x821
                0x3ffe8000                _data_start = ABSOLUTE (.)
 *(.data)
 .data          0x3ffe8000        0x0 c:/Espressif/ESP8266_SDK_200/lib\libmain.a(debug-vector.o)
 .data          0x3ffe8000        0x0 c:/Espressif/ESP8266_SDK_200/lib\libmain.a(double-vector.o)
 .data          0x3ffe8000        0x0 c:/Espressif/ESP8266_SDK_200/lib\libmain.a(kernel-vector.o)
 .data          0x3ffe8000        0x4 c:/Espressif/ESP8266_SDK_200/lib\libmain.a(nmi-vector.o)
                0x3ffe8000                _Pri_3_HandlerAddress
 .data          0x3ffe8004        0x0 c:/Espressif/ESP8266_SDK_200/lib\libmain.a(user-vector.o)
 .data          0x3ffe8004        0x0 c:/Espressif/ESP8266_SDK_200/lib\libmain.a(vector.o)
 .data          0x3ffe8004        0x1 c:/Espressif/ESP8266_SDK_200/lib\libmain.a(app_main.o)
 .data          0x3ffe8005        0x0 c:/Espressif/ESP8266_SDK_200/lib\libmain.a(ets_timer.o)
 .data          0x3ffe8005        0x0 c:/Espressif/ESP8266_SDK_200/lib\libmain.a(mem_manager.o)
 .data          0x3ffe8005        0x0 c:/Espressif/ESP8266_SDK_200/lib\libmain.a(spi_flash.o)
 *fill*         0x3ffe8005        0x3 
 .data          0x3ffe8008        0x6 c:/Espressif/ESP8266_SDK_200/lib\libmain.a(user_interface.o)
                0x3ffe8009                timer2_ms_flag
                0x3ffe800a                dhcps_flag
                0x3ffe800b                dhcpc_flag
                0x3ffe800d                reconnect_internal
 .data          0x3ffe800e        0x0 c:/Espressif/ESP8266_SDK_200/lib\libmain.a(eagle_lib.o)
 *fill*         0x3ffe800e        0x2 
 .data          0x3ffe8010        0x1 c:/Espressif/ESP8266_SDK_200/lib\libmain.a(eagle_lwip_if.o)
                0x3ffe8010                default_hostname
 *fill*         0x3ffe8011        0x3 
 .data          0x3ffe8014        0x8 build/app_app.a(user_main.o)
                0x3ffe8018                version
 .data          0x3ffe801c        0x0 build/app_app.a(config.o)
 .data          0x3ffe801c        0x3 build/app_app.a(io.o)
                0x3ffe801c                pirPins
 .data          0x3ffe801f        0x0 build/app_app.a(mqtt.o)
 .data          0x3ffe801f        0x0 build/app_app.a(dht22.o)
 .data          0x3ffe801f        0x0 build/app_app.a(switch.o)
 .data          0x3ffe801f        0x0 build/app_app.a(http.o)
 .data          0x3ffe801f        0x0 build/app_app.a(easygpio.o)
 *fill*         0x3ffe801f        0x1 
 .data          0x3ffe8020        0x4 build/app_app.a(wifi.o)
 .data          0x3ffe8024        0x0 build/app_app.a(flash.o)
 .data          0x3ffe8024        0x0 build/app_app.a(doSmartConfig.o)
 .data          0x3ffe8024        0x0 build/app_app.a(stdout.o)
 .data          0x3ffe8024        0x4 build/app_app.a(check.o)
 .data          0x3ffe8028        0x5 build/app_app.a(publish.o)
 .data          0x3ffe802d        0x0 build/app_app.a(decodeMessage.o)
 .data          0x3ffe802d        0x0 build/app_app.a(utils.o)
 .data          0x3ffe802d        0x0 build/app_app.a(queue.o)
 .data          0x3ffe802d        0x0 build/app_app.a(mqtt_msg.o)
 .data          0x3ffe802d        0x0 build/app_app.a(ringbuf.o)
 .data          0x3ffe802d        0x0 build/app_app.a(temperature.o)
 .data          0x3ffe802d        0x0 build/app_app.a(ds18b20.o)
 .data          0x3ffe802d        0x0 build/app_app.a(jsmn.o)
 .data          0x3ffe802d        0x0 build/app_app.a(dtoa.o)
 .data          0x3ffe802d        0x0 build/app_app.a(proto.o)
 .data          0x3ffe802d        0x0 c:/espressif/xtensa-lx106-elf/bin/../lib/gcc/xtensa-lx106-elf/5.1.0/../../../../xtensa-lx106-elf/lib\libc.a(lib_a-atoi.o)
 .data          0x3ffe802d        0x0 c:/espressif/xtensa-lx106-elf/bin/../lib/gcc/xtensa-lx106-elf/5.1.0/../../../../xtensa-lx106-elf/lib\libc.a(lib_a-lcltime.o)
 .data          0x3ffe802d        0x0 c:/espressif/xtensa-lx106-elf/bin/../lib/gcc/xtensa-lx106-elf/5.1.0/../../../../xtensa-lx106-elf/lib\libc.a(lib_a-lcltime_r.o)
 .data          0x3ffe802d        0x0 c:/espressif/xtensa-lx106-elf/bin/../lib/gcc/xtensa-lx106-elf/5.1.0/../../../../xtensa-lx106-elf/lib\libc.a(lib_a-memcpy.o)
 .data          0x3ffe802d        0x0 c:/espressif/xtensa-lx106-elf/bin/../lib/gcc/xtensa-lx106-elf/5.1.0/../../../../xtensa-lx106-elf/lib\libc.a(lib_a-memset.o)
 .data          0x3ffe802d        0x0 c:/espressif/xtensa-lx106-elf/bin/../lib/gcc/xtensa-lx106-elf/5.1.0/../../../../xtensa-lx106-elf/lib\libc.a(lib_a-mktm_r.o)
 .data          0x3ffe802d        0x0 c:/espressif/xtensa-lx106-elf/bin/../lib/gcc/xtensa-lx106-elf/5.1.0/../../../../xtensa-lx106-elf/lib\libc.a(lib_a-strcmp.o)
 .data          0x3ffe802d        0x0 c:/espressif/xtensa-lx106-elf/bin/../lib/gcc/xtensa-lx106-elf/5.1.0/../../../../xtensa-lx106-elf/lib\libc.a(lib_a-strlen.o)
 .data          0x3ffe802d        0x0 c:/espressif/xtensa-lx106-elf/bin/../lib/gcc/xtensa-lx106-elf/5.1.0/../../../../xtensa-lx106-elf/lib\libc.a(lib_a-strtol.o)
 .data          0x3ffe802d        0x0 c:/espressif/xtensa-lx106-elf/bin/../lib/gcc/xtensa-lx106-elf/5.1.0/../../../../xtensa-lx106-elf/lib\libc.a(lib_a-tzlock.o)
 *fill*         0x3ffe802d        0x3 
 .data          0x3ffe8030        0x8 c:/espressif/xtensa-lx106-elf/bin/../lib/gcc/xtensa-lx106-elf/5.1.0/../../../../xtensa-lx106-elf/lib\libc.a(lib_a-tzvars.o)
                0x3ffe8030                _tzname
 .data          0x3ffe8038        0x4 c:/espressif/xtensa-lx106-elf/bin/../lib/gcc/xtensa-lx106-elf/5.1.0/../../../../xtensa-lx106-elf/lib\libc.a(lib_a-ctype_.o)
                0x3ffe8038                __ctype_ptr__
 .data          0x3ffe803c       0x40 c:/espressif/xtensa-lx106-elf/bin/../lib/gcc/xtensa-lx106-elf/5.1.0/../../../../xtensa-lx106-elf/lib\libc.a(lib_a-gettzinfo.o)
 *fill*         0x3ffe807c        0x4 
 .data          0x3ffe8080      0x430 c:/espressif/xtensa-lx106-elf/bin/../lib/gcc/xtensa-lx106-elf/5.1.0/../../../../xtensa-lx106-elf/lib\libc.a(lib_a-impure.o)
                0x3ffe8080                _impure_ptr
 .data          0x3ffe84b0        0x0 c:/Espressif/ESP8266_SDK_200/lib\libgcc.a(_modsi3.o)
 .data          0x3ffe84b0        0x0 c:/Espressif/ESP8266_SDK_200/lib\libgcc.a(_mulsf3.o)
 .data          0x3ffe84b0        0x0 c:/Espressif/ESP8266_SDK_200/lib\libgcc.a(_divsf3.o)
 .data          0x3ffe84b0        0x0 c:/Espressif/ESP8266_SDK_200/lib\libgcc.a(_cmpsf2.o)
 .data          0x3ffe84b0        0x0 c:/Espressif/ESP8266_SDK_200/lib\libgcc.a(_fixsfsi.o)
 .data          0x3ffe84b0        0x0 c:/Espressif/ESP8266_SDK_200/lib\libgcc.a(_cmpdf2.o)
 .data          0x3ffe84b0        0x0 c:/espressif/xtensa-lx106-elf/bin/../lib/gcc/xtensa-lx106-elf/5.1.0/../../../../xtensa-lx106-elf/lib\libhal.a(int_asm--set_intclear.o)
 .data          0x3ffe84b0        0x0 c:/Espressif/ESP8266_SDK_200/lib\libphy.a(phy.o)
 .data          0x3ffe84b0        0x0 c:/Espressif/ESP8266_SDK_200/lib\libphy.a(phy_chip_v6_ana.o)
 .data          0x3ffe84b0       0x53 c:/Espressif/ESP8266_SDK_200/lib\libphy.a(phy_chip_v6.o)
                0x3ffe84b2                tx_rf_ana_gain
                0x3ffe84e0                rx_gain_swp
                0x3ffe8500                test_rffreq_txcap
 *fill*         0x3ffe8503        0x1 
 .data          0x3ffe8504        0x1 c:/Espressif/ESP8266_SDK_200/lib\libphy.a(phy_chip_v6_cal.o)
                0x3ffe8504                rfcal_bb_atten_init
 .data          0x3ffe8505        0x0 c:/Espressif/ESP8266_SDK_200/lib\libphy.a(phy_chip_v6_unused.o)
 *fill*         0x3ffe8505        0x3 
 .data          0x3ffe8508        0x4 c:/Espressif/ESP8266_SDK_200/lib\libphy.a(phy_sleep.o)
                0x3ffe8508                chip_version
 .data          0x3ffe850c        0x0 c:/Espressif/ESP8266_SDK_200/lib\libpp.a(if_hwctrl.o)
 .data          0x3ffe850c        0x0 c:/Espressif/ESP8266_SDK_200/lib\libpp.a(lmac.o)
 .data          0x3ffe850c        0x1 c:/Espressif/ESP8266_SDK_200/lib\libpp.a(pm.o)
 *fill*         0x3ffe850d        0x3 
 .data          0x3ffe8510        0x1 c:/Espressif/ESP8266_SDK_200/lib\libpp.a(pm_for_bcn_only_mode.o)
 *fill*         0x3ffe8511        0x3 
 .data          0x3ffe8514       0x1c c:/Espressif/ESP8266_SDK_200/lib\libpp.a(pp.o)
                0x3ffe8514                soft_wdt_interval
                0x3ffe8518                NoiseTimerInterval
                0x3ffe8520                sleep_start_wait_time
                0x3ffe8528                CanDoFreqCal
                0x3ffe852c                tcb
 .data          0x3ffe8530       0x40 c:/Espressif/ESP8266_SDK_200/lib\libpp.a(rate_control.o)
 .data          0x3ffe8570      0x24c c:/Espressif/ESP8266_SDK_200/lib\libpp.a(trc.o)
 .data          0x3ffe87bc        0x8 c:/Espressif/ESP8266_SDK_200/lib\libpp.a(wdev.o)
 .data          0x3ffe87c4        0x0 c:/Espressif/ESP8266_SDK_200/lib\libpp.a(esf_buf.o)
 .data          0x3ffe87c4        0x0 c:/Espressif/ESP8266_SDK_200/lib\libnet80211.a(ieee80211.o)
 .data          0x3ffe87c4        0x0 c:/Espressif/ESP8266_SDK_200/lib\libnet80211.a(ieee80211_crypto.o)
 .data          0x3ffe87c4        0x0 c:/Espressif/ESP8266_SDK_200/lib\libnet80211.a(ieee80211_ets.o)
 .data          0x3ffe87c4        0x1 c:/Espressif/ESP8266_SDK_200/lib\libnet80211.a(ieee80211_hostap.o)
                0x3ffe87c4                TmpSTAAPCloseAP
 .data          0x3ffe87c5        0x0 c:/Espressif/ESP8266_SDK_200/lib\libnet80211.a(ieee80211_ht.o)
 .data          0x3ffe87c5        0x0 c:/Espressif/ESP8266_SDK_200/lib\libnet80211.a(ieee80211_input.o)
 .data          0x3ffe87c5        0x0 c:/Espressif/ESP8266_SDK_200/lib\libnet80211.a(ieee80211_mesh_quick.o)
 .data          0x3ffe87c5        0x0 c:/Espressif/ESP8266_SDK_200/lib\libnet80211.a(ieee80211_output.o)
 .data          0x3ffe87c5        0x0 c:/Espressif/ESP8266_SDK_200/lib\libnet80211.a(ieee80211_phy.o)
 .data          0x3ffe87c5        0x0 c:/Espressif/ESP8266_SDK_200/lib\libnet80211.a(ieee80211_power.o)
 .data          0x3ffe87c5        0x0 c:/Espressif/ESP8266_SDK_200/lib\libnet80211.a(ieee80211_proto.o)
 .data          0x3ffe87c5        0x0 c:/Espressif/ESP8266_SDK_200/lib\libnet80211.a(ieee80211_regdomain.o)
 .data          0x3ffe87c5        0x0 c:/Espressif/ESP8266_SDK_200/lib\libnet80211.a(ieee80211_rfid.o)
 .data          0x3ffe87c5        0x0 c:/Espressif/ESP8266_SDK_200/lib\libnet80211.a(ieee80211_scan.o)
 .data          0x3ffe87c5        0x0 c:/Espressif/ESP8266_SDK_200/lib\libnet80211.a(ieee80211_sta.o)
 .data          0x3ffe87c5        0x0 c:/Espressif/ESP8266_SDK_200/lib\libnet80211.a(wl_chm.o)
 *fill*         0x3ffe87c5        0x3 
 .data          0x3ffe87c8        0x1 c:/Espressif/ESP8266_SDK_200/lib\libnet80211.a(wl_cnx.o)
 *fill*         0x3ffe87c9        0x7 
 .data          0x3ffe87d0       0x1c c:/Espressif/ESP8266_SDK_200/lib\libnet80211.a(ieee80211_action.o)
 .data          0x3ffe87ec        0x0 c:/Espressif/ESP8266_SDK_200/lib\libnet80211.a(ieee80211_action_vendor.o)
 .data          0x3ffe87ec        0x0 c:/Espressif/ESP8266_SDK_200/lib\libnet80211.a(ieee80211_crypto_ccmp.o)
 .data          0x3ffe87ec        0x0 c:/Espressif/ESP8266_SDK_200/lib\libnet80211.a(ieee80211_ie_vendor.o)
 .data          0x3ffe87ec        0x4 c:/Espressif/ESP8266_SDK_200/lib\liblwip.a(dhcp.o)
 .data          0x3ffe87f0        0x5 c:/Espressif/ESP8266_SDK_200/lib\liblwip.a(dhcpserver.o)
                0x3ffe87f0                dhcps_lease_time
 .data          0x3ffe87f5        0x0 c:/Espressif/ESP8266_SDK_200/lib\liblwip.a(dns.o)
 .data          0x3ffe87f5        0x0 c:/Espressif/ESP8266_SDK_200/lib\liblwip.a(espconn.o)
 .data          0x3ffe87f5        0x0 c:/Espressif/ESP8266_SDK_200/lib\liblwip.a(espconn_tcp.o)
 .data          0x3ffe87f5        0x0 c:/Espressif/ESP8266_SDK_200/lib\liblwip.a(espconn_udp.o)
 .data          0x3ffe87f5        0x0 c:/Espressif/ESP8266_SDK_200/lib\liblwip.a(etharp.o)
 .data          0x3ffe87f5        0x0 c:/Espressif/ESP8266_SDK_200/lib\liblwip.a(igmp.o)
 .data          0x3ffe87f5        0x0 c:/Espressif/ESP8266_SDK_200/lib\liblwip.a(inet_chksum.o)
 .data          0x3ffe87f5        0x0 c:/Espressif/ESP8266_SDK_200/lib\liblwip.a(init.o)
 .data          0x3ffe87f5        0x0 c:/Espressif/ESP8266_SDK_200/lib\liblwip.a(ip_addr.o)
 .data          0x3ffe87f5        0x0 c:/Espressif/ESP8266_SDK_200/lib\liblwip.a(ip.o)
 *fill*         0x3ffe87f5        0x3 
 .data          0x3ffe87f8        0x2 c:/Espressif/ESP8266_SDK_200/lib\liblwip.a(memp.o)
                0x3ffe87f8                memp_sizes_test
 .data          0x3ffe87fa        0x0 c:/Espressif/ESP8266_SDK_200/lib\liblwip.a(netif.o)
 .data          0x3ffe87fa        0x0 c:/Espressif/ESP8266_SDK_200/lib\liblwip.a(pbuf.o)
 .data          0x3ffe87fa        0x0 c:/Espressif/ESP8266_SDK_200/lib\liblwip.a(raw.o)
 .data          0x3ffe87fa        0x0 c:/Espressif/ESP8266_SDK_200/lib\liblwip.a(tcp_in.o)
 *fill*         0x3ffe87fa        0x2 
 .data          0x3ffe87fc        0x8 c:/Espressif/ESP8266_SDK_200/lib\liblwip.a(tcp.o)
 .data          0x3ffe8804        0x0 c:/Espressif/ESP8266_SDK_200/lib\liblwip.a(tcp_out.o)
 .data          0x3ffe8804        0x0 c:/Espressif/ESP8266_SDK_200/lib\liblwip.a(timers.o)
 .data          0x3ffe8804        0x0 c:/Espressif/ESP8266_SDK_200/lib\liblwip.a(udp.o)
 .data          0x3ffe8804        0x0 c:/Espressif/ESP8266_SDK_200/lib\liblwip.a(espconn_buf.o)
 .data          0x3ffe8804        0x0 c:/Espressif/ESP8266_SDK_200/lib\liblwip.a(icmp.o)
 .data          0x3ffe8804        0x0 c:/Espressif/ESP8266_SDK_200/lib\libwpa.a(ap_config.o)
 .data          0x3ffe8804        0x0 c:/Espressif/ESP8266_SDK_200/lib\libwpa.a(common.o)
 .data          0x3ffe8804        0x0 c:/Espressif/ESP8266_SDK_200/lib\libwpa.a(os_xtensa.o)
 .data          0x3ffe8804        0x0 c:/Espressif/ESP8266_SDK_200/lib\libwpa.a(wpa_auth.o)
 .data          0x3ffe8804        0x0 c:/Espressif/ESP8266_SDK_200/lib\libwpa.a(wpa_auth_ie.o)
 .data          0x3ffe8804        0x0 c:/Espressif/ESP8266_SDK_200/lib\libwpa.a(wpa.o)
 .data          0x3ffe8804        0x0 c:/Espressif/ESP8266_SDK_200/lib\libwpa.a(wpa_common.o)
 .data          0x3ffe8804        0x0 c:/Espressif/ESP8266_SDK_200/lib\libwpa.a(wpa_debug.o)
 .data          0x3ffe8804        0x0 c:/Espressif/ESP8266_SDK_200/lib\libwpa.a(wpa_ie.o)
 .data          0x3ffe8804        0x0 c:/Espressif/ESP8266_SDK_200/lib\libwpa.a(wpa_main.o)
 .data          0x3ffe8804        0x0 c:/Espressif/ESP8266_SDK_200/lib\libwpa.a(wpas_glue.o)
 *fill*         0x3ffe8804        0x4 
 .data          0x3ffe8808        0xe c:/Espressif/ESP8266_SDK_200/lib\libsmartconfig.a(sc_sniffer.o)
                0x3ffe8808                g_SC_Select
                0x3ffe8810                ET_Group_bssid
 *fill*         0x3ffe8816        0x2 
 .data          0x3ffe8818        0x6 c:/Espressif/ESP8266_SDK_200/lib\libsmartconfig.a(sc_airkiss.o)
                0x3ffe8818                AK_Group_bssid
 *fill*         0x3ffe881e        0x2 
 .data          0x3ffe8820        0x1 c:/Espressif/ESP8266_SDK_200/lib\libsmartconfig.a(sc_esptouch.o)
                0x3ffe8820                g_ET_TimeOut
 .data          0x3ffe8821        0x0 c:/Espressif/ESP8266_SDK_200/lib\libcrypto.a(aes-wrap.o)
 .data          0x3ffe8821        0x0 c:/Espressif/ESP8266_SDK_200/lib\libcrypto.a(aes-internal-enc.o)
 .data          0x3ffe8821        0x0 c:/Espressif/ESP8266_SDK_200/lib\libcrypto.a(aes-internal.o)
 .data          0x3ffe8821        0x0 c:/espressif/xtensa-lx106-elf/bin/../lib/gcc/xtensa-lx106-elf/5.1.0/../../../../xtensa-lx106-elf/lib\libc.a(lib_a-memchr.o)
 .data          0x3ffe8821        0x0 c:/Espressif/ESP8266_SDK_200/lib\libgcc.a(_ashrdi3.o)
 .data          0x3ffe8821        0x0 c:/Espressif/ESP8266_SDK_200/lib\libnet80211.a(ieee80211_crypto_tkip.o)
 .data          0x3ffe8821        0x0 c:/Espressif/ESP8266_SDK_200/lib\libnet80211.a(ieee80211_crypto_wep.o)
 *(.data.*)
 *(.gnu.linkonce.d.*)
 *(.data1)
 *(.sdata)
 *(.sdata.*)
 *(.gnu.linkonce.s.*)
 *(.sdata2)
 *(.sdata2.*)
 *(.gnu.linkonce.s2.*)
 *(.jcr)
                0x3ffe8821                _data_end = ABSOLUTE (.)

.noinit         0x3ffe8824        0x4
 .noinit        0x3ffe8824        0x4 build/app_app.a(user_main.o)
                0x3ffe8824                lastAction

.rodata         0x3ffe8830     0x1944
                0x3ffe8830                _rodata_start = ABSOLUTE (.)
 *(.sdk.version)
 .sdk.version   0x3ffe8830        0xf c:/Espressif/ESP8266_SDK_200/lib\libmain.a(app_main.o)
                0x3ffe8830                SDK_VERSION
 *(.rodata)
 *fill*         0x3ffe883f        0x1 
 .rodata        0x3ffe8840       0x4c build/app_app.a(user_main.o)
 .rodata        0x3ffe888c        0x4 build/app_app.a(io.o)
                0x3ffe888c                outputMap
 .rodata        0x3ffe8890       0x48 build/app_app.a(mqtt.o)
 .rodata        0x3ffe88d8       0x40 build/app_app.a(easygpio.o)
 .rodata        0x3ffe8918       0x14 build/app_app.a(wifi.o)
 .rodata        0x3ffe892c       0x20 build/app_app.a(ds18b20.o)
 .rodata        0x3ffe894c      0x160 build/app_app.a(jsmn.o)
 .rodata        0x3ffe8aac       0x68 c:/espressif/xtensa-lx106-elf/bin/../lib/gcc/xtensa-lx106-elf/5.1.0/../../../../xtensa-lx106-elf/lib\libc.a(lib_a-mktm_r.o)
 .rodata        0x3ffe8b14      0x101 c:/espressif/xtensa-lx106-elf/bin/../lib/gcc/xtensa-lx106-elf/5.1.0/../../../../xtensa-lx106-elf/lib\libc.a(lib_a-ctype_.o)
                0x3ffe8b14                _ctype_
 *fill*         0x3ffe8c15        0x3 
 .rodata        0x3ffe8c18        0x4 c:/espressif/xtensa-lx106-elf/bin/../lib/gcc/xtensa-lx106-elf/5.1.0/../../../../xtensa-lx106-elf/lib\libc.a(lib_a-impure.o)
                0x3ffe8c18                _global_impure_ptr
 .rodata        0x3ffe8c1c        0x8 c:/Espressif/ESP8266_SDK_200/lib\libphy.a(phy_chip_v6_ana.o)
 .rodata        0x3ffe8c24        0x8 c:/Espressif/ESP8266_SDK_200/lib\libphy.a(phy_chip_v6.o)
 .rodata        0x3ffe8c2c        0x4 c:/Espressif/ESP8266_SDK_200/lib\libpp.a(pp.o)
 .rodata        0x3ffe8c30        0x8 c:/Espressif/ESP8266_SDK_200/lib\libnet80211.a(ieee80211_hostap.o)
 .rodata        0x3ffe8c38        0x9 c:/Espressif/ESP8266_SDK_200/lib\libnet80211.a(ieee80211_output.o)
 *fill*         0x3ffe8c41        0x3 
 .rodata        0x3ffe8c44        0x6 c:/Espressif/ESP8266_SDK_200/lib\liblwip.a(etharp.o)
                0x3ffe8c44                ethbroadcast
 *fill*         0x3ffe8c4a        0x6 
 .rodata        0x3ffe8c50       0x74 c:/Espressif/ESP8266_SDK_200/lib\liblwip.a(espconn_buf.o)
 *fill*         0x3ffe8cc4        0x4 
 .rodata        0x3ffe8cc8        0x7 c:/Espressif/ESP8266_SDK_200/lib\libsmartconfig.a(sc_sniffer.o)
                0x3ffe8cc8                SC_VERSION
 *fill*         0x3ffe8ccf        0x1 
 .rodata        0x3ffe8cd0        0x8 c:/Espressif/ESP8266_SDK_200/lib\libsmartconfig.a(sc_airkiss.o)
                0x3ffe8cd0                RSSI_MIN
                0x3ffe8cd1                RSSI_BEAR
                0x3ffe8cd2                DATA_RSSI_BEAR
                0x3ffe8cd4                weixin_ip
 *(.rodata.*)
 .rodata.str1.4
                0x3ffe8cd8        0xc c:/Espressif/ESP8266_SDK_200/lib\libmain.a(app_main.o)
 .rodata.str1.4
                0x3ffe8ce4        0x4 c:/Espressif/ESP8266_SDK_200/lib\libmain.a(ets_timer.o)
                                  0xc (size before relaxing)
 .rodata.str1.4
                0x3ffe8ce8       0x1a c:/Espressif/ESP8266_SDK_200/lib\libmain.a(mem_manager.o)
 *fill*         0x3ffe8d02        0x2 
 .rodata.str1.4
                0x3ffe8d04      0x3b9 build/app_app.a(user_main.o)
                                0x3c9 (size before relaxing)
 *fill*         0x3ffe90bd        0x3 
 .rodata.str1.4
                0x3ffe90c0       0xcb build/app_app.a(config.o)
                                 0xde (size before relaxing)
 *fill*         0x3ffe918b        0x1 
 .rodata.str1.4
                0x3ffe918c       0x8d build/app_app.a(io.o)
                                 0x91 (size before relaxing)
 *fill*         0x3ffe9219        0x3 
 .rodata.str1.4
                0x3ffe921c      0x184 build/app_app.a(mqtt.o)
                                0x188 (size before relaxing)
 .rodata.str1.4
                0x3ffe93a0      0x4af build/app_app.a(http.o)
                                0x4bf (size before relaxing)
 *fill*         0x3ffe984f        0x1 
 .rodata.str1.4
                0x3ffe9850       0xd8 build/app_app.a(easygpio.o)
 .rodata.str1.4
                0x3ffe9928      0x1d9 build/app_app.a(wifi.o)
 *fill*         0x3ffe9b01        0x3 
 .rodata.str1.4
                0x3ffe9b04       0x23 build/app_app.a(flash.o)
 *fill*         0x3ffe9b27        0x1 
 .rodata.str1.4
                0x3ffe9b28       0x4e build/app_app.a(check.o)
 *fill*         0x3ffe9b76        0x2 
 .rodata.str1.4
                0x3ffe9b78      0x296 build/app_app.a(publish.o)
                                0x2ae (size before relaxing)
 *fill*         0x3ffe9e0e        0x2 
 .rodata.str1.4
                0x3ffe9e10       0xd8 build/app_app.a(decodeMessage.o)
                                 0xe8 (size before relaxing)
 .rodata.str1.4
                0x00000000        0x1 build/app_app.a(queue.o)
 .rodata.str1.4
                0x3ffe9ee8       0x63 build/app_app.a(mqtt_msg.o)
 *fill*         0x3ffe9f4b        0x1 
 .rodata.str1.4
                0x3ffe9f4c      0x14d build/app_app.a(temperature.o)
                                0x151 (size before relaxing)
 *fill*         0x3ffea099        0x3 
 .rodata.str1.4
                0x3ffea09c       0x6b build/app_app.a(jsmn.o)
                                 0x6f (size before relaxing)
 .rodata.str1.1
                0x3ffea107        0x4 c:/espressif/xtensa-lx106-elf/bin/../lib/gcc/xtensa-lx106-elf/5.1.0/../../../../xtensa-lx106-elf/lib\libc.a(lib_a-tzvars.o)
 .rodata.str1.1
                0x3ffea10b        0x2 c:/espressif/xtensa-lx106-elf/bin/../lib/gcc/xtensa-lx106-elf/5.1.0/../../../../xtensa-lx106-elf/lib\libc.a(lib_a-impure.o)
 *fill*         0x3ffea10d        0x3 
 .rodata.str1.4
                0x3ffea110        0x4 c:/Espressif/ESP8266_SDK_200/lib\libpp.a(lmac.o)
                                  0xc (size before relaxing)
 .rodata.str1.4
                0x3ffea114        0x3 c:/Espressif/ESP8266_SDK_200/lib\libpp.a(pm.o)
                                  0xb (size before relaxing)
 *fill*         0x3ffea117        0x1 
 .rodata.str1.4
                0x3ffea118        0x4 c:/Espressif/ESP8266_SDK_200/lib\libpp.a(pm_for_bcn_only_mode.o)
                                  0xc (size before relaxing)
 .rodata.str1.4
                0x3ffea11c        0x8 c:/Espressif/ESP8266_SDK_200/lib\libpp.a(pp.o)
                                 0x10 (size before relaxing)
 .rodata.str1.4
                0x3ffea124        0x4 c:/Espressif/ESP8266_SDK_200/lib\libpp.a(wdev.o)
                                  0xc (size before relaxing)
 .rodata.str1.4
                0x3ffea128        0x3 c:/Espressif/ESP8266_SDK_200/lib\libnet80211.a(ieee80211_hostap.o)
                                  0x8 (size before relaxing)
 *fill*         0x3ffea12b        0x1 
 .rodata.str1.4
                0x3ffea12c        0x7 c:/Espressif/ESP8266_SDK_200/lib\libnet80211.a(ieee80211_mesh_quick.o)
 .rodata.str1.4
                0x00000000        0x4 c:/Espressif/ESP8266_SDK_200/lib\libnet80211.a(ieee80211_sta.o)
 .rodata.str1.4
                0x00000000        0x4 c:/Espressif/ESP8266_SDK_200/lib\libnet80211.a(ieee80211_action_vendor.o)
 .rodata.str1.4
                0x00000000        0x4 c:/Espressif/ESP8266_SDK_200/lib\libnet80211.a(ieee80211_ie_vendor.o)
 .rodata.str1.4
                0x00000000        0x1 c:/Espressif/ESP8266_SDK_200/lib\liblwip.a(espconn_tcp.o)
 *fill*         0x3ffea133        0x1 
 .rodata.str1.4
                0x3ffea134        0x5 c:/Espressif/ESP8266_SDK_200/lib\libwpa.a(wpa_debug.o)
                                  0xd (size before relaxing)
 *fill*         0x3ffea139        0x3 
 .rodata.str1.4
                0x3ffea13c        0xd c:/Espressif/ESP8266_SDK_200/lib\libsmartconfig.a(sc_sniffer.o)
 *fill*         0x3ffea149        0x3 
 .rodata.str1.4
                0x3ffea14c        0xd c:/Espressif/ESP8266_SDK_200/lib\libsmartconfig.a(sc_airkiss.o)
 *fill*         0x3ffea159        0x3 
 .rodata.str1.4
                0x3ffea15c       0x10 c:/Espressif/ESP8266_SDK_200/lib\libsmartconfig.a(sc_esptouch.o)
                                  0xe (size before relaxing)
 *(.gnu.linkonce.r.*)
 *(.rodata1)
                0x3ffea16c                __XT_EXCEPTION_TABLE__ = ABSOLUTE (.)
 *(.xt_except_table)
 *(.gcc_except_table)
 *(.gnu.linkonce.e.*)
 *(.gnu.version_r)
 *(.eh_frame)
 *crtbegin.o(.ctors)
 *(EXCLUDE_FILE(*crtend.o) .ctors)
 *(SORT(.ctors.*))
 *(.ctors)
 *crtbegin.o(.dtors)
 *(EXCLUDE_FILE(*crtend.o) .dtors)
 *(SORT(.dtors.*))
 *(.dtors)
                0x3ffea16c                __XT_EXCEPTION_DESCS__ = ABSOLUTE (.)
 *(.xt_except_desc)
 *(.gnu.linkonce.h.*)
                0x3ffea16c                __XT_EXCEPTION_DESCS_END__ = ABSOLUTE (.)
 *(.xt_except_desc_end)
 *(.dynamic)
 *(.gnu.version_d)
                0x3ffea16c                . = ALIGN (0x4)
                0x3ffea16c                _bss_table_start = ABSOLUTE (.)
                0x3ffea16c        0x4 LONG 0x3ffea178 _bss_start
                0x3ffea170        0x4 LONG 0x3fff0c18 _bss_end
                0x3ffea174                _bss_table_end = ABSOLUTE (.)
                0x3ffea174                _rodata_end = ABSOLUTE (.)

.bss            0x3ffea178     0x6aa0
                0x3ffea178                . = ALIGN (0x8)
                0x3ffea178                _bss_start = ABSOLUTE (.)
 *(.dynsbss)
 *(.sbss)
 *(.sbss.*)
 *(.gnu.linkonce.sb.*)
 *(.scommon)
 *(.sbss2)
 *(.sbss2.*)
 *(.gnu.linkonce.sb2.*)
 *(.dynbss)
 *(.bss)
 .bss           0x3ffea178        0x0 c:/Espressif/ESP8266_SDK_200/lib\libmain.a(debug-vector.o)
 .bss           0x3ffea178        0x0 c:/Espressif/ESP8266_SDK_200/lib\libmain.a(double-vector.o)
 .bss           0x3ffea178        0x0 c:/Espressif/ESP8266_SDK_200/lib\libmain.a(kernel-vector.o)
 *fill*         0x3ffea178        0x8 
 .bss           0x3ffea180      0x1c0 c:/Espressif/ESP8266_SDK_200/lib\libmain.a(nmi-vector.o)
 .bss           0x3ffea340        0x0 c:/Espressif/ESP8266_SDK_200/lib\libmain.a(user-vector.o)
 .bss           0x3ffea340        0x0 c:/Espressif/ESP8266_SDK_200/lib\libmain.a(vector.o)
 .bss           0x3ffea340       0x45 c:/Espressif/ESP8266_SDK_200/lib\libmain.a(app_main.o)
                0x3ffea344                info
                0x3ffea368                freq_trace_enable
                0x3ffea36a                lwip_timer_interval
                0x3ffea36c                check_timeouts_timer
                0x3ffea380                rf_cal_sec
                0x3ffea384                user_init_flag
 *fill*         0x3ffea385        0xb 
 .bss           0x3ffea390       0x30 c:/Espressif/ESP8266_SDK_200/lib\libmain.a(ets_timer.o)
                0x3ffea390                dbg_timer_flag
                0x3ffea394                timer_list
                0x3ffea398                debug_timer
                0x3ffea39c                debug_timerfn
 .bss           0x3ffea3c0       0x3c c:/Espressif/ESP8266_SDK_200/lib\libmain.a(mem_manager.o)
 .bss           0x3ffea3fc        0x4 c:/Espressif/ESP8266_SDK_200/lib\libmain.a(spi_flash.o)
                0x3ffea3fc                flash_read
 .bss           0x3ffea400      0x242 c:/Espressif/ESP8266_SDK_200/lib\libmain.a(user_interface.o)
                0x3ffea4f7                deep_sleep_flag
                0x3ffea4f8                cpu_overclock
                0x3ffea4fc                event_cb
                0x3ffea500                status_led_output_level
                0x3ffea504                done_cb
                0x3ffea508                rst_if
                0x3ffea524                default_interface
                0x3ffea525                OpmodChgIsOnGoing
                0x3ffea528                promiscuous_cb
                0x3ffea540                event_TaskQueue
 .bss           0x3ffea642        0x0 c:/Espressif/ESP8266_SDK_200/lib\libmain.a(eagle_lib.o)
 *fill*         0x3ffea642        0x2 
 .bss           0x3ffea644        0xc c:/Espressif/ESP8266_SDK_200/lib\libmain.a(eagle_lwip_if.o)
                0x3ffea644                hostname
 .bss           0x3ffea650       0x48 build/app_app.a(user_main.o)
 .bss           0x3ffea698        0x4 build/app_app.a(config.o)
 .bss           0x3ffea69c       0x54 build/app_app.a(io.o)
                0x3ffea69c                oldPIRstatus
                0x3ffea6a0                pirStatus
 .bss           0x3ffea6f0        0x8 build/app_app.a(mqtt.o)
                0x3ffea6f0                default_private_key_len
                0x3ffea6f4                default_certificate_len
 .bss           0x3ffea6f8       0x98 build/app_app.a(dht22.o)
 .bss           0x3ffea790       0x24 build/app_app.a(switch.o)
 .bss           0x3ffea7b4       0x58 build/app_app.a(http.o)
                0x3ffea7b4                httpSetupMode
 .bss           0x3ffea80c        0x0 build/app_app.a(easygpio.o)
 .bss           0x3ffea80c       0x8c build/app_app.a(wifi.o)
                0x3ffea80c                wifiCb
 .bss           0x3ffea898       0x28 build/app_app.a(flash.o)
 .bss           0x3ffea8c0        0x1 build/app_app.a(doSmartConfig.o)
 .bss           0x3ffea8c1        0x0 build/app_app.a(stdout.o)
 .bss           0x3ffea8c1        0x0 build/app_app.a(check.o)
 *fill*         0x3ffea8c1        0x3 
 .bss           0x3ffea8c4        0x4 build/app_app.a(publish.o)
 .bss           0x3ffea8c8        0x0 build/app_app.a(decodeMessage.o)
 .bss           0x3ffea8c8        0x0 build/app_app.a(utils.o)
 .bss           0x3ffea8c8        0x0 build/app_app.a(queue.o)
 .bss           0x3ffea8c8        0x0 build/app_app.a(mqtt_msg.o)
 .bss           0x3ffea8c8        0x0 build/app_app.a(ringbuf.o)
 .bss           0x3ffea8c8       0x60 build/app_app.a(temperature.o)
 .bss           0x3ffea928        0xc build/app_app.a(ds18b20.o)
 .bss           0x3ffea934        0x0 build/app_app.a(jsmn.o)
 .bss           0x3ffea934        0x0 build/app_app.a(dtoa.o)
 .bss           0x3ffea934        0x0 build/app_app.a(proto.o)
 .bss           0x3ffea934        0x0 c:/espressif/xtensa-lx106-elf/bin/../lib/gcc/xtensa-lx106-elf/5.1.0/../../../../xtensa-lx106-elf/lib\libc.a(lib_a-atoi.o)
 .bss           0x3ffea934        0x0 c:/espressif/xtensa-lx106-elf/bin/../lib/gcc/xtensa-lx106-elf/5.1.0/../../../../xtensa-lx106-elf/lib\libc.a(lib_a-lcltime.o)
 .bss           0x3ffea934        0x0 c:/espressif/xtensa-lx106-elf/bin/../lib/gcc/xtensa-lx106-elf/5.1.0/../../../../xtensa-lx106-elf/lib\libc.a(lib_a-lcltime_r.o)
 .bss           0x3ffea934        0x0 c:/espressif/xtensa-lx106-elf/bin/../lib/gcc/xtensa-lx106-elf/5.1.0/../../../../xtensa-lx106-elf/lib\libc.a(lib_a-memcpy.o)
 .bss           0x3ffea934        0x0 c:/espressif/xtensa-lx106-elf/bin/../lib/gcc/xtensa-lx106-elf/5.1.0/../../../../xtensa-lx106-elf/lib\libc.a(lib_a-memset.o)
 .bss           0x3ffea934        0x0 c:/espressif/xtensa-lx106-elf/bin/../lib/gcc/xtensa-lx106-elf/5.1.0/../../../../xtensa-lx106-elf/lib\libc.a(lib_a-mktm_r.o)
 .bss           0x3ffea934        0x0 c:/espressif/xtensa-lx106-elf/bin/../lib/gcc/xtensa-lx106-elf/5.1.0/../../../../xtensa-lx106-elf/lib\libc.a(lib_a-strcmp.o)
 .bss           0x3ffea934        0x0 c:/espressif/xtensa-lx106-elf/bin/../lib/gcc/xtensa-lx106-elf/5.1.0/../../../../xtensa-lx106-elf/lib\libc.a(lib_a-strlen.o)
 .bss           0x3ffea934        0x0 c:/espressif/xtensa-lx106-elf/bin/../lib/gcc/xtensa-lx106-elf/5.1.0/../../../../xtensa-lx106-elf/lib\libc.a(lib_a-strtol.o)
 .bss           0x3ffea934        0x0 c:/espressif/xtensa-lx106-elf/bin/../lib/gcc/xtensa-lx106-elf/5.1.0/../../../../xtensa-lx106-elf/lib\libc.a(lib_a-tzlock.o)
 .bss           0x3ffea934        0x8 c:/espressif/xtensa-lx106-elf/bin/../lib/gcc/xtensa-lx106-elf/5.1.0/../../../../xtensa-lx106-elf/lib\libc.a(lib_a-tzvars.o)
                0x3ffea934                _timezone
                0x3ffea938                _daylight
 .bss           0x3ffea93c        0x0 c:/espressif/xtensa-lx106-elf/bin/../lib/gcc/xtensa-lx106-elf/5.1.0/../../../../xtensa-lx106-elf/lib\libc.a(lib_a-ctype_.o)
 .bss           0x3ffea93c        0x0 c:/espressif/xtensa-lx106-elf/bin/../lib/gcc/xtensa-lx106-elf/5.1.0/../../../../xtensa-lx106-elf/lib\libc.a(lib_a-gettzinfo.o)
 .bss           0x3ffea93c        0x0 c:/espressif/xtensa-lx106-elf/bin/../lib/gcc/xtensa-lx106-elf/5.1.0/../../../../xtensa-lx106-elf/lib\libc.a(lib_a-impure.o)
 .bss           0x3ffea93c        0x0 c:/Espressif/ESP8266_SDK_200/lib\libgcc.a(_modsi3.o)
 .bss           0x3ffea93c        0x0 c:/Espressif/ESP8266_SDK_200/lib\libgcc.a(_mulsf3.o)
 .bss           0x3ffea93c        0x0 c:/Espressif/ESP8266_SDK_200/lib\libgcc.a(_divsf3.o)
 .bss           0x3ffea93c        0x0 c:/Espressif/ESP8266_SDK_200/lib\libgcc.a(_cmpsf2.o)
 .bss           0x3ffea93c        0x0 c:/Espressif/ESP8266_SDK_200/lib\libgcc.a(_fixsfsi.o)
 .bss           0x3ffea93c        0x0 c:/Espressif/ESP8266_SDK_200/lib\libgcc.a(_cmpdf2.o)
 .bss           0x3ffea93c        0x0 c:/espressif/xtensa-lx106-elf/bin/../lib/gcc/xtensa-lx106-elf/5.1.0/../../../../xtensa-lx106-elf/lib\libhal.a(int_asm--set_intclear.o)
 .bss           0x3ffea93c        0x4 c:/Espressif/ESP8266_SDK_200/lib\libphy.a(phy.o)
 .bss           0x3ffea940        0x2 c:/Espressif/ESP8266_SDK_200/lib\libphy.a(phy_chip_v6_ana.o)
                0x3ffea940                tout_dis_txpwr_track
                0x3ffea941                sleep_mode_flag
 *fill*         0x3ffea942        0x6 
 .bss           0x3ffea948      0x153 c:/Espressif/ESP8266_SDK_200/lib\libphy.a(phy_chip_v6.o)
                0x3ffea948                g_phyFuns
                0x3ffea94c                rxiq_compute_num
                0x3ffea950                rx_table_renew_en
                0x3ffea954                check_result
                0x3ffea958                chip6_sleep_params
                0x3ffea9ec                chip6_phy_init_ctrl
                0x3ffeaa60                phy_freq_offset
                0x3ffeaa62                do_pwctrl_flag
                0x3ffeaa63                txbk_dpdby_flag
                0x3ffeaa65                sw_scan_mode
                0x3ffeaa66                rxmax_ext_level
                0x3ffeaa68                phy_rx_gain_dc_table
                0x3ffeaa7c                periodic_cal_flag
                0x3ffeaa7d                bbpll_cal_flag
                0x3ffeaa7e                phy_in_most_power
                0x3ffeaa7f                init_rf_no_cal
                0x3ffeaa80                test_print_time
                0x3ffeaa84                phy_in_vdd33_offset
                0x3ffeaa85                phy_set_most_tpw_disbg
                0x3ffeaa86                phy_set_most_tpw_index
                0x3ffeaa88                adc_rand_noise
                0x3ffeaa8c                phy_rx_gain_dc_flag
                0x3ffeaa8d                dpd_bypass_original
                0x3ffeaa8e                phy_txpwr_diff_flash
                0x3ffeaa90                noise_array
 *fill*         0x3ffeaa9b        0x1 
 .bss           0x3ffeaa9c        0x9 c:/Espressif/ESP8266_SDK_200/lib\libphy.a(phy_chip_v6_cal.o)
                0x3ffeaa9c                phy_tx_power_out
                0x3ffeaa9e                phy_tx_pwr_error
                0x3ffeaaa0                tx_pwctrl_track_num
                0x3ffeaaa1                rxiq_cover_fail_num
                0x3ffeaaa2                phy_meas_freq_offset
                0x3ffeaaa4                tx_pwctrl_pk_num
 .bss           0x3ffeaaa5        0x0 c:/Espressif/ESP8266_SDK_200/lib\libphy.a(phy_chip_v6_unused.o)
 *fill*         0x3ffeaaa5        0x3 
 .bss           0x3ffeaaa8        0x7 c:/Espressif/ESP8266_SDK_200/lib\libphy.a(phy_sleep.o)
                0x3ffeaaa8                periodic_cal_sat
                0x3ffeaaaa                lslp_mem_opt_8266
                0x3ffeaaac                software_slp_reject
                0x3ffeaaad                SDIO_slp_reject
                0x3ffeaaae                hardware_reject
 *fill*         0x3ffeaaaf        0x1 
 .bss           0x3ffeaab0       0x40 c:/Espressif/ESP8266_SDK_200/lib\libpp.a(if_hwctrl.o)
                0x3ffeaab0                interface_mask
                0x3ffeaad0                if_ctrl
 .bss           0x3ffeaaf0      0x150 c:/Espressif/ESP8266_SDK_200/lib\libpp.a(lmac.o)
                0x3ffeaaf4                lmacConfMib
                0x3ffeab18                our_tx_eb
 .bss           0x3ffeac40      0x12a c:/Espressif/ESP8266_SDK_200/lib\libpp.a(pm.o)
                0x3ffeac40                pmc
 *fill*         0x3ffead6a        0x2 
 .bss           0x3ffead6c       0x38 c:/Espressif/ESP8266_SDK_200/lib\libpp.a(pm_for_bcn_only_mode.o)
 *fill*         0x3ffeada4        0xc 
 .bss           0x3ffeadb0      0x322 c:/Espressif/ESP8266_SDK_200/lib\libpp.a(pp.o)
                0x3ffeadc8                pend_flag_noise_check
                0x3ffeadd0                pend_flag_periodic_cal
                0x3ffeade8                idle_timer_reopen_flag
                0x3ffeadea                dbg_stop_sw_wdt
                0x3ffeadeb                dbg_stop_hw_wdt
                0x3ffeaded                total_buffed_eb_num
                0x3ffeadf0                HighestFreqOffsetInOneChk
                0x3ffeadf2                LowestFreqOffsetInOneChk
                0x3ffeadf4                DefFreqCalTimer
                0x3ffeae08                PktNumInOneChk
                0x3ffeaf90                buffed_eb_arr
 *fill*         0x3ffeb0d2        0xe 
 .bss           0x3ffeb0e0      0x100 c:/Espressif/ESP8266_SDK_200/lib\libpp.a(rate_control.o)
 .bss           0x3ffeb1e0      0x46c c:/Espressif/ESP8266_SDK_200/lib\libpp.a(trc.o)
 *fill*         0x3ffeb64c        0x4 
 .bss           0x3ffeb650     0x2f88 c:/Espressif/ESP8266_SDK_200/lib\libpp.a(wdev.o)
                0x3ffeb650                wDevCtrl
                0x3ffeb7f8                WdevTimOffSet
 *fill*         0x3ffee5d8        0x8 
 .bss           0x3ffee5e0      0xaa4 c:/Espressif/ESP8266_SDK_200/lib\libpp.a(esf_buf.o)
 .bss           0x3ffef084      0x6a8 c:/Espressif/ESP8266_SDK_200/lib\libnet80211.a(ieee80211.o)
                0x3ffef084                g_ic
 .bss           0x3ffef72c        0x0 c:/Espressif/ESP8266_SDK_200/lib\libnet80211.a(ieee80211_crypto.o)
 .bss           0x3ffef72c        0x0 c:/Espressif/ESP8266_SDK_200/lib\libnet80211.a(ieee80211_ets.o)
 *fill*         0x3ffef72c        0x4 
 .bss           0x3ffef730       0x54 c:/Espressif/ESP8266_SDK_200/lib\libnet80211.a(ieee80211_hostap.o)
                0x3ffef730                BcnEb_update
                0x3ffef73d                BcnWithMcastSendStart
                0x3ffef73e                BcnWithMcastSendCnt
                0x3ffef758                PendFreeBcnEb
                0x3ffef75c                ApFreqCalTimer
                0x3ffef770                APRecvBcnStartTick
 .bss           0x3ffef784        0x0 c:/Espressif/ESP8266_SDK_200/lib\libnet80211.a(ieee80211_ht.o)
 .bss           0x3ffef784        0x0 c:/Espressif/ESP8266_SDK_200/lib\libnet80211.a(ieee80211_input.o)
 .bss           0x3ffef784        0x0 c:/Espressif/ESP8266_SDK_200/lib\libnet80211.a(ieee80211_mesh_quick.o)
 .bss           0x3ffef784        0x0 c:/Espressif/ESP8266_SDK_200/lib\libnet80211.a(ieee80211_output.o)
 .bss           0x3ffef784        0x0 c:/Espressif/ESP8266_SDK_200/lib\libnet80211.a(ieee80211_phy.o)
 .bss           0x3ffef784        0x0 c:/Espressif/ESP8266_SDK_200/lib\libnet80211.a(ieee80211_power.o)
 .bss           0x3ffef784        0x0 c:/Espressif/ESP8266_SDK_200/lib\libnet80211.a(ieee80211_proto.o)
 .bss           0x3ffef784        0x0 c:/Espressif/ESP8266_SDK_200/lib\libnet80211.a(ieee80211_regdomain.o)
 .bss           0x3ffef784        0x0 c:/Espressif/ESP8266_SDK_200/lib\libnet80211.a(ieee80211_rfid.o)
 .bss           0x3ffef784       0xc8 c:/Espressif/ESP8266_SDK_200/lib\libnet80211.a(ieee80211_scan.o)
                0x3ffef784                gScanStruct
                0x3ffef830                connect_scan_flag
                0x3ffef831                FreqCalCntForScan
                0x3ffef832                TestStaFreqCalValInput
                0x3ffef834                auth_type
                0x3ffef836                scannum
 *fill*         0x3ffef84c        0x4 
 .bss           0x3ffef850       0x28 c:/Espressif/ESP8266_SDK_200/lib\libnet80211.a(ieee80211_sta.o)
 .bss           0x3ffef878       0x3c c:/Espressif/ESP8266_SDK_200/lib\libnet80211.a(wl_chm.o)
 *fill*         0x3ffef8b4        0x4 
 .bss           0x3ffef8b8      0x394 c:/Espressif/ESP8266_SDK_200/lib\libnet80211.a(wl_cnx.o)
                0x3ffefc18                sta_con_timer
                0x3ffefc2c                backup_ni_connect_status
                0x3ffefc30                g_cnx_probe_rc_list_cb
                0x3ffefc34                reconnect_flag
                0x3ffefc35                no_ap_found_index
 .bss           0x3ffefc4c        0x0 c:/Espressif/ESP8266_SDK_200/lib\libnet80211.a(ieee80211_action.o)
 *fill*         0x3ffefc4c        0x4 
 .bss           0x3ffefc50       0x18 c:/Espressif/ESP8266_SDK_200/lib\libnet80211.a(ieee80211_action_vendor.o)
 .bss           0x3ffefc68        0x0 c:/Espressif/ESP8266_SDK_200/lib\libnet80211.a(ieee80211_crypto_ccmp.o)
 .bss           0x3ffefc68        0x0 c:/Espressif/ESP8266_SDK_200/lib\libnet80211.a(ieee80211_ie_vendor.o)
 *fill*         0x3ffefc68        0x8 
 .bss           0x3ffefc70       0x38 c:/Espressif/ESP8266_SDK_200/lib\liblwip.a(dhcp.o)
                0x3ffefc70                dhcp_rx_options_given
                0x3ffefc80                dhcp_rx_options_val
 .bss           0x3ffefca8       0x24 c:/Espressif/ESP8266_SDK_200/lib\liblwip.a(dhcpserver.o)
 *fill*         0x3ffefccc        0x4 
 .bss           0x3ffefcd0      0x480 c:/Espressif/ESP8266_SDK_200/lib\liblwip.a(dns.o)
 .bss           0x3fff0150      0x104 c:/Espressif/ESP8266_SDK_200/lib\liblwip.a(espconn.o)
                0x3fff0150                plink_active
                0x3fff0154                pserver_list
                0x3fff0160                premot
                0x3fff0220                pktinfo
 *fill*         0x3fff0254        0xc 
 .bss           0x3fff0260       0x78 c:/Espressif/ESP8266_SDK_200/lib\liblwip.a(espconn_tcp.o)
                0x3fff0260                espconn_TaskQueue
 .bss           0x3fff02d8        0x0 c:/Espressif/ESP8266_SDK_200/lib\liblwip.a(espconn_udp.o)
 *fill*         0x3fff02d8        0x8 
 .bss           0x3fff02e0      0x100 c:/Espressif/ESP8266_SDK_200/lib\liblwip.a(etharp.o)
                0x3fff02e4                ethzero
 .bss           0x3fff03e0        0xc c:/Espressif/ESP8266_SDK_200/lib\liblwip.a(igmp.o)
 .bss           0x3fff03ec        0x0 c:/Espressif/ESP8266_SDK_200/lib\liblwip.a(inet_chksum.o)
 .bss           0x3fff03ec        0x0 c:/Espressif/ESP8266_SDK_200/lib\liblwip.a(init.o)
 *fill*         0x3fff03ec        0x4 
 .bss           0x3fff03f0       0x10 c:/Espressif/ESP8266_SDK_200/lib\liblwip.a(ip_addr.o)
 .bss           0x3fff0400       0x12 c:/Espressif/ESP8266_SDK_200/lib\liblwip.a(ip.o)
                0x3fff0400                current_iphdr_dest
                0x3fff0404                current_iphdr_src
                0x3fff0408                current_netif
                0x3fff040c                current_header
 .bss           0x3fff0412        0x0 c:/Espressif/ESP8266_SDK_200/lib\liblwip.a(memp.o)
 *fill*         0x3fff0412        0x2 
 .bss           0x3fff0414        0x9 c:/Espressif/ESP8266_SDK_200/lib\liblwip.a(netif.o)
                0x3fff0414                netif_list
                0x3fff0418                netif_default
 .bss           0x3fff041d        0x0 c:/Espressif/ESP8266_SDK_200/lib\liblwip.a(pbuf.o)
 *fill*         0x3fff041d        0x3 
 .bss           0x3fff0420        0x4 c:/Espressif/ESP8266_SDK_200/lib\liblwip.a(raw.o)
 .bss           0x3fff0424       0x34 c:/Espressif/ESP8266_SDK_200/lib\liblwip.a(tcp_in.o)
                0x3fff0454                tcp_input_pcb
 .bss           0x3fff0458       0x1c c:/Espressif/ESP8266_SDK_200/lib\liblwip.a(tcp.o)
                0x3fff045c                tcp_active_pcbs
                0x3fff0460                tcp_tmp_pcb
                0x3fff0464                tcp_tw_pcbs
                0x3fff0468                tcp_bound_pcbs
                0x3fff046c                tcp_listen_pcbs
                0x3fff0470                tcp_ticks
 .bss           0x3fff0474        0x0 c:/Espressif/ESP8266_SDK_200/lib\liblwip.a(tcp_out.o)
 .bss           0x3fff0474        0xc c:/Espressif/ESP8266_SDK_200/lib\liblwip.a(timers.o)
 .bss           0x3fff0480        0x4 c:/Espressif/ESP8266_SDK_200/lib\liblwip.a(udp.o)
                0x3fff0480                udp_pcbs
 .bss           0x3fff0484        0x0 c:/Espressif/ESP8266_SDK_200/lib\liblwip.a(espconn_buf.o)
 .bss           0x3fff0484        0x0 c:/Espressif/ESP8266_SDK_200/lib\liblwip.a(icmp.o)
 .bss           0x3fff0484        0x0 c:/Espressif/ESP8266_SDK_200/lib\libwpa.a(ap_config.o)
 .bss           0x3fff0484        0x0 c:/Espressif/ESP8266_SDK_200/lib\libwpa.a(common.o)
 .bss           0x3fff0484        0x0 c:/Espressif/ESP8266_SDK_200/lib\libwpa.a(os_xtensa.o)
 .bss           0x3fff0484        0x0 c:/Espressif/ESP8266_SDK_200/lib\libwpa.a(wpa_auth.o)
 .bss           0x3fff0484        0x0 c:/Espressif/ESP8266_SDK_200/lib\libwpa.a(wpa_auth_ie.o)
 *fill*         0x3fff0484        0xc 
 .bss           0x3fff0490      0x26a c:/Espressif/ESP8266_SDK_200/lib\libwpa.a(wpa.o)
 .bss           0x3fff06fa        0x0 c:/Espressif/ESP8266_SDK_200/lib\libwpa.a(wpa_common.o)
 .bss           0x3fff06fa        0x0 c:/Espressif/ESP8266_SDK_200/lib\libwpa.a(wpa_debug.o)
 .bss           0x3fff06fa        0x0 c:/Espressif/ESP8266_SDK_200/lib\libwpa.a(wpa_ie.o)
 .bss           0x3fff06fa        0x0 c:/Espressif/ESP8266_SDK_200/lib\libwpa.a(wpa_main.o)
 .bss           0x3fff06fa        0x0 c:/Espressif/ESP8266_SDK_200/lib\libwpa.a(wpas_glue.o)
 *fill*         0x3fff06fa        0x2 
 .bss           0x3fff06fc       0x30 c:/Espressif/ESP8266_SDK_200/lib\libsmartconfig.a(sc_sniffer.o)
                0x3fff06fc                pAPListHead
                0x3fff0700                pAPListTral
                0x3fff0704                smartconfig_cb
                0x3fff0708                SnifGlob
                0x3fff0718                channel_timer
 .bss           0x3fff072c       0xb8 c:/Espressif/ESP8266_SDK_200/lib\libsmartconfig.a(sc_airkiss.o)
                0x3fff072c                pAKGuideGlob
                0x3fff0730                pAkTrans
                0x3fff0734                pAkDiret
                0x3fff0738                KissRes_ht20_timer
                0x3fff07b4                pKissConn
                0x3fff07d0                weixin_timer
 .bss           0x3fff07e4       0xd4 c:/Espressif/ESP8266_SDK_200/lib\libsmartconfig.a(sc_esptouch.o)
                0x3fff07e4                pETGuideGlob
                0x3fff07e8                pCHListHead
                0x3fff07ec                pCHListTral
                0x3fff07f0                pTouchGlob
                0x3fff07f4                TouchRestart_ht20_timer
                0x3fff0870                TouchRestart_ht40_timer
                0x3fff0884                pTouchConn
                0x3fff08a0                TouchUdpTimer
 .bss           0x3fff08b8        0x0 c:/Espressif/ESP8266_SDK_200/lib\libcrypto.a(aes-wrap.o)
 .bss           0x3fff08b8        0x0 c:/Espressif/ESP8266_SDK_200/lib\libcrypto.a(aes-internal-enc.o)
 .bss           0x3fff08b8        0x0 c:/Espressif/ESP8266_SDK_200/lib\libcrypto.a(aes-internal.o)
 .bss           0x3fff08b8        0x0 c:/espressif/xtensa-lx106-elf/bin/../lib/gcc/xtensa-lx106-elf/5.1.0/../../../../xtensa-lx106-elf/lib\libc.a(lib_a-memchr.o)
 .bss           0x3fff08b8        0x0 c:/Espressif/ESP8266_SDK_200/lib\libgcc.a(_ashrdi3.o)
 .bss           0x3fff08b8        0x8 c:/Espressif/ESP8266_SDK_200/lib\libnet80211.a(ieee80211_crypto_tkip.o)
 .bss           0x3fff08c0        0x0 c:/Espressif/ESP8266_SDK_200/lib\libnet80211.a(ieee80211_crypto_wep.o)
 *(.bss.*)
 *(.gnu.linkonce.b.*)
 *(COMMON)
 COMMON         0x3fff08c0      0x18c build/app_app.a(user_main.o)
                0x3fff08c0                savedLastAction
                0x3fff08c4                taskQueue
                0x3fff0964                mqttClient
                0x3fff0a34                mqttConnected
                0x3fff0a38                transmit_timer
 COMMON         0x3fff0a4c      0x1b4 build/app_app.a(config.o)
                0x3fff0a4c                sysCfg
                0x3fff0bfc                saveFlag
 COMMON         0x3fff0c00       0x10 build/app_app.a(mqtt.o)
                0x3fff0c00                default_private_key
                0x3fff0c04                default_certificate
                0x3fff0c08                mqtt_procTaskQueue
 COMMON         0x3fff0c10        0x8 build/app_app.a(flash.o)
                0x3fff0c10                flashState
                0x3fff0c14                flashFinishedCb
                0x3fff0c18                . = ALIGN (0x8)
                0x3fff0c18                _bss_end = ABSOLUTE (.)
                0x3fff0c18                _heap_start = ABSOLUTE (.)

.irom0.text     0x40210000    0x3b914
                0x40210000                _irom0_text_start = ABSOLUTE (.)
 *libmbedtls.a:(.literal .text .literal.* .text.*)
 *(.irom0.literal .irom.literal .irom.text.literal .irom0.text .irom.text)
 .irom0.text    0x40210000      0xce9 c:/Espressif/ESP8266_SDK_200/lib\libmain.a(app_main.o)
                                0xf3d (size before relaxing)
                0x402102d4                wdt_init
                0x4021037c                user_uart_wait_tx_fifo_empty
                0x40210638                system_phy_freq_trace_enable
                0x40210650                flash_data_check
 *fill*         0x40210ce9        0x3 
 .irom0.text    0x40210cec      0x186 c:/Espressif/ESP8266_SDK_200/lib\libmain.a(ets_timer.o)
                                0x1b2 (size before relaxing)
                0x40210cf4                ets_timer_done
                0x40210d40                ets_timer_handler_isr
                0x40210e10                ets_timer_init
 *fill*         0x40210e72        0x2 
 .irom0.text    0x40210e74       0xf0 c:/Espressif/ESP8266_SDK_200/lib\libmain.a(mem_manager.o)
                                 0xf8 (size before relaxing)
                0x40210e74                check_memleak_debug_enable
                0x40210ee4                xPortGetFreeHeapSize
                0x40210eec                vPortInitialiseBlocks
 .irom0.text    0x40210f64        0xb c:/Espressif/ESP8266_SDK_200/lib\libmain.a(spi_flash.o)
                0x40210f68                spi_flash_set_read_func
 *fill*         0x40210f6f        0x1 
 .irom0.text    0x40210f70     0x3d2d c:/Espressif/ESP8266_SDK_200/lib\libmain.a(user_interface.o)
                               0x48dd (size before relaxing)
                0x40210f74                system_set_os_print
                0x40210f84                system_get_os_print
                0x4021114c                system_pp_recycle_rx_pkt
                0x40211168                system_adc_read
                0x402111a8                system_adc_read_fast
                0x40211208                system_get_vdd33
                0x40211234                system_restart_hook
                0x4021124c                system_restart_local
                0x4021132c                system_restart
                0x4021138c                system_restore
                0x402113f4                system_get_flash_size_map
                0x40211414                system_get_boot_version
                0x4021144c                system_get_test_result
                0x40211474                system_get_userbin_addr
                0x4021150c                system_get_boot_mode
                0x4021153c                system_restart_enhance
                0x402116e8                system_upgrade_userbin_set
                0x40211734                system_upgrade_userbin_check
                0x40211774                system_upgrade_flag_set
                0x40211788                system_upgrade_flag_check
                0x402117b0                system_upgrade_reboot
                0x40211910                system_deep_sleep_instant
                0x40211aa8                system_deep_sleep
                0x40211b08                system_deep_sleep_set_option
                0x40211b24                system_phy_temperature_alert
                0x40211b38                system_phy_set_max_tpw
                0x40211b4c                system_phy_set_tpw_via_vdd33
                0x40211b60                system_phy_set_rfoption
                0x40211b74                system_phy_set_powerup_option
                0x40211b8c                system_update_cpu_freq
                0x40211be8                system_get_cpu_freq
                0x40211c00                system_overclock
                0x40211c2c                system_restoreclock
                0x40211c5c                system_timer_reinit
                0x40211c74                system_relative_time
                0x40211c98                system_station_got_ip_set
                0x40211dc4                system_print_meminfo
                0x40211e24                system_get_free_heap_size
                0x40211e38                system_get_chip_id
                0x40211e5c                system_rtc_clock_cali_proc
                0x40211e70                system_get_rtc_time
                0x40211e84                system_mktime
                0x40211f54                system_init_done_cb
                0x40211f5c                system_get_rst_info
                0x40211f64                system_get_data_of_array_8
                0x40211f88                system_get_data_of_array_16
                0x40211fb0                system_get_string_from_flash
                0x4021201c                wifi_softap_dhcps_start
                0x40212064                wifi_softap_dhcps_stop
                0x402120a4                wifi_softap_dhcps_status
                0x402120ac                wifi_station_dhcpc_start
                0x40212104                wifi_station_dhcpc_stop
                0x40212144                wifi_station_dhcpc_event
                0x402121b8                wifi_station_dhcpc_set_maxtry
                0x402121c8                wifi_station_dhcpc_status
                0x40212248                wifi_get_opmode
                0x4021225c                wifi_get_opmode_default
                0x402122d8                wifi_get_broadcast_if
                0x40212314                wifi_set_broadcast_if
                0x40212490                wifi_set_opmode
                0x402124a4                wifi_set_opmode_current
                0x402124b8                system_get_checksum
                0x40212500                wifi_param_save_protect_with_check
                0x402125c0                system_param_save_with_protect
                0x40212674                system_save_sys_param
                0x402126a0                system_param_load
                0x402127dc                wifi_station_get_config
                0x402127f0                wifi_station_get_config_default
                0x40212810                wifi_station_get_ap_info
                0x402128c8                wifi_station_ap_number_set
                0x40212d80                wifi_station_set_config
                0x40212d98                wifi_station_set_config_current
                0x40212db0                wifi_station_restore_config
                0x40212dc8                wifi_station_get_current_ap_id
                0x40212ddc                wifi_station_ap_check
                0x40212e2c                wifi_station_ap_change
                0x40212f44                wifi_station_scan
                0x40212f90                wifi_station_get_auto_connect
                0x40212fb0                wifi_station_set_auto_connect
                0x40213068                wifi_station_save_pmk2cache
                0x40213198                wifi_station_save_bssid
                0x40213238                wifi_station_connect
                0x402132cc                wifi_station_disconnect
                0x4021338c                wifi_station_get_connect_status
                0x402133bc                wifi_station_set_reconnect_policy
                0x402133d4                wifi_station_get_reconnect_policy
                0x402133dc                wifi_station_get_rssi
                0x4021342c                wifi_station_set_default_hostname
                0x40213494                wifi_station_get_hostname
                0x402134c4                wifi_station_set_hostname
                0x40213564                wifi_softap_cacl_mac
                0x402135d4                wifi_softap_set_default_ssid
                0x402137b4                wifi_softap_get_config
                0x402137c8                wifi_softap_get_config_default
                0x40213b04                wifi_softap_set_config
                0x40213b18                wifi_softap_set_config_current
                0x40213b2c                wifi_softap_set_station_info
                0x40213b9c                wifi_softap_get_station_info
                0x40213c48                wifi_softap_free_station_info
                0x40213c88                wifi_softap_get_station_num
                0x40213cdc                wifi_softap_deauth
                0x40213d8c                wifi_softap_get_beacon_only_mode
                0x40213da0                wifi_softap_set_beacon_only_mode
                0x40213e04                wifi_register_user_ie_manufacturer_recv_cb
                0x40213e18                wifi_unregister_user_ie_manufacturer_recv_cb
                0x40213e48                wifi_set_user_ie
                0x40213f58                wifi_get_user_ie
                0x40213f8c                wifi_get_phy_mode
                0x40213fa0                wifi_set_phy_mode
                0x40214154                wifi_check_regdomain_param
                0x402141d8                wifi_regdomain_need_update
                0x402142b4                wifi_set_regdomain
                0x402143ec                wifi_get_regdomain
                0x4021449c                wifi_set_sleep_type
                0x402144bc                wifi_enable_gpio_wakeup
                0x402144e8                wifi_disable_gpio_wakeup
                0x40214500                wifi_get_sleep_type
                0x40214518                wifi_get_channel
                0x40214530                wifi_set_channel
                0x40214588                wifi_promiscuous_set_mac
                0x402145e8                wifi_promiscuous_enable
                0x402146cc                wifi_set_promiscuous_rx_cb
                0x402146dc                wifi_get_ip_info
                0x4021475c                wifi_set_ip_info
                0x402147d0                wifi_get_macaddr
                0x40214830                wifi_set_macaddr
                0x4021494c                wifi_enable_6m_rate
                0x40214954                wifi_get_user_fixed_rate
                0x40214974                wifi_set_user_fixed_rate
                0x40214994                wifi_set_user_sup_rate
                0x402149d0                wifi_set_user_rate_limit
                0x402149f4                wifi_get_user_limit_rate_mask
                0x402149fc                wifi_set_user_limit_rate_mask
                0x40214a14                wifi_register_send_pkt_freedom_cb
                0x40214a28                wifi_unregister_send_pkt_freedom_cb
                0x40214a34                wifi_send_pkt_freedom
                0x40214a80                wifi_rfid_locp_recv_open
                0x40214a94                wifi_rfid_locp_recv_close
                0x40214aa8                wifi_register_rfid_locp_recv_cb
                0x40214abc                wifi_unregister_rfid_locp_recv_cb
                0x40214ad4                wifi_status_led_install
                0x40214b08                wifi_status_led_uninstall
                0x40214b2c                wifi_set_status_led_output_level
                0x40214b80                wifi_set_event_handler_cb
                0x40214bc8                system_os_task
                0x40214c04                system_uart_swap
                0x40214c64                system_uart_de_swap
                0x40214c98                system_get_sdk_version
 *fill*         0x40214c9d        0x3 
 .irom0.text    0x40214ca0      0x610 c:/Espressif/ESP8266_SDK_200/lib\libmain.a(eagle_lib.o)
                                0x620 (size before relaxing)
                0x40214ca4                divide
                0x40214ce0                skip_atoi
                0x40214e60                ets_vsnprintf
                0x402151c0                ets_vsprintf
                0x402151e4                ets_sprintf
                0x4021520c                ets_strcat
                0x4021522c                ets_strrchr
                0x40215258                ets_strchr
                0x40215270                bit_popcount
                0x4021528c                ets_snprintf
 .irom0.text    0x402152b0      0x31e c:/Espressif/ESP8266_SDK_200/lib\libmain.a(eagle_lwip_if.o)
                                0x3e6 (size before relaxing)
                0x40215368                eagle_lwip_if_alloc
                0x40215528                eagle_lwip_if_free
                0x402155ac                eagle_lwip_getif
 *fill*         0x402155ce        0x2 
 .irom0.text    0x402155d0      0xdc8 build/app_app.a(user_main.o)
                               0x1220 (size before relaxing)
                0x40215e20                user_rf_cal_sector_set
                0x40215ff8                mqttIsConnected
                0x40216000                stopConnection
                0x40216018                startConnection
                0x40216030                publishSensorData
                0x40216050                _publishDeviceInfo
                0x402162b0                publishData
                0x402162cc                setExternalTemperature
                0x402162f0                setTime
                0x4021636c                user_init
 .irom0.text    0x40216398      0x2c9 build/app_app.a(config.o)
                                0x3b5 (size before relaxing)
                0x402163ac                CFG_Save
                0x40216468                CFG_Load
                0x402165a8                CFG_print
                0x40216604                CFG_printSettings
                0x4021664c                CFG_lastSaved
                0x40216654                sysCfgUpdates
 *fill*         0x40216661        0x3 
 .irom0.text    0x40216664      0x47f build/app_app.a(io.o)
                                0x54f (size before relaxing)
                0x402166f0                initOutputs
                0x40216730                initInputs
                0x40216760                setOutput
                0x4021677c                forceOutput
                0x402167d0                clrOverride
                0x4021682c                setLED
                0x402168b4                setSpeed
                0x40216940                printOutputs
                0x402169d0                clearPirActive
                0x402169ec                setPirActive
                0x40216a8c                checkPirActive
 *fill*         0x40216ae3        0x1 
 .irom0.text    0x40216ae4      0xc30 build/app_app.a(mqtt.o)
                                0xe98 (size before relaxing)
                0x40216f6c                MQTT_InitConnection
                0x40216fec                MQTT_InitClient
                0x40217120                MQTT_DeleteClient
                0x40217154                MQTT_InitLWT
                0x402171e8                MQTT_OnConnected
                0x402171f0                MQTT_OnDisconnected
                0x402171f8                MQTT_OnPublished
                0x40217200                MQTT_OnTimeout
                0x40217208                MQTT_OnData
                0x40217218                MQTT_Subscribe
                0x402172b0                MQTT_UnSubscribe
                0x40217348                MQTT_Connect
                0x40217620                MQTT_Disconnect
                0x40217660                MQTT_Publish
                0x40217708                MQTT_ClientSetUp
 .irom0.text    0x40217714      0x36b build/app_app.a(dht22.o)
                                0x3f7 (size before relaxing)
                0x402179f8                dhtRead
                0x40217a0c                dhtInit
 *fill*         0x40217a7f        0x1 
 .irom0.text    0x40217a80      0x111 build/app_app.a(switch.o)
                                0x125 (size before relaxing)
                0x40217b54                initSwitch
 *fill*         0x40217b91        0x3 
 .irom0.text    0x40217b94      0x7b9 build/app_app.a(http.o)
                                0x991 (size before relaxing)
                0x40218258                tcp_listen
                0x402182d8                toggleHttpSetupMode
 *fill*         0x4021834d        0x3 
 .irom0.text    0x40218350      0x4b9 build/app_app.a(easygpio.o)
                                0x4f5 (size before relaxing)
                0x40218350                easygpio_countBits
                0x402183a8                easygpio_getGPIONameFunc
                0x402184d4                easygpio_pullMode
                0x40218528                easygpio_pinMode
                0x40218658                easygpio_attachInterrupt
                0x40218738                easygpio_detachInterrupt
                0x40218764                easygpio_outputDisable
                0x402187a4                easygpio_outputEnable
 *fill*         0x40218809        0x3 
 .irom0.text    0x4021880c      0x481 build/app_app.a(wifi.o)
                                0x599 (size before relaxing)
                0x40218abc                getBestSSID
                0x40218ac4                WiFiScanStatus
                0x40218acc                WiFiConnectStatus
                0x40218ad4                WiFiIPaddress
                0x40218adc                WiFiMACaddress
                0x40218af4                initWiFi
                0x40218ba0                WIFI_ConnectTime
                0x40218bc4                WIFI_Connect
 *fill*         0x40218c8d        0x3 
 .irom0.text    0x40218c90      0x174 build/app_app.a(flash.o)
                                0x1ac (size before relaxing)
                0x40218c98                stopFlash
                0x40218dec                startFlash
 .irom0.text    0x40218e04       0xc1 build/app_app.a(doSmartConfig.o)
                                0x12d (size before relaxing)
                0x40218e0c                checkSmartConfig
                0x40218e78                smartConfig_done
 *fill*         0x40218ec5        0x3 
 .irom0.text    0x40218ec8       0xd5 build/app_app.a(stdout.o)
                                 0xe1 (size before relaxing)
                0x40218f24                stdout_init
 *fill*         0x40218f9d        0x3 
 .irom0.text    0x40218fa0      0x118 build/app_app.a(check.o)
                                0x148 (size before relaxing)
                0x40218fa4                checkMinHeap
                0x40218fc8                showTime
                0x40218ffc                checkTime
                0x40219034                checkTimeFunc
                0x4021906c                assert_true
                0x40219098                assert_equal
 .irom0.text    0x402190b8      0x933 build/app_app.a(publish.o)
                                0xcab (size before relaxing)
                0x40219110                publishAllTemperatures
                0x402191f4                publishTemperature
                0x402192e8                publishError
                0x402193f8                publishAlarm
                0x4021951c                publishDeviceReset
                0x40219610                publishDeviceInfo
                0x40219804                publishMapping
                0x40219914                publishInput
                0x402199e4                initPublish
 *fill*         0x402199eb        0x1 
 .irom0.text    0x402199ec      0x49a build/app_app.a(decodeMessage.o)
                                0x5ea (size before relaxing)
                0x40219a48                decodeMessage
 *fill*         0x40219e86        0x2 
 .irom0.text    0x40219e88       0x77 build/app_app.a(queue.o)
                                 0x8b (size before relaxing)
                0x40219e8c                QUEUE_Init
                0x40219ec0                QUEUE_Puts
                0x40219ed8                QUEUE_Gets
                0x40219ef0                QUEUE_IsEmpty
 *fill*         0x40219eff        0x1 
 .irom0.text    0x40219f00      0xb54 build/app_app.a(mqtt_msg.o)
                                0xbe4 (size before relaxing)
                0x40219ff8                mqtt_msg_init
                0x4021a034                mqtt_get_total_length
                0x4021a084                mqtt_get_publish_topic
                0x4021a0e4                mqtt_get_publish_data
                0x4021a184                mqtt_get_id
                0x4021a244                mqtt_msg_connect
                0x4021a3f8                mqtt_msg_publish
                0x4021a520                mqtt_msg_puback
                0x4021a5ac                mqtt_msg_pubrec
                0x4021a638                mqtt_msg_pubrel
                0x4021a6c4                mqtt_msg_pubcomp
                0x4021a750                mqtt_msg_subscribe
                0x4021a82c                mqtt_msg_unsubscribe
                0x4021a8f0                mqtt_msg_pingreq
                0x4021a968                mqtt_msg_pingresp
                0x4021a9e0                mqtt_msg_disconnect
 .irom0.text    0x4021aa54      0x869 build/app_app.a(temperature.o)
                                0xa5d (size before relaxing)
                0x4021aa58                getUnmappedTemperature
                0x4021aa7c                sensorIdx
                0x4021aac8                checkAddNewTemperature
                0x4021ab1c                checkSetTemperature
                0x4021abac                setUnmappedSensorTemperature
                0x4021ad48                printTemperature
                0x4021adac                printMappedTemperature
                0x4021ae30                ds18b20StartScan
                0x4021aeb0                mappedFloatTemperature
                0x4021af70                mappedFloatPtrTemperature
                0x4021b02c                mappedStrTemperature
                0x4021b0e0                checkMappedFloat
                0x4021b110                mappedTemperature
                0x4021b14c                unmappedSensorID
                0x4021b168                getUnmappedFloatTemperature
                0x4021b1d4                mappedTemperatureIsSet
                0x4021b1f4                setTemperatureOverride
                0x4021b280                clearTemperatureOverride
                0x4021b2a4                initTemperature
 *fill*         0x4021b2bd        0x3 
 .irom0.text    0x4021b2c0      0x4a8 build/app_app.a(ds18b20.o)
                                0x52c (size before relaxing)
                0x4021b2d0                ds_init
                0x4021b330                reset_search
                0x4021b354                reset
                0x4021b3e4                write_bit
                0x4021b448                write
                0x4021b4a8                select
                0x4021b4d8                ds1q8B20_skip
                0x4021b4ec                read_bit
                0x4021b540                ds_search
                0x4021b698                read
                0x4021b6cc                crc8
                0x4021b70c                crc16
 .irom0.text    0x4021b768      0x4a8 build/app_app.a(jsmn.o)
                                0x4bc (size before relaxing)
                0x4021b778                printJSMN
                0x4021b7f4                jsoneq
                0x4021b848                jsmn_parse
                0x4021bc04                jsmn_init
 .irom0.text    0x4021bc10      0x2ad build/app_app.a(dtoa.o)
                                0x30d (size before relaxing)
                0x4021bc38                dtoStr
 *fill*         0x4021bebd        0x3 
 .irom0.text    0x4021bec0      0x260 build/app_app.a(proto.o)
                                0x280 (size before relaxing)
                0x4021bec0                PROTO_Init
                0x4021bed4                PROTO_Add
                0x4021bf6c                PROTO_AddRb
                0x4021c008                PROTO_ParseByte
                0x4021c08c                PROTO_Parse
                0x4021c0c8                PROTO_ParseRb
 .irom0.text    0x4021c120       0xfa c:/Espressif/ESP8266_SDK_200/lib\libphy.a(phy.o)
                                0x11e (size before relaxing)
                0x4021c124                rf_init
                0x4021c140                bb_init
                0x4021c158                phy_init
                0x4021c188                RFChannelSel
                0x4021c1a4                phy_delete_channel
                0x4021c1bc                phy_enable_agc
                0x4021c1d4                phy_disable_agc
                0x4021c1ec                phy_initialize_bb
                0x4021c204                phy_set_sense
 *fill*         0x4021c21a        0x2 
 .irom0.text    0x4021c21c     0x1757 c:/Espressif/ESP8266_SDK_200/lib\libphy.a(phy_chip_v6_ana.o)
                               0x197f (size before relaxing)
                0x4021c220                ram_pbus_set_rxgain
                0x4021c2f4                ram_pbus_debugmode
                0x4021c3a8                ram_pbus_xpd_tx_on
                0x4021c414                set_rf_freq_offset
                0x4021c484                chip_v6_rxmax_ext_ana
                0x4021c5d8                ram_chip_v6_rx_init
                0x4021c60c                tsen_meas
                0x4021c6bc                readvdd33
                0x4021c888                txpwr_offset
                0x4021c944                set_txcap_reg
                0x4021c9c4                ram_ana_inf_gating_en
                0x4021cb24                ram_restart_cal
                0x4021cb90                wait_rfpll_cal_end
                0x4021cc08                ram_rfpll_set_freq
                0x4021cd10                ram_set_channel_freq
                0x4021d00c                chip_60_set_channel
                0x4021d1ac                chip_v6_set_chan_offset
                0x4021d20c                chip_v6_set_chan
                0x4021d2bc                chip_v6_set_chan_wakeup
                0x4021d340                chip_v6_rf_init
                0x4021d5a4                low_power_set
                0x4021d5f4                test_tout
                0x4021d76c                check_data_flag
                0x4021d78c                phy_get_check_flag
                0x4021d8c0                phy_get_vdd33
 *fill*         0x4021d973        0x1 
 .irom0.text    0x4021d974     0x3e44 c:/Espressif/ESP8266_SDK_200/lib\libphy.a(phy_chip_v6.o)
                               0x44fc (size before relaxing)
                0x4021d974                ram_tx_mac_enable
                0x4021d978                ram_tx_mac_disable
                0x4021d97c                rtc_mem_backup
                0x4021d9ac                rtc_mem_recovery
                0x4021d9dc                set_cal_rxdc
                0x4021da90                set_rx_gain_cal_iq
                0x4021ddec                gen_rx_gain_table
                0x4021df44                pbus_set_rxbbgain
                0x4021dfc4                set_rx_gain_testchip_50
                0x4021e2f8                ram_get_corr_power
                0x4021e3e8                check_data_func
                0x4021e408                do_noisefloor_lsleep_v50
                0x4021e43c                do_noisefloor
                0x4021e4ac                start_dig_rx
                0x4021e4f0                stop_dig_rx
                0x4021e51c                chip_v6_set_chanfreq
                0x4021e54c                tx_cap_init
                0x4021e774                target_power_add_backoff
                0x4021e7a0                tx_pwctrl_init_cal
                0x4021e940                tx_atten_set_interp
                0x4021eba0                check_tx_pwr_cal
                0x4021ece4                tx_pwctrl_init
                0x4021ee08                ram_get_noisefloor
                0x4021ee24                get_noisefloor_sat
                0x4021ee54                ram_set_noise_floor
                0x4021eeb0                ram_start_noisefloor
                0x4021eefc                read_hw_noisefloor
                0x4021ef28                noise_check_loop
                0x4021f084                noise_init
                0x4021f284                target_power_backoff
                0x4021f2d8                sdt_on_noise_start
                0x4021f358                chip_v6_set_chan_rx_cmp
                0x4021f4e4                chip_v6_set_chan_misc
                0x4021f560                phy_dig_spur_set
                0x4021f8b8                phy_dig_spur_prot
                0x4021faf0                chip_v6_rxmax_ext_dig
                0x4021fb3c                chip_v6_rxmax_ext
                0x4021fbec                phy_bb_rx_cfg
                0x40220004                uart_wait_idle
                0x4022003c                phy_pbus_soc_cfg
                0x402200f4                phy_gpio_cfg
                0x4022030c                tx_cont_en
                0x402203b4                tx_cont_dis
                0x40220408                tx_cont_cfg
                0x4022042c                chip_v6_initialize_bb
                0x40220590                periodic_cal
                0x402205c8                bbpll_cal
                0x40220670                periodic_cal_top
                0x402206d4                register_chipv6_phy_init_param
                0x4022097c                change_bbpll160_sleep
                0x40220b2c                change_bbpll160
                0x40220b64                set_crystal_uart
                0x40220bf4                ant_switch_init
                0x40220ca4                reduce_current_init
                0x40220d90                rtc_mem_check
                0x40220dcc                phy_afterwake_set_rfoption
                0x40220de8                deep_sleep_set_option
                0x40220e14                write_data_to_rtc
                0x40220e4c                get_data_from_rtc
                0x40220ed0                register_chipv6_phy
                0x40221368                set_dpd_bypass
                0x40221390                set_rf_gain_stage10
                0x402213c0                get_vdd33_offset
                0x40221434                get_phy_target_power
                0x402214e4                set_most_pwr_reg
                0x402215b8                phy_set_most_tpw
                0x402215d8                phy_vdd33_set_tpw
                0x402215f0                get_adc_rand
                0x40221624                phy_get_rand
                0x40221640                phy_tx_pwctrl_cali
                0x40221668                phy_check_data_table
                0x402216a4                phy_after_init_enrx
                0x40221708                phy_set_rx11b_reg
                0x4022173c                phy_set_powerup_option
                0x4022174c                phy_get_txpwr_param
                0x40221798                phy_get_rxnf_param
                0x402217a4                phy_get_freq_param
 .irom0.text    0x402217b8     0x21a8 c:/Espressif/ESP8266_SDK_200/lib\libphy.a(phy_chip_v6_cal.o)
                               0x23d4 (size before relaxing)
                0x402217b8                txbbgain2dcoindex
                0x402217d8                dcoindex2txbbgain
                0x402217fc                init_cal_dcoffset
                0x402218c0                set_rfanagain_dc_reg
                0x4022195c                set_txdc_pbus
                0x402219c8                get_rf_gain_qdb
                0x402219f0                correct_rf_ana_gain
                0x40221af8                get_sar_dout
                0x40221b88                cal_rf_ana_gain
                0x40221ca0                meas_tone_pwr_db
                0x40221d10                tx_pwr_backoff
                0x40221ec4                get_fcc_1m2m_pwr_offset
                0x40221f00                ram_set_txbb_atten
                0x40221f94                txiq_get_mis_pwr
                0x4022203c                txiq_cover
                0x40222258                ram_rfcal_txiq
                0x402224c8                rc_cal
                0x40222688                get_target_power_offset
                0x40222790                get_pwctrl_correct
                0x402227e8                tx_pwctrl_cal
                0x40222ae4                tx_pwctrl_bg_init
                0x40222b5c                tx_pwctrl_background
                0x40222c14                read_sar_dout
                0x40222c78                ram_get_fm_sar_dout
                0x40222d1c                ram_cal_tos_v60
                0x40222eec                ram_get_bb_atten
                0x40222f1c                ram_rfcal_txcap
                0x402230e0                ram_rfcal_pwrctrl
                0x4022331c                ram_rxiq_get_mis
                0x402234ec                ram_rxiq_cover_mg_mp
                0x40223690                ram_rfcal_rxiq
                0x4022389c                dpd_scale_set
                0x402238e4                dpd_mem_write
 .irom0.text    0x40223960      0xc86 c:/Espressif/ESP8266_SDK_200/lib\libphy.a(phy_sleep.o)
                                0xe9a (size before relaxing)
                0x40223960                pm_usec2rtc
                0x40223994                pm_rtc2usec
                0x402239a0                pm_set_sleep_cycles
                0x402239c8                pm_sleep_opt
                0x40223b1c                pm_wakeup_opt
                0x40223b54                get_chip_version
                0x40223b94                pm_sleep_opt_bb_off
                0x40223be0                pm_sleep_opt_bb_on
                0x40223c34                pm_set_pll_xtal_wait_time
                0x40223c60                pm_prepare_to_sleep
                0x40223c68                pm_sdio_nidle
                0x40223cdc                chg_lslp_mem_opt_8266
                0x40223cfc                pm_wait4wakeup
                0x40223d38                pm_open_rf
                0x40223d78                pm_sleep_set_mac
                0x40223dfc                pm_set_wakeup_mac
                0x40223e94                pm_check_mac_idle
                0x40223eec                pm_set_sleep_btco
                0x40223f8c                pm_set_wakeup_btco
                0x402240a4                pm_set_sleep_mode
                0x402241c4                pm_unmask_bt
                0x40224230                pm_wakeup_init
                0x4022448c                sleep_opt_8266
                0x402244ac                sleep_opt_bb_on_8266
                0x402244e4                sleep_reset_analog_rtcreg_8266
 *fill*         0x402245e6        0x2 
 .irom0.text    0x402245e8      0x48d c:/Espressif/ESP8266_SDK_200/lib\libpp.a(if_hwctrl.o)
                                0x5bd (size before relaxing)
                0x40224608                ic_get_addr
                0x40224614                ic_set_opmode
                0x40224628                ic_enable_interface
                0x40224678                ic_interface_enabled
                0x4022468c                ic_disable_interface
                0x402246d4                ic_is_pure_sta
                0x402246f0                ic_get_ptk_alg
                0x40224700                ic_get_gtk_alg
                0x40224710                ic_set_ptk_alg
                0x40224720                ic_set_gtk_alg
                0x40224730                ic_interface_is_p2p
                0x402247c8                ic_set_vif
                0x40224884                ic_set_sta
                0x40224984                ic_bss_info_update
                0x402249e0                ic_set_key
                0x40224a3c                ic_remove_key
                0x40224a50                ic_get_rssi
 *fill*         0x40224a75        0x3 
 .irom0.text    0x40224a78      0x100 c:/Espressif/ESP8266_SDK_200/lib\libpp.a(lmac.o)
                                0x118 (size before relaxing)
                0x40224a7c                lmacInitAc
                0x40224ab0                lmacInit
                0x40224b5c                lmacSetRetryLimit
 .irom0.text    0x40224b78     0x1a99 c:/Espressif/ESP8266_SDK_200/lib\libpp.a(pm.o)
                               0x2045 (size before relaxing)
                0x40224b7c                pm_set_gpio_wakeup_pin
                0x40224bb4                pm_clear_gpio_wakeup_pin
                0x40224bc4                pm_is_gpio_int_trig
                0x40224bd8                pm_rtc_clock_cali_proc
                0x40224c10                pm_get_ck170_period
                0x40224c34                pm_set_sleep_time
                0x40224fa8                pm_rf_is_closed
                0x40224fd8                pm_set_sleep_type_from_upper
                0x402250c8                pm_get_sleep_type
                0x40225284                uart_tx_flush
                0x40225288                pm_suspend
                0x402254ac                pm_shutdown
                0x4022558c                pm_reset_idle_sleep
                0x402255cc                pm_idle_sleep
                0x402255dc                pm_open
                0x402256e0                pm_onBcnRx
                0x40225a74                StopLightSleepSetFunc
                0x40225a7c                LightSleepWakedCbSetFunc
                0x40226048                pm_enable_gpio_wakeup
                0x40226084                pm_attach
                0x4022617c                pm_send_nullfunc
                0x40226320                pm_is_waked
                0x40226338                pm_is_open
                0x40226350                pm_scan_lock
                0x40226378                pm_try_scan_unlock
                0x40226390                pm_force_scan_unlock
                0x40226434                pm_scan_unlocked
                0x40226448                pm_allow_tx
                0x40226464                pm_assoc_parse
                0x4022647c                pm_set_addr
                0x4022649c                pm_sleep_for
                0x402264cc                pm_post
                0x402265d0                pm_get_idle_wait_time
 *fill*         0x40226611        0x3 
 .irom0.text    0x40226614      0xb38 c:/Espressif/ESP8266_SDK_200/lib\libpp.a(pm_for_bcn_only_mode.o)
                                0xee4 (size before relaxing)
                0x40226628                wifi_fpm_set_sleep_type
                0x40226628                fpm_set_type_from_upper
                0x402266e4                fpm_get_slp_type
                0x402266e4                wifi_fpm_get_sleep_type
                0x402266ec                fpm_rf_is_closed
                0x40226700                fpm_is_open
                0x4022670c                fpm_allow_tx
                0x40226734                fpm_close
                0x40226734                wifi_fpm_close
                0x402267c4                wifi_fpm_open
                0x402267c4                fpm_open
                0x40226848                fpm_attach
                0x402269f8                wifi_fpm_set_wakeup_cb
                0x402269f8                fpm_set_wakeup_cb
                0x40226b34                fpm_do_wakeup
                0x40226b34                wifi_fpm_do_wakeup
                0x40227064                fpm_do_sleep
                0x40227064                wifi_fpm_do_sleep
                0x40227104                fpm_auto_sleep_set_in_null_mode
                0x40227104                wifi_fpm_auto_sleep_set_in_null_mode
                0x40227144                get_fpm_auto_sleep_flag