Archive member included because of file (symbol)

c:/Espressif/ESP8266_SDK_151/lib\libmain.a(debug-vector.o)
                              (_DebugExceptionVector)
c:/Espressif/ESP8266_SDK_151/lib\libmain.a(double-vector.o)
                              (_DoubleExceptionVector)
c:/Espressif/ESP8266_SDK_151/lib\libmain.a(kernel-vector.o)
                              (_KernelExceptionVector)
c:/Espressif/ESP8266_SDK_151/lib\libmain.a(nmi-vector.o)
                              (_NMIExceptionVector)
c:/Espressif/ESP8266_SDK_151/lib\libmain.a(user-vector.o)
                              (_UserExceptionVector)
c:/Espressif/ESP8266_SDK_151/lib\libmain.a(vector.o)
                              (call_user_start)
c:/Espressif/ESP8266_SDK_151/lib\libmain.a(app_main.o)
                              c:/Espressif/ESP8266_SDK_151/lib\libmain.a(nmi-vector.o) (NMI_Handler)
c:/Espressif/ESP8266_SDK_151/lib\libmain.a(ets_timer.o)
                              c:/Espressif/ESP8266_SDK_151/lib\libmain.a(app_main.o) (ets_timer_setfn)
c:/Espressif/ESP8266_SDK_151/lib\libmain.a(mem_manager.o)
                              c:/Espressif/ESP8266_SDK_151/lib\libmain.a(app_main.o) (pvPortMalloc)
c:/Espressif/ESP8266_SDK_151/lib\libmain.a(spi_flash.o)
                              c:/Espressif/ESP8266_SDK_151/lib\libmain.a(app_main.o) (spi_flash_read)
c:/Espressif/ESP8266_SDK_151/lib\libmain.a(user_interface.o)
                              c:/Espressif/ESP8266_SDK_151/lib\libmain.a(app_main.o) (done_cb)
c:/Espressif/ESP8266_SDK_151/lib\libmain.a(eagle_lib.o)
                              c:/Espressif/ESP8266_SDK_151/lib\libmain.a(user_interface.o) (ets_sprintf)
c:/Espressif/ESP8266_SDK_151/lib\libmain.a(eagle_lwip_if.o)
                              c:/Espressif/ESP8266_SDK_151/lib\libmain.a(user_interface.o) (hostname)
build/debug/app_app.a(user_main.o)
                              c:/Espressif/ESP8266_SDK_151/lib\libmain.a(app_main.o) (user_init)
build/debug/app_app.a(io.o)   build/debug/app_app.a(user_main.o) (initOutputs)
build/debug/app_app.a(sysCfg.o)
                              build/debug/app_app.a(user_main.o) (sysCfg)
build/debug/app_app.a(switch.o)
                              build/debug/app_app.a(user_main.o) (initSwitch)
build/debug/app_app.a(easygpio.o)
                              build/debug/app_app.a(io.o) (easygpio_pinMode)
build/debug/app_app.a(wifi.o)
                              build/debug/app_app.a(user_main.o) (getBestSSID)
build/debug/app_app.a(flash.o)
                              build/debug/app_app.a(user_main.o) (startFlash)
build/debug/app_app.a(doSmartConfig.o)
                              build/debug/app_app.a(user_main.o) (checkSmartConfig)
build/debug/app_app.a(dtoa.o)
                              build/debug/app_app.a(user_main.o) (dtoStr)
build/debug/app_app.a(stdout.o)
                              build/debug/app_app.a(user_main.o) (stdout_init)
build/debug/app_app.a(check.o)
                              build/debug/app_app.a(user_main.o) (checkMinHeap)
build/debug/app_app.a(mqtt.o)
                              build/debug/app_app.a(user_main.o) (MQTT_InitConnection)
build/debug/app_app.a(http.o)
                              build/debug/app_app.a(user_main.o) (tcp_listen)
build/debug/app_app.a(decodeMessage.o)
                              build/debug/app_app.a(user_main.o) (decodeMessage)
build/debug/app_app.a(config.o)
                              build/debug/app_app.a(doSmartConfig.o) (CFG_dirty)
build/debug/app_app.a(publish.o)
                              build/debug/app_app.a(user_main.o) (publishError)
build/debug/app_app.a(dht22.o)
                              build/debug/app_app.a(user_main.o) (dhtRead)
build/debug/app_app.a(utils.o)
                              build/debug/app_app.a(mqtt.o) (UTILS_StrToIP)
build/debug/app_app.a(queue.o)
                              build/debug/app_app.a(mqtt.o) (QUEUE_Init)
build/debug/app_app.a(mqtt_msg.o)
                              build/debug/app_app.a(mqtt.o) (mqtt_msg_init)
build/debug/app_app.a(ringbuf.o)
                              build/debug/app_app.a(queue.o) (RINGBUF_Init)
build/debug/app_app.a(proto.o)
                              build/debug/app_app.a(queue.o) (PROTO_AddRb)
c:/espressif/xtensa-lx106-elf/bin/../lib/gcc/xtensa-lx106-elf/5.1.0/../../../../xtensa-lx106-elf/lib\libc.a(lib_a-atoi.o)
                              build/debug/app_app.a(user_main.o) (atoi)
c:/espressif/xtensa-lx106-elf/bin/../lib/gcc/xtensa-lx106-elf/5.1.0/../../../../xtensa-lx106-elf/lib\libc.a(lib_a-atol.o)
                              build/debug/app_app.a(decodeMessage.o) (atol)
c:/espressif/xtensa-lx106-elf/bin/../lib/gcc/xtensa-lx106-elf/5.1.0/../../../../xtensa-lx106-elf/lib\libc.a(lib_a-lcltime.o)
                              build/debug/app_app.a(user_main.o) (localtime)
[...]
Memory Configuration

Name             Origin             Length             Attributes
dport0_0_seg     0x3ff00000         0x00000010
dram0_0_seg      0x3ffe8000         0x00014000
iram1_0_seg      0x40100000         0x00008000
irom0_0_seg      0x40210000         0x00068000
*default*        0x00000000         0xffffffff

Linker script and memory map

START GROUP
LOAD c:/espressif/xtensa-lx106-elf/bin/../lib/gcc/xtensa-lx106-elf/5.1.0/../../../../xtensa-lx106-elf/lib\libc.a
LOAD c:/espressif/xtensa-lx106-elf/bin/../lib/gcc/xtensa-lx106-elf/5.1.0\libgcc.a
LOAD c:/espressif/xtensa-lx106-elf/bin/../lib/gcc/xtensa-lx106-elf/5.1.0/../../../../xtensa-lx106-elf/lib\libhal.a
LOAD c:/Espressif/ESP8266_SDK_151/lib\libphy.a
LOAD c:/Espressif/ESP8266_SDK_151/lib\libpp.a
LOAD c:/Espressif/ESP8266_SDK_151/lib\libnet80211.a
LOAD c:/Espressif/ESP8266_SDK_151/lib\liblwip.a
LOAD c:/Espressif/ESP8266_SDK_151/lib\libwpa.a
LOAD c:/Espressif/ESP8266_SDK_151/lib\libmain.a
LOAD c:/Espressif/ESP8266_SDK_151/lib\libupgrade.a
LOAD c:/Espressif/ESP8266_SDK_151/lib\libssl.a
LOAD c:/Espressif/ESP8266_SDK_151/lib\libsmartconfig.a
LOAD c:/Espressif/ESP8266_SDK_151/lib\libcrypto.a
LOAD build/debug/app_app.a
END GROUP
                0x40000000                PROVIDE (_memmap_vecbase_reset, 0x40000000)
                0x00000110                _memmap_cacheattr_wb_base = 0x110
                0x00000110                _memmap_cacheattr_wt_base = 0x110
                0x00000220                _memmap_cacheattr_bp_base = 0x220
                0xfffff00f                _memmap_cacheattr_unused_mask = 0xfffff00f
                0x2222211f                _memmap_cacheattr_wb_trapnull = 0x2222211f
                0x2222211f                _memmap_cacheattr_wba_trapnull = 0x2222211f
                0x2222211f                _memmap_cacheattr_wbna_trapnull = 0x2222211f
                0x2222211f                _memmap_cacheattr_wt_trapnull = 0x2222211f
                0x2222222f                _memmap_cacheattr_bp_trapnull = 0x2222222f
                0xfffff11f                _memmap_cacheattr_wb_strict = 0xfffff11f
                0xfffff11f                _memmap_cacheattr_wt_strict = 0xfffff11f
                0xfffff22f                _memmap_cacheattr_bp_strict = 0xfffff22f
                0x22222112                _memmap_cacheattr_wb_allvalid = 0x22222112
                0x22222112                _memmap_cacheattr_wt_allvalid = 0x22222112
                0x22222222                _memmap_cacheattr_bp_allvalid = 0x22222222
                0x2222211f                PROVIDE (_memmap_cacheattr_reset, _memmap_cacheattr_wb_trapnull)

.dport0.rodata  0x3ff00000        0x0
                0x3ff00000                _dport0_rodata_start = ABSOLUTE (.)
 *(.dport0.rodata)
 *(.dport.rodata)
                0x3ff00000                _dport0_rodata_end = ABSOLUTE (.)

.dport0.literal
                0x3ff00000        0x0
                0x3ff00000                _dport0_literal_start = ABSOLUTE (.)
 *(.dport0.literal)
 *(.dport.literal)
                0x3ff00000                _dport0_literal_end = ABSOLUTE (.)

.dport0.data    0x3ff00000        0x0
                0x3ff00000                _dport0_data_start = ABSOLUTE (.)
 *(.dport0.data)
 *(.dport.data)
                0x3ff00000                _dport0_data_end = ABSOLUTE (.)

.data           0x3ffe8000      0x829
                0x3ffe8000                _data_start = ABSOLUTE (.)
 *(.data)
 .data          0x3ffe8000        0x0 c:/Espressif/ESP8266_SDK_151/lib\libmain.a(debug-vector.o)
 .data          0x3ffe8000        0x0 c:/Espressif/ESP8266_SDK_151/lib\libmain.a(double-vector.o)
 .data          0x3ffe8000        0x0 c:/Espressif/ESP8266_SDK_151/lib\libmain.a(kernel-vector.o)
 .data          0x3ffe8000        0x4 c:/Espressif/ESP8266_SDK_151/lib\libmain.a(nmi-vector.o)
                0x3ffe8000                _Pri_3_HandlerAddress
 .data          0x3ffe8004        0x0 c:/Espressif/ESP8266_SDK_151/lib\libmain.a(user-vector.o)
 .data          0x3ffe8004        0x0 c:/Espressif/ESP8266_SDK_151/lib\libmain.a(vector.o)
 .data          0x3ffe8004        0x1 c:/Espressif/ESP8266_SDK_151/lib\libmain.a(app_main.o)
 .data          0x3ffe8005        0x0 c:/Espressif/ESP8266_SDK_151/lib\libmain.a(ets_timer.o)
 .data          0x3ffe8005        0x0 c:/Espressif/ESP8266_SDK_151/lib\libmain.a(mem_manager.o)
 .data          0x3ffe8005        0x0 c:/Espressif/ESP8266_SDK_151/lib\libmain.a(spi_flash.o)
 *fill*         0x3ffe8005        0x3 
 .data          0x3ffe8008        0x6 c:/Espressif/ESP8266_SDK_151/lib\libmain.a(user_interface.o)
                0x3ffe8009                timer2_ms_flag
                0x3ffe800a                dhcps_flag
                0x3ffe800b                dhcpc_flag
                0x3ffe800d                reconnect_internal
 .data          0x3ffe800e        0x0 c:/Espressif/ESP8266_SDK_151/lib\libmain.a(eagle_lib.o)
 *fill*         0x3ffe800e        0x2 
 .data          0x3ffe8010        0x1 c:/Espressif/ESP8266_SDK_151/lib\libmain.a(eagle_lwip_if.o)
                0x3ffe8010                default_hostname
 *fill*         0x3ffe8011        0x3 
 .data          0x3ffe8014        0x8 build/debug/app_app.a(user_main.o)
                0x3ffe8018                version
 .data          0x3ffe801c        0x0 build/debug/app_app.a(io.o)
 .data          0x3ffe801c        0x0 build/debug/app_app.a(sysCfg.o)
 .data          0x3ffe801c        0x0 build/debug/app_app.a(switch.o)
 .data          0x3ffe801c        0x0 build/debug/app_app.a(easygpio.o)
 .data          0x3ffe801c        0x4 build/debug/app_app.a(wifi.o)
 .data          0x3ffe8020        0x0 build/debug/app_app.a(flash.o)
 .data          0x3ffe8020        0x0 build/debug/app_app.a(doSmartConfig.o)
 .data          0x3ffe8020        0x0 build/debug/app_app.a(dtoa.o)
 .data          0x3ffe8020        0x0 build/debug/app_app.a(stdout.o)
 .data          0x3ffe8020        0x4 build/debug/app_app.a(check.o)
 .data          0x3ffe8024       0x18 build/debug/app_app.a(mqtt.o)
                0x3ffe8024                noSSL
 .data          0x3ffe803c        0x0 build/debug/app_app.a(http.o)
 .data          0x3ffe803c        0x0 build/debug/app_app.a(decodeMessage.o)
 .data          0x3ffe803c        0x0 build/debug/app_app.a(config.o)
 .data          0x3ffe803c        0x5 build/debug/app_app.a(publish.o)
 .data          0x3ffe8041        0x0 build/debug/app_app.a(dht22.o)
 .data          0x3ffe8041        0x0 build/debug/app_app.a(utils.o)
 .data          0x3ffe8041        0x0 build/debug/app_app.a(queue.o)
 .data          0x3ffe8041        0x0 build/debug/app_app.a(mqtt_msg.o)
 .data          0x3ffe8041        0x0 build/debug/app_app.a(ringbuf.o)
 .data          0x3ffe8041        0x0 build/debug/app_app.a(proto.o)
 .data          0x3ffe8041        0x0 c:/espressif/xtensa-lx106-elf/bin/../lib/gcc/xtensa-lx106-elf/5.1.0/../../../../xtensa-lx106-elf/lib\libc.a(lib_a-atoi.o)
 .data          0x3ffe8041        0x0 c:/espressif/xtensa-lx106-elf/bin/../lib/gcc/xtensa-lx106-elf/5.1.0/../../../../xtensa-lx106-elf/lib\libc.a(lib_a-atol.o)
 .data          0x3ffe8041        0x0 c:/espressif/xtensa-lx106-elf/bin/../lib/gcc/xtensa-lx106-elf/5.1.0/../../../../xtensa-lx106-elf/lib\libc.a(lib_a-lcltime.o)
 .data          0x3ffe8041        0x0 c:/espressif/xtensa-lx106-elf/bin/../lib/gcc/xtensa-lx106-elf/5.1.0/../../../../xtensa-lx106-elf/lib\libc.a(lib_a-lcltime_r.o)
 .data          0x3ffe8041        0x0 c:/espressif/xtensa-lx106-elf/bin/../lib/gcc/xtensa-lx106-elf/5.1.0/../../../../xtensa-lx106-elf/lib\libc.a(lib_a-memcpy.o)
 .data          0x3ffe8041        0x0 c:/espressif/xtensa-lx106-elf/bin/../lib/gcc/xtensa-lx106-elf/5.1.0/../../../../xtensa-lx106-elf/lib\libc.a(lib_a-memset.o)
 .data          0x3ffe8041        0x0 c:/espressif/xtensa-lx106-elf/bin/../lib/gcc/xtensa-lx106-elf/5.1.0/../../../../xtensa-lx106-elf/lib\libc.a(lib_a-mktm_r.o)
 .data          0x3ffe8041        0x0 c:/espressif/xtensa-lx106-elf/bin/../lib/gcc/xtensa-lx106-elf/5.1.0/../../../../xtensa-lx106-elf/lib\libc.a(lib_a-strcmp.o)
 .data          0x3ffe8041        0x0 c:/espressif/xtensa-lx106-elf/bin/../lib/gcc/xtensa-lx106-elf/5.1.0/../../../../xtensa-lx106-elf/lib\libc.a(lib_a-strlen.o)
 .data          0x3ffe8041        0x0 c:/espressif/xtensa-lx106-elf/bin/../lib/gcc/xtensa-lx106-elf/5.1.0/../../../../xtensa-lx106-elf/lib\libc.a(lib_a-strtol.o)
 .data          0x3ffe8041        0x0 c:/espressif/xtensa-lx106-elf/bin/../lib/gcc/xtensa-lx106-elf/5.1.0/../../../../xtensa-lx106-elf/lib\libc.a(lib_a-tzlock.o)
 *fill*         0x3ffe8041        0x3 
 .data          0x3ffe8044        0x8 c:/espressif/xtensa-lx106-elf/bin/../lib/gcc/xtensa-lx106-elf/5.1.0/../../../../xtensa-lx106-elf/lib\libc.a(lib_a-tzvars.o)
                0x3ffe8044                _tzname
 .data          0x3ffe804c        0x4 c:/espressif/xtensa-lx106-elf/bin/../lib/gcc/xtensa-lx106-elf/5.1.0/../../../../xtensa-lx106-elf/lib\libc.a(lib_a-ctype_.o)
                0x3ffe804c                __ctype_ptr__
 .data          0x3ffe8050       0x40 c:/espressif/xtensa-lx106-elf/bin/../lib/gcc/xtensa-lx106-elf/5.1.0/../../../../xtensa-lx106-elf/lib\libc.a(lib_a-gettzinfo.o)
 .data          0x3ffe8090      0x430 c:/espressif/xtensa-lx106-elf/bin/../lib/gcc/xtensa-lx106-elf/5.1.0/../../../../xtensa-lx106-elf/lib\libc.a(lib_a-impure.o)
                0x3ffe8090                _impure_ptr
 .data          0x3ffe84c0        0x0 c:/espressif/xtensa-lx106-elf/bin/../lib/gcc/xtensa-lx106-elf/5.1.0\libgcc.a(_divsi3.o)
 .data          0x3ffe84c0        0x0 c:/espressif/xtensa-lx106-elf/bin/../lib/gcc/xtensa-lx106-elf/5.1.0\libgcc.a(_modsi3.o)
 .data          0x3ffe84c0        0x0 c:/espressif/xtensa-lx106-elf/bin/../lib/gcc/xtensa-lx106-elf/5.1.0\libgcc.a(_udivsi3.o)
 .data          0x3ffe84c0        0x0 c:/espressif/xtensa-lx106-elf/bin/../lib/gcc/xtensa-lx106-elf/5.1.0\libgcc.a(_umodsi3.o)
 .data          0x3ffe84c0        0x0 c:/espressif/xtensa-lx106-elf/bin/../lib/gcc/xtensa-lx106-elf/5.1.0\libgcc.a(_addsubsf3.o)
 .data          0x3ffe84c0        0x0 c:/espressif/xtensa-lx106-elf/bin/../lib/gcc/xtensa-lx106-elf/5.1.0\libgcc.a(_mulsf3.o)
 .data          0x3ffe84c0        0x0 c:/espressif/xtensa-lx106-elf/bin/../lib/gcc/xtensa-lx106-elf/5.1.0\libgcc.a(_divsf3.o)
 .data          0x3ffe84c0        0x0 c:/espressif/xtensa-lx106-elf/bin/../lib/gcc/xtensa-lx106-elf/5.1.0\libgcc.a(_cmpsf2.o)
 .data          0x3ffe84c0        0x0 c:/espressif/xtensa-lx106-elf/bin/../lib/gcc/xtensa-lx106-elf/5.1.0\libgcc.a(_fixsfsi.o)
 .data          0x3ffe84c0        0x0 c:/espressif/xtensa-lx106-elf/bin/../lib/gcc/xtensa-lx106-elf/5.1.0\libgcc.a(_floatsisf.o)
 .data          0x3ffe84c0        0x0 c:/espressif/xtensa-lx106-elf/bin/../lib/gcc/xtensa-lx106-elf/5.1.0\libgcc.a(_addsubdf3.o)
 .data          0x3ffe84c0        0x0 c:/espressif/xtensa-lx106-elf/bin/../lib/gcc/xtensa-lx106-elf/5.1.0\libgcc.a(_muldf3.o)
 .data          0x3ffe84c0        0x0 c:/espressif/xtensa-lx106-elf/bin/../lib/gcc/xtensa-lx106-elf/5.1.0\libgcc.a(_divdf3.o)
 .data          0x3ffe84c0        0x0 c:/espressif/xtensa-lx106-elf/bin/../lib/gcc/xtensa-lx106-elf/5.1.0\libgcc.a(_cmpdf2.o)
 .data          0x3ffe84c0        0x0 c:/espressif/xtensa-lx106-elf/bin/../lib/gcc/xtensa-lx106-elf/5.1.0\libgcc.a(_fixunsdfsi.o)
 .data          0x3ffe84c0        0x0 c:/espressif/xtensa-lx106-elf/bin/../lib/gcc/xtensa-lx106-elf/5.1.0\libgcc.a(_floatsidf.o)
 .data          0x3ffe84c0        0x0 c:/espressif/xtensa-lx106-elf/bin/../lib/gcc/xtensa-lx106-elf/5.1.0\libgcc.a(_extendsfdf2.o)
 .data          0x3ffe84c0        0x0 c:/espressif/xtensa-lx106-elf/bin/../lib/gcc/xtensa-lx106-elf/5.1.0\libgcc.a(_muldi3.o)
 .data          0x3ffe84c0        0x0 c:/espressif/xtensa-lx106-elf/bin/../lib/gcc/xtensa-lx106-elf/5.1.0\libgcc.a(_umulsidi3.o)
 .data          0x3ffe84c0        0x0 c:/espressif/xtensa-lx106-elf/bin/../lib/gcc/xtensa-lx106-elf/5.1.0/../../../../xtensa-lx106-elf/lib\libhal.a(int_asm--set_intclear.o)
 .data          0x3ffe84c0        0x0 c:/Espressif/ESP8266_SDK_151/lib\libphy.a(phy.o)
 .data          0x3ffe84c0        0x0 c:/Espressif/ESP8266_SDK_151/lib\libphy.a(phy_chip_v6_ana.o)
 .data          0x3ffe84c0       0x53 c:/Espressif/ESP8266_SDK_151/lib\libphy.a(phy_chip_v6.o)
                0x3ffe84c2                tx_rf_ana_gain
                0x3ffe84f0                rx_gain_swp
                0x3ffe8510                test_rffreq_txcap
 .data          0x3ffe8513        0x0 c:/Espressif/ESP8266_SDK_151/lib\libphy.a(phy_chip_v6_cal.o)
 .data          0x3ffe8513        0x0 c:/Espressif/ESP8266_SDK_151/lib\libphy.a(phy_chip_v6_unused.o)
 *fill*         0x3ffe8513        0x1 
 .data          0x3ffe8514        0x4 c:/Espressif/ESP8266_SDK_151/lib\libphy.a(phy_sleep.o)
                0x3ffe8514                chip_version
 .data          0x3ffe8518        0x0 c:/Espressif/ESP8266_SDK_151/lib\libpp.a(if_hwctrl.o)
 .data          0x3ffe8518        0x0 c:/Espressif/ESP8266_SDK_151/lib\libpp.a(lmac.o)
 .data          0x3ffe8518        0x1 c:/Espressif/ESP8266_SDK_151/lib\libpp.a(pm.o)
 *fill*         0x3ffe8519        0x3 
 .data          0x3ffe851c        0x1 c:/Espressif/ESP8266_SDK_151/lib\libpp.a(pm_for_bcn_only_mode.o)
 *fill*         0x3ffe851d        0x3 
 .data          0x3ffe8520       0x1c c:/Espressif/ESP8266_SDK_151/lib\libpp.a(pp.o)
                0x3ffe8520                soft_wdt_interval
                0x3ffe8524                NoiseTimerInterval
                0x3ffe852c                sleep_start_wait_time
                0x3ffe8534                CanDoFreqCal
                0x3ffe8538                tcb
 *fill*         0x3ffe853c        0x4 
 .data          0x3ffe8540       0x40 c:/Espressif/ESP8266_SDK_151/lib\libpp.a(rate_control.o)
 .data          0x3ffe8580      0x24c c:/Espressif/ESP8266_SDK_151/lib\libpp.a(trc.o)
 .data          0x3ffe87cc        0x8 c:/Espressif/ESP8266_SDK_151/lib\libpp.a(wdev.o)
 .data          0x3ffe87d4        0x0 c:/Espressif/ESP8266_SDK_151/lib\libpp.a(esf_buf.o)
 .data          0x3ffe87d4        0x0 c:/Espressif/ESP8266_SDK_151/lib\libnet80211.a(ieee80211.o)
 .data          0x3ffe87d4        0x0 c:/Espressif/ESP8266_SDK_151/lib\libnet80211.a(ieee80211_crypto.o)
 .data          0x3ffe87d4        0x0 c:/Espressif/ESP8266_SDK_151/lib\libnet80211.a(ieee80211_ets.o)
 .data          0x3ffe87d4        0x1 c:/Espressif/ESP8266_SDK_151/lib\libnet80211.a(ieee80211_hostap.o)
                0x3ffe87d4                TmpSTAAPCloseAP
 .data          0x3ffe87d5        0x0 c:/Espressif/ESP8266_SDK_151/lib\libnet80211.a(ieee80211_ht.o)
 .data          0x3ffe87d5        0x0 c:/Espressif/ESP8266_SDK_151/lib\libnet80211.a(ieee80211_input.o)
 .data          0x3ffe87d5        0x0 c:/Espressif/ESP8266_SDK_151/lib\libnet80211.a(ieee80211_mesh_quick.o)
 .data          0x3ffe87d5        0x0 c:/Espressif/ESP8266_SDK_151/lib\libnet80211.a(ieee80211_output.o)
 .data          0x3ffe87d5        0x0 c:/Espressif/ESP8266_SDK_151/lib\libnet80211.a(ieee80211_phy.o)
 .data          0x3ffe87d5        0x0 c:/Espressif/ESP8266_SDK_151/lib\libnet80211.a(ieee80211_power.o)
 .data          0x3ffe87d5        0x0 c:/Espressif/ESP8266_SDK_151/lib\libnet80211.a(ieee80211_proto.o)
 .data          0x3ffe87d5        0x0 c:/Espressif/ESP8266_SDK_151/lib\libnet80211.a(ieee80211_rfid.o)
 .data          0x3ffe87d5        0x0 c:/Espressif/ESP8266_SDK_151/lib\libnet80211.a(ieee80211_scan.o)
 .data          0x3ffe87d5        0x0 c:/Espressif/ESP8266_SDK_151/lib\libnet80211.a(ieee80211_sta.o)
 .data          0x3ffe87d5        0x0 c:/Espressif/ESP8266_SDK_151/lib\libnet80211.a(wl_chm.o)
 *fill*         0x3ffe87d5        0x3 
 .data          0x3ffe87d8        0x1 c:/Espressif/ESP8266_SDK_151/lib\libnet80211.a(wl_cnx.o)
 *fill*         0x3ffe87d9        0x7 
 .data          0x3ffe87e0       0x1c c:/Espressif/ESP8266_SDK_151/lib\libnet80211.a(ieee80211_action.o)
 .data          0x3ffe87fc        0x0 c:/Espressif/ESP8266_SDK_151/lib\libnet80211.a(ieee80211_action_vendor.o)
 .data          0x3ffe87fc        0x0 c:/Espressif/ESP8266_SDK_151/lib\libnet80211.a(ieee80211_crypto_ccmp.o)
 .data          0x3ffe87fc        0x0 c:/Espressif/ESP8266_SDK_151/lib\libnet80211.a(ieee80211_ie_vendor.o)
 .data          0x3ffe87fc        0x4 c:/Espressif/ESP8266_SDK_151/lib\liblwip.a(dhcp.o)
 .data          0x3ffe8800        0x5 c:/Espressif/ESP8266_SDK_151/lib\liblwip.a(dhcpserver.o)
                0x3ffe8800                dhcps_lease_time
 .data          0x3ffe8805        0x0 c:/Espressif/ESP8266_SDK_151/lib\liblwip.a(dns.o)
 .data          0x3ffe8805        0x0 c:/Espressif/ESP8266_SDK_151/lib\liblwip.a(espconn.o)
 .data          0x3ffe8805        0x0 c:/Espressif/ESP8266_SDK_151/lib\liblwip.a(espconn_tcp.o)
 .data          0x3ffe8805        0x0 c:/Espressif/ESP8266_SDK_151/lib\liblwip.a(espconn_udp.o)
 .data          0x3ffe8805        0x0 c:/Espressif/ESP8266_SDK_151/lib\liblwip.a(etharp.o)
 .data          0x3ffe8805        0x0 c:/Espressif/ESP8266_SDK_151/lib\liblwip.a(igmp.o)
 .data          0x3ffe8805        0x0 c:/Espressif/ESP8266_SDK_151/lib\liblwip.a(inet_chksum.o)
 .data          0x3ffe8805        0x0 c:/Espressif/ESP8266_SDK_151/lib\liblwip.a(init.o)
 .data          0x3ffe8805        0x0 c:/Espressif/ESP8266_SDK_151/lib\liblwip.a(ip_addr.o)
 .data          0x3ffe8805        0x0 c:/Espressif/ESP8266_SDK_151/lib\liblwip.a(ip.o)
 *fill*         0x3ffe8805        0x3 
 .data          0x3ffe8808        0x2 c:/Espressif/ESP8266_SDK_151/lib\liblwip.a(memp.o)
                0x3ffe8808                memp_sizes_test
 .data          0x3ffe880a        0x0 c:/Espressif/ESP8266_SDK_151/lib\liblwip.a(netif.o)
 .data          0x3ffe880a        0x0 c:/Espressif/ESP8266_SDK_151/lib\liblwip.a(pbuf.o)
 .data          0x3ffe880a        0x0 c:/Espressif/ESP8266_SDK_151/lib\liblwip.a(raw.o)
 .data          0x3ffe880a        0x0 c:/Espressif/ESP8266_SDK_151/lib\liblwip.a(tcp_in.o)
 *fill*         0x3ffe880a        0x2 
 .data          0x3ffe880c        0x8 c:/Espressif/ESP8266_SDK_151/lib\liblwip.a(tcp.o)
 .data          0x3ffe8814        0x0 c:/Espressif/ESP8266_SDK_151/lib\liblwip.a(tcp_out.o)
 .data          0x3ffe8814        0x0 c:/Espressif/ESP8266_SDK_151/lib\liblwip.a(timers.o)
 .data          0x3ffe8814        0x0 c:/Espressif/ESP8266_SDK_151/lib\liblwip.a(udp.o)
 .data          0x3ffe8814        0x0 c:/Espressif/ESP8266_SDK_151/lib\liblwip.a(icmp.o)
 .data          0x3ffe8814        0x0 c:/Espressif/ESP8266_SDK_151/lib\libwpa.a(ap_config.o)
 .data          0x3ffe8814        0x0 c:/Espressif/ESP8266_SDK_151/lib\libwpa.a(common.o)
 .data          0x3ffe8814        0x0 c:/Espressif/ESP8266_SDK_151/lib\libwpa.a(os_xtensa.o)
 .data          0x3ffe8814        0x0 c:/Espressif/ESP8266_SDK_151/lib\libwpa.a(wpa_auth.o)
 .data          0x3ffe8814        0x0 c:/Espressif/ESP8266_SDK_151/lib\libwpa.a(wpa_auth_ie.o)
 .data          0x3ffe8814        0x0 c:/Espressif/ESP8266_SDK_151/lib\libwpa.a(wpa.o)
 .data          0x3ffe8814        0x0 c:/Espressif/ESP8266_SDK_151/lib\libwpa.a(wpa_common.o)
 .data          0x3ffe8814        0x0 c:/Espressif/ESP8266_SDK_151/lib\libwpa.a(wpa_debug.o)
 .data          0x3ffe8814        0x0 c:/Espressif/ESP8266_SDK_151/lib\libwpa.a(wpa_ie.o)
 .data          0x3ffe8814        0x0 c:/Espressif/ESP8266_SDK_151/lib\libwpa.a(wpa_main.o)
 .data          0x3ffe8814        0x0 c:/Espressif/ESP8266_SDK_151/lib\libwpa.a(wpas_glue.o)
 *fill*         0x3ffe8814        0x4 
 .data          0x3ffe8818        0xe c:/Espressif/ESP8266_SDK_151/lib\libsmartconfig.a(sc_sniffer.o)
                0x3ffe8818                g_SC_Select
                0x3ffe8820                ET_Group_bssid
 .data          0x3ffe8826        0x0 c:/Espressif/ESP8266_SDK_151/lib\libsmartconfig.a(sc_airkiss.o)
 *fill*         0x3ffe8826        0x2 
 .data          0x3ffe8828        0x1 c:/Espressif/ESP8266_SDK_151/lib\libsmartconfig.a(sc_esptouch.o)
                0x3ffe8828                g_ET_TimeOut
 .data          0x3ffe8829        0x0 c:/Espressif/ESP8266_SDK_151/lib\libcrypto.a(aes-wrap.o)
 .data          0x3ffe8829        0x0 c:/Espressif/ESP8266_SDK_151/lib\libcrypto.a(aes-internal-enc.o)
 .data          0x3ffe8829        0x0 c:/Espressif/ESP8266_SDK_151/lib\libcrypto.a(aes-internal.o)
 .data          0x3ffe8829        0x0 c:/espressif/xtensa-lx106-elf/bin/../lib/gcc/xtensa-lx106-elf/5.1.0\libgcc.a(_ashrdi3.o)
 .data          0x3ffe8829        0x0 c:/espressif/xtensa-lx106-elf/bin/../lib/gcc/xtensa-lx106-elf/5.1.0\libgcc.a(_fixunssfsi.o)
 .data          0x3ffe8829        0x0 c:/espressif/xtensa-lx106-elf/bin/../lib/gcc/xtensa-lx106-elf/5.1.0\libgcc.a(_fixdfsi.o)
 .data          0x3ffe8829        0x0 c:/espressif/xtensa-lx106-elf/bin/../lib/gcc/xtensa-lx106-elf/5.1.0\libgcc.a(_truncdfsf2.o)
 .data          0x3ffe8829        0x0 c:/espressif/xtensa-lx106-elf/bin/../lib/gcc/xtensa-lx106-elf/5.1.0\libgcc.a(_divdi3.o)
 .data          0x3ffe8829        0x0 c:/espressif/xtensa-lx106-elf/bin/../lib/gcc/xtensa-lx106-elf/5.1.0\libgcc.a(_umoddi3.o)
 .data          0x3ffe8829        0x0 c:/Espressif/ESP8266_SDK_151/lib\libnet80211.a(ieee80211_crypto_tkip.o)
 .data          0x3ffe8829        0x0 c:/Espressif/ESP8266_SDK_151/lib\libnet80211.a(ieee80211_crypto_wep.o)
 *(.data.*)
 *(.gnu.linkonce.d.*)
 *(.data1)
 *(.sdata)
 *(.sdata.*)
 *(.gnu.linkonce.s.*)
 *(.sdata2)
 *(.sdata2.*)
 *(.gnu.linkonce.s2.*)
 *(.jcr)
                0x3ffe8829                _data_end = ABSOLUTE (.)

.noinit         0x3ffe882c        0x4
 .noinit        0x3ffe882c        0x4 build/debug/app_app.a(user_main.o)
                0x3ffe882c                lastAction

.rodata         0x3ffe8830     0x17d8
                0x3ffe8830                _rodata_start = ABSOLUTE (.)
 *(.sdk.version)
 .sdk.version   0x3ffe8830       0x10 c:/Espressif/ESP8266_SDK_151/lib\libmain.a(app_main.o)
                0x3ffe8830                SDK_VERSION
 *(.rodata)
 .rodata        0x3ffe8840       0x4c build/debug/app_app.a(user_main.o)
 .rodata        0x3ffe888c        0x7 build/debug/app_app.a(io.o)
                0x3ffe888c                outputMap
 *fill*         0x3ffe8893        0x1 
 .rodata        0x3ffe8894       0x40 build/debug/app_app.a(easygpio.o)
 .rodata        0x3ffe88d4       0x14 build/debug/app_app.a(wifi.o)
 .rodata        0x3ffe88e8       0x48 build/debug/app_app.a(mqtt.o)
 .rodata        0x3ffe8930       0x68 c:/espressif/xtensa-lx106-elf/bin/../lib/gcc/xtensa-lx106-elf/5.1.0/../../../../xtensa-lx106-elf/lib\libc.a(lib_a-mktm_r.o)
 .rodata        0x3ffe8998      0x101 c:/espressif/xtensa-lx106-elf/bin/../lib/gcc/xtensa-lx106-elf/5.1.0/../../../../xtensa-lx106-elf/lib\libc.a(lib_a-ctype_.o)
                0x3ffe8998                _ctype_
 *fill*         0x3ffe8a99        0x3 
 .rodata        0x3ffe8a9c        0x4 c:/espressif/xtensa-lx106-elf/bin/../lib/gcc/xtensa-lx106-elf/5.1.0/../../../../xtensa-lx106-elf/lib\libc.a(lib_a-impure.o)
                0x3ffe8a9c                _global_impure_ptr
 .rodata        0x3ffe8aa0        0x8 c:/Espressif/ESP8266_SDK_151/lib\libphy.a(phy_chip_v6_ana.o)
 .rodata        0x3ffe8aa8        0x8 c:/Espressif/ESP8266_SDK_151/lib\libphy.a(phy_chip_v6.o)
 .rodata        0x3ffe8ab0        0x4 c:/Espressif/ESP8266_SDK_151/lib\libpp.a(pp.o)
 .rodata        0x3ffe8ab4        0x8 c:/Espressif/ESP8266_SDK_151/lib\libnet80211.a(ieee80211_hostap.o)
 .rodata        0x3ffe8abc        0x9 c:/Espressif/ESP8266_SDK_151/lib\libnet80211.a(ieee80211_output.o)
 *fill*         0x3ffe8ac5        0x3 
 .rodata        0x3ffe8ac8        0x6 c:/Espressif/ESP8266_SDK_151/lib\liblwip.a(etharp.o)
                0x3ffe8ac8                ethbroadcast
 *fill*         0x3ffe8ace        0x2 
 .rodata        0x3ffe8ad0        0x7 c:/Espressif/ESP8266_SDK_151/lib\libsmartconfig.a(sc_sniffer.o)
                0x3ffe8ad0                SC_VERSION
 *fill*         0x3ffe8ad7        0x1 
 .rodata        0x3ffe8ad8        0x8 c:/Espressif/ESP8266_SDK_151/lib\libsmartconfig.a(sc_airkiss.o)
                0x3ffe8ad8                RSSI_BEAR
                0x3ffe8ad9                DATA_RSSI_BEAR
                0x3ffe8ada                RSSI_MIN
 *(.rodata.*)
 .rodata.str1.4
                0x3ffe8ae0        0xc c:/Espressif/ESP8266_SDK_151/lib\libmain.a(app_main.o)
 .rodata.str1.4
                0x3ffe8aec        0x4 c:/Espressif/ESP8266_SDK_151/lib\libmain.a(ets_timer.o)
                                  0xc (size before relaxing)
 .rodata.str1.4
                0x3ffe8af0       0x1a c:/Espressif/ESP8266_SDK_151/lib\libmain.a(mem_manager.o)
 *fill*         0x3ffe8b0a        0x2 
 .rodata.str1.4
                0x3ffe8b0c      0x3e4 build/debug/app_app.a(user_main.o)
                                0x3fc (size before relaxing)
 .rodata.str1.4
                0x3ffe8ef0       0xd7 build/debug/app_app.a(io.o)
                                 0xe3 (size before relaxing)
 *fill*         0x3ffe8fc7        0x1 
 .rodata.str1.4
                0x3ffe8fc8       0x48 build/debug/app_app.a(sysCfg.o)
                                 0x54 (size before relaxing)
 .rodata.str1.4
                0x3ffe9010       0xd8 build/debug/app_app.a(easygpio.o)
 .rodata.str1.4
                0x3ffe90e8      0x1d9 build/debug/app_app.a(wifi.o)
 *fill*         0x3ffe92c1        0x3 
 .rodata.str1.4
                0x3ffe92c4       0x1c build/debug/app_app.a(flash.o)
 .rodata.str1.4
                0x3ffe92e0       0x5e build/debug/app_app.a(check.o)
                                 0x62 (size before relaxing)
 *fill*         0x3ffe933e        0x2 
 .rodata.str1.4
                0x3ffe9340      0x219 build/debug/app_app.a(mqtt.o)
                                0x21d (size before relaxing)
 *fill*         0x3ffe9559        0x3 
 .rodata.str1.4
                0x3ffe955c      0x4af build/debug/app_app.a(http.o)
                                0x4bf (size before relaxing)
 *fill*         0x3ffe9a0b        0x1 
 .rodata.str1.4
                0x3ffe9a0c       0xa8 build/debug/app_app.a(decodeMessage.o)
                                 0xb8 (size before relaxing)
 .rodata.str1.4
                0x3ffe9ab4       0xa7 build/debug/app_app.a(config.o)
 *fill*         0x3ffe9b5b        0x1 
 .rodata.str1.4
                0x3ffe9b5c      0x2cb build/debug/app_app.a(publish.o)
                                0x2e7 (size before relaxing)
 *fill*         0x3ffe9e27        0x1 
 .rodata.str1.4
                0x3ffe9e28       0xde build/debug/app_app.a(dht22.o)
                                 0xfa (size before relaxing)
 .rodata.str1.4
                0x00000000        0x1 build/debug/app_app.a(queue.o)
 *fill*         0x3ffe9f06        0x2 
 .rodata.str1.4
                0x3ffe9f08       0x2b build/debug/app_app.a(mqtt_msg.o)
 .rodata.str1.1
                0x3ffe9f33        0x4 c:/espressif/xtensa-lx106-elf/bin/../lib/gcc/xtensa-lx106-elf/5.1.0/../../../../xtensa-lx106-elf/lib\libc.a(lib_a-tzvars.o)
 .rodata.str1.1
                0x3ffe9f37        0x2 c:/espressif/xtensa-lx106-elf/bin/../lib/gcc/xtensa-lx106-elf/5.1.0/../../../../xtensa-lx106-elf/lib\libc.a(lib_a-impure.o)
 *fill*         0x3ffe9f39        0x3 
 .rodata.str1.4
                0x3ffe9f3c        0x4 c:/Espressif/ESP8266_SDK_151/lib\libpp.a(lmac.o)
                                  0xc (size before relaxing)
 .rodata.str1.4
                0x3ffe9f40        0x4 c:/Espressif/ESP8266_SDK_151/lib\libpp.a(pm_for_bcn_only_mode.o)
                                  0xc (size before relaxing)
 .rodata.str1.4
                0x3ffe9f44        0x8 c:/Espressif/ESP8266_SDK_151/lib\libpp.a(pp.o)
                                 0x10 (size before relaxing)
 .rodata.str1.4
                0x3ffe9f4c        0x4 c:/Espressif/ESP8266_SDK_151/lib\libpp.a(wdev.o)
                                  0xc (size before relaxing)
 .rodata.str1.4
                0x3ffe9f50        0x3 c:/Espressif/ESP8266_SDK_151/lib\libnet80211.a(ieee80211_hostap.o)
                                  0x8 (size before relaxing)
 *fill*         0x3ffe9f53        0x1 
 .rodata.str1.4
                0x3ffe9f54        0x7 c:/Espressif/ESP8266_SDK_151/lib\libnet80211.a(ieee80211_mesh_quick.o)
 .rodata.str1.4
                0x00000000        0x4 c:/Espressif/ESP8266_SDK_151/lib\libnet80211.a(ieee80211_sta.o)
 .rodata.str1.4
                0x00000000        0x4 c:/Espressif/ESP8266_SDK_151/lib\libnet80211.a(ieee80211_action_vendor.o)
 .rodata.str1.4
                0x00000000        0x4 c:/Espressif/ESP8266_SDK_151/lib\libnet80211.a(ieee80211_ie_vendor.o)
 .rodata.str1.4
                0x00000000        0x1 c:/Espressif/ESP8266_SDK_151/lib\liblwip.a(espconn_tcp.o)
 *fill*         0x3ffe9f5b        0x1 
 .rodata.str1.4
                0x3ffe9f5c        0xd c:/Espressif/ESP8266_SDK_151/lib\libwpa.a(wpa_debug.o)
 *fill*         0x3ffe9f69        0x3 
 .rodata.str1.4
                0x3ffe9f6c        0xd c:/Espressif/ESP8266_SDK_151/lib\libsmartconfig.a(sc_sniffer.o)
 *fill*         0x3ffe9f79        0x3 
 .rodata.str1.4
                0x3ffe9f7c        0xd c:/Espressif/ESP8266_SDK_151/lib\libsmartconfig.a(sc_airkiss.o)
 *fill*         0x3ffe9f89        0x3 
 .rodata.str1.4
                0x3ffe9f8c       0x10 c:/Espressif/ESP8266_SDK_151/lib\libsmartconfig.a(sc_esptouch.o)
                                  0xe (size before relaxing)
 *(.gnu.linkonce.r.*)
 *(.rodata1)
                0x3ffe9f9c                __XT_EXCEPTION_TABLE__ = ABSOLUTE (.)
 *(.xt_except_table)
 *(.gcc_except_table)
 *(.gnu.linkonce.e.*)
 *(.gnu.version_r)
 *(.eh_frame)
 .eh_frame      0x3ffe9f9c       0x38 c:/espressif/xtensa-lx106-elf/bin/../lib/gcc/xtensa-lx106-elf/5.1.0\libgcc.a(_divdi3.o)
 .eh_frame      0x3ffe9fd4       0x2c c:/espressif/xtensa-lx106-elf/bin/../lib/gcc/xtensa-lx106-elf/5.1.0\libgcc.a(_umoddi3.o)
                                 0x3c (size before relaxing)
 *crtbegin.o(.ctors)
 *(EXCLUDE_FILE(*crtend.o) .ctors)
 *(SORT(.ctors.*))
 *(.ctors)
 *crtbegin.o(.dtors)
 *(EXCLUDE_FILE(*crtend.o) .dtors)
 *(SORT(.dtors.*))
 *(.dtors)
                0x3ffea000                __XT_EXCEPTION_DESCS__ = ABSOLUTE (.)
 *(.xt_except_desc)
 *(.gnu.linkonce.h.*)
                0x3ffea000                __XT_EXCEPTION_DESCS_END__ = ABSOLUTE (.)
 *(.xt_except_desc_end)
 *(.dynamic)
 *(.gnu.version_d)
                0x3ffea000                . = ALIGN (0x4)
                0x3ffea000                _bss_table_start = ABSOLUTE (.)
                0x3ffea000        0x4 LONG 0x3ffea008 _bss_start
                0x3ffea004        0x4 LONG 0x3fff0a28 _bss_end
                0x3ffea008                _bss_table_end = ABSOLUTE (.)
                0x3ffea008                _rodata_end = ABSOLUTE (.)

.bss            0x3ffea008     0x6a20
                0x3ffea008                . = ALIGN (0x8)
                0x3ffea008                _bss_start = ABSOLUTE (.)
 *(.dynsbss)
 *(.sbss)
 *(.sbss.*)
 *(.gnu.linkonce.sb.*)
 *(.scommon)
 *(.sbss2)
 *(.sbss2.*)
 *(.gnu.linkonce.sb2.*)
 *(.dynbss)
 *(.bss)
 .bss           0x3ffea008        0x0 c:/Espressif/ESP8266_SDK_151/lib\libmain.a(debug-vector.o)
 .bss           0x3ffea008        0x0 c:/Espressif/ESP8266_SDK_151/lib\libmain.a(double-vector.o)
 .bss           0x3ffea008        0x0 c:/Espressif/ESP8266_SDK_151/lib\libmain.a(kernel-vector.o)
 *fill*         0x3ffea008        0x8 
 .bss           0x3ffea010      0x1c0 c:/Espressif/ESP8266_SDK_151/lib\libmain.a(nmi-vector.o)
 .bss           0x3ffea1d0        0x0 c:/Espressif/ESP8266_SDK_151/lib\libmain.a(user-vector.o)
 .bss           0x3ffea1d0        0x0 c:/Espressif/ESP8266_SDK_151/lib\libmain.a(vector.o)
 .bss           0x3ffea1d0       0x41 c:/Espressif/ESP8266_SDK_151/lib\libmain.a(app_main.o)
                0x3ffea1d4                info
                0x3ffea1f8                lwip_timer_interval
                0x3ffea1fc                check_timeouts_timer
                0x3ffea210                user_init_flag
 *fill*         0x3ffea211        0xf 
 .bss           0x3ffea220       0x30 c:/Espressif/ESP8266_SDK_151/lib\libmain.a(ets_timer.o)
                0x3ffea220                timer_list
                0x3ffea224                debug_timer
                0x3ffea228                debug_timerfn
 .bss           0x3ffea250       0x3c c:/Espressif/ESP8266_SDK_151/lib\libmain.a(mem_manager.o)
 .bss           0x3ffea28c        0x4 c:/Espressif/ESP8266_SDK_151/lib\libmain.a(spi_flash.o)
                0x3ffea28c                flash_read
 .bss           0x3ffea290      0x242 c:/Espressif/ESP8266_SDK_151/lib\libmain.a(user_interface.o)
                0x3ffea387                deep_sleep_flag
                0x3ffea388                cpu_overclock
                0x3ffea38c                event_cb
                0x3ffea390                status_led_output_level
                0x3ffea394                done_cb
                0x3ffea398                rst_if
                0x3ffea3b4                default_interface
                0x3ffea3b5                OpmodChgIsOnGoing
                0x3ffea3b8                promiscuous_cb
                0x3ffea3d0                event_TaskQueue
 .bss           0x3ffea4d2        0x0 c:/Espressif/ESP8266_SDK_151/lib\libmain.a(eagle_lib.o)
 *fill*         0x3ffea4d2        0x2 
 .bss           0x3ffea4d4        0xc c:/Espressif/ESP8266_SDK_151/lib\libmain.a(eagle_lwip_if.o)
                0x3ffea4d4                hostname
 .bss           0x3ffea4e0       0x34 build/debug/app_app.a(user_main.o)
 .bss           0x3ffea514       0x93 build/debug/app_app.a(io.o)
 .bss           0x3ffea5a7        0x0 build/debug/app_app.a(sysCfg.o)
 *fill*         0x3ffea5a7        0x1 
 .bss           0x3ffea5a8       0x24 build/debug/app_app.a(switch.o)
 .bss           0x3ffea5cc        0x0 build/debug/app_app.a(easygpio.o)
 .bss           0x3ffea5cc       0x8c build/debug/app_app.a(wifi.o)
                0x3ffea5cc                wifiCb
 .bss           0x3ffea658       0x28 build/debug/app_app.a(flash.o)
 .bss           0x3ffea680        0x1 build/debug/app_app.a(doSmartConfig.o)
 .bss           0x3ffea681        0x0 build/debug/app_app.a(dtoa.o)
 .bss           0x3ffea681        0x0 build/debug/app_app.a(stdout.o)
 .bss           0x3ffea681        0x0 build/debug/app_app.a(check.o)
 *fill*         0x3ffea681        0x3 
 .bss           0x3ffea684        0x8 build/debug/app_app.a(mqtt.o)
                0x3ffea684                default_private_key_len
                0x3ffea688                default_certificate_len
 .bss           0x3ffea68c       0x58 build/debug/app_app.a(http.o)
                0x3ffea68c                httpSetupMode
 .bss           0x3ffea6e4        0x0 build/debug/app_app.a(decodeMessage.o)
 .bss           0x3ffea6e4       0x1c build/debug/app_app.a(config.o)
 .bss           0x3ffea700        0x4 build/debug/app_app.a(publish.o)
 .bss           0x3ffea704       0x9c build/debug/app_app.a(dht22.o)
 .bss           0x3ffea7a0        0x0 build/debug/app_app.a(utils.o)
 .bss           0x3ffea7a0        0x0 build/debug/app_app.a(queue.o)
 .bss           0x3ffea7a0        0x0 build/debug/app_app.a(mqtt_msg.o)
 .bss           0x3ffea7a0        0x0 build/debug/app_app.a(ringbuf.o)
 .bss           0x3ffea7a0        0x0 build/debug/app_app.a(proto.o)
 .bss           0x3ffea7a0        0x0 c:/espressif/xtensa-lx106-elf/bin/../lib/gcc/xtensa-lx106-elf/5.1.0/../../../../xtensa-lx106-elf/lib\libc.a(lib_a-atoi.o)
 .bss           0x3ffea7a0        0x0 c:/espressif/xtensa-lx106-elf/bin/../lib/gcc/xtensa-lx106-elf/5.1.0/../../../../xtensa-lx106-elf/lib\libc.a(lib_a-atol.o)
 .bss           0x3ffea7a0        0x0 c:/espressif/xtensa-lx106-elf/bin/../lib/gcc/xtensa-lx106-elf/5.1.0/../../../../xtensa-lx106-elf/lib\libc.a(lib_a-lcltime.o)
 .bss           0x3ffea7a0        0x0 c:/espressif/xtensa-lx106-elf/bin/../lib/gcc/xtensa-lx106-elf/5.1.0/../../../../xtensa-lx106-elf/lib\libc.a(lib_a-lcltime_r.o)
 .bss           0x3ffea7a0        0x0 c:/espressif/xtensa-lx106-elf/bin/../lib/gcc/xtensa-lx106-elf/5.1.0/../../../../xtensa-lx106-elf/lib\libc.a(lib_a-memcpy.o)
 .bss           0x3ffea7a0        0x0 c:/espressif/xtensa-lx106-elf/bin/../lib/gcc/xtensa-lx106-elf/5.1.0/../../../../xtensa-lx106-elf/lib\libc.a(lib_a-memset.o)
 .bss           0x3ffea7a0        0x0 c:/espressif/xtensa-lx106-elf/bin/../lib/gcc/xtensa-lx106-elf/5.1.0/../../../../xtensa-lx106-elf/lib\libc.a(lib_a-mktm_r.o)
 .bss           0x3ffea7a0        0x0 c:/espressif/xtensa-lx106-elf/bin/../lib/gcc/xtensa-lx106-elf/5.1.0/../../../../xtensa-lx106-elf/lib\libc.a(lib_a-strcmp.o)
 .bss           0x3ffea7a0        0x0 c:/espressif/xtensa-lx106-elf/bin/../lib/gcc/xtensa-lx106-elf/5.1.0/../../../../xtensa-lx106-elf/lib\libc.a(lib_a-strlen.o)
 .bss           0x3ffea7a0        0x0 c:/espressif/xtensa-lx106-elf/bin/../lib/gcc/xtensa-lx106-elf/5.1.0/../../../../xtensa-lx106-elf/lib\libc.a(lib_a-strtol.o)
 .bss           0x3ffea7a0        0x0 c:/espressif/xtensa-lx106-elf/bin/../lib/gcc/xtensa-lx106-elf/5.1.0/../../../../xtensa-lx106-elf/lib\libc.a(lib_a-tzlock.o)
 .bss           0x3ffea7a0        0x8 c:/espressif/xtensa-lx106-elf/bin/../lib/gcc/xtensa-lx106-elf/5.1.0/../../../../xtensa-lx106-elf/lib\libc.a(lib_a-tzvars.o)
                0x3ffea7a0                _timezone
                0x3ffea7a4                _daylight
 .bss           0x3ffea7a8        0x0 c:/espressif/xtensa-lx106-elf/bin/../lib/gcc/xtensa-lx106-elf/5.1.0/../../../../xtensa-lx106-elf/lib\libc.a(lib_a-ctype_.o)
 .bss           0x3ffea7a8        0x0 c:/espressif/xtensa-lx106-elf/bin/../lib/gcc/xtensa-lx106-elf/5.1.0/../../../../xtensa-lx106-elf/lib\libc.a(lib_a-gettzinfo.o)
 .bss           0x3ffea7a8        0x0 c:/espressif/xtensa-lx106-elf/bin/../lib/gcc/xtensa-lx106-elf/5.1.0/../../../../xtensa-lx106-elf/lib\libc.a(lib_a-impure.o)
 .bss           0x3ffea7a8        0x0 c:/espressif/xtensa-lx106-elf/bin/../lib/gcc/xtensa-lx106-elf/5.1.0\libgcc.a(_divsi3.o)
 .bss           0x3ffea7a8        0x0 c:/espressif/xtensa-lx106-elf/bin/../lib/gcc/xtensa-lx106-elf/5.1.0\libgcc.a(_modsi3.o)
 .bss           0x3ffea7a8        0x0 c:/espressif/xtensa-lx106-elf/bin/../lib/gcc/xtensa-lx106-elf/5.1.0\libgcc.a(_udivsi3.o)
 .bss           0x3ffea7a8        0x0 c:/espressif/xtensa-lx106-elf/bin/../lib/gcc/xtensa-lx106-elf/5.1.0\libgcc.a(_umodsi3.o)
 .bss           0x3ffea7a8        0x0 c:/espressif/xtensa-lx106-elf/bin/../lib/gcc/xtensa-lx106-elf/5.1.0\libgcc.a(_addsubsf3.o)
 .bss           0x3ffea7a8        0x0 c:/espressif/xtensa-lx106-elf/bin/../lib/gcc/xtensa-lx106-elf/5.1.0\libgcc.a(_mulsf3.o)
 .bss           0x3ffea7a8        0x0 c:/espressif/xtensa-lx106-elf/bin/../lib/gcc/xtensa-lx106-elf/5.1.0\libgcc.a(_divsf3.o)
 .bss           0x3ffea7a8        0x0 c:/espressif/xtensa-lx106-elf/bin/../lib/gcc/xtensa-lx106-elf/5.1.0\libgcc.a(_cmpsf2.o)
 .bss           0x3ffea7a8        0x0 c:/espressif/xtensa-lx106-elf/bin/../lib/gcc/xtensa-lx106-elf/5.1.0\libgcc.a(_fixsfsi.o)
 .bss           0x3ffea7a8        0x0 c:/espressif/xtensa-lx106-elf/bin/../lib/gcc/xtensa-lx106-elf/5.1.0\libgcc.a(_floatsisf.o)
 .bss           0x3ffea7a8        0x0 c:/espressif/xtensa-lx106-elf/bin/../lib/gcc/xtensa-lx106-elf/5.1.0\libgcc.a(_addsubdf3.o)
 .bss           0x3ffea7a8        0x0 c:/espressif/xtensa-lx106-elf/bin/../lib/gcc/xtensa-lx106-elf/5.1.0\libgcc.a(_muldf3.o)
 .bss           0x3ffea7a8        0x0 c:/espressif/xtensa-lx106-elf/bin/../lib/gcc/xtensa-lx106-elf/5.1.0\libgcc.a(_divdf3.o)
 .bss           0x3ffea7a8        0x0 c:/espressif/xtensa-lx106-elf/bin/../lib/gcc/xtensa-lx106-elf/5.1.0\libgcc.a(_cmpdf2.o)
 .bss           0x3ffea7a8        0x0 c:/espressif/xtensa-lx106-elf/bin/../lib/gcc/xtensa-lx106-elf/5.1.0\libgcc.a(_fixunsdfsi.o)
 .bss           0x3ffea7a8        0x0 c:/espressif/xtensa-lx106-elf/bin/../lib/gcc/xtensa-lx106-elf/5.1.0\libgcc.a(_floatsidf.o)
 .bss           0x3ffea7a8        0x0 c:/espressif/xtensa-lx106-elf/bin/../lib/gcc/xtensa-lx106-elf/5.1.0\libgcc.a(_extendsfdf2.o)
 .bss           0x3ffea7a8        0x0 c:/espressif/xtensa-lx106-elf/bin/../lib/gcc/xtensa-lx106-elf/5.1.0\libgcc.a(_muldi3.o)
 .bss           0x3ffea7a8        0x0 c:/espressif/xtensa-lx106-elf/bin/../lib/gcc/xtensa-lx106-elf/5.1.0\libgcc.a(_umulsidi3.o)
 .bss           0x3ffea7a8        0x0 c:/espressif/xtensa-lx106-elf/bin/../lib/gcc/xtensa-lx106-elf/5.1.0/../../../../xtensa-lx106-elf/lib\libhal.a(int_asm--set_intclear.o)
 .bss           0x3ffea7a8        0x4 c:/Espressif/ESP8266_SDK_151/lib\libphy.a(phy.o)
 .bss           0x3ffea7ac        0x2 c:/Espressif/ESP8266_SDK_151/lib\libphy.a(phy_chip_v6_ana.o)
                0x3ffea7ac                tout_dis_txpwr_track
                0x3ffea7ad                sleep_mode_flag
 *fill*         0x3ffea7ae        0x2 
 .bss           0x3ffea7b0      0x160 c:/Espressif/ESP8266_SDK_151/lib\libphy.a(phy_chip_v6.o)
                0x3ffea7b0                g_phyFuns
                0x3ffea7b4                rxiq_compute_num
                0x3ffea7b8                rx_table_renew_en
                0x3ffea7bc                check_result
                0x3ffea7c0                chip6_sleep_params
                0x3ffea854                chip6_phy_init_ctrl
                0x3ffea8c8                phy_freq_offset
                0x3ffea8ca                do_pwctrl_flag
                0x3ffea8cb                pwctrl_debug
                0x3ffea8cc                txbk_dpdby_flag
                0x3ffea8ce                sw_scan_mode
                0x3ffea8cf                rxmax_ext_level
                0x3ffea8d0                phy_rx_gain_dc_table
                0x3ffea8e4                periodic_cal_dc_num
                0x3ffea8e8                periodic_cal_flag
                0x3ffea8e9                bbpll_cal_flag
                0x3ffea8ea                phy_in_most_power
                0x3ffea8eb                init_rf_no_cal
                0x3ffea8ec                test_print_time
                0x3ffea8f0                phy_rx_gain_dc_flag
                0x3ffea8f1                phy_in_vdd33_offset
                0x3ffea8f2                phy_set_most_tpw_disbg
                0x3ffea8f3                phy_set_most_tpw_index
                0x3ffea8f4                adc_rand_noise
                0x3ffea8f8                dpd_bypass_original
                0x3ffea900                noise_array
 .bss           0x3ffea910        0x8 c:/Espressif/ESP8266_SDK_151/lib\libphy.a(phy_chip_v6_cal.o)
                0x3ffea910                phy_tx_power_out
                0x3ffea912                loop_pwctrl_pwdet_error_accum_high_power
                0x3ffea914                tx_pwctrl_pk_num
                0x3ffea915                tx_pwctrl_track_num
                0x3ffea916                loop_pwctrl_correct_atten_high_power
                0x3ffea917                rxiq_cover_fail_num
 .bss           0x3ffea918        0x0 c:/Espressif/ESP8266_SDK_151/lib\libphy.a(phy_chip_v6_unused.o)
 .bss           0x3ffea918        0x7 c:/Espressif/ESP8266_SDK_151/lib\libphy.a(phy_sleep.o)
                0x3ffea918                periodic_cal_sat
                0x3ffea91a                lslp_mem_opt_8266
                0x3ffea91c                software_slp_reject
                0x3ffea91d                SDIO_slp_reject
                0x3ffea91e                hardware_reject
 *fill*         0x3ffea91f        0x1 
 .bss           0x3ffea920       0x40 c:/Espressif/ESP8266_SDK_151/lib\libpp.a(if_hwctrl.o)
                0x3ffea920                interface_mask
                0x3ffea940                if_ctrl
 .bss           0x3ffea960      0x150 c:/Espressif/ESP8266_SDK_151/lib\libpp.a(lmac.o)
                0x3ffea964                lmacConfMib
                0x3ffea988                our_tx_eb
 .bss           0x3ffeaab0      0x11a c:/Espressif/ESP8266_SDK_151/lib\libpp.a(pm.o)
                0x3ffeaab0                pmc
                0x3ffeab90                flash_tmp
 *fill*         0x3ffeabca        0x2 
 .bss           0x3ffeabcc       0x34 c:/Espressif/ESP8266_SDK_151/lib\libpp.a(pm_for_bcn_only_mode.o)
 .bss           0x3ffeac00      0x322 c:/Espressif/ESP8266_SDK_151/lib\libpp.a(pp.o)
                0x3ffeac18                pend_flag_noise_check
                0x3ffeac20                pend_flag_periodic_cal
                0x3ffeac38                idle_timer_reopen_flag
                0x3ffeac3a                dbg_stop_sw_wdt
                0x3ffeac3b                dbg_stop_hw_wdt
                0x3ffeac3d                total_buffed_eb_num
                0x3ffeac40                HighestFreqOffsetInOneChk
                0x3ffeac42                LowestFreqOffsetInOneChk
                0x3ffeac44                DefFreqCalTimer
                0x3ffeac58                PktNumInOneChk
                0x3ffeade0                buffed_eb_arr
 *fill*         0x3ffeaf22        0xe 
 .bss           0x3ffeaf30      0x100 c:/Espressif/ESP8266_SDK_151/lib\libpp.a(rate_control.o)
 .bss           0x3ffeb030      0x46c c:/Espressif/ESP8266_SDK_151/lib\libpp.a(trc.o)
 *fill*         0x3ffeb49c        0x4 
 .bss           0x3ffeb4a0     0x2f88 c:/Espressif/ESP8266_SDK_151/lib\libpp.a(wdev.o)
                0x3ffeb4a0                wDevCtrl
                0x3ffeb648                WdevTimOffSet
 *fill*         0x3ffee428        0x8 
 .bss           0x3ffee430      0xaa4 c:/Espressif/ESP8266_SDK_151/lib\libpp.a(esf_buf.o)
 .bss           0x3ffeeed4      0x67c c:/Espressif/ESP8266_SDK_151/lib\libnet80211.a(ieee80211.o)
                0x3ffeeed4                g_ic
 .bss           0x3ffef550        0x0 c:/Espressif/ESP8266_SDK_151/lib\libnet80211.a(ieee80211_crypto.o)
 .bss           0x3ffef550        0x0 c:/Espressif/ESP8266_SDK_151/lib\libnet80211.a(ieee80211_ets.o)
 .bss           0x3ffef550       0x56 c:/Espressif/ESP8266_SDK_151/lib\libnet80211.a(ieee80211_hostap.o)
                0x3ffef550                BcnEb_update
                0x3ffef55d                BcnWithMcastSendStart
                0x3ffef55e                BcnWithMcastSendCnt
                0x3ffef578                PendFreeBcnEb
                0x3ffef57c                ApFreqCalTimer
                0x3ffef590                APRecvBcnStartTick
 .bss           0x3ffef5a6        0x0 c:/Espressif/ESP8266_SDK_151/lib\libnet80211.a(ieee80211_ht.o)
 .bss           0x3ffef5a6        0x0 c:/Espressif/ESP8266_SDK_151/lib\libnet80211.a(ieee80211_input.o)
 .bss           0x3ffef5a6        0x0 c:/Espressif/ESP8266_SDK_151/lib\libnet80211.a(ieee80211_mesh_quick.o)
 .bss           0x3ffef5a6        0x0 c:/Espressif/ESP8266_SDK_151/lib\libnet80211.a(ieee80211_output.o)
 .bss           0x3ffef5a6        0x0 c:/Espressif/ESP8266_SDK_151/lib\libnet80211.a(ieee80211_phy.o)
 .bss           0x3ffef5a6        0x0 c:/Espressif/ESP8266_SDK_151/lib\libnet80211.a(ieee80211_power.o)
 .bss           0x3ffef5a6        0x0 c:/Espressif/ESP8266_SDK_151/lib\libnet80211.a(ieee80211_proto.o)
 .bss           0x3ffef5a6        0x0 c:/Espressif/ESP8266_SDK_151/lib\libnet80211.a(ieee80211_rfid.o)
 *fill*         0x3ffef5a6        0x2 
 .bss           0x3ffef5a8       0xc8 c:/Espressif/ESP8266_SDK_151/lib\libnet80211.a(ieee80211_scan.o)
                0x3ffef5a8                gScanStruct
                0x3ffef654                connect_scan_flag
                0x3ffef655                FreqCalCntForScan
                0x3ffef656                TestStaFreqCalValInput
                0x3ffef658                auth_type
                0x3ffef65a                scannum
 .bss           0x3ffef670       0x10 c:/Espressif/ESP8266_SDK_151/lib\libnet80211.a(ieee80211_sta.o)
 .bss           0x3ffef680       0x3c c:/Espressif/ESP8266_SDK_151/lib\libnet80211.a(wl_chm.o)
 *fill*         0x3ffef6bc        0x4 
 .bss           0x3ffef6c0      0x37a c:/Espressif/ESP8266_SDK_151/lib\libnet80211.a(wl_cnx.o)
                0x3ffefa20                sta_con_timer
                0x3ffefa34                g_cnx_probe_rc_list_cb
                0x3ffefa38                reconnect_flag
                0x3ffefa39                no_ap_found_index
 .bss           0x3ffefa3a        0x0 c:/Espressif/ESP8266_SDK_151/lib\libnet80211.a(ieee80211_action.o)
 *fill*         0x3ffefa3a        0x2 
 .bss           0x3ffefa3c       0x10 c:/Espressif/ESP8266_SDK_151/lib\libnet80211.a(ieee80211_action_vendor.o)
 .bss           0x3ffefa4c        0x0 c:/Espressif/ESP8266_SDK_151/lib\libnet80211.a(ieee80211_crypto_ccmp.o)
 .bss           0x3ffefa4c        0x0 c:/Espressif/ESP8266_SDK_151/lib\libnet80211.a(ieee80211_ie_vendor.o)
 *fill*         0x3ffefa4c        0x4 
 .bss           0x3ffefa50       0x38 c:/Espressif/ESP8266_SDK_151/lib\liblwip.a(dhcp.o)
                0x3ffefa50                dhcp_rx_options_given
                0x3ffefa60                dhcp_rx_options_val
 .bss           0x3ffefa88       0x28 c:/Espressif/ESP8266_SDK_151/lib\liblwip.a(dhcpserver.o)
 .bss           0x3ffefab0      0x480 c:/Espressif/ESP8266_SDK_151/lib\liblwip.a(dns.o)
 .bss           0x3ffeff30      0x104 c:/Espressif/ESP8266_SDK_151/lib\liblwip.a(espconn.o)
                0x3ffeff30                plink_active
                0x3ffeff34                pserver_list
                0x3ffeff40                premot
                0x3fff0000                pktinfo
 *fill*         0x3fff0034        0xc 
 .bss           0x3fff0040       0x78 c:/Espressif/ESP8266_SDK_151/lib\liblwip.a(espconn_tcp.o)
                0x3fff0040                espconn_TaskQueue
 .bss           0x3fff00b8        0x0 c:/Espressif/ESP8266_SDK_151/lib\liblwip.a(espconn_udp.o)
 *fill*         0x3fff00b8        0x8 
 .bss           0x3fff00c0      0x100 c:/Espressif/ESP8266_SDK_151/lib\liblwip.a(etharp.o)
                0x3fff00c4                ethzero
 .bss           0x3fff01c0        0xc c:/Espressif/ESP8266_SDK_151/lib\liblwip.a(igmp.o)
 .bss           0x3fff01cc        0x0 c:/Espressif/ESP8266_SDK_151/lib\liblwip.a(inet_chksum.o)
 .bss           0x3fff01cc        0x0 c:/Espressif/ESP8266_SDK_151/lib\liblwip.a(init.o)
 *fill*         0x3fff01cc        0x4 
 .bss           0x3fff01d0       0x10 c:/Espressif/ESP8266_SDK_151/lib\liblwip.a(ip_addr.o)
 .bss           0x3fff01e0       0x12 c:/Espressif/ESP8266_SDK_151/lib\liblwip.a(ip.o)
                0x3fff01e0                current_iphdr_dest
                0x3fff01e4                current_iphdr_src
                0x3fff01e8                current_netif
                0x3fff01ec                current_header
 .bss           0x3fff01f2        0x0 c:/Espressif/ESP8266_SDK_151/lib\liblwip.a(memp.o)
 *fill*         0x3fff01f2        0x2 
 .bss           0x3fff01f4        0x9 c:/Espressif/ESP8266_SDK_151/lib\liblwip.a(netif.o)
                0x3fff01f4                netif_list
                0x3fff01f8                netif_default
 .bss           0x3fff01fd        0x0 c:/Espressif/ESP8266_SDK_151/lib\liblwip.a(pbuf.o)
 *fill*         0x3fff01fd        0x3 
 .bss           0x3fff0200        0x4 c:/Espressif/ESP8266_SDK_151/lib\liblwip.a(raw.o)
 .bss           0x3fff0204       0x34 c:/Espressif/ESP8266_SDK_151/lib\liblwip.a(tcp_in.o)
                0x3fff0234                tcp_input_pcb
 .bss           0x3fff0238       0x1c c:/Espressif/ESP8266_SDK_151/lib\liblwip.a(tcp.o)
                0x3fff023c                tcp_active_pcbs
                0x3fff0240                tcp_tmp_pcb
                0x3fff0244                tcp_tw_pcbs
                0x3fff0248                tcp_bound_pcbs
                0x3fff024c                tcp_listen_pcbs
                0x3fff0250                tcp_ticks
 .bss           0x3fff0254        0x0 c:/Espressif/ESP8266_SDK_151/lib\liblwip.a(tcp_out.o)
 .bss           0x3fff0254        0xc c:/Espressif/ESP8266_SDK_151/lib\liblwip.a(timers.o)
 .bss           0x3fff0260        0x4 c:/Espressif/ESP8266_SDK_151/lib\liblwip.a(udp.o)
                0x3fff0260                udp_pcbs
 .bss           0x3fff0264        0x0 c:/Espressif/ESP8266_SDK_151/lib\liblwip.a(icmp.o)
 .bss           0x3fff0264        0x0 c:/Espressif/ESP8266_SDK_151/lib\libwpa.a(ap_config.o)
 .bss           0x3fff0264        0x0 c:/Espressif/ESP8266_SDK_151/lib\libwpa.a(common.o)
 .bss           0x3fff0264        0x0 c:/Espressif/ESP8266_SDK_151/lib\libwpa.a(os_xtensa.o)
 .bss           0x3fff0264        0x0 c:/Espressif/ESP8266_SDK_151/lib\libwpa.a(wpa_auth.o)
 .bss           0x3fff0264        0x0 c:/Espressif/ESP8266_SDK_151/lib\libwpa.a(wpa_auth_ie.o)
 *fill*         0x3fff0264        0xc 
 .bss           0x3fff0270      0x26a c:/Espressif/ESP8266_SDK_151/lib\libwpa.a(wpa.o)
 .bss           0x3fff04da        0x0 c:/Espressif/ESP8266_SDK_151/lib\libwpa.a(wpa_common.o)
 .bss           0x3fff04da        0x0 c:/Espressif/ESP8266_SDK_151/lib\libwpa.a(wpa_debug.o)
 .bss           0x3fff04da        0x0 c:/Espressif/ESP8266_SDK_151/lib\libwpa.a(wpa_ie.o)
 .bss           0x3fff04da        0x0 c:/Espressif/ESP8266_SDK_151/lib\libwpa.a(wpa_main.o)
 .bss           0x3fff04da        0x0 c:/Espressif/ESP8266_SDK_151/lib\libwpa.a(wpas_glue.o)
 *fill*         0x3fff04da        0x2 
 .bss           0x3fff04dc       0x30 c:/Espressif/ESP8266_SDK_151/lib\libsmartconfig.a(sc_sniffer.o)
                0x3fff04dc                pAPListHead
                0x3fff04e0                pAPListTral
                0x3fff04e4                smartconfig_cb
                0x3fff04e8                SnifGlob
                0x3fff04f8                channel_timer
 .bss           0x3fff050c       0xcc c:/Espressif/ESP8266_SDK_151/lib\libsmartconfig.a(sc_airkiss.o)
                0x3fff050c                pAKGuideGlob
                0x3fff0510                p_kiss
                0x3fff0514                p_kiss_ht40
                0x3fff0518                KissRes_ht20_timer
                0x3fff0594                KissRes_ht40_timer
                0x3fff05a8                pKissConn
                0x3fff05c4                weixin_timer
 .bss           0x3fff05d8       0xd4 c:/Espressif/ESP8266_SDK_151/lib\libsmartconfig.a(sc_esptouch.o)
                0x3fff05d8                pETGuideGlob
                0x3fff05dc                pCHListHead
                0x3fff05e0                pCHListTral
                0x3fff05e4                pTouchGlob
                0x3fff05e8                TouchRestart_ht20_timer
                0x3fff0664                TouchRestart_ht40_timer
                0x3fff0678                pTouchConn
                0x3fff0694                TouchUdpTimer
 .bss           0x3fff06ac        0x0 c:/Espressif/ESP8266_SDK_151/lib\libcrypto.a(aes-wrap.o)
 .bss           0x3fff06ac        0x0 c:/Espressif/ESP8266_SDK_151/lib\libcrypto.a(aes-internal-enc.o)
 .bss           0x3fff06ac        0x0 c:/Espressif/ESP8266_SDK_151/lib\libcrypto.a(aes-internal.o)
 .bss           0x3fff06ac        0x0 c:/espressif/xtensa-lx106-elf/bin/../lib/gcc/xtensa-lx106-elf/5.1.0\libgcc.a(_ashrdi3.o)
 .bss           0x3fff06ac        0x0 c:/espressif/xtensa-lx106-elf/bin/../lib/gcc/xtensa-lx106-elf/5.1.0\libgcc.a(_fixunssfsi.o)
 .bss           0x3fff06ac        0x0 c:/espressif/xtensa-lx106-elf/bin/../lib/gcc/xtensa-lx106-elf/5.1.0\libgcc.a(_fixdfsi.o)
 .bss           0x3fff06ac        0x0 c:/espressif/xtensa-lx106-elf/bin/../lib/gcc/xtensa-lx106-elf/5.1.0\libgcc.a(_truncdfsf2.o)
 .bss           0x3fff06ac        0x0 c:/espressif/xtensa-lx106-elf/bin/../lib/gcc/xtensa-lx106-elf/5.1.0\libgcc.a(_divdi3.o)
 .bss           0x3fff06ac        0x0 c:/espressif/xtensa-lx106-elf/bin/../lib/gcc/xtensa-lx106-elf/5.1.0\libgcc.a(_umoddi3.o)
 *fill*         0x3fff06ac        0x4 
 .bss           0x3fff06b0        0x8 c:/Espressif/ESP8266_SDK_151/lib\libnet80211.a(ieee80211_crypto_tkip.o)
 .bss           0x3fff06b8        0x0 c:/Espressif/ESP8266_SDK_151/lib\libnet80211.a(ieee80211_crypto_wep.o)
 *(.bss.*)
 *(.gnu.linkonce.b.*)
 *(COMMON)
 COMMON         0x3fff06b8      0x1a0 build/debug/app_app.a(user_main.o)
                0x3fff06b8                savedLastAction
                0x3fff06bc                taskQueue
                0x3fff075c                mqttClient
                0x3fff082c                mqttConnected
                0x3fff0830                date_timer
                0x3fff0844                transmit_timer
 COMMON         0x3fff0858      0x1b4 build/debug/app_app.a(sysCfg.o)
                0x3fff0858                sysCfg
 COMMON         0x3fff0a0c        0x8 build/debug/app_app.a(flash.o)
                0x3fff0a0c                flashState
                0x3fff0a10                flashFinishedCb
 COMMON         0x3fff0a14       0x10 build/debug/app_app.a(mqtt.o)
                0x3fff0a14                default_private_key
                0x3fff0a18                default_certificate
                0x3fff0a1c                mqtt_procTaskQueue
 COMMON         0x3fff0a24        0x4 build/debug/app_app.a(config.o)
                0x3fff0a24                saveFlag
                0x3fff0a28                . = ALIGN (0x8)
                0x3fff0a28                _bss_end = ABSOLUTE (.)
                0x3fff0a28                _heap_start = ABSOLUTE (.)

.text           0x40100000     0x7bf0
                0x40100000                _stext = .
                0x40100000                _text_start = ABSOLUTE (.)
 *(.UserEnter.text)
 .UserEnter.text
                0x40100000        0xd c:/Espressif/ESP8266_SDK_151/lib\libmain.a(vector.o)
                                 0x14 (size before relaxing)
                0x40100004                call_user_start
                0x40100010                . = ALIGN (0x10)
 *fill*         0x4010000d        0x3 
 *(.DebugExceptionVector.text)
 .DebugExceptionVector.text
                0x40100010        0x6 c:/Espressif/ESP8266_SDK_151/lib\libmain.a(debug-vector.o)
                0x40100010                _DebugExceptionVector
                0x40100020                . = ALIGN (0x10)
 *fill*         0x40100016        0xa 
 *(.NMIExceptionVector.text)
 .NMIExceptionVector.text
                0x40100020        0x6 c:/Espressif/ESP8266_SDK_151/lib\libmain.a(nmi-vector.o)
                                  0xd (size before relaxing)
                0x40100020                _NMIExceptionVector
                0x40100030                . = ALIGN (0x10)
 *fill*         0x40100026        0xa 
 *(.KernelExceptionVector.text)
 .KernelExceptionVector.text
                0x40100030        0x6 c:/Espressif/ESP8266_SDK_151/lib\libmain.a(kernel-vector.o)
                0x40100030                _KernelExceptionVector
                0x40100036        0x4 LONG 0x0
                0x4010003a        0x4 LONG 0x0
                0x4010003e        0x4 LONG 0x0
                0x40100042        0x4 LONG 0x0
                0x40100050                . = ALIGN (0x10)
 *fill*         0x40100046        0xa 
 *(.UserExceptionVector.text)
 .UserExceptionVector.text
                0x40100050        0x6 c:/Espressif/ESP8266_SDK_151/lib\libmain.a(user-vector.o)
                                  0xd (size before relaxing)
                0x40100050                _UserExceptionVector
                0x40100056        0x4 LONG 0x0
                0x4010005a        0x4 LONG 0x0
                0x4010005e        0x4 LONG 0x0
                0x40100062        0x4 LONG 0x0
                0x40100070                . = ALIGN (0x10)
 *fill*         0x40100066        0xa 
 *(.DoubleExceptionVector.text)
 .DoubleExceptionVector.text
                0x40100070        0x6 c:/Espressif/ESP8266_SDK_151/lib\libmain.a(double-vector.o)
                0x40100070                _DoubleExceptionVector
                0x40100076        0x4 LONG 0x0
                0x4010007a        0x4 LONG 0x0
                0x4010007e        0x4 LONG 0x0
                0x40100082        0x4 LONG 0x0
                0x40100090                . = ALIGN (0x10)
 *fill*         0x40100086        0xa 
 *(.entry.text)
 *(.init.literal)
 *(.init)
 *(.literal .text .literal.* .text.* .stub .gnu.warning .gnu.linkonce.literal.* .gnu.linkonce.t.*.literal .gnu.linkonce.t.*)
 .text          0x40100090       0xc7 c:/Espressif/ESP8266_SDK_151/lib\libmain.a(nmi-vector.o)
                                 0xcb (size before relaxing)
                0x4010009c                _NMILevelVector
 *fill*         0x40100157        0x1 
 .text          0x40100158       0x1e c:/Espressif/ESP8266_SDK_151/lib\libmain.a(user-vector.o)
                0x4010015c                _UserExceptionVector_1
 *fill*         0x40100176        0x2 
 .text          0x40100178      0x55f c:/Espressif/ESP8266_SDK_151/lib\libmain.a(app_main.o)
                                0x5bb (size before relaxing)
                0x401001b0                Cache_Read_Enable_New
                0x401001ec                NmiTimSetFunc
                0x40100210                NMI_Handler
                0x40100268                call_user_start_local
                0x40100388                wdt_feed
 *fill*         0x401006d7        0x1 
 .text          0x401006d8      0x267 c:/Espressif/ESP8266_SDK_151/lib\libmain.a(ets_timer.o)
                                0x29f (size before relaxing)
                0x40100744                ets_timer_setfn
                0x401007bc                ets_timer_disarm
                0x4010084c                ets_timer_arm_new
 *fill*         0x4010093f        0x1 
 .text          0x40100940      0x30f c:/Espressif/ESP8266_SDK_151/lib\libmain.a(mem_manager.o)
                                0x367 (size before relaxing)
                0x40100944                prvInsertBlockIntoUsedList
                0x40100974                system_show_malloc
                0x40100974                pvShowMalloc
                0x40100a00                prvRemoveBlockFromUsedList
                0x40100a2c                xPortWantedSizeAlign
                0x40100a54                pvPortMalloc
                0x40100b1c                vPortFree
                0x40100b74                pvPortCalloc
                0x40100ba4                pvPortZalloc
                0x40100bc0                pvPortRealloc
 *fill*         0x40100c4f        0x1 
 .text          0x40100c50      0x269 c:/Espressif/ESP8266_SDK_151/lib\libmain.a(spi_flash.o)
                                0x2b5 (size before relaxing)
                0x40100c54                Cache_Read_Disable_2
                0x40100c94                Cache_Read_Enable_2
                0x40100ccc                spi_flash_get_id
                0x40100d28                spi_flash_read_status
                0x40100d5c                spi_flash_write_status
                0x40100ddc                spi_flash_erase_sector
                0x40100e10                spi_flash_write
                0x40100e64                spi_flash_read
 *fill*         0x40100eb9        0x3 
 .text          0x40100ebc      0x2ee c:/Espressif/ESP8266_SDK_151/lib\libmain.a(user_interface.o)
                                0x34a (size before relaxing)
                0x40100ed8                os_printf_plus
                0x40101004                system_restart_core
                0x4010103c                system_deep_sleep_local_2
                0x401010b0                system_get_time
                0x401010c8                system_os_post
                0x401010fc                system_rtc_mem_write
                0x40101154                system_rtc_mem_read
 *fill*         0x401011aa        0x2 
 .text          0x401011ac       0x9c build/debug/app_app.a(easygpio.o)
                0x401011b4                easygpio_outputSet
                0x40101214                easygpio_inputGet
 .text          0x40101248       0xf1 build/debug/app_app.a(flash.o)
                                0x111 (size before relaxing)
                0x40101278                startMultiFlash
                0x40101318                startMultiFlashCb
 *fill*         0x40101339        0x3 
 .text          0x4010133c       0x47 build/debug/app_app.a(publish.o)
                                 0x4b (size before relaxing)
 *fill*         0x40101383        0x1 
 .text          0x40101384      0x355 build/debug/app_app.a(dht22.o)
                                0x409 (size before relaxing)
 *fill*         0x401016d9        0x3 
 .literal       0x401016dc        0x0 c:/espressif/xtensa-lx106-elf/bin/../lib/gcc/xtensa-lx106-elf/5.1.0/../../../../xtensa-lx106-elf/lib\libc.a(lib_a-atoi.o)
                                  0x8 (size before relaxing)
 .literal       0x401016dc        0x0 c:/espressif/xtensa-lx106-elf/bin/../lib/gcc/xtensa-lx106-elf/5.1.0/../../../../xtensa-lx106-elf/lib\libc.a(lib_a-atol.o)
                                  0x8 (size before relaxing)
 .literal       0x401016dc        0x4 c:/espressif/xtensa-lx106-elf/bin/../lib/gcc/xtensa-lx106-elf/5.1.0/../../../../xtensa-lx106-elf/lib\libc.a(lib_a-lcltime.o)
                                  0x8 (size before relaxing)
 .literal       0x401016e0        0x0 c:/espressif/xtensa-lx106-elf/bin/../lib/gcc/xtensa-lx106-elf/5.1.0/../../../../xtensa-lx106-elf/lib\libc.a(lib_a-lcltime_r.o)
                                  0x4 (size before relaxing)
 .literal       0x401016e0       0x18 c:/espressif/xtensa-lx106-elf/bin/../lib/gcc/xtensa-lx106-elf/5.1.0/../../../../xtensa-lx106-elf/lib\libc.a(lib_a-mktm_r.o)
                                 0x88 (size before relaxing)
 .literal       0x401016f8       0x14 c:/espressif/xtensa-lx106-elf/bin/../lib/gcc/xtensa-lx106-elf/5.1.0/../../../../xtensa-lx106-elf/lib\libc.a(lib_a-strcmp.o)
                                 0x20 (size before relaxing)
 .literal       0x4010170c        0x0 c:/espressif/xtensa-lx106-elf/bin/../lib/gcc/xtensa-lx106-elf/5.1.0/../../../../xtensa-lx106-elf/lib\libc.a(lib_a-strlen.o)
                                  0xc (size before relaxing)
 .literal       0x4010170c        0xc c:/espressif/xtensa-lx106-elf/bin/../lib/gcc/xtensa-lx106-elf/5.1.0/../../../../xtensa-lx106-elf/lib\libc.a(lib_a-strtol.o)
                                 0x18 (size before relaxing)
 .literal       0x40101718        0x4 c:/espressif/xtensa-lx106-elf/bin/../lib/gcc/xtensa-lx106-elf/5.1.0/../../../../xtensa-lx106-elf/lib\libc.a(lib_a-gettzinfo.o)
 .literal       0x4010171c        0x4 c:/espressif/xtensa-lx106-elf/bin/../lib/gcc/xtensa-lx106-elf/5.1.0\libgcc.a(_addsubsf3.o)
                                  0xc (size before relaxing)
 .literal       0x40101720        0x0 c:/espressif/xtensa-lx106-elf/bin/../lib/gcc/xtensa-lx106-elf/5.1.0\libgcc.a(_mulsf3.o)
                                 0x10 (size before relaxing)
 .literal       0x40101720        0x0 c:/espressif/xtensa-lx106-elf/bin/../lib/gcc/xtensa-lx106-elf/5.1.0\libgcc.a(_divsf3.o)
                                 0x10 (size before relaxing)
 .literal       0x40101720        0x0 c:/espressif/xtensa-lx106-elf/bin/../lib/gcc/xtensa-lx106-elf/5.1.0\libgcc.a(_cmpsf2.o)
                                 0x18 (size before relaxing)
 .literal       0x40101720        0x0 c:/espressif/xtensa-lx106-elf/bin/../lib/gcc/xtensa-lx106-elf/5.1.0\libgcc.a(_fixsfsi.o)
                                  0x4 (size before relaxing)
 .literal       0x40101720        0x4 c:/espressif/xtensa-lx106-elf/bin/../lib/gcc/xtensa-lx106-elf/5.1.0\libgcc.a(_addsubdf3.o)
                                  0xc (size before relaxing)
 .literal       0x40101724        0x4 c:/espressif/xtensa-lx106-elf/bin/../lib/gcc/xtensa-lx106-elf/5.1.0\libgcc.a(_muldf3.o)
                                 0x10 (size before relaxing)
 .literal       0x40101728        0x0 c:/espressif/xtensa-lx106-elf/bin/../lib/gcc/xtensa-lx106-elf/5.1.0\libgcc.a(_divdf3.o)
                                 0x10 (size before relaxing)
 .literal       0x40101728        0x0 c:/espressif/xtensa-lx106-elf/bin/../lib/gcc/xtensa-lx106-elf/5.1.0\libgcc.a(_cmpdf2.o)
                                 0x18 (size before relaxing)
 .literal       0x40101728        0x0 c:/espressif/xtensa-lx106-elf/bin/../lib/gcc/xtensa-lx106-elf/5.1.0\libgcc.a(_fixunsdfsi.o)
                                  0x4 (size before relaxing)
 .literal       0x40101728        0x4 c:/espressif/xtensa-lx106-elf/bin/../lib/gcc/xtensa-lx106-elf/5.1.0\libgcc.a(_extendsfdf2.o)
                                  0x8 (size before relaxing)
 .literal       0x4010172c        0x0 c:/espressif/xtensa-lx106-elf/bin/../lib/gcc/xtensa-lx106-elf/5.1.0\libgcc.a(_muldi3.o)
                                  0x4 (size before relaxing)
 .literal       0x4010172c        0x0 c:/espressif/xtensa-lx106-elf/bin/../lib/gcc/xtensa-lx106-elf/5.1.0\libgcc.a(_fixunssfsi.o)
                                  0x4 (size before relaxing)
 .literal       0x4010172c        0x0 c:/espressif/xtensa-lx106-elf/bin/../lib/gcc/xtensa-lx106-elf/5.1.0\libgcc.a(_fixdfsi.o)
                                  0x4 (size before relaxing)
 .literal       0x4010172c        0x0 c:/espressif/xtensa-lx106-elf/bin/../lib/gcc/xtensa-lx106-elf/5.1.0\libgcc.a(_truncdfsf2.o)
                                  0x8 (size before relaxing)
 .literal       0x4010172c        0x0 c:/espressif/xtensa-lx106-elf/bin/../lib/gcc/xtensa-lx106-elf/5.1.0\libgcc.a(_divdi3.o)
                                 0x48 (size before relaxing)
 .literal       0x4010172c        0x0 c:/espressif/xtensa-lx106-elf/bin/../lib/gcc/xtensa-lx106-elf/5.1.0\libgcc.a(_umoddi3.o)
                                 0x48 (size before relaxing)
 .text          0x4010172c       0x27 c:/espressif/xtensa-lx106-elf/bin/../lib/gcc/xtensa-lx106-elf/5.1.0/../../../../xtensa-lx106-elf/lib\libc.a(lib_a-atoi.o)
                                 0x2f (size before relaxing)
                0x4010172c                atoi
                0x40101740                _atoi_r
 *fill*         0x40101753        0x1 
 .text          0x40101754       0x27 c:/espressif/xtensa-lx106-elf/bin/../lib/gcc/xtensa-lx106-elf/5.1.0/../../../../xtensa-lx106-elf/lib\libc.a(lib_a-atol.o)
                                 0x2f (size before relaxing)
                0x40101754                atol
                0x40101768                _atol_r
 *fill*         0x4010177b        0x1 
 .text          0x4010177c       0x17 c:/espressif/xtensa-lx106-elf/bin/../lib/gcc/xtensa-lx106-elf/5.1.0/../../../../xtensa-lx106-elf/lib\libc.a(lib_a-lcltime.o)
                                 0x1b (size before relaxing)
                0x4010177c                localtime
 *fill*         0x40101793        0x1 
 .text          0x40101794       0x14 c:/espressif/xtensa-lx106-elf/bin/../lib/gcc/xtensa-lx106-elf/5.1.0/../../../../xtensa-lx106-elf/lib\libc.a(lib_a-lcltime_r.o)
                0x40101794                localtime_r
 .text          0x401017a8      0x463 c:/espressif/xtensa-lx106-elf/bin/../lib/gcc/xtensa-lx106-elf/5.1.0/../../../../xtensa-lx106-elf/lib\libc.a(lib_a-mktm_r.o)
                                0x49f (size before relaxing)
                0x401017a8                __tzcalc_limits
                0x40101918                _mktm_r
 *fill*         0x40101c0b        0x1 
 .text          0x40101c0c       0xff c:/espressif/xtensa-lx106-elf/bin/../lib/gcc/xtensa-lx106-elf/5.1.0/../../../../xtensa-lx106-elf/lib\libc.a(lib_a-strcmp.o)
                0x40101c0c                strcmp
 *fill*         0x40101d0b        0x1 
 .text          0x40101d0c       0x5b c:/espressif/xtensa-lx106-elf/bin/../lib/gcc/xtensa-lx106-elf/5.1.0/../../../../xtensa-lx106-elf/lib\libc.a(lib_a-strlen.o)
                0x40101d0c                strlen
 *fill*         0x40101d67        0x1 
 .text          0x40101d68      0x14f c:/espressif/xtensa-lx106-elf/bin/../lib/gcc/xtensa-lx106-elf/5.1.0/../../../../xtensa-lx106-elf/lib\libc.a(lib_a-strtol.o)
                                0x153 (size before relaxing)
                0x40101d68                _strtol_r
                0x40101e9c                strtol
 *fill*         0x40101eb7        0x1 
 .text          0x40101eb8        0x5 c:/espressif/xtensa-lx106-elf/bin/../lib/gcc/xtensa-lx106-elf/5.1.0/../../../../xtensa-lx106-elf/lib\libc.a(lib_a-gettzinfo.o)
                0x40101eb8                __gettzinfo
 *fill*         0x40101ebd        0x3 
 .text          0x40101ec0      0x1ff c:/espressif/xtensa-lx106-elf/bin/../lib/gcc/xtensa-lx106-elf/5.1.0\libgcc.a(_addsubsf3.o)
                0x40101edc                __addsf3
                0x40101fc4                __subsf3
 *fill*         0x401020bf        0x1 
 .text          0x401020c0      0x15d c:/espressif/xtensa-lx106-elf/bin/../lib/gcc/xtensa-lx106-elf/5.1.0\libgcc.a(_mulsf3.o)
                0x40102138                __mulsf3
 *fill*         0x4010221d        0x3 
 .text          0x40102220      0x135 c:/espressif/xtensa-lx106-elf/bin/../lib/gcc/xtensa-lx106-elf/5.1.0\libgcc.a(_divsf3.o)
                0x4010229c                __divsf3
 *fill*         0x40102355        0x3 
 .text          0x40102358      0x122 c:/espressif/xtensa-lx106-elf/bin/../lib/gcc/xtensa-lx106-elf/5.1.0\libgcc.a(_cmpsf2.o)
                0x40102358                __nesf2
                0x40102358                __eqsf2
                0x40102380                __gtsf2
                0x401023a0                __lesf2
                0x401023ec                __gesf2
                0x4010240c                __ltsf2
                0x40102458                __unordsf2
 *fill*         0x4010247a        0x2 
 .text          0x4010247c       0x40 c:/espressif/xtensa-lx106-elf/bin/../lib/gcc/xtensa-lx106-elf/5.1.0\libgcc.a(_fixsfsi.o)
                0x4010247c                __fixsfsi
 .text          0x401024bc      0x2f6 c:/espressif/xtensa-lx106-elf/bin/../lib/gcc/xtensa-lx106-elf/5.1.0\libgcc.a(_addsubdf3.o)
                0x401024dc                __adddf3
                0x4010262c                __subdf3
 *fill*         0x401027b2        0x2 
 .text          0x401027b4      0x29b c:/espressif/xtensa-lx106-elf/bin/../lib/gcc/xtensa-lx106-elf/5.1.0\libgcc.a(_muldf3.o)
                0x40102894                __muldf3
 *fill*         0x40102a4f        0x1 
 .text          0x40102a50      0x20b c:/espressif/xtensa-lx106-elf/bin/../lib/gcc/xtensa-lx106-elf/5.1.0\libgcc.a(_divdf3.o)
                0x40102b38                __divdf3
 *fill*         0x40102c5b        0x1 
 .text          0x40102c5c      0x169 c:/espressif/xtensa-lx106-elf/bin/../lib/gcc/xtensa-lx106-elf/5.1.0\libgcc.a(_cmpdf2.o)
                0x40102c5c                __nedf2
                0x40102c5c                __eqdf2
                0x40102c8c                __gtdf2
                0x40102cb0                __ledf2
                0x40102d14                __gedf2
                0x40102d38                __ltdf2
                0x40102d9c                __unorddf2
 *fill*         0x40102dc5        0x3 
 .text          0x40102dc8       0x59 c:/espressif/xtensa-lx106-elf/bin/../lib/gcc/xtensa-lx106-elf/5.1.0\libgcc.a(_fixunsdfsi.o)
                0x40102dc8                __fixunsdfsi
 *fill*         0x40102e21        0x3 
 .text          0x40102e24       0x5e c:/espressif/xtensa-lx106-elf/bin/../lib/gcc/xtensa-lx106-elf/5.1.0\libgcc.a(_extendsfdf2.o)
                0x40102e24                __extendsfdf2
 *fill*         0x40102e82        0x2 
 .text          0x40102e84       0x36 c:/espressif/xtensa-lx106-elf/bin/../lib/gcc/xtensa-lx106-elf/5.1.0\libgcc.a(_muldi3.o)
                0x40102e84                __muldi3
 *fill*         0x40102eba        0x2 
 .text          0x40102ebc       0x53 c:/Espressif/ESP8266_SDK_151/lib\libphy.a(phy.o)
                                 0x5f (size before relaxing)
                0x40102ec4                register_phy_ops
                0x40102ee4                register_get_phy_addr
                0x40102eec                phy_change_channel
                0x40102f04                phy_get_mactime
 *fill*         0x40102f0f        0x1 
 .text          0x40102f10       0xaa c:/Espressif/ESP8266_SDK_151/lib\libphy.a(phy_chip_v6_cal.o)
                                 0xb2 (size before relaxing)
                0x40102f10                unsign_to_sign
                0x40102f48                phy_get_bb_freqoffset
                0x40102fac                phy_get_bb_evm
 *fill*         0x40102fba        0x2 
 .text          0x40102fbc       0xe7 c:/Espressif/ESP8266_SDK_151/lib\libphy.a(phy_sleep.o)
                                0x103 (size before relaxing)
                0x40102fc0                pm_rtc_clock_cali
                0x40103078                clockgate_watchdog
 *fill*         0x401030a3        0x1 
 .text          0x401030a4     0x1606 c:/Espressif/ESP8266_SDK_151/lib\libpp.a(lmac.o)
                               0x1962 (size before relaxing)
                0x401030a8                lmacIsActive
                0x401030bc                lmacIsIdle
                0x40103540                lmacSetAcParam
                0x40103594                lmacProcessTXStartData
                0x40103714                lmacProcessTxSuccess
                0x40103858                GetAccess
                0x40103864                lmacDiscardAgedMSDU
                0x40103878                lmacRecycleMPDU
                0x40103e3c                lmacProcessTxTimeout
                0x40103ea4                lmacProcessAllTxTimeout
                0x40103eb8                lmacProcessCollisions
                0x40103f18                lmacProcessCollision
                0x40103f9c                lmacMSDUAged
                0x4010432c                lmacProcessCtsTimeout
                0x40104364                lmacProcessAckTimeout
                0x401043bc                lmacProcessRtsStart
                0x401043c8                lmacProcessTxRtsError
                0x40104468                lmacProcessTxError
                0x401044f8                lmacTxFrame
                0x40104694                lmacRxDone
 *fill*         0x401046aa        0x2 
 .text          0x401046ac      0x8e1 c:/Espressif/ESP8266_SDK_151/lib\libpp.a(pp.o)
                                0x9fd (size before relaxing)
                0x401046e0                pp_soft_wdt_feed_local
                0x40104774                ppProcessTxQ
                0x401047e8                ppFetchTxQFirstAvail
                0x40104828                ppDequeueTxQ
                0x40104850                ppRollBackTxQ
                0x40104874                ppRecordBarRRC
                0x40104884                ppTxqUpdateBitmap
                0x401048ac                ppEnqueueTxDone
                0x401048e0                ppEnqueueRxq
                0x40104dc8                ppDiscardMPDU
                0x40104dec                pp_post
                0x40104e78                pp_post2
                0x40104ea0                ppCalTxop
                0x40104f20                ppCalFrameTimes
 *fill*         0x40104f8d        0x3 
 .text          0x40104f90       0xf5 c:/Espressif/ESP8266_SDK_151/lib\libpp.a(rate_control.o)
                                0x109 (size before relaxing)
                0x40104fb0                RC_GetAckRate
                0x40104fbc                RC_GetRtsRate
                0x40104fcc                RC_GetAckTime
                0x40104fe0                RC_GetCtsTime
                0x40105018                RC_GetBlockAckTime
 *fill*         0x40105085        0x3 
 .text          0x40105088      0x9a1 c:/Espressif/ESP8266_SDK_151/lib\libpp.a(trc.o)
                                0xa05 (size before relaxing)
                0x4010525c                rcUpdateTxDone
                0x401052f0                rcUpdateRxDone
                0x4010534c                rcUpdateDataRxDone
                0x40105368                rcGetSched
                0x4010544c                rcGetRate
                0x4010595c                rcReachRetryLimit
                0x40105974                trc_NeedRTS
 *fill*         0x40105a29        0x3 
 .text          0x40105a2c     0x105f c:/Espressif/ESP8266_SDK_151/lib\libpp.a(wdev.o)
                               0x1347 (size before relaxing)
                0x40105dd0                wDev_MacTim1SetFunc
                0x40105df0                wDev_MacTim1Arm
                0x40105e84                wDev_ProcessFiq
                0x401061c8                wDev_EnableTransmit
                0x40106200                wDev_DisableTransmit
                0x40106220                Tx_Copy2Queue
                0x40106268                wDev_ProcessCollision
                0x4010628c                wDev_GetTxqCollisions
                0x4010629c                wDev_ClearTxqCollisions
                0x401062b8                wDev_SetWaitingQueue
                0x40106300                wDev_ClearWaitingQueue
                0x40106324                wDev_SetFrameAckType
                0x40106388                wDev_AppendRxBlocks
                0x401064cc                wDev_AppendRxAmpduLensBlocks
                0x401065a0                wDev_GetBAInfo
                0x401065d4                wDevDisableRx
 *fill*         0x40106a8b        0x1 
 .text          0x40106a8c       0x4c c:/Espressif/ESP8266_SDK_151/lib\libpp.a(esf_buf.o)
                                 0x5c (size before relaxing)
                0x40106a90                esf_rx_buf_alloc
 .text          0x40106ad8       0x23 c:/Espressif/ESP8266_SDK_151/lib\libnet80211.a(ieee80211_output.o)
                                 0x27 (size before relaxing)
 *fill*         0x40106afb        0x1 
 .text          0x40106afc        0xb c:/Espressif/ESP8266_SDK_151/lib\libnet80211.a(wl_chm.o)
                0x40106b00                chm_get_current_channel
 *fill*         0x40106b07        0x1 
 .text          0x40106b08       0x43 c:/Espressif/ESP8266_SDK_151/lib\liblwip.a(etharp.o)
                                 0x47 (size before relaxing)
 *fill*         0x40106b4b        0x1 
 .text          0x40106b4c      0x1fd c:/Espressif/ESP8266_SDK_151/lib\liblwip.a(tcp.o)
                                0x229 (size before relaxing)
 *fill*         0x40106d49        0x3 
 .text          0x40106d4c      0x159 c:/Espressif/ESP8266_SDK_151/lib\liblwip.a(tcp_out.o)
                                0x161 (size before relaxing)
 *fill*         0x40106ea5        0x3 
 .text          0x40106ea8       0xb4 c:/Espressif/ESP8266_SDK_151/lib\liblwip.a(timers.o)
                                 0xc0 (size before relaxing)
 .text          0x40106f5c       0x51 c:/espressif/xtensa-lx106-elf/bin/../lib/gcc/xtensa-lx106-elf/5.1.0\libgcc.a(_fixunssfsi.o)
                0x40106f5c                __fixunssfsi
 *fill*         0x40106fad        0x3 
 .text          0x40106fb0       0x48 c:/espressif/xtensa-lx106-elf/bin/../lib/gcc/xtensa-lx106-elf/5.1.0\libgcc.a(_fixdfsi.o)
                0x40106fb0                __fixdfsi
 .text          0x40106ff8       0xa0 c:/espressif/xtensa-lx106-elf/bin/../lib/gcc/xtensa-lx106-elf/5.1.0\libgcc.a(_truncdfsf2.o)
                0x40106ff8                __truncdfsf2
 .text          0x40107098      0x3df c:/espressif/xtensa-lx106-elf/bin/../lib/gcc/xtensa-lx106-elf/5.1.0\libgcc.a(_divdi3.o)
                                0x40f (size before relaxing)
                0x40107098                __divdi3
 *fill*         0x40107477        0x1 
 .text          0x40107478      0x350 c:/espressif/xtensa-lx106-elf/bin/../lib/gcc/xtensa-lx106-elf/5.1.0\libgcc.a(_umoddi3.o)
                                0x388 (size before relaxing)
                0x40107478                __umoddi3
 .text          0x401077c8        0x0 c:/Espressif/ESP8266_SDK_151/lib\libmain.a(debug-vector.o)
 .text          0x401077c8        0x0 c:/Espressif/ESP8266_SDK_151/lib\libmain.a(double-vector.o)
 .text          0x401077c8        0x0 c:/Espressif/ESP8266_SDK_151/lib\libmain.a(kernel-vector.o)
 .literal       0x401077c8        0x0 c:/Espressif/ESP8266_SDK_151/lib\libmain.a(nmi-vector.o)
 *fill*         0x401077c8        0x0 
 .literal       0x401077c8        0x0 c:/Espressif/ESP8266_SDK_151/lib\libmain.a(user-vector.o)
 .text          0x401077c8        0x0 c:/Espressif/ESP8266_SDK_151/lib\libmain.a(vector.o)
 *fill*         0x401077c8        0x0 
 .literal       0x401077c8        0x0 c:/Espressif/ESP8266_SDK_151/lib\libmain.a(app_main.o)
 *fill*         0x401077c8        0x0 
 .literal       0x401077c8        0x0 c:/Espressif/ESP8266_SDK_151/lib\libmain.a(ets_timer.o)
 *fill*         0x401077c8        0x0 
 .literal       0x401077c8        0x0 c:/Espressif/ESP8266_SDK_151/lib\libmain.a(mem_manager.o)
 *fill*         0x401077c8        0x0 
 .literal       0x401077c8        0x0 c:/Espressif/ESP8266_SDK_151/lib\libmain.a(spi_flash.o)
 *fill*         0x401077c8        0x0 
 .literal       0x401077c8        0x0 c:/Espressif/ESP8266_SDK_151/lib\libmain.a(user_interface.o)
 .text          0x401077c8        0x0 c:/Espressif/ESP8266_SDK_151/lib\libmain.a(eagle_lib.o)
 .text          0x401077c8        0x0 c:/Espressif/ESP8266_SDK_151/lib\libmain.a(eagle_lwip_if.o)
 *fill*         0x401077c8        0x0 
 .literal       0x401077c8        0x0 build/debug/app_app.a(user_main.o)
 .text          0x401077c8        0x2 build/debug/app_app.a(user_main.o)
                0x401077c8                user_rf_pre_init
 .text          0x401077ca        0x0 build/debug/app_app.a(io.o)
 .text          0x401077ca        0x0 build/debug/app_app.a(sysCfg.o)
 .text          0x401077ca        0x0 build/debug/app_app.a(switch.o)
 *fill*         0x401077ca        0x2 
 .literal       0x401077cc        0x0 build/debug/app_app.a(easygpio.o)
 .text          0x401077cc        0x0 build/debug/app_app.a(wifi.o)
 .literal       0x401077cc        0x0 build/debug/app_app.a(flash.o)
 .text          0x401077cc        0x0 build/debug/app_app.a(doSmartConfig.o)
 .text          0x401077cc        0x0 build/debug/app_app.a(dtoa.o)
 .text          0x401077cc        0x0 build/debug/app_app.a(stdout.o)
 .text          0x401077cc        0x0 build/debug/app_app.a(check.o)
 .text          0x401077cc        0x0 build/debug/app_app.a(mqtt.o)
 .text          0x401077cc        0x0 build/debug/app_app.a(http.o)
 .text          0x401077cc        0x0 build/debug/app_app.a(decodeMessage.o)
 .text          0x401077cc        0x0 build/debug/app_app.a(config.o)
 *fill*         0x401077cc        0x0 
 .literal       0x401077cc        0x0 build/debug/app_app.a(publish.o)
 *fill*         0x401077cc        0x0 
 .literal       0x401077cc        0x0 build/debug/app_app.a(dht22.o)
 .text          0x401077cc        0x0 build/debug/app_app.a(utils.o)
 .text          0x401077cc        0x0 build/debug/app_app.a(queue.o)
 .text          0x401077cc        0x0 build/debug/app_app.a(mqtt_msg.o)
 .text          0x401077cc        0x0 build/debug/app_app.a(ringbuf.o)
 .text          0x401077cc        0x0 build/debug/app_app.a(proto.o)
 *fill*         0x401077cc        0x0 
 *fill*         0x401077cc        0x0 
 *fill*         0x401077cc        0x0 
 *fill*         0x401077cc        0x0 
 .text          0x401077cc      0x145 c:/espressif/xtensa-lx106-elf/bin/../lib/gcc/xtensa-lx106-elf/5.1.0/../../../../xtensa-lx106-elf/lib\libc.a(lib_a-memcpy.o)
                0x40107810                memcpy
 *fill*         0x40107911        0x3 
 .text          0x40107914       0x7c c:/espressif/xtensa-lx106-elf/bin/../lib/gcc/xtensa-lx106-elf/5.1.0/../../../../xtensa-lx106-elf/lib\libc.a(lib_a-memset.o)
                0x40107940                memset
 *fill*         0x40107990        0x0 
 *fill*         0x40107990        0x0 
 *fill*         0x40107990        0x0 
 *fill*         0x40107990        0x0 
 .text          0x40107990        0x6 c:/espressif/xtensa-lx106-elf/bin/../lib/gcc/xtensa-lx106-elf/5.1.0/../../../../xtensa-lx106-elf/lib\libc.a(lib_a-tzlock.o)
                0x40107990                __tz_lock
                0x40107994                __tz_unlock
 .text          0x40107996        0x0 c:/espressif/xtensa-lx106-elf/bin/../lib/gcc/xtensa-lx106-elf/5.1.0/../../../../xtensa-lx106-elf/lib\libc.a(lib_a-tzvars.o)
 .text          0x40107996        0x0 c:/espressif/xtensa-lx106-elf/bin/../lib/gcc/xtensa-lx106-elf/5.1.0/../../../../xtensa-lx106-elf/lib\libc.a(lib_a-ctype_.o)
 *fill*         0x40107996        0x0 
 .text          0x40107996        0x0 c:/espressif/xtensa-lx106-elf/bin/../lib/gcc/xtensa-lx106-elf/5.1.0/../../../../xtensa-lx106-elf/lib\libc.a(lib_a-impure.o)
 *fill*         0x40107996        0x2 
 .text          0x40107998       0x64 c:/espressif/xtensa-lx106-elf/bin/../lib/gcc/xtensa-lx106-elf/5.1.0\libgcc.a(_divsi3.o)
                0x40107998                __divsi3
 .text          0x401079fc       0x49 c:/espressif/xtensa-lx106-elf/bin/../lib/gcc/xtensa-lx106-elf/5.1.0\libgcc.a(_modsi3.o)
                0x401079fc                __modsi3
 *fill*         0x40107a45        0x3 
 .text          0x40107a48       0x4c c:/espressif/xtensa-lx106-elf/bin/../lib/gcc/xtensa-lx106-elf/5.1.0\libgcc.a(_udivsi3.o)
                0x40107a48                __udivsi3
 .text          0x40107a94       0x39 c:/espressif/xtensa-lx106-elf/bin/../lib/gcc/xtensa-lx106-elf/5.1.0\libgcc.a(_umodsi3.o)
                0x40107a94                __umodsi3
 *fill*         0x40107acd        0x0 
 *fill*         0x40107acd        0x0 
 *fill*         0x40107acd        0x0 
 *fill*         0x40107acd        0x0 
 *fill*         0x40107acd        0x3 
 .text          0x40107ad0       0x44 c:/espressif/xtensa-lx106-elf/bin/../lib/gcc/xtensa-lx106-elf/5.1.0\libgcc.a(_floatsisf.o)
                0x40107ad0                __floatunsisf
                0x40107ad8                __floatsisf
 *fill*         0x40107b14        0x0 
 *fill*         0x40107b14        0x0 
 *fill*         0x40107b14        0x0 
 *fill*         0x40107b14        0x0 
 *fill*         0x40107b14        0x0 
 .text          0x40107b14       0x36 c:/espressif/xtensa-lx106-elf/bin/../lib/gcc/xtensa-lx106-elf/5.1.0\libgcc.a(_floatsidf.o)
                0x40107b14                __floatunsidf
                0x40107b1c                __floatsidf
 *fill*         0x40107b4a        0x0 
 *fill*         0x40107b4a        0x0 
 *fill*         0x40107b4a        0x2 
 .text          0x40107b4c       0x48 c:/espressif/xtensa-lx106-elf/bin/../lib/gcc/xtensa-lx106-elf/5.1.0\libgcc.a(_umulsidi3.o)
                0x40107b4c                __umulsidi3
 .text          0x40107b94        0x5 c:/espressif/xtensa-lx106-elf/bin/../lib/gcc/xtensa-lx106-elf/5.1.0/../../../../xtensa-lx106-elf/lib\libhal.a(int_asm--set_intclear.o)
                0x40107b94                xthal_set_intclear
 *fill*         0x40107b99        0x3 
 .literal       0x40107b9c        0x0 c:/Espressif/ESP8266_SDK_151/lib\libphy.a(phy.o)
 .text          0x40107b9c        0x0 c:/Espressif/ESP8266_SDK_151/lib\libphy.a(phy_chip_v6_ana.o)
 .text          0x40107b9c        0x0 c:/Espressif/ESP8266_SDK_151/lib\libphy.a(phy_chip_v6.o)
 *fill*         0x40107b9c        0x0 
 .literal       0x40107b9c        0x0 c:/Espressif/ESP8266_SDK_151/lib\libphy.a(phy_chip_v6_cal.o)
 .text          0x40107b9c        0x0 c:/Espressif/ESP8266_SDK_151/lib\libphy.a(phy_chip_v6_unused.o)
 *fill*         0x40107b9c        0x0 
 .literal       0x40107b9c        0x0 c:/Espressif/ESP8266_SDK_151/lib\libphy.a(phy_sleep.o)
 .text          0x40107b9c        0x0 c:/Espressif/ESP8266_SDK_151/lib\libpp.a(if_hwctrl.o)
 *fill*         0x40107b9c        0x0 
 .literal       0x40107b9c        0x0 c:/Espressif/ESP8266_SDK_151/lib\libpp.a(lmac.o)
 .text          0x40107b9c        0x0 c:/Espressif/ESP8266_SDK_151/lib\libpp.a(pm.o)
 .text          0x40107b9c        0x0 c:/Espressif/ESP8266_SDK_151/lib\libpp.a(pm_for_bcn_only_mode.o)
 *fill*         0x40107b9c        0x0 
 .literal       0x40107b9c        0x0 c:/Espressif/ESP8266_SDK_151/lib\libpp.a(pp.o)
 *fill*         0x40107b9c        0x0 
 .literal       0x40107b9c        0x0 c:/Espressif/ESP8266_SDK_151/lib\libpp.a(rate_control.o)
 *fill*         0x40107b9c        0x0 
 .literal       0x40107b9c        0x0 c:/Espressif/ESP8266_SDK_151/lib\libpp.a(trc.o)
 *fill*         0x40107b9c        0x0 
 .literal       0x40107b9c        0x0 c:/Espressif/ESP8266_SDK_151/lib\libpp.a(wdev.o)
 *fill*         0x40107b9c        0x0 
 .literal       0x40107b9c        0x0 c:/Espressif/ESP8266_SDK_151/lib\libpp.a(esf_buf.o)
 .text          0x40107b9c        0x0 c:/Espressif/ESP8266_SDK_151/lib\libnet80211.a(ieee80211.o)
 .text          0x40107b9c        0x0 c:/Espressif/ESP8266_SDK_151/lib\libnet80211.a(ieee80211_crypto.o)
 .text          0x40107b9c        0x0 c:/Espressif/ESP8266_SDK_151/lib\libnet80211.a(ieee80211_ets.o)
 .literal       0x40107b9c        0x0 c:/Espressif/ESP8266_SDK_151/lib\libnet80211.a(ieee80211_hostap.o)
 .text          0x40107b9c       0x25 c:/Espressif/ESP8266_SDK_151/lib\libnet80211.a(ieee80211_hostap.o)
 .text          0x40107bc1        0x0 c:/Espressif/ESP8266_SDK_151/lib\libnet80211.a(ieee80211_ht.o)
 .text          0x40107bc1        0x0 c:/Espressif/ESP8266_SDK_151/lib\libnet80211.a(ieee80211_input.o)
 .text          0x40107bc1        0x0 c:/Espressif/ESP8266_SDK_151/lib\libnet80211.a(ieee80211_mesh_quick.o)
 *fill*         0x40107bc1        0x3 
 .literal       0x40107bc4        0x0 c:/Espressif/ESP8266_SDK_151/lib\libnet80211.a(ieee80211_output.o)