Archive member included because of file (symbol)

c:/Espressif/ESP8266_SDK_200/lib\libmain.a(debug-vector.o)
                              (_DebugExceptionVector)
c:/Espressif/ESP8266_SDK_200/lib\libmain.a(double-vector.o)
                              (_DoubleExceptionVector)
c:/Espressif/ESP8266_SDK_200/lib\libmain.a(kernel-vector.o)
                              (_KernelExceptionVector)
c:/Espressif/ESP8266_SDK_200/lib\libmain.a(nmi-vector.o)
                              (_NMIExceptionVector)
c:/Espressif/ESP8266_SDK_200/lib\libmain.a(user-vector.o)
                              (_UserExceptionVector)
c:/Espressif/ESP8266_SDK_200/lib\libmain.a(vector.o)
                              (call_user_start)
c:/Espressif/ESP8266_SDK_200/lib\libmain.a(app_main.o)
                              c:/Espressif/ESP8266_SDK_200/lib\libmain.a(nmi-vector.o) (NMI_Handler)
c:/Espressif/ESP8266_SDK_200/lib\libmain.a(ets_timer.o)
                              c:/Espressif/ESP8266_SDK_200/lib\libmain.a(app_main.o) (ets_timer_setfn)
c:/Espressif/ESP8266_SDK_200/lib\libmain.a(mem_manager.o)
                              c:/Espressif/ESP8266_SDK_200/lib\libmain.a(app_main.o) (vPortFree)
c:/Espressif/ESP8266_SDK_200/lib\libmain.a(spi_flash.o)
                              c:/Espressif/ESP8266_SDK_200/lib\libmain.a(app_main.o) (spi_flash_get_id)
c:/Espressif/ESP8266_SDK_200/lib\libmain.a(user_interface.o)
                              c:/Espressif/ESP8266_SDK_200/lib\libmain.a(app_main.o) (done_cb)
c:/Espressif/ESP8266_SDK_200/lib\libmain.a(eagle_lib.o)
                              c:/Espressif/ESP8266_SDK_200/lib\libmain.a(user_interface.o) (ets_sprintf)
c:/Espressif/ESP8266_SDK_200/lib\libmain.a(eagle_lwip_if.o)
                              c:/Espressif/ESP8266_SDK_200/lib\libmain.a(user_interface.o) (hostname)
build/debug/app_app.a(user_main.o)
                              c:/Espressif/ESP8266_SDK_200/lib\libmain.a(app_main.o) (user_rf_cal_sector_set)
build/debug/app_app.a(config.o)
                              build/debug/app_app.a(user_main.o) (sysCfg)
build/debug/app_app.a(io.o)   build/debug/app_app.a(user_main.o) (initOutputs)
build/debug/app_app.a(switch.o)
                              build/debug/app_app.a(user_main.o) (initSwitch)
build/debug/app_app.a(http.o)
                              build/debug/app_app.a(user_main.o) (tcp_listen)
build/debug/app_app.a(easygpio.o)
                              build/debug/app_app.a(io.o) (easygpio_pinMode)
build/debug/app_app.a(wifi.o)
                              build/debug/app_app.a(user_main.o) (getBestSSID)
build/debug/app_app.a(flash.o)
                              build/debug/app_app.a(http.o) (stopFlash)
build/debug/app_app.a(doSmartConfig.o)
                              build/debug/app_app.a(user_main.o) (checkSmartConfig)
build/debug/app_app.a(stdout.o)
                              build/debug/app_app.a(user_main.o) (stdout_init)
build/debug/app_app.a(check.o)
                              build/debug/app_app.a(user_main.o) (checkMinHeap)
build/debug/app_app.a(mqtt.o)
                              build/debug/app_app.a(user_main.o) (MQTT_InitConnection)
build/debug/app_app.a(publish.o)
                              build/debug/app_app.a(user_main.o) (publishError)
build/debug/app_app.a(temperature.o)
                              build/debug/app_app.a(publish.o) (getUnmappedTemperature)
build/debug/app_app.a(dht22.o)
                              build/debug/app_app.a(user_main.o) (dhtRead)
build/debug/app_app.a(ds18b20.o)
                              build/debug/app_app.a(temperature.o) (ds_init)
build/debug/app_app.a(decodeMessage.o)
                              build/debug/app_app.a(user_main.o) (decodeMessage)
build/debug/app_app.a(jsmn.o)
                              build/debug/app_app.a(decodeMessage.o) (jsoneq)
build/debug/app_app.a(dtoa.o)
                              build/debug/app_app.a(temperature.o) (dtoStr)
build/debug/app_app.a(utils.o)
                              build/debug/app_app.a(mqtt.o) (UTILS_StrToIP)
build/debug/app_app.a(queue.o)
                              build/debug/app_app.a(mqtt.o) (QUEUE_Init)
build/debug/app_app.a(mqtt_msg.o)
                              build/debug/app_app.a(mqtt.o) (mqtt_msg_init)
build/debug/app_app.a(ringbuf.o)
                              build/debug/app_app.a(queue.o) (RINGBUF_Init)
build/debug/app_app.a(proto.o)
                              build/debug/app_app.a(queue.o) (PROTO_AddRb)
c:/espressif/xtensa-lx106-elf/bin/../lib/gcc/xtensa-lx106-elf/5.1.0/../../../../xtensa-lx106-elf/lib\libc.a(lib_a-atoi.o)
                              build/debug/app_app.a(user_main.o) (atoi)
c:/espressif/xtensa-lx106-elf/bin/../lib/gcc/xtensa-lx106-elf/5.1.0/../../../../xtensa-lx106-elf/lib\libc.a(lib_a-lcltime.o)
                              build/debug/app_app.a(user_main.o) (localtime)
[...]
Memory Configuration

Name             Origin             Length             Attributes
dport0_0_seg     0x3ff00000         0x00000010
dram0_0_seg      0x3ffe8000         0x00014000
iram1_0_seg      0x40100000         0x00008000
irom0_0_seg      0x40210000         0x0005c000
*default*        0x00000000         0xffffffff

Linker script and memory map

START GROUP
LOAD c:/espressif/xtensa-lx106-elf/bin/../lib/gcc/xtensa-lx106-elf/5.1.0/../../../../xtensa-lx106-elf/lib\libc.a
LOAD c:/Espressif/ESP8266_SDK_200/lib\libgcc.a
LOAD c:/espressif/xtensa-lx106-elf/bin/../lib/gcc/xtensa-lx106-elf/5.1.0/../../../../xtensa-lx106-elf/lib\libhal.a
LOAD c:/Espressif/ESP8266_SDK_200/lib\libphy.a
LOAD c:/Espressif/ESP8266_SDK_200/lib\libpp.a
LOAD c:/Espressif/ESP8266_SDK_200/lib\libnet80211.a
LOAD c:/Espressif/ESP8266_SDK_200/lib\liblwip.a
LOAD c:/Espressif/ESP8266_SDK_200/lib\libwpa.a
LOAD c:/Espressif/ESP8266_SDK_200/lib\libmain.a
LOAD c:/Espressif/ESP8266_SDK_200/lib\libupgrade.a
LOAD c:/Espressif/ESP8266_SDK_200/lib\libssl.a
LOAD c:/Espressif/ESP8266_SDK_200/lib\libsmartconfig.a
LOAD c:/Espressif/ESP8266_SDK_200/lib\libcrypto.a
LOAD build/debug/app_app.a
END GROUP
                0x40000000                PROVIDE (_memmap_vecbase_reset, 0x40000000)
                0x00000110                _memmap_cacheattr_wb_base = 0x110
                0x00000110                _memmap_cacheattr_wt_base = 0x110
                0x00000220                _memmap_cacheattr_bp_base = 0x220
                0xfffff00f                _memmap_cacheattr_unused_mask = 0xfffff00f
                0x2222211f                _memmap_cacheattr_wb_trapnull = 0x2222211f
                0x2222211f                _memmap_cacheattr_wba_trapnull = 0x2222211f
                0x2222211f                _memmap_cacheattr_wbna_trapnull = 0x2222211f
                0x2222211f                _memmap_cacheattr_wt_trapnull = 0x2222211f
                0x2222222f                _memmap_cacheattr_bp_trapnull = 0x2222222f
                0xfffff11f                _memmap_cacheattr_wb_strict = 0xfffff11f
                0xfffff11f                _memmap_cacheattr_wt_strict = 0xfffff11f
                0xfffff22f                _memmap_cacheattr_bp_strict = 0xfffff22f
                0x22222112                _memmap_cacheattr_wb_allvalid = 0x22222112
                0x22222112                _memmap_cacheattr_wt_allvalid = 0x22222112
                0x22222222                _memmap_cacheattr_bp_allvalid = 0x22222222
                0x2222211f                PROVIDE (_memmap_cacheattr_reset, _memmap_cacheattr_wb_trapnull)

.dport0.rodata  0x3ff00000        0x0
                0x3ff00000                _dport0_rodata_start = ABSOLUTE (.)
 *(.dport0.rodata)
 *(.dport.rodata)
                0x3ff00000                _dport0_rodata_end = ABSOLUTE (.)

.dport0.literal
                0x3ff00000        0x0
                0x3ff00000                _dport0_literal_start = ABSOLUTE (.)
 *(.dport0.literal)
 *(.dport.literal)
                0x3ff00000                _dport0_literal_end = ABSOLUTE (.)

.dport0.data    0x3ff00000        0x0
                0x3ff00000                _dport0_data_start = ABSOLUTE (.)
 *(.dport0.data)
 *(.dport.data)
                0x3ff00000                _dport0_data_end = ABSOLUTE (.)

.data           0x3ffe8000      0x821
                0x3ffe8000                _data_start = ABSOLUTE (.)
 *(.data)
 .data          0x3ffe8000        0x0 c:/Espressif/ESP8266_SDK_200/lib\libmain.a(debug-vector.o)
 .data          0x3ffe8000        0x0 c:/Espressif/ESP8266_SDK_200/lib\libmain.a(double-vector.o)
 .data          0x3ffe8000        0x0 c:/Espressif/ESP8266_SDK_200/lib\libmain.a(kernel-vector.o)
 .data          0x3ffe8000        0x4 c:/Espressif/ESP8266_SDK_200/lib\libmain.a(nmi-vector.o)
                0x3ffe8000                _Pri_3_HandlerAddress
 .data          0x3ffe8004        0x0 c:/Espressif/ESP8266_SDK_200/lib\libmain.a(user-vector.o)
 .data          0x3ffe8004        0x0 c:/Espressif/ESP8266_SDK_200/lib\libmain.a(vector.o)
 .data          0x3ffe8004        0x1 c:/Espressif/ESP8266_SDK_200/lib\libmain.a(app_main.o)
 .data          0x3ffe8005        0x0 c:/Espressif/ESP8266_SDK_200/lib\libmain.a(ets_timer.o)
 .data          0x3ffe8005        0x0 c:/Espressif/ESP8266_SDK_200/lib\libmain.a(mem_manager.o)
 .data          0x3ffe8005        0x0 c:/Espressif/ESP8266_SDK_200/lib\libmain.a(spi_flash.o)
 *fill*         0x3ffe8005        0x3 
 .data          0x3ffe8008        0x6 c:/Espressif/ESP8266_SDK_200/lib\libmain.a(user_interface.o)
                0x3ffe8009                timer2_ms_flag
                0x3ffe800a                dhcps_flag
                0x3ffe800b                dhcpc_flag
                0x3ffe800d                reconnect_internal
 .data          0x3ffe800e        0x0 c:/Espressif/ESP8266_SDK_200/lib\libmain.a(eagle_lib.o)
 *fill*         0x3ffe800e        0x2 
 .data          0x3ffe8010        0x1 c:/Espressif/ESP8266_SDK_200/lib\libmain.a(eagle_lwip_if.o)
                0x3ffe8010                default_hostname
 *fill*         0x3ffe8011        0x3 
 .data          0x3ffe8014        0x8 build/debug/app_app.a(user_main.o)
                0x3ffe8018                version
 .data          0x3ffe801c        0x0 build/debug/app_app.a(config.o)
 .data          0x3ffe801c        0x3 build/debug/app_app.a(io.o)
                0x3ffe801c                pirPins
 .data          0x3ffe801f        0x0 build/debug/app_app.a(switch.o)
 .data          0x3ffe801f        0x0 build/debug/app_app.a(http.o)
 .data          0x3ffe801f        0x0 build/debug/app_app.a(easygpio.o)
 *fill*         0x3ffe801f        0x1 
 .data          0x3ffe8020        0x4 build/debug/app_app.a(wifi.o)
 .data          0x3ffe8024        0x0 build/debug/app_app.a(flash.o)
 .data          0x3ffe8024        0x0 build/debug/app_app.a(doSmartConfig.o)
 .data          0x3ffe8024        0x0 build/debug/app_app.a(stdout.o)
 .data          0x3ffe8024        0x4 build/debug/app_app.a(check.o)
 .data          0x3ffe8028        0x0 build/debug/app_app.a(mqtt.o)
 .data          0x3ffe8028        0x5 build/debug/app_app.a(publish.o)
 .data          0x3ffe802d        0x0 build/debug/app_app.a(temperature.o)
 .data          0x3ffe802d        0x0 build/debug/app_app.a(dht22.o)
 .data          0x3ffe802d        0x0 build/debug/app_app.a(ds18b20.o)
 .data          0x3ffe802d        0x0 build/debug/app_app.a(decodeMessage.o)
 .data          0x3ffe802d        0x0 build/debug/app_app.a(jsmn.o)
 .data          0x3ffe802d        0x0 build/debug/app_app.a(dtoa.o)
 .data          0x3ffe802d        0x0 build/debug/app_app.a(utils.o)
 .data          0x3ffe802d        0x0 build/debug/app_app.a(queue.o)
 .data          0x3ffe802d        0x0 build/debug/app_app.a(mqtt_msg.o)
 .data          0x3ffe802d        0x0 build/debug/app_app.a(ringbuf.o)
 .data          0x3ffe802d        0x0 build/debug/app_app.a(proto.o)
 .data          0x3ffe802d        0x0 c:/espressif/xtensa-lx106-elf/bin/../lib/gcc/xtensa-lx106-elf/5.1.0/../../../../xtensa-lx106-elf/lib\libc.a(lib_a-atoi.o)
 .data          0x3ffe802d        0x0 c:/espressif/xtensa-lx106-elf/bin/../lib/gcc/xtensa-lx106-elf/5.1.0/../../../../xtensa-lx106-elf/lib\libc.a(lib_a-lcltime.o)
 .data          0x3ffe802d        0x0 c:/espressif/xtensa-lx106-elf/bin/../lib/gcc/xtensa-lx106-elf/5.1.0/../../../../xtensa-lx106-elf/lib\libc.a(lib_a-lcltime_r.o)
 .data          0x3ffe802d        0x0 c:/espressif/xtensa-lx106-elf/bin/../lib/gcc/xtensa-lx106-elf/5.1.0/../../../../xtensa-lx106-elf/lib\libc.a(lib_a-memcpy.o)
 .data          0x3ffe802d        0x0 c:/espressif/xtensa-lx106-elf/bin/../lib/gcc/xtensa-lx106-elf/5.1.0/../../../../xtensa-lx106-elf/lib\libc.a(lib_a-memset.o)
 .data          0x3ffe802d        0x0 c:/espressif/xtensa-lx106-elf/bin/../lib/gcc/xtensa-lx106-elf/5.1.0/../../../../xtensa-lx106-elf/lib\libc.a(lib_a-mktm_r.o)
 .data          0x3ffe802d        0x0 c:/espressif/xtensa-lx106-elf/bin/../lib/gcc/xtensa-lx106-elf/5.1.0/../../../../xtensa-lx106-elf/lib\libc.a(lib_a-strcmp.o)
 .data          0x3ffe802d        0x0 c:/espressif/xtensa-lx106-elf/bin/../lib/gcc/xtensa-lx106-elf/5.1.0/../../../../xtensa-lx106-elf/lib\libc.a(lib_a-strlen.o)
 .data          0x3ffe802d        0x0 c:/espressif/xtensa-lx106-elf/bin/../lib/gcc/xtensa-lx106-elf/5.1.0/../../../../xtensa-lx106-elf/lib\libc.a(lib_a-strtol.o)
 .data          0x3ffe802d        0x0 c:/espressif/xtensa-lx106-elf/bin/../lib/gcc/xtensa-lx106-elf/5.1.0/../../../../xtensa-lx106-elf/lib\libc.a(lib_a-tzlock.o)
 *fill*         0x3ffe802d        0x3 
 .data          0x3ffe8030        0x8 c:/espressif/xtensa-lx106-elf/bin/../lib/gcc/xtensa-lx106-elf/5.1.0/../../../../xtensa-lx106-elf/lib\libc.a(lib_a-tzvars.o)
                0x3ffe8030                _tzname
 .data          0x3ffe8038        0x4 c:/espressif/xtensa-lx106-elf/bin/../lib/gcc/xtensa-lx106-elf/5.1.0/../../../../xtensa-lx106-elf/lib\libc.a(lib_a-ctype_.o)
                0x3ffe8038                __ctype_ptr__
 .data          0x3ffe803c       0x40 c:/espressif/xtensa-lx106-elf/bin/../lib/gcc/xtensa-lx106-elf/5.1.0/../../../../xtensa-lx106-elf/lib\libc.a(lib_a-gettzinfo.o)
 *fill*         0x3ffe807c        0x4 
 .data          0x3ffe8080      0x430 c:/espressif/xtensa-lx106-elf/bin/../lib/gcc/xtensa-lx106-elf/5.1.0/../../../../xtensa-lx106-elf/lib\libc.a(lib_a-impure.o)
                0x3ffe8080                _impure_ptr
 .data          0x3ffe84b0        0x0 c:/Espressif/ESP8266_SDK_200/lib\libgcc.a(_modsi3.o)
 .data          0x3ffe84b0        0x0 c:/Espressif/ESP8266_SDK_200/lib\libgcc.a(_mulsf3.o)
 .data          0x3ffe84b0        0x0 c:/Espressif/ESP8266_SDK_200/lib\libgcc.a(_divsf3.o)
 .data          0x3ffe84b0        0x0 c:/Espressif/ESP8266_SDK_200/lib\libgcc.a(_cmpsf2.o)
 .data          0x3ffe84b0        0x0 c:/Espressif/ESP8266_SDK_200/lib\libgcc.a(_fixsfsi.o)
 .data          0x3ffe84b0        0x0 c:/Espressif/ESP8266_SDK_200/lib\libgcc.a(_cmpdf2.o)
 .data          0x3ffe84b0        0x0 c:/espressif/xtensa-lx106-elf/bin/../lib/gcc/xtensa-lx106-elf/5.1.0/../../../../xtensa-lx106-elf/lib\libhal.a(int_asm--set_intclear.o)
 .data          0x3ffe84b0        0x0 c:/Espressif/ESP8266_SDK_200/lib\libphy.a(phy.o)
 .data          0x3ffe84b0        0x0 c:/Espressif/ESP8266_SDK_200/lib\libphy.a(phy_chip_v6_ana.o)
 .data          0x3ffe84b0       0x53 c:/Espressif/ESP8266_SDK_200/lib\libphy.a(phy_chip_v6.o)
                0x3ffe84b2                tx_rf_ana_gain
                0x3ffe84e0                rx_gain_swp
                0x3ffe8500                test_rffreq_txcap
 *fill*         0x3ffe8503        0x1 
 .data          0x3ffe8504        0x1 c:/Espressif/ESP8266_SDK_200/lib\libphy.a(phy_chip_v6_cal.o)
                0x3ffe8504                rfcal_bb_atten_init
 .data          0x3ffe8505        0x0 c:/Espressif/ESP8266_SDK_200/lib\libphy.a(phy_chip_v6_unused.o)
 *fill*         0x3ffe8505        0x3 
 .data          0x3ffe8508        0x4 c:/Espressif/ESP8266_SDK_200/lib\libphy.a(phy_sleep.o)
                0x3ffe8508                chip_version
 .data          0x3ffe850c        0x0 c:/Espressif/ESP8266_SDK_200/lib\libpp.a(if_hwctrl.o)
 .data          0x3ffe850c        0x0 c:/Espressif/ESP8266_SDK_200/lib\libpp.a(lmac.o)
 .data          0x3ffe850c        0x1 c:/Espressif/ESP8266_SDK_200/lib\libpp.a(pm.o)
 *fill*         0x3ffe850d        0x3 
 .data          0x3ffe8510        0x1 c:/Espressif/ESP8266_SDK_200/lib\libpp.a(pm_for_bcn_only_mode.o)
 *fill*         0x3ffe8511        0x3 
 .data          0x3ffe8514       0x1c c:/Espressif/ESP8266_SDK_200/lib\libpp.a(pp.o)
                0x3ffe8514                soft_wdt_interval
                0x3ffe8518                NoiseTimerInterval
                0x3ffe8520                sleep_start_wait_time
                0x3ffe8528                CanDoFreqCal
                0x3ffe852c                tcb
 .data          0x3ffe8530       0x40 c:/Espressif/ESP8266_SDK_200/lib\libpp.a(rate_control.o)
 .data          0x3ffe8570      0x24c c:/Espressif/ESP8266_SDK_200/lib\libpp.a(trc.o)
 .data          0x3ffe87bc        0x8 c:/Espressif/ESP8266_SDK_200/lib\libpp.a(wdev.o)
 .data          0x3ffe87c4        0x0 c:/Espressif/ESP8266_SDK_200/lib\libpp.a(esf_buf.o)
 .data          0x3ffe87c4        0x0 c:/Espressif/ESP8266_SDK_200/lib\libnet80211.a(ieee80211.o)
 .data          0x3ffe87c4        0x0 c:/Espressif/ESP8266_SDK_200/lib\libnet80211.a(ieee80211_crypto.o)
 .data          0x3ffe87c4        0x0 c:/Espressif/ESP8266_SDK_200/lib\libnet80211.a(ieee80211_ets.o)
 .data          0x3ffe87c4        0x1 c:/Espressif/ESP8266_SDK_200/lib\libnet80211.a(ieee80211_hostap.o)
                0x3ffe87c4                TmpSTAAPCloseAP
 .data          0x3ffe87c5        0x0 c:/Espressif/ESP8266_SDK_200/lib\libnet80211.a(ieee80211_ht.o)
 .data          0x3ffe87c5        0x0 c:/Espressif/ESP8266_SDK_200/lib\libnet80211.a(ieee80211_input.o)
 .data          0x3ffe87c5        0x0 c:/Espressif/ESP8266_SDK_200/lib\libnet80211.a(ieee80211_mesh_quick.o)
 .data          0x3ffe87c5        0x0 c:/Espressif/ESP8266_SDK_200/lib\libnet80211.a(ieee80211_output.o)
 .data          0x3ffe87c5        0x0 c:/Espressif/ESP8266_SDK_200/lib\libnet80211.a(ieee80211_phy.o)
 .data          0x3ffe87c5        0x0 c:/Espressif/ESP8266_SDK_200/lib\libnet80211.a(ieee80211_power.o)
 .data          0x3ffe87c5        0x0 c:/Espressif/ESP8266_SDK_200/lib\libnet80211.a(ieee80211_proto.o)
 .data          0x3ffe87c5        0x0 c:/Espressif/ESP8266_SDK_200/lib\libnet80211.a(ieee80211_regdomain.o)
 .data          0x3ffe87c5        0x0 c:/Espressif/ESP8266_SDK_200/lib\libnet80211.a(ieee80211_rfid.o)
 .data          0x3ffe87c5        0x0 c:/Espressif/ESP8266_SDK_200/lib\libnet80211.a(ieee80211_scan.o)
 .data          0x3ffe87c5        0x0 c:/Espressif/ESP8266_SDK_200/lib\libnet80211.a(ieee80211_sta.o)
 .data          0x3ffe87c5        0x0 c:/Espressif/ESP8266_SDK_200/lib\libnet80211.a(wl_chm.o)
 *fill*         0x3ffe87c5        0x3 
 .data          0x3ffe87c8        0x1 c:/Espressif/ESP8266_SDK_200/lib\libnet80211.a(wl_cnx.o)
 *fill*         0x3ffe87c9        0x7 
 .data          0x3ffe87d0       0x1c c:/Espressif/ESP8266_SDK_200/lib\libnet80211.a(ieee80211_action.o)
 .data          0x3ffe87ec        0x0 c:/Espressif/ESP8266_SDK_200/lib\libnet80211.a(ieee80211_action_vendor.o)
 .data          0x3ffe87ec        0x0 c:/Espressif/ESP8266_SDK_200/lib\libnet80211.a(ieee80211_crypto_ccmp.o)
 .data          0x3ffe87ec        0x0 c:/Espressif/ESP8266_SDK_200/lib\libnet80211.a(ieee80211_ie_vendor.o)
 .data          0x3ffe87ec        0x4 c:/Espressif/ESP8266_SDK_200/lib\liblwip.a(dhcp.o)
 .data          0x3ffe87f0        0x5 c:/Espressif/ESP8266_SDK_200/lib\liblwip.a(dhcpserver.o)
                0x3ffe87f0                dhcps_lease_time
 .data          0x3ffe87f5        0x0 c:/Espressif/ESP8266_SDK_200/lib\liblwip.a(dns.o)
 .data          0x3ffe87f5        0x0 c:/Espressif/ESP8266_SDK_200/lib\liblwip.a(espconn.o)
 .data          0x3ffe87f5        0x0 c:/Espressif/ESP8266_SDK_200/lib\liblwip.a(espconn_tcp.o)
 .data          0x3ffe87f5        0x0 c:/Espressif/ESP8266_SDK_200/lib\liblwip.a(espconn_udp.o)
 .data          0x3ffe87f5        0x0 c:/Espressif/ESP8266_SDK_200/lib\liblwip.a(etharp.o)
 .data          0x3ffe87f5        0x0 c:/Espressif/ESP8266_SDK_200/lib\liblwip.a(igmp.o)
 .data          0x3ffe87f5        0x0 c:/Espressif/ESP8266_SDK_200/lib\liblwip.a(inet_chksum.o)
 .data          0x3ffe87f5        0x0 c:/Espressif/ESP8266_SDK_200/lib\liblwip.a(init.o)
 .data          0x3ffe87f5        0x0 c:/Espressif/ESP8266_SDK_200/lib\liblwip.a(ip_addr.o)
 .data          0x3ffe87f5        0x0 c:/Espressif/ESP8266_SDK_200/lib\liblwip.a(ip.o)
 *fill*         0x3ffe87f5        0x3 
 .data          0x3ffe87f8        0x2 c:/Espressif/ESP8266_SDK_200/lib\liblwip.a(memp.o)
                0x3ffe87f8                memp_sizes_test
 .data          0x3ffe87fa        0x0 c:/Espressif/ESP8266_SDK_200/lib\liblwip.a(netif.o)
 .data          0x3ffe87fa        0x0 c:/Espressif/ESP8266_SDK_200/lib\liblwip.a(pbuf.o)
 .data          0x3ffe87fa        0x0 c:/Espressif/ESP8266_SDK_200/lib\liblwip.a(raw.o)
 .data          0x3ffe87fa        0x0 c:/Espressif/ESP8266_SDK_200/lib\liblwip.a(tcp_in.o)
 *fill*         0x3ffe87fa        0x2 
 .data          0x3ffe87fc        0x8 c:/Espressif/ESP8266_SDK_200/lib\liblwip.a(tcp.o)
 .data          0x3ffe8804        0x0 c:/Espressif/ESP8266_SDK_200/lib\liblwip.a(tcp_out.o)
 .data          0x3ffe8804        0x0 c:/Espressif/ESP8266_SDK_200/lib\liblwip.a(timers.o)
 .data          0x3ffe8804        0x0 c:/Espressif/ESP8266_SDK_200/lib\liblwip.a(udp.o)
 .data          0x3ffe8804        0x0 c:/Espressif/ESP8266_SDK_200/lib\liblwip.a(espconn_buf.o)
 .data          0x3ffe8804        0x0 c:/Espressif/ESP8266_SDK_200/lib\liblwip.a(icmp.o)
 .data          0x3ffe8804        0x0 c:/Espressif/ESP8266_SDK_200/lib\libwpa.a(ap_config.o)
 .data          0x3ffe8804        0x0 c:/Espressif/ESP8266_SDK_200/lib\libwpa.a(common.o)
 .data          0x3ffe8804        0x0 c:/Espressif/ESP8266_SDK_200/lib\libwpa.a(os_xtensa.o)
 .data          0x3ffe8804        0x0 c:/Espressif/ESP8266_SDK_200/lib\libwpa.a(wpa_auth.o)
 .data          0x3ffe8804        0x0 c:/Espressif/ESP8266_SDK_200/lib\libwpa.a(wpa_auth_ie.o)
 .data          0x3ffe8804        0x0 c:/Espressif/ESP8266_SDK_200/lib\libwpa.a(wpa.o)
 .data          0x3ffe8804        0x0 c:/Espressif/ESP8266_SDK_200/lib\libwpa.a(wpa_common.o)
 .data          0x3ffe8804        0x0 c:/Espressif/ESP8266_SDK_200/lib\libwpa.a(wpa_debug.o)
 .data          0x3ffe8804        0x0 c:/Espressif/ESP8266_SDK_200/lib\libwpa.a(wpa_ie.o)
 .data          0x3ffe8804        0x0 c:/Espressif/ESP8266_SDK_200/lib\libwpa.a(wpa_main.o)
 .data          0x3ffe8804        0x0 c:/Espressif/ESP8266_SDK_200/lib\libwpa.a(wpas_glue.o)
 *fill*         0x3ffe8804        0x4 
 .data          0x3ffe8808        0xe c:/Espressif/ESP8266_SDK_200/lib\libsmartconfig.a(sc_sniffer.o)
                0x3ffe8808                g_SC_Select
                0x3ffe8810                ET_Group_bssid
 *fill*         0x3ffe8816        0x2 
 .data          0x3ffe8818        0x6 c:/Espressif/ESP8266_SDK_200/lib\libsmartconfig.a(sc_airkiss.o)
                0x3ffe8818                AK_Group_bssid
 *fill*         0x3ffe881e        0x2 
 .data          0x3ffe8820        0x1 c:/Espressif/ESP8266_SDK_200/lib\libsmartconfig.a(sc_esptouch.o)
                0x3ffe8820                g_ET_TimeOut
 .data          0x3ffe8821        0x0 c:/Espressif/ESP8266_SDK_200/lib\libcrypto.a(aes-wrap.o)
 .data          0x3ffe8821        0x0 c:/Espressif/ESP8266_SDK_200/lib\libcrypto.a(aes-internal-enc.o)
 .data          0x3ffe8821        0x0 c:/Espressif/ESP8266_SDK_200/lib\libcrypto.a(aes-internal.o)
 .data          0x3ffe8821        0x0 c:/espressif/xtensa-lx106-elf/bin/../lib/gcc/xtensa-lx106-elf/5.1.0/../../../../xtensa-lx106-elf/lib\libc.a(lib_a-memchr.o)
 .data          0x3ffe8821        0x0 c:/Espressif/ESP8266_SDK_200/lib\libgcc.a(_ashrdi3.o)
 .data          0x3ffe8821        0x0 c:/Espressif/ESP8266_SDK_200/lib\libnet80211.a(ieee80211_crypto_tkip.o)
 .data          0x3ffe8821        0x0 c:/Espressif/ESP8266_SDK_200/lib\libnet80211.a(ieee80211_crypto_wep.o)
 *(.data.*)
 *(.gnu.linkonce.d.*)
 *(.data1)
 *(.sdata)
 *(.sdata.*)
 *(.gnu.linkonce.s.*)
 *(.sdata2)
 *(.sdata2.*)
 *(.gnu.linkonce.s2.*)
 *(.jcr)
                0x3ffe8821                _data_end = ABSOLUTE (.)

.noinit         0x3ffe8824        0x4
 .noinit        0x3ffe8824        0x4 build/debug/app_app.a(user_main.o)
                0x3ffe8824                lastAction

.rodata         0x3ffe8830     0x19c4
                0x3ffe8830                _rodata_start = ABSOLUTE (.)
 *(.sdk.version)
 .sdk.version   0x3ffe8830        0xf c:/Espressif/ESP8266_SDK_200/lib\libmain.a(app_main.o)
                0x3ffe8830                SDK_VERSION
 *(.rodata)
 *fill*         0x3ffe883f        0x1 
 .rodata        0x3ffe8840       0x4c build/debug/app_app.a(user_main.o)
 .rodata        0x3ffe888c        0x4 build/debug/app_app.a(io.o)
                0x3ffe888c                outputMap
 .rodata        0x3ffe8890       0x40 build/debug/app_app.a(easygpio.o)
 .rodata        0x3ffe88d0       0x14 build/debug/app_app.a(wifi.o)
 .rodata        0x3ffe88e4       0x48 build/debug/app_app.a(mqtt.o)
 .rodata        0x3ffe892c       0x20 build/debug/app_app.a(ds18b20.o)
 .rodata        0x3ffe894c      0x160 build/debug/app_app.a(jsmn.o)
 .rodata        0x3ffe8aac       0x68 c:/espressif/xtensa-lx106-elf/bin/../lib/gcc/xtensa-lx106-elf/5.1.0/../../../../xtensa-lx106-elf/lib\libc.a(lib_a-mktm_r.o)
 .rodata        0x3ffe8b14      0x101 c:/espressif/xtensa-lx106-elf/bin/../lib/gcc/xtensa-lx106-elf/5.1.0/../../../../xtensa-lx106-elf/lib\libc.a(lib_a-ctype_.o)
                0x3ffe8b14                _ctype_
 *fill*         0x3ffe8c15        0x3 
 .rodata        0x3ffe8c18        0x4 c:/espressif/xtensa-lx106-elf/bin/../lib/gcc/xtensa-lx106-elf/5.1.0/../../../../xtensa-lx106-elf/lib\libc.a(lib_a-impure.o)
                0x3ffe8c18                _global_impure_ptr
 .rodata        0x3ffe8c1c        0x8 c:/Espressif/ESP8266_SDK_200/lib\libphy.a(phy_chip_v6_ana.o)
 .rodata        0x3ffe8c24        0x8 c:/Espressif/ESP8266_SDK_200/lib\libphy.a(phy_chip_v6.o)
 .rodata        0x3ffe8c2c        0x4 c:/Espressif/ESP8266_SDK_200/lib\libpp.a(pp.o)
 .rodata        0x3ffe8c30        0x8 c:/Espressif/ESP8266_SDK_200/lib\libnet80211.a(ieee80211_hostap.o)
 .rodata        0x3ffe8c38        0x9 c:/Espressif/ESP8266_SDK_200/lib\libnet80211.a(ieee80211_output.o)
 *fill*         0x3ffe8c41        0x3 
 .rodata        0x3ffe8c44        0x6 c:/Espressif/ESP8266_SDK_200/lib\liblwip.a(etharp.o)
                0x3ffe8c44                ethbroadcast
 *fill*         0x3ffe8c4a        0x6 
 .rodata        0x3ffe8c50       0x74 c:/Espressif/ESP8266_SDK_200/lib\liblwip.a(espconn_buf.o)
 *fill*         0x3ffe8cc4        0x4 
 .rodata        0x3ffe8cc8        0x7 c:/Espressif/ESP8266_SDK_200/lib\libsmartconfig.a(sc_sniffer.o)
                0x3ffe8cc8                SC_VERSION
 *fill*         0x3ffe8ccf        0x1 
 .rodata        0x3ffe8cd0        0x8 c:/Espressif/ESP8266_SDK_200/lib\libsmartconfig.a(sc_airkiss.o)
                0x3ffe8cd0                RSSI_MIN
                0x3ffe8cd1                RSSI_BEAR
                0x3ffe8cd2                DATA_RSSI_BEAR
                0x3ffe8cd4                weixin_ip
 *(.rodata.*)
 .rodata.str1.4
                0x3ffe8cd8        0xc c:/Espressif/ESP8266_SDK_200/lib\libmain.a(app_main.o)
 .rodata.str1.4
                0x3ffe8ce4        0x4 c:/Espressif/ESP8266_SDK_200/lib\libmain.a(ets_timer.o)
                                  0xc (size before relaxing)
 .rodata.str1.4
                0x3ffe8ce8       0x1a c:/Espressif/ESP8266_SDK_200/lib\libmain.a(mem_manager.o)
 *fill*         0x3ffe8d02        0x2 
 .rodata.str1.4
                0x3ffe8d04      0x3b9 build/debug/app_app.a(user_main.o)
                                0x3c9 (size before relaxing)
 *fill*         0x3ffe90bd        0x3 
 .rodata.str1.4
                0x3ffe90c0       0xcb build/debug/app_app.a(config.o)
                                 0xde (size before relaxing)
 *fill*         0x3ffe918b        0x1 
 .rodata.str1.4
                0x3ffe918c       0x8d build/debug/app_app.a(io.o)
                                 0x91 (size before relaxing)
 *fill*         0x3ffe9219        0x3 
 .rodata.str1.4
                0x3ffe921c      0x4af build/debug/app_app.a(http.o)
                                0x4bf (size before relaxing)
 *fill*         0x3ffe96cb        0x1 
 .rodata.str1.4
                0x3ffe96cc       0xd8 build/debug/app_app.a(easygpio.o)
 .rodata.str1.4
                0x3ffe97a4      0x1d9 build/debug/app_app.a(wifi.o)
 *fill*         0x3ffe997d        0x3 
 .rodata.str1.4
                0x3ffe9980       0x23 build/debug/app_app.a(flash.o)
 *fill*         0x3ffe99a3        0x1 
 .rodata.str1.4
                0x3ffe99a4       0x4e build/debug/app_app.a(check.o)
 *fill*         0x3ffe99f2        0x2 
 .rodata.str1.4
                0x3ffe99f4      0x184 build/debug/app_app.a(mqtt.o)
                                0x188 (size before relaxing)
 .rodata.str1.4
                0x3ffe9b78      0x296 build/debug/app_app.a(publish.o)
                                0x2ae (size before relaxing)
 *fill*         0x3ffe9e0e        0x2 
 .rodata.str1.4
                0x3ffe9e10      0x14d build/debug/app_app.a(temperature.o)
                                0x151 (size before relaxing)
 *fill*         0x3ffe9f5d        0x3 
 .rodata.str1.4
                0x3ffe9f60       0x7f build/debug/app_app.a(dht22.o)
 *fill*         0x3ffe9fdf        0x1 
 .rodata.str1.4
                0x3ffe9fe0       0xd8 build/debug/app_app.a(decodeMessage.o)
                                 0xe8 (size before relaxing)
 .rodata.str1.4
                0x3ffea0b8       0x6b build/debug/app_app.a(jsmn.o)
                                 0x6f (size before relaxing)
 .rodata.str1.4
                0x00000000        0x1 build/debug/app_app.a(queue.o)
 *fill*         0x3ffea123        0x1 
 .rodata.str1.4
                0x3ffea124       0x63 build/debug/app_app.a(mqtt_msg.o)
 .rodata.str1.1
                0x3ffea187        0x4 c:/espressif/xtensa-lx106-elf/bin/../lib/gcc/xtensa-lx106-elf/5.1.0/../../../../xtensa-lx106-elf/lib\libc.a(lib_a-tzvars.o)
 .rodata.str1.1
                0x3ffea18b        0x2 c:/espressif/xtensa-lx106-elf/bin/../lib/gcc/xtensa-lx106-elf/5.1.0/../../../../xtensa-lx106-elf/lib\libc.a(lib_a-impure.o)
 *fill*         0x3ffea18d        0x3 
 .rodata.str1.4
                0x3ffea190        0x4 c:/Espressif/ESP8266_SDK_200/lib\libpp.a(lmac.o)
                                  0xc (size before relaxing)
 .rodata.str1.4
                0x3ffea194        0x3 c:/Espressif/ESP8266_SDK_200/lib\libpp.a(pm.o)
                                  0xb (size before relaxing)
 *fill*         0x3ffea197        0x1 
 .rodata.str1.4
                0x3ffea198        0x4 c:/Espressif/ESP8266_SDK_200/lib\libpp.a(pm_for_bcn_only_mode.o)
                                  0xc (size before relaxing)
 .rodata.str1.4
                0x3ffea19c        0x8 c:/Espressif/ESP8266_SDK_200/lib\libpp.a(pp.o)
                                 0x10 (size before relaxing)
 .rodata.str1.4
                0x3ffea1a4        0x4 c:/Espressif/ESP8266_SDK_200/lib\libpp.a(wdev.o)
                                  0xc (size before relaxing)
 .rodata.str1.4
                0x3ffea1a8        0x3 c:/Espressif/ESP8266_SDK_200/lib\libnet80211.a(ieee80211_hostap.o)
                                  0x8 (size before relaxing)
 *fill*         0x3ffea1ab        0x1 
 .rodata.str1.4
                0x3ffea1ac        0x7 c:/Espressif/ESP8266_SDK_200/lib\libnet80211.a(ieee80211_mesh_quick.o)
 .rodata.str1.4
                0x00000000        0x4 c:/Espressif/ESP8266_SDK_200/lib\libnet80211.a(ieee80211_sta.o)
 .rodata.str1.4
                0x00000000        0x4 c:/Espressif/ESP8266_SDK_200/lib\libnet80211.a(ieee80211_action_vendor.o)
 .rodata.str1.4
                0x00000000        0x4 c:/Espressif/ESP8266_SDK_200/lib\libnet80211.a(ieee80211_ie_vendor.o)
 .rodata.str1.4
                0x00000000        0x1 c:/Espressif/ESP8266_SDK_200/lib\liblwip.a(espconn_tcp.o)
 *fill*         0x3ffea1b3        0x1 
 .rodata.str1.4
                0x3ffea1b4        0x5 c:/Espressif/ESP8266_SDK_200/lib\libwpa.a(wpa_debug.o)
                                  0xd (size before relaxing)
 *fill*         0x3ffea1b9        0x3 
 .rodata.str1.4
                0x3ffea1bc        0xd c:/Espressif/ESP8266_SDK_200/lib\libsmartconfig.a(sc_sniffer.o)
 *fill*         0x3ffea1c9        0x3 
 .rodata.str1.4
                0x3ffea1cc        0xd c:/Espressif/ESP8266_SDK_200/lib\libsmartconfig.a(sc_airkiss.o)
 *fill*         0x3ffea1d9        0x3 
 .rodata.str1.4
                0x3ffea1dc       0x10 c:/Espressif/ESP8266_SDK_200/lib\libsmartconfig.a(sc_esptouch.o)
                                  0xe (size before relaxing)
 *(.gnu.linkonce.r.*)
 *(.rodata1)
                0x3ffea1ec                __XT_EXCEPTION_TABLE__ = ABSOLUTE (.)
 *(.xt_except_table)
 *(.gcc_except_table)
 *(.gnu.linkonce.e.*)
 *(.gnu.version_r)
 *(.eh_frame)
 *crtbegin.o(.ctors)
 *(EXCLUDE_FILE(*crtend.o) .ctors)
 *(SORT(.ctors.*))
 *(.ctors)
 *crtbegin.o(.dtors)
 *(EXCLUDE_FILE(*crtend.o) .dtors)
 *(SORT(.dtors.*))
 *(.dtors)
                0x3ffea1ec                __XT_EXCEPTION_DESCS__ = ABSOLUTE (.)
 *(.xt_except_desc)
 *(.gnu.linkonce.h.*)
                0x3ffea1ec                __XT_EXCEPTION_DESCS_END__ = ABSOLUTE (.)
 *(.xt_except_desc_end)
 *(.dynamic)
 *(.gnu.version_d)
                0x3ffea1ec                . = ALIGN (0x4)
                0x3ffea1ec                _bss_table_start = ABSOLUTE (.)
                0x3ffea1ec        0x4 LONG 0x3ffea1f8 _bss_start
                0x3ffea1f0        0x4 LONG 0x3fff0c98 _bss_end
                0x3ffea1f4                _bss_table_end = ABSOLUTE (.)
                0x3ffea1f4                _rodata_end = ABSOLUTE (.)

.bss            0x3ffea1f8     0x6aa0
                0x3ffea1f8                . = ALIGN (0x8)
                0x3ffea1f8                _bss_start = ABSOLUTE (.)
 *(.dynsbss)
 *(.sbss)
 *(.sbss.*)
 *(.gnu.linkonce.sb.*)
 *(.scommon)
 *(.sbss2)
 *(.sbss2.*)
 *(.gnu.linkonce.sb2.*)
 *(.dynbss)
 *(.bss)
 .bss           0x3ffea1f8        0x0 c:/Espressif/ESP8266_SDK_200/lib\libmain.a(debug-vector.o)
 .bss           0x3ffea1f8        0x0 c:/Espressif/ESP8266_SDK_200/lib\libmain.a(double-vector.o)
 .bss           0x3ffea1f8        0x0 c:/Espressif/ESP8266_SDK_200/lib\libmain.a(kernel-vector.o)
 *fill*         0x3ffea1f8        0x8 
 .bss           0x3ffea200      0x1c0 c:/Espressif/ESP8266_SDK_200/lib\libmain.a(nmi-vector.o)
 .bss           0x3ffea3c0        0x0 c:/Espressif/ESP8266_SDK_200/lib\libmain.a(user-vector.o)
 .bss           0x3ffea3c0        0x0 c:/Espressif/ESP8266_SDK_200/lib\libmain.a(vector.o)
 .bss           0x3ffea3c0       0x45 c:/Espressif/ESP8266_SDK_200/lib\libmain.a(app_main.o)
                0x3ffea3c4                info
                0x3ffea3e8                freq_trace_enable
                0x3ffea3ea                lwip_timer_interval
                0x3ffea3ec                check_timeouts_timer
                0x3ffea400                rf_cal_sec
                0x3ffea404                user_init_flag
 *fill*         0x3ffea405        0xb 
 .bss           0x3ffea410       0x30 c:/Espressif/ESP8266_SDK_200/lib\libmain.a(ets_timer.o)
                0x3ffea410                dbg_timer_flag
                0x3ffea414                timer_list
                0x3ffea418                debug_timer
                0x3ffea41c                debug_timerfn
 .bss           0x3ffea440       0x3c c:/Espressif/ESP8266_SDK_200/lib\libmain.a(mem_manager.o)
 .bss           0x3ffea47c        0x4 c:/Espressif/ESP8266_SDK_200/lib\libmain.a(spi_flash.o)
                0x3ffea47c                flash_read
 .bss           0x3ffea480      0x242 c:/Espressif/ESP8266_SDK_200/lib\libmain.a(user_interface.o)
                0x3ffea577                deep_sleep_flag
                0x3ffea578                cpu_overclock
                0x3ffea57c                event_cb
                0x3ffea580                status_led_output_level
                0x3ffea584                done_cb
                0x3ffea588                rst_if
                0x3ffea5a4                default_interface
                0x3ffea5a5                OpmodChgIsOnGoing
                0x3ffea5a8                promiscuous_cb
                0x3ffea5c0                event_TaskQueue
 .bss           0x3ffea6c2        0x0 c:/Espressif/ESP8266_SDK_200/lib\libmain.a(eagle_lib.o)
 *fill*         0x3ffea6c2        0x2 
 .bss           0x3ffea6c4        0xc c:/Espressif/ESP8266_SDK_200/lib\libmain.a(eagle_lwip_if.o)
                0x3ffea6c4                hostname
 .bss           0x3ffea6d0       0x48 build/debug/app_app.a(user_main.o)
 .bss           0x3ffea718        0x4 build/debug/app_app.a(config.o)
 .bss           0x3ffea71c       0x54 build/debug/app_app.a(io.o)
                0x3ffea71c                oldPIRstatus
                0x3ffea720                pirStatus
 .bss           0x3ffea770       0x24 build/debug/app_app.a(switch.o)
 .bss           0x3ffea794       0x58 build/debug/app_app.a(http.o)
                0x3ffea794                httpSetupMode
 .bss           0x3ffea7ec        0x0 build/debug/app_app.a(easygpio.o)
 .bss           0x3ffea7ec       0x8c build/debug/app_app.a(wifi.o)
                0x3ffea7ec                wifiCb
 .bss           0x3ffea878       0x28 build/debug/app_app.a(flash.o)
 .bss           0x3ffea8a0        0x1 build/debug/app_app.a(doSmartConfig.o)
 .bss           0x3ffea8a1        0x0 build/debug/app_app.a(stdout.o)
 .bss           0x3ffea8a1        0x0 build/debug/app_app.a(check.o)
 *fill*         0x3ffea8a1        0x3 
 .bss           0x3ffea8a4        0x8 build/debug/app_app.a(mqtt.o)
                0x3ffea8a4                default_private_key_len
                0x3ffea8a8                default_certificate_len
 .bss           0x3ffea8ac        0x4 build/debug/app_app.a(publish.o)
 .bss           0x3ffea8b0       0x60 build/debug/app_app.a(temperature.o)
 .bss           0x3ffea910       0x9c build/debug/app_app.a(dht22.o)
 .bss           0x3ffea9ac        0xc build/debug/app_app.a(ds18b20.o)
 .bss           0x3ffea9b8        0x0 build/debug/app_app.a(decodeMessage.o)
 .bss           0x3ffea9b8        0x0 build/debug/app_app.a(jsmn.o)
 .bss           0x3ffea9b8        0x0 build/debug/app_app.a(dtoa.o)
 .bss           0x3ffea9b8        0x0 build/debug/app_app.a(utils.o)
 .bss           0x3ffea9b8        0x0 build/debug/app_app.a(queue.o)
 .bss           0x3ffea9b8        0x0 build/debug/app_app.a(mqtt_msg.o)
 .bss           0x3ffea9b8        0x0 build/debug/app_app.a(ringbuf.o)
 .bss           0x3ffea9b8        0x0 build/debug/app_app.a(proto.o)
 .bss           0x3ffea9b8        0x0 c:/espressif/xtensa-lx106-elf/bin/../lib/gcc/xtensa-lx106-elf/5.1.0/../../../../xtensa-lx106-elf/lib\libc.a(lib_a-atoi.o)
 .bss           0x3ffea9b8        0x0 c:/espressif/xtensa-lx106-elf/bin/../lib/gcc/xtensa-lx106-elf/5.1.0/../../../../xtensa-lx106-elf/lib\libc.a(lib_a-lcltime.o)
 .bss           0x3ffea9b8        0x0 c:/espressif/xtensa-lx106-elf/bin/../lib/gcc/xtensa-lx106-elf/5.1.0/../../../../xtensa-lx106-elf/lib\libc.a(lib_a-lcltime_r.o)
 .bss           0x3ffea9b8        0x0 c:/espressif/xtensa-lx106-elf/bin/../lib/gcc/xtensa-lx106-elf/5.1.0/../../../../xtensa-lx106-elf/lib\libc.a(lib_a-memcpy.o)
 .bss           0x3ffea9b8        0x0 c:/espressif/xtensa-lx106-elf/bin/../lib/gcc/xtensa-lx106-elf/5.1.0/../../../../xtensa-lx106-elf/lib\libc.a(lib_a-memset.o)
 .bss           0x3ffea9b8        0x0 c:/espressif/xtensa-lx106-elf/bin/../lib/gcc/xtensa-lx106-elf/5.1.0/../../../../xtensa-lx106-elf/lib\libc.a(lib_a-mktm_r.o)
 .bss           0x3ffea9b8        0x0 c:/espressif/xtensa-lx106-elf/bin/../lib/gcc/xtensa-lx106-elf/5.1.0/../../../../xtensa-lx106-elf/lib\libc.a(lib_a-strcmp.o)
 .bss           0x3ffea9b8        0x0 c:/espressif/xtensa-lx106-elf/bin/../lib/gcc/xtensa-lx106-elf/5.1.0/../../../../xtensa-lx106-elf/lib\libc.a(lib_a-strlen.o)
 .bss           0x3ffea9b8        0x0 c:/espressif/xtensa-lx106-elf/bin/../lib/gcc/xtensa-lx106-elf/5.1.0/../../../../xtensa-lx106-elf/lib\libc.a(lib_a-strtol.o)
 .bss           0x3ffea9b8        0x0 c:/espressif/xtensa-lx106-elf/bin/../lib/gcc/xtensa-lx106-elf/5.1.0/../../../../xtensa-lx106-elf/lib\libc.a(lib_a-tzlock.o)
 .bss           0x3ffea9b8        0x8 c:/espressif/xtensa-lx106-elf/bin/../lib/gcc/xtensa-lx106-elf/5.1.0/../../../../xtensa-lx106-elf/lib\libc.a(lib_a-tzvars.o)
                0x3ffea9b8                _timezone
                0x3ffea9bc                _daylight
 .bss           0x3ffea9c0        0x0 c:/espressif/xtensa-lx106-elf/bin/../lib/gcc/xtensa-lx106-elf/5.1.0/../../../../xtensa-lx106-elf/lib\libc.a(lib_a-ctype_.o)
 .bss           0x3ffea9c0        0x0 c:/espressif/xtensa-lx106-elf/bin/../lib/gcc/xtensa-lx106-elf/5.1.0/../../../../xtensa-lx106-elf/lib\libc.a(lib_a-gettzinfo.o)
 .bss           0x3ffea9c0        0x0 c:/espressif/xtensa-lx106-elf/bin/../lib/gcc/xtensa-lx106-elf/5.1.0/../../../../xtensa-lx106-elf/lib\libc.a(lib_a-impure.o)
 .bss           0x3ffea9c0        0x0 c:/Espressif/ESP8266_SDK_200/lib\libgcc.a(_modsi3.o)
 .bss           0x3ffea9c0        0x0 c:/Espressif/ESP8266_SDK_200/lib\libgcc.a(_mulsf3.o)
 .bss           0x3ffea9c0        0x0 c:/Espressif/ESP8266_SDK_200/lib\libgcc.a(_divsf3.o)
 .bss           0x3ffea9c0        0x0 c:/Espressif/ESP8266_SDK_200/lib\libgcc.a(_cmpsf2.o)
 .bss           0x3ffea9c0        0x0 c:/Espressif/ESP8266_SDK_200/lib\libgcc.a(_fixsfsi.o)
 .bss           0x3ffea9c0        0x0 c:/Espressif/ESP8266_SDK_200/lib\libgcc.a(_cmpdf2.o)
 .bss           0x3ffea9c0        0x0 c:/espressif/xtensa-lx106-elf/bin/../lib/gcc/xtensa-lx106-elf/5.1.0/../../../../xtensa-lx106-elf/lib\libhal.a(int_asm--set_intclear.o)
 .bss           0x3ffea9c0        0x4 c:/Espressif/ESP8266_SDK_200/lib\libphy.a(phy.o)
 .bss           0x3ffea9c4        0x2 c:/Espressif/ESP8266_SDK_200/lib\libphy.a(phy_chip_v6_ana.o)
                0x3ffea9c4                tout_dis_txpwr_track
                0x3ffea9c5                sleep_mode_flag
 *fill*         0x3ffea9c6        0x2 
 .bss           0x3ffea9c8      0x153 c:/Espressif/ESP8266_SDK_200/lib\libphy.a(phy_chip_v6.o)
                0x3ffea9c8                g_phyFuns
                0x3ffea9cc                rxiq_compute_num
                0x3ffea9d0                rx_table_renew_en
                0x3ffea9d4                check_result
                0x3ffea9d8                chip6_sleep_params
                0x3ffeaa6c                chip6_phy_init_ctrl
                0x3ffeaae0                phy_freq_offset
                0x3ffeaae2                do_pwctrl_flag
                0x3ffeaae3                txbk_dpdby_flag
                0x3ffeaae5                sw_scan_mode
                0x3ffeaae6                rxmax_ext_level
                0x3ffeaae8                phy_rx_gain_dc_table
                0x3ffeaafc                periodic_cal_flag
                0x3ffeaafd                bbpll_cal_flag
                0x3ffeaafe                phy_in_most_power
                0x3ffeaaff                init_rf_no_cal
                0x3ffeab00                test_print_time
                0x3ffeab04                phy_in_vdd33_offset
                0x3ffeab05                phy_set_most_tpw_disbg
                0x3ffeab06                phy_set_most_tpw_index
                0x3ffeab08                adc_rand_noise
                0x3ffeab0c                phy_rx_gain_dc_flag
                0x3ffeab0d                dpd_bypass_original
                0x3ffeab0e                phy_txpwr_diff_flash
                0x3ffeab10                noise_array
 *fill*         0x3ffeab1b        0x1 
 .bss           0x3ffeab1c        0x9 c:/Espressif/ESP8266_SDK_200/lib\libphy.a(phy_chip_v6_cal.o)
                0x3ffeab1c                phy_tx_power_out
                0x3ffeab1e                phy_tx_pwr_error
                0x3ffeab20                tx_pwctrl_track_num
                0x3ffeab21                rxiq_cover_fail_num
                0x3ffeab22                phy_meas_freq_offset
                0x3ffeab24                tx_pwctrl_pk_num
 .bss           0x3ffeab25        0x0 c:/Espressif/ESP8266_SDK_200/lib\libphy.a(phy_chip_v6_unused.o)
 *fill*         0x3ffeab25        0x3 
 .bss           0x3ffeab28        0x7 c:/Espressif/ESP8266_SDK_200/lib\libphy.a(phy_sleep.o)
                0x3ffeab28                periodic_cal_sat
                0x3ffeab2a                lslp_mem_opt_8266
                0x3ffeab2c                software_slp_reject
                0x3ffeab2d                SDIO_slp_reject
                0x3ffeab2e                hardware_reject
 *fill*         0x3ffeab2f        0x1 
 .bss           0x3ffeab30       0x40 c:/Espressif/ESP8266_SDK_200/lib\libpp.a(if_hwctrl.o)
                0x3ffeab30                interface_mask
                0x3ffeab50                if_ctrl
 .bss           0x3ffeab70      0x150 c:/Espressif/ESP8266_SDK_200/lib\libpp.a(lmac.o)
                0x3ffeab74                lmacConfMib
                0x3ffeab98                our_tx_eb
 .bss           0x3ffeacc0      0x12a c:/Espressif/ESP8266_SDK_200/lib\libpp.a(pm.o)
                0x3ffeacc0                pmc
 *fill*         0x3ffeadea        0x2 
 .bss           0x3ffeadec       0x38 c:/Espressif/ESP8266_SDK_200/lib\libpp.a(pm_for_bcn_only_mode.o)
 *fill*         0x3ffeae24        0xc 
 .bss           0x3ffeae30      0x322 c:/Espressif/ESP8266_SDK_200/lib\libpp.a(pp.o)
                0x3ffeae48                pend_flag_noise_check
                0x3ffeae50                pend_flag_periodic_cal
                0x3ffeae68                idle_timer_reopen_flag
                0x3ffeae6a                dbg_stop_sw_wdt
                0x3ffeae6b                dbg_stop_hw_wdt
                0x3ffeae6d                total_buffed_eb_num
                0x3ffeae70                HighestFreqOffsetInOneChk
                0x3ffeae72                LowestFreqOffsetInOneChk
                0x3ffeae74                DefFreqCalTimer
                0x3ffeae88                PktNumInOneChk
                0x3ffeb010                buffed_eb_arr
 *fill*         0x3ffeb152        0xe 
 .bss           0x3ffeb160      0x100 c:/Espressif/ESP8266_SDK_200/lib\libpp.a(rate_control.o)
 .bss           0x3ffeb260      0x46c c:/Espressif/ESP8266_SDK_200/lib\libpp.a(trc.o)
 *fill*         0x3ffeb6cc        0x4 
 .bss           0x3ffeb6d0     0x2f88 c:/Espressif/ESP8266_SDK_200/lib\libpp.a(wdev.o)
                0x3ffeb6d0                wDevCtrl
                0x3ffeb878                WdevTimOffSet
 *fill*         0x3ffee658        0x8 
 .bss           0x3ffee660      0xaa4 c:/Espressif/ESP8266_SDK_200/lib\libpp.a(esf_buf.o)
 .bss           0x3ffef104      0x6a8 c:/Espressif/ESP8266_SDK_200/lib\libnet80211.a(ieee80211.o)
                0x3ffef104                g_ic
 .bss           0x3ffef7ac        0x0 c:/Espressif/ESP8266_SDK_200/lib\libnet80211.a(ieee80211_crypto.o)
 .bss           0x3ffef7ac        0x0 c:/Espressif/ESP8266_SDK_200/lib\libnet80211.a(ieee80211_ets.o)
 *fill*         0x3ffef7ac        0x4 
 .bss           0x3ffef7b0       0x54 c:/Espressif/ESP8266_SDK_200/lib\libnet80211.a(ieee80211_hostap.o)
                0x3ffef7b0                BcnEb_update
                0x3ffef7bd                BcnWithMcastSendStart
                0x3ffef7be                BcnWithMcastSendCnt
                0x3ffef7d8                PendFreeBcnEb
                0x3ffef7dc                ApFreqCalTimer
                0x3ffef7f0                APRecvBcnStartTick
 .bss           0x3ffef804        0x0 c:/Espressif/ESP8266_SDK_200/lib\libnet80211.a(ieee80211_ht.o)
 .bss           0x3ffef804        0x0 c:/Espressif/ESP8266_SDK_200/lib\libnet80211.a(ieee80211_input.o)
 .bss           0x3ffef804        0x0 c:/Espressif/ESP8266_SDK_200/lib\libnet80211.a(ieee80211_mesh_quick.o)
 .bss           0x3ffef804        0x0 c:/Espressif/ESP8266_SDK_200/lib\libnet80211.a(ieee80211_output.o)
 .bss           0x3ffef804        0x0 c:/Espressif/ESP8266_SDK_200/lib\libnet80211.a(ieee80211_phy.o)
 .bss           0x3ffef804        0x0 c:/Espressif/ESP8266_SDK_200/lib\libnet80211.a(ieee80211_power.o)
 .bss           0x3ffef804        0x0 c:/Espressif/ESP8266_SDK_200/lib\libnet80211.a(ieee80211_proto.o)
 .bss           0x3ffef804        0x0 c:/Espressif/ESP8266_SDK_200/lib\libnet80211.a(ieee80211_regdomain.o)
 .bss           0x3ffef804        0x0 c:/Espressif/ESP8266_SDK_200/lib\libnet80211.a(ieee80211_rfid.o)
 .bss           0x3ffef804       0xc8 c:/Espressif/ESP8266_SDK_200/lib\libnet80211.a(ieee80211_scan.o)
                0x3ffef804                gScanStruct
                0x3ffef8b0                connect_scan_flag
                0x3ffef8b1                FreqCalCntForScan
                0x3ffef8b2                TestStaFreqCalValInput
                0x3ffef8b4                auth_type
                0x3ffef8b6                scannum
 *fill*         0x3ffef8cc        0x4 
 .bss           0x3ffef8d0       0x28 c:/Espressif/ESP8266_SDK_200/lib\libnet80211.a(ieee80211_sta.o)
 .bss           0x3ffef8f8       0x3c c:/Espressif/ESP8266_SDK_200/lib\libnet80211.a(wl_chm.o)
 *fill*         0x3ffef934        0x4 
 .bss           0x3ffef938      0x394 c:/Espressif/ESP8266_SDK_200/lib\libnet80211.a(wl_cnx.o)
                0x3ffefc98                sta_con_timer
                0x3ffefcac                backup_ni_connect_status
                0x3ffefcb0                g_cnx_probe_rc_list_cb
                0x3ffefcb4                reconnect_flag
                0x3ffefcb5                no_ap_found_index
 .bss           0x3ffefccc        0x0 c:/Espressif/ESP8266_SDK_200/lib\libnet80211.a(ieee80211_action.o)
 *fill*         0x3ffefccc        0x4 
 .bss           0x3ffefcd0       0x18 c:/Espressif/ESP8266_SDK_200/lib\libnet80211.a(ieee80211_action_vendor.o)
 .bss           0x3ffefce8        0x0 c:/Espressif/ESP8266_SDK_200/lib\libnet80211.a(ieee80211_crypto_ccmp.o)
 .bss           0x3ffefce8        0x0 c:/Espressif/ESP8266_SDK_200/lib\libnet80211.a(ieee80211_ie_vendor.o)
 *fill*         0x3ffefce8        0x8 
 .bss           0x3ffefcf0       0x38 c:/Espressif/ESP8266_SDK_200/lib\liblwip.a(dhcp.o)
                0x3ffefcf0                dhcp_rx_options_given
                0x3ffefd00                dhcp_rx_options_val
 .bss           0x3ffefd28       0x24 c:/Espressif/ESP8266_SDK_200/lib\liblwip.a(dhcpserver.o)
 *fill*         0x3ffefd4c        0x4 
 .bss           0x3ffefd50      0x480 c:/Espressif/ESP8266_SDK_200/lib\liblwip.a(dns.o)
 .bss           0x3fff01d0      0x104 c:/Espressif/ESP8266_SDK_200/lib\liblwip.a(espconn.o)
                0x3fff01d0                plink_active
                0x3fff01d4                pserver_list
                0x3fff01e0                premot
                0x3fff02a0                pktinfo
 *fill*         0x3fff02d4        0xc 
 .bss           0x3fff02e0       0x78 c:/Espressif/ESP8266_SDK_200/lib\liblwip.a(espconn_tcp.o)
                0x3fff02e0                espconn_TaskQueue
 .bss           0x3fff0358        0x0 c:/Espressif/ESP8266_SDK_200/lib\liblwip.a(espconn_udp.o)
 *fill*         0x3fff0358        0x8 
 .bss           0x3fff0360      0x100 c:/Espressif/ESP8266_SDK_200/lib\liblwip.a(etharp.o)
                0x3fff0364                ethzero
 .bss           0x3fff0460        0xc c:/Espressif/ESP8266_SDK_200/lib\liblwip.a(igmp.o)
 .bss           0x3fff046c        0x0 c:/Espressif/ESP8266_SDK_200/lib\liblwip.a(inet_chksum.o)
 .bss           0x3fff046c        0x0 c:/Espressif/ESP8266_SDK_200/lib\liblwip.a(init.o)
 *fill*         0x3fff046c        0x4 
 .bss           0x3fff0470       0x10 c:/Espressif/ESP8266_SDK_200/lib\liblwip.a(ip_addr.o)
 .bss           0x3fff0480       0x12 c:/Espressif/ESP8266_SDK_200/lib\liblwip.a(ip.o)
                0x3fff0480                current_iphdr_dest
                0x3fff0484                current_iphdr_src
                0x3fff0488                current_netif
                0x3fff048c                current_header
 .bss           0x3fff0492        0x0 c:/Espressif/ESP8266_SDK_200/lib\liblwip.a(memp.o)
 *fill*         0x3fff0492        0x2 
 .bss           0x3fff0494        0x9 c:/Espressif/ESP8266_SDK_200/lib\liblwip.a(netif.o)
                0x3fff0494                netif_list
                0x3fff0498                netif_default
 .bss           0x3fff049d        0x0 c:/Espressif/ESP8266_SDK_200/lib\liblwip.a(pbuf.o)
 *fill*         0x3fff049d        0x3 
 .bss           0x3fff04a0        0x4 c:/Espressif/ESP8266_SDK_200/lib\liblwip.a(raw.o)
 .bss           0x3fff04a4       0x34 c:/Espressif/ESP8266_SDK_200/lib\liblwip.a(tcp_in.o)
                0x3fff04d4                tcp_input_pcb
 .bss           0x3fff04d8       0x1c c:/Espressif/ESP8266_SDK_200/lib\liblwip.a(tcp.o)
                0x3fff04dc                tcp_active_pcbs
                0x3fff04e0                tcp_tmp_pcb
                0x3fff04e4                tcp_tw_pcbs
                0x3fff04e8                tcp_bound_pcbs
                0x3fff04ec                tcp_listen_pcbs
                0x3fff04f0                tcp_ticks
 .bss           0x3fff04f4        0x0 c:/Espressif/ESP8266_SDK_200/lib\liblwip.a(tcp_out.o)
 .bss           0x3fff04f4        0xc c:/Espressif/ESP8266_SDK_200/lib\liblwip.a(timers.o)
 .bss           0x3fff0500        0x4 c:/Espressif/ESP8266_SDK_200/lib\liblwip.a(udp.o)
                0x3fff0500                udp_pcbs
 .bss           0x3fff0504        0x0 c:/Espressif/ESP8266_SDK_200/lib\liblwip.a(espconn_buf.o)
 .bss           0x3fff0504        0x0 c:/Espressif/ESP8266_SDK_200/lib\liblwip.a(icmp.o)
 .bss           0x3fff0504        0x0 c:/Espressif/ESP8266_SDK_200/lib\libwpa.a(ap_config.o)
 .bss           0x3fff0504        0x0 c:/Espressif/ESP8266_SDK_200/lib\libwpa.a(common.o)
 .bss           0x3fff0504        0x0 c:/Espressif/ESP8266_SDK_200/lib\libwpa.a(os_xtensa.o)
 .bss           0x3fff0504        0x0 c:/Espressif/ESP8266_SDK_200/lib\libwpa.a(wpa_auth.o)
 .bss           0x3fff0504        0x0 c:/Espressif/ESP8266_SDK_200/lib\libwpa.a(wpa_auth_ie.o)
 *fill*         0x3fff0504        0xc 
 .bss           0x3fff0510      0x26a c:/Espressif/ESP8266_SDK_200/lib\libwpa.a(wpa.o)
 .bss           0x3fff077a        0x0 c:/Espressif/ESP8266_SDK_200/lib\libwpa.a(wpa_common.o)
 .bss           0x3fff077a        0x0 c:/Espressif/ESP8266_SDK_200/lib\libwpa.a(wpa_debug.o)
 .bss           0x3fff077a        0x0 c:/Espressif/ESP8266_SDK_200/lib\libwpa.a(wpa_ie.o)
 .bss           0x3fff077a        0x0 c:/Espressif/ESP8266_SDK_200/lib\libwpa.a(wpa_main.o)
 .bss           0x3fff077a        0x0 c:/Espressif/ESP8266_SDK_200/lib\libwpa.a(wpas_glue.o)
 *fill*         0x3fff077a        0x2 
 .bss           0x3fff077c       0x30 c:/Espressif/ESP8266_SDK_200/lib\libsmartconfig.a(sc_sniffer.o)
                0x3fff077c                pAPListHead
                0x3fff0780                pAPListTral
                0x3fff0784                smartconfig_cb
                0x3fff0788                SnifGlob
                0x3fff0798                channel_timer
 .bss           0x3fff07ac       0xb8 c:/Espressif/ESP8266_SDK_200/lib\libsmartconfig.a(sc_airkiss.o)
                0x3fff07ac                pAKGuideGlob
                0x3fff07b0                pAkTrans
                0x3fff07b4                pAkDiret
                0x3fff07b8                KissRes_ht20_timer
                0x3fff0834                pKissConn
                0x3fff0850                weixin_timer
 .bss           0x3fff0864       0xd4 c:/Espressif/ESP8266_SDK_200/lib\libsmartconfig.a(sc_esptouch.o)
                0x3fff0864                pETGuideGlob
                0x3fff0868                pCHListHead
                0x3fff086c                pCHListTral
                0x3fff0870                pTouchGlob
                0x3fff0874                TouchRestart_ht20_timer
                0x3fff08f0                TouchRestart_ht40_timer
                0x3fff0904                pTouchConn
                0x3fff0920                TouchUdpTimer
 .bss           0x3fff0938        0x0 c:/Espressif/ESP8266_SDK_200/lib\libcrypto.a(aes-wrap.o)
 .bss           0x3fff0938        0x0 c:/Espressif/ESP8266_SDK_200/lib\libcrypto.a(aes-internal-enc.o)
 .bss           0x3fff0938        0x0 c:/Espressif/ESP8266_SDK_200/lib\libcrypto.a(aes-internal.o)
 .bss           0x3fff0938        0x0 c:/espressif/xtensa-lx106-elf/bin/../lib/gcc/xtensa-lx106-elf/5.1.0/../../../../xtensa-lx106-elf/lib\libc.a(lib_a-memchr.o)
 .bss           0x3fff0938        0x0 c:/Espressif/ESP8266_SDK_200/lib\libgcc.a(_ashrdi3.o)
 .bss           0x3fff0938        0x8 c:/Espressif/ESP8266_SDK_200/lib\libnet80211.a(ieee80211_crypto_tkip.o)
 .bss           0x3fff0940        0x0 c:/Espressif/ESP8266_SDK_200/lib\libnet80211.a(ieee80211_crypto_wep.o)
 *(.bss.*)
 *(.gnu.linkonce.b.*)
 *(COMMON)
 COMMON         0x3fff0940      0x18c build/debug/app_app.a(user_main.o)
                0x3fff0940                savedLastAction
                0x3fff0944                taskQueue
                0x3fff09e4                mqttClient
                0x3fff0ab4                mqttConnected
                0x3fff0ab8                transmit_timer
 COMMON         0x3fff0acc      0x1b4 build/debug/app_app.a(config.o)
                0x3fff0acc                sysCfg
                0x3fff0c7c                saveFlag
 COMMON         0x3fff0c80        0x8 build/debug/app_app.a(flash.o)
                0x3fff0c80                flashState
                0x3fff0c84                flashFinishedCb
 COMMON         0x3fff0c88       0x10 build/debug/app_app.a(mqtt.o)
                0x3fff0c88                default_private_key
                0x3fff0c8c                default_certificate
                0x3fff0c90                mqtt_procTaskQueue
                0x3fff0c98                . = ALIGN (0x8)
                0x3fff0c98                _bss_end = ABSOLUTE (.)
                0x3fff0c98                _heap_start = ABSOLUTE (.)

.irom0.text     0x40210000    0x3b714
                0x40210000                _irom0_text_start = ABSOLUTE (.)
 *libmbedtls.a:(.literal .text .literal.* .text.*)
 *(.irom0.literal .irom.literal .irom.text.literal .irom0.text .irom.text)
 .irom0.text    0x40210000      0xce9 c:/Espressif/ESP8266_SDK_200/lib\libmain.a(app_main.o)
                                0xf3d (size before relaxing)
                0x402102d4                wdt_init
                0x4021037c                user_uart_wait_tx_fifo_empty
                0x40210638                system_phy_freq_trace_enable
                0x40210650                flash_data_check
 *fill*         0x40210ce9        0x3 
 .irom0.text    0x40210cec      0x186 c:/Espressif/ESP8266_SDK_200/lib\libmain.a(ets_timer.o)
                                0x1b2 (size before relaxing)
                0x40210cf4                ets_timer_done
                0x40210d40                ets_timer_handler_isr
                0x40210e10                ets_timer_init
 *fill*         0x40210e72        0x2 
 .irom0.text    0x40210e74       0xf0 c:/Espressif/ESP8266_SDK_200/lib\libmain.a(mem_manager.o)
                                 0xf8 (size before relaxing)
                0x40210e74                check_memleak_debug_enable
                0x40210ee4                xPortGetFreeHeapSize
                0x40210eec                vPortInitialiseBlocks
 .irom0.text    0x40210f64        0xb c:/Espressif/ESP8266_SDK_200/lib\libmain.a(spi_flash.o)
                0x40210f68                spi_flash_set_read_func
 *fill*         0x40210f6f        0x1 
 .irom0.text    0x40210f70     0x3d2d c:/Espressif/ESP8266_SDK_200/lib\libmain.a(user_interface.o)
                               0x48dd (size before relaxing)
                0x40210f74                system_set_os_print
                0x40210f84                system_get_os_print
                0x4021114c                system_pp_recycle_rx_pkt
                0x40211168                system_adc_read
                0x402111a8                system_adc_read_fast
                0x40211208                system_get_vdd33
                0x40211234                system_restart_hook
                0x4021124c                system_restart_local
                0x4021132c                system_restart
                0x4021138c                system_restore
                0x402113f4                system_get_flash_size_map
                0x40211414                system_get_boot_version
                0x4021144c                system_get_test_result
                0x40211474                system_get_userbin_addr
                0x4021150c                system_get_boot_mode
                0x4021153c                system_restart_enhance
                0x402116e8                system_upgrade_userbin_set
                0x40211734                system_upgrade_userbin_check
                0x40211774                system_upgrade_flag_set
                0x40211788                system_upgrade_flag_check
                0x402117b0                system_upgrade_reboot
                0x40211910                system_deep_sleep_instant
                0x40211aa8                system_deep_sleep
                0x40211b08                system_deep_sleep_set_option
                0x40211b24                system_phy_temperature_alert
                0x40211b38                system_phy_set_max_tpw
                0x40211b4c                system_phy_set_tpw_via_vdd33
                0x40211b60                system_phy_set_rfoption
                0x40211b74                system_phy_set_powerup_option
                0x40211b8c                system_update_cpu_freq
                0x40211be8                system_get_cpu_freq
                0x40211c00                system_overclock
                0x40211c2c                system_restoreclock
                0x40211c5c                system_timer_reinit
                0x40211c74                system_relative_time
                0x40211c98                system_station_got_ip_set
                0x40211dc4                system_print_meminfo
                0x40211e24                system_get_free_heap_size
                0x40211e38                system_get_chip_id
                0x40211e5c                system_rtc_clock_cali_proc
                0x40211e70                system_get_rtc_time
                0x40211e84                system_mktime
                0x40211f54                system_init_done_cb
                0x40211f5c                system_get_rst_info
                0x40211f64                system_get_data_of_array_8
                0x40211f88                system_get_data_of_array_16
                0x40211fb0                system_get_string_from_flash
                0x4021201c                wifi_softap_dhcps_start
                0x40212064                wifi_softap_dhcps_stop
                0x402120a4                wifi_softap_dhcps_status
                0x402120ac                wifi_station_dhcpc_start
                0x40212104                wifi_station_dhcpc_stop
                0x40212144                wifi_station_dhcpc_event
                0x402121b8                wifi_station_dhcpc_set_maxtry
                0x402121c8                wifi_station_dhcpc_status
                0x40212248                wifi_get_opmode
                0x4021225c                wifi_get_opmode_default
                0x402122d8                wifi_get_broadcast_if
                0x40212314                wifi_set_broadcast_if
                0x40212490                wifi_set_opmode
                0x402124a4                wifi_set_opmode_current
                0x402124b8                system_get_checksum
                0x40212500                wifi_param_save_protect_with_check
                0x402125c0                system_param_save_with_protect
                0x40212674                system_save_sys_param
                0x402126a0                system_param_load
                0x402127dc                wifi_station_get_config
                0x402127f0                wifi_station_get_config_default
                0x40212810                wifi_station_get_ap_info
                0x402128c8                wifi_station_ap_number_set
                0x40212d80                wifi_station_set_config
                0x40212d98                wifi_station_set_config_current
                0x40212db0                wifi_station_restore_config
                0x40212dc8                wifi_station_get_current_ap_id
                0x40212ddc                wifi_station_ap_check
                0x40212e2c                wifi_station_ap_change
                0x40212f44                wifi_station_scan
                0x40212f90                wifi_station_get_auto_connect
                0x40212fb0                wifi_station_set_auto_connect
                0x40213068                wifi_station_save_pmk2cache
                0x40213198                wifi_station_save_bssid
                0x40213238                wifi_station_connect
                0x402132cc                wifi_station_disconnect
                0x4021338c                wifi_station_get_connect_status
                0x402133bc                wifi_station_set_reconnect_policy
                0x402133d4                wifi_station_get_reconnect_policy
                0x402133dc                wifi_station_get_rssi
                0x4021342c                wifi_station_set_default_hostname
                0x40213494                wifi_station_get_hostname
                0x402134c4                wifi_station_set_hostname
                0x40213564                wifi_softap_cacl_mac
                0x402135d4                wifi_softap_set_default_ssid
                0x402137b4                wifi_softap_get_config
                0x402137c8                wifi_softap_get_config_default
                0x40213b04                wifi_softap_set_config
                0x40213b18                wifi_softap_set_config_current
                0x40213b2c                wifi_softap_set_station_info
                0x40213b9c                wifi_softap_get_station_info
                0x40213c48                wifi_softap_free_station_info
                0x40213c88                wifi_softap_get_station_num
                0x40213cdc                wifi_softap_deauth
                0x40213d8c                wifi_softap_get_beacon_only_mode
                0x40213da0                wifi_softap_set_beacon_only_mode
                0x40213e04                wifi_register_user_ie_manufacturer_recv_cb
                0x40213e18                wifi_unregister_user_ie_manufacturer_recv_cb
                0x40213e48                wifi_set_user_ie
                0x40213f58                wifi_get_user_ie
                0x40213f8c                wifi_get_phy_mode
                0x40213fa0                wifi_set_phy_mode
                0x40214154                wifi_check_regdomain_param
                0x402141d8                wifi_regdomain_need_update
                0x402142b4                wifi_set_regdomain
                0x402143ec                wifi_get_regdomain
                0x4021449c                wifi_set_sleep_type
                0x402144bc                wifi_enable_gpio_wakeup
                0x402144e8                wifi_disable_gpio_wakeup
                0x40214500                wifi_get_sleep_type
                0x40214518                wifi_get_channel
                0x40214530                wifi_set_channel
                0x40214588                wifi_promiscuous_set_mac
                0x402145e8                wifi_promiscuous_enable
                0x402146cc                wifi_set_promiscuous_rx_cb
                0x402146dc                wifi_get_ip_info
                0x4021475c                wifi_set_ip_info
                0x402147d0                wifi_get_macaddr
                0x40214830                wifi_set_macaddr
                0x4021494c                wifi_enable_6m_rate
                0x40214954                wifi_get_user_fixed_rate
                0x40214974                wifi_set_user_fixed_rate
                0x40214994                wifi_set_user_sup_rate
                0x402149d0                wifi_set_user_rate_limit
                0x402149f4                wifi_get_user_limit_rate_mask
                0x402149fc                wifi_set_user_limit_rate_mask
                0x40214a14                wifi_register_send_pkt_freedom_cb
                0x40214a28                wifi_unregister_send_pkt_freedom_cb
                0x40214a34                wifi_send_pkt_freedom
                0x40214a80                wifi_rfid_locp_recv_open
                0x40214a94                wifi_rfid_locp_recv_close
                0x40214aa8                wifi_register_rfid_locp_recv_cb
                0x40214abc                wifi_unregister_rfid_locp_recv_cb
                0x40214ad4                wifi_status_led_install
                0x40214b08                wifi_status_led_uninstall
                0x40214b2c                wifi_set_status_led_output_level
                0x40214b80                wifi_set_event_handler_cb
                0x40214bc8                system_os_task
                0x40214c04                system_uart_swap
                0x40214c64                system_uart_de_swap
                0x40214c98                system_get_sdk_version
 *fill*         0x40214c9d        0x3 
 .irom0.text    0x40214ca0      0x610 c:/Espressif/ESP8266_SDK_200/lib\libmain.a(eagle_lib.o)
                                0x620 (size before relaxing)
                0x40214ca4                divide
                0x40214ce0                skip_atoi
                0x40214e60                ets_vsnprintf
                0x402151c0                ets_vsprintf
                0x402151e4                ets_sprintf
                0x4021520c                ets_strcat
                0x4021522c                ets_strrchr
                0x40215258                ets_strchr
                0x40215270                bit_popcount
                0x4021528c                ets_snprintf
 .irom0.text    0x402152b0      0x31e c:/Espressif/ESP8266_SDK_200/lib\libmain.a(eagle_lwip_if.o)
                                0x3e6 (size before relaxing)
                0x40215368                eagle_lwip_if_alloc
                0x40215528                eagle_lwip_if_free
                0x402155ac                eagle_lwip_getif
 *fill*         0x402155ce        0x2 
 .irom0.text    0x402155d0      0xdc8 build/debug/app_app.a(user_main.o)
                               0x1220 (size before relaxing)
                0x40215e20                user_rf_cal_sector_set
                0x40215ff8                mqttIsConnected
                0x40216000                stopConnection
                0x40216018                startConnection
                0x40216030                publishSensorData
                0x40216050                _publishDeviceInfo
                0x402162b0                publishData
                0x402162cc                setExternalTemperature
                0x402162f0                setTime
                0x4021636c                user_init
 .irom0.text    0x40216398      0x2c9 build/debug/app_app.a(config.o)
                                0x3b5 (size before relaxing)
                0x402163ac                CFG_Save
                0x40216468                CFG_Load
                0x402165a8                CFG_print
                0x40216604                CFG_printSettings
                0x4021664c                CFG_lastSaved
                0x40216654                sysCfgUpdates
 *fill*         0x40216661        0x3 
 .irom0.text    0x40216664      0x47f build/debug/app_app.a(io.o)
                                0x54f (size before relaxing)
                0x402166f0                initOutputs
                0x40216730                initInputs
                0x40216760                setOutput
                0x4021677c                forceOutput
                0x402167d0                clrOverride
                0x4021682c                setLED
                0x402168b4                setSpeed
                0x40216940                printOutputs
                0x402169d0                clearPirActive
                0x402169ec                setPirActive
                0x40216a8c                checkPirActive
 *fill*         0x40216ae3        0x1 
 .irom0.text    0x40216ae4      0x111 build/debug/app_app.a(switch.o)
                                0x125 (size before relaxing)
                0x40216bb8                initSwitch
 *fill*         0x40216bf5        0x3 
 .irom0.text    0x40216bf8      0x7b9 build/debug/app_app.a(http.o)
                                0x991 (size before relaxing)
                0x402172bc                tcp_listen
                0x4021733c                toggleHttpSetupMode
 *fill*         0x402173b1        0x3 
 .irom0.text    0x402173b4      0x4b9 build/debug/app_app.a(easygpio.o)
                                0x4f5 (size before relaxing)
                0x402173b4                easygpio_countBits
                0x4021740c                easygpio_getGPIONameFunc
                0x40217538                easygpio_pullMode
                0x4021758c                easygpio_pinMode
                0x402176bc                easygpio_attachInterrupt
                0x4021779c                easygpio_detachInterrupt
                0x402177c8                easygpio_outputDisable
                0x40217808                easygpio_outputEnable
 *fill*         0x4021786d        0x3 
 .irom0.text    0x40217870      0x481 build/debug/app_app.a(wifi.o)
                                0x599 (size before relaxing)
                0x40217b20                getBestSSID
                0x40217b28                WiFiScanStatus
                0x40217b30                WiFiConnectStatus
                0x40217b38                WiFiIPaddress
                0x40217b40                WiFiMACaddress
                0x40217b58                initWiFi
                0x40217c04                WIFI_ConnectTime
                0x40217c28                WIFI_Connect
 *fill*         0x40217cf1        0x3 
 .irom0.text    0x40217cf4      0x174 build/debug/app_app.a(flash.o)
                                0x1ac (size before relaxing)
                0x40217cfc                stopFlash
                0x40217e50                startFlash
 .irom0.text    0x40217e68       0xc1 build/debug/app_app.a(doSmartConfig.o)
                                0x12d (size before relaxing)
                0x40217e70                checkSmartConfig
                0x40217edc                smartConfig_done
 *fill*         0x40217f29        0x3 
 .irom0.text    0x40217f2c       0xd5 build/debug/app_app.a(stdout.o)
                                 0xe1 (size before relaxing)
                0x40217f88                stdout_init
 *fill*         0x40218001        0x3 
 .irom0.text    0x40218004      0x118 build/debug/app_app.a(check.o)
                                0x148 (size before relaxing)
                0x40218008                checkMinHeap
                0x4021802c                showTime
                0x40218060                checkTime
                0x40218098                checkTimeFunc
                0x402180d0                assert_true
                0x402180fc                assert_equal
 .irom0.text    0x4021811c      0xc30 build/debug/app_app.a(mqtt.o)
                                0xe98 (size before relaxing)
                0x402185a4                MQTT_InitConnection
                0x40218624                MQTT_InitClient
                0x40218758                MQTT_DeleteClient
                0x4021878c                MQTT_InitLWT
                0x40218820                MQTT_OnConnected
                0x40218828                MQTT_OnDisconnected
                0x40218830                MQTT_OnPublished
                0x40218838                MQTT_OnTimeout
                0x40218840                MQTT_OnData
                0x40218850                MQTT_Subscribe
                0x402188e8                MQTT_UnSubscribe
                0x40218980                MQTT_Connect
                0x40218c58                MQTT_Disconnect
                0x40218c98                MQTT_Publish
                0x40218d40                MQTT_ClientSetUp
 .irom0.text    0x40218d4c      0x933 build/debug/app_app.a(publish.o)
                                0xcab (size before relaxing)
                0x40218da4                publishAllTemperatures
                0x40218e88                publishTemperature
                0x40218f7c                publishError
                0x4021908c                publishAlarm
                0x402191b0                publishDeviceReset
                0x402192a4                publishDeviceInfo
                0x40219498                publishMapping
                0x402195a8                publishInput
                0x40219678                initPublish
 *fill*         0x4021967f        0x1 
 .irom0.text    0x40219680      0x869 build/debug/app_app.a(temperature.o)
                                0xa5d (size before relaxing)
                0x40219684                getUnmappedTemperature
                0x402196a8                sensorIdx
                0x402196f4                checkAddNewTemperature
                0x40219748                checkSetTemperature
                0x402197d8                setUnmappedSensorTemperature
                0x40219974                printTemperature
                0x402199d8                printMappedTemperature
                0x40219a5c                ds18b20StartScan
                0x40219adc                mappedFloatTemperature
                0x40219b9c                mappedFloatPtrTemperature
                0x40219c58                mappedStrTemperature
                0x40219d0c                checkMappedFloat
                0x40219d3c                mappedTemperature
                0x40219d78                unmappedSensorID
                0x40219d94                getUnmappedFloatTemperature
                0x40219e00                mappedTemperatureIsSet
                0x40219e20                setTemperatureOverride
                0x40219eac                clearTemperatureOverride
                0x40219ed0                initTemperature
 *fill*         0x40219ee9        0x3 
 .irom0.text    0x40219eec      0x16b build/debug/app_app.a(dht22.o)
                                0x1af (size before relaxing)
                0x40219fc0                dhtRead
                0x40219fd4                dhtInit
 *fill*         0x4021a057        0x1 
 .irom0.text    0x4021a058      0x4ac build/debug/app_app.a(ds18b20.o)
                                0x52c (size before relaxing)
                0x4021a068                ds_init
                0x4021a0c8                reset_search
                0x4021a0f0                reset
                0x4021a180                write_bit
                0x4021a1e4                write
                0x4021a244                select
                0x4021a274                ds1q8B20_skip
                0x4021a288                read_bit
                0x4021a2dc                ds_search
                0x4021a434                read
                0x4021a468                crc8
                0x4021a4a8                crc16
 .irom0.text    0x4021a504      0x49a build/debug/app_app.a(decodeMessage.o)
                                0x5ea (size before relaxing)
                0x4021a560                decodeMessage
 *fill*         0x4021a99e        0x2 
 .irom0.text    0x4021a9a0      0x4a8 build/debug/app_app.a(jsmn.o)
                                0x4bc (size before relaxing)
                0x4021a9b0                printJSMN
                0x4021aa2c                jsoneq
                0x4021aa80                jsmn_parse
                0x4021ae3c                jsmn_init
 .irom0.text    0x4021ae48      0x2ad build/debug/app_app.a(dtoa.o)
                                0x30d (size before relaxing)
                0x4021ae70                dtoStr
 *fill*         0x4021b0f5        0x3 
 .irom0.text    0x4021b0f8       0x77 build/debug/app_app.a(queue.o)
                                 0x8b (size before relaxing)
                0x4021b0fc                QUEUE_Init
                0x4021b130                QUEUE_Puts
                0x4021b148                QUEUE_Gets
                0x4021b160                QUEUE_IsEmpty
 *fill*         0x4021b16f        0x1 
 .irom0.text    0x4021b170      0xb54 build/debug/app_app.a(mqtt_msg.o)
                                0xbe4 (size before relaxing)
                0x4021b268                mqtt_msg_init
                0x4021b2a4                mqtt_get_total_length
                0x4021b2f4                mqtt_get_publish_topic
                0x4021b354                mqtt_get_publish_data
                0x4021b3f4                mqtt_get_id
                0x4021b4b4                mqtt_msg_connect
                0x4021b668                mqtt_msg_publish
                0x4021b790                mqtt_msg_puback
                0x4021b81c                mqtt_msg_pubrec
                0x4021b8a8                mqtt_msg_pubrel
                0x4021b934                mqtt_msg_pubcomp
                0x4021b9c0                mqtt_msg_subscribe
                0x4021ba9c                mqtt_msg_unsubscribe
                0x4021bb60                mqtt_msg_pingreq
                0x4021bbd8                mqtt_msg_pingresp
                0x4021bc50                mqtt_msg_disconnect
 .irom0.text    0x4021bcc4      0x260 build/debug/app_app.a(proto.o)
                                0x280 (size before relaxing)
                0x4021bcc4                PROTO_Init
                0x4021bcd8                PROTO_Add
                0x4021bd70                PROTO_AddRb
                0x4021be0c                PROTO_ParseByte
                0x4021be90                PROTO_Parse
                0x4021becc                PROTO_ParseRb
 .irom0.text    0x4021bf24       0xfa c:/Espressif/ESP8266_SDK_200/lib\libphy.a(phy.o)
                                0x11e (size before relaxing)
                0x4021bf28                rf_init
                0x4021bf44                bb_init
                0x4021bf5c                phy_init
                0x4021bf8c                RFChannelSel
                0x4021bfa8                phy_delete_channel
                0x4021bfc0                phy_enable_agc
                0x4021bfd8                phy_disable_agc
                0x4021bff0                phy_initialize_bb
                0x4021c008                phy_set_sense
 *fill*         0x4021c01e        0x2 
 .irom0.text    0x4021c020     0x1763 c:/Espressif/ESP8266_SDK_200/lib\libphy.a(phy_chip_v6_ana.o)
                               0x197f (size before relaxing)
                0x4021c024                ram_pbus_set_rxgain
                0x4021c0f8                ram_pbus_debugmode
                0x4021c1ac                ram_pbus_xpd_tx_on
                0x4021c218                set_rf_freq_offset
                0x4021c288                chip_v6_rxmax_ext_ana
                0x4021c3dc                ram_chip_v6_rx_init
                0x4021c410                tsen_meas
                0x4021c4c0                readvdd33
                0x4021c68c                txpwr_offset
                0x4021c748                set_txcap_reg
                0x4021c7c8                ram_ana_inf_gating_en
                0x4021c928                ram_restart_cal
                0x4021c994                wait_rfpll_cal_end
                0x4021ca18                ram_rfpll_set_freq
                0x4021cb20                ram_set_channel_freq
                0x4021ce1c                chip_60_set_channel
                0x4021cfbc                chip_v6_set_chan_offset
                0x4021d01c                chip_v6_set_chan
                0x4021d0cc                chip_v6_set_chan_wakeup
                0x4021d150                chip_v6_rf_init
                0x4021d3b4                low_power_set
                0x4021d404                test_tout
                0x4021d57c                check_data_flag
                0x4021d59c                phy_get_check_flag
                0x4021d6d0                phy_get_vdd33
 *fill*         0x4021d783        0x1 
 .irom0.text    0x4021d784     0x3e44 c:/Espressif/ESP8266_SDK_200/lib\libphy.a(phy_chip_v6.o)
                               0x44fc (size before relaxing)
                0x4021d784                ram_tx_mac_enable
                0x4021d788                ram_tx_mac_disable
                0x4021d78c                rtc_mem_backup
                0x4021d7bc                rtc_mem_recovery
                0x4021d7ec                set_cal_rxdc
                0x4021d8a0                set_rx_gain_cal_iq
                0x4021dbfc                gen_rx_gain_table
                0x4021dd54                pbus_set_rxbbgain
                0x4021ddd4                set_rx_gain_testchip_50
                0x4021e108                ram_get_corr_power
                0x4021e1f8                check_data_func
                0x4021e218                do_noisefloor_lsleep_v50
                0x4021e24c                do_noisefloor
                0x4021e2bc                start_dig_rx
                0x4021e300                stop_dig_rx
                0x4021e32c                chip_v6_set_chanfreq
                0x4021e35c                tx_cap_init
                0x4021e584                target_power_add_backoff
                0x4021e5b0                tx_pwctrl_init_cal
                0x4021e750                tx_atten_set_interp
                0x4021e9b0                check_tx_pwr_cal
                0x4021eaf4                tx_pwctrl_init
                0x4021ec18                ram_get_noisefloor
                0x4021ec34                get_noisefloor_sat
                0x4021ec64                ram_set_noise_floor
                0x4021ecc0                ram_start_noisefloor
                0x4021ed0c                read_hw_noisefloor
                0x4021ed38                noise_check_loop
                0x4021ee94                noise_init
                0x4021f094                target_power_backoff
                0x4021f0e8                sdt_on_noise_start
                0x4021f168                chip_v6_set_chan_rx_cmp
                0x4021f2f4                chip_v6_set_chan_misc
                0x4021f370                phy_dig_spur_set
                0x4021f6c8                phy_dig_spur_prot
                0x4021f900                chip_v6_rxmax_ext_dig
                0x4021f94c                chip_v6_rxmax_ext
                0x4021f9fc                phy_bb_rx_cfg
                0x4021fe14                uart_wait_idle
                0x4021fe4c                phy_pbus_soc_cfg
                0x4021ff04                phy_gpio_cfg
                0x4022011c                tx_cont_en
                0x402201c4                tx_cont_dis
                0x40220218                tx_cont_cfg
                0x4022023c                chip_v6_initialize_bb
                0x402203a0                periodic_cal
                0x402203d8                bbpll_cal
                0x40220480                periodic_cal_top
                0x402204e4                register_chipv6_phy_init_param
                0x4022078c                change_bbpll160_sleep
                0x4022093c                change_bbpll160
                0x40220974                set_crystal_uart
                0x40220a04                ant_switch_init
                0x40220ab4                reduce_current_init
                0x40220ba0                rtc_mem_check
                0x40220bdc                phy_afterwake_set_rfoption
                0x40220bf8                deep_sleep_set_option
                0x40220c24                write_data_to_rtc
                0x40220c5c                get_data_from_rtc
                0x40220ce0                register_chipv6_phy
                0x40221178                set_dpd_bypass
                0x402211a0                set_rf_gain_stage10
                0x402211d0                get_vdd33_offset
                0x40221244                get_phy_target_power
                0x402212f4                set_most_pwr_reg
                0x402213c8                phy_set_most_tpw
                0x402213e8                phy_vdd33_set_tpw
                0x40221400                get_adc_rand
                0x40221434                phy_get_rand
                0x40221450                phy_tx_pwctrl_cali
                0x40221478                phy_check_data_table
                0x402214b4                phy_after_init_enrx
                0x40221518                phy_set_rx11b_reg
                0x4022154c                phy_set_powerup_option
                0x4022155c                phy_get_txpwr_param
                0x402215a8                phy_get_rxnf_param
                0x402215b4                phy_get_freq_param
 .irom0.text    0x402215c8     0x21a8 c:/Espressif/ESP8266_SDK_200/lib\libphy.a(phy_chip_v6_cal.o)
                               0x23d4 (size before relaxing)
                0x402215c8                txbbgain2dcoindex
                0x402215e8                dcoindex2txbbgain
                0x4022160c                init_cal_dcoffset
                0x402216d0                set_rfanagain_dc_reg
                0x4022176c                set_txdc_pbus
                0x402217d8                get_rf_gain_qdb
                0x40221800                correct_rf_ana_gain
                0x40221908                get_sar_dout
                0x40221998                cal_rf_ana_gain
                0x40221ab0                meas_tone_pwr_db
                0x40221b20                tx_pwr_backoff
                0x40221cd4                get_fcc_1m2m_pwr_offset
                0x40221d10                ram_set_txbb_atten
                0x40221da4                txiq_get_mis_pwr
                0x40221e4c                txiq_cover
                0x40222068                ram_rfcal_txiq
                0x402222d8                rc_cal
                0x40222498                get_target_power_offset
                0x402225a0                get_pwctrl_correct
                0x402225f8                tx_pwctrl_cal
                0x402228f4                tx_pwctrl_bg_init
                0x4022296c                tx_pwctrl_background
                0x40222a24                read_sar_dout
                0x40222a88                ram_get_fm_sar_dout
                0x40222b2c                ram_cal_tos_v60
                0x40222cfc                ram_get_bb_atten
                0x40222d2c                ram_rfcal_txcap
                0x40222ef0                ram_rfcal_pwrctrl
                0x4022312c                ram_rxiq_get_mis
                0x402232fc                ram_rxiq_cover_mg_mp
                0x402234a0                ram_rfcal_rxiq
                0x402236ac                dpd_scale_set
                0x402236f4                dpd_mem_write
 .irom0.text    0x40223770      0xc8a c:/Espressif/ESP8266_SDK_200/lib\libphy.a(phy_sleep.o)
                                0xe9a (size before relaxing)
                0x40223770                pm_usec2rtc
                0x402237a4                pm_rtc2usec
                0x402237b0                pm_set_sleep_cycles
                0x402237d8                pm_sleep_opt
                0x4022392c                pm_wakeup_opt
                0x40223964                get_chip_version
                0x402239a4                pm_sleep_opt_bb_off
                0x402239f0                pm_sleep_opt_bb_on
                0x40223a44                pm_set_pll_xtal_wait_time
                0x40223a70                pm_prepare_to_sleep
                0x40223a78                pm_sdio_nidle
                0x40223aec                chg_lslp_mem_opt_8266
                0x40223b0c                pm_wait4wakeup
                0x40223b48                pm_open_rf
                0x40223b8c                pm_sleep_set_mac
                0x40223c10                pm_set_wakeup_mac
                0x40223ca8                pm_check_mac_idle
                0x40223d00                pm_set_sleep_btco
                0x40223da0                pm_set_wakeup_btco
                0x40223eb8                pm_set_sleep_mode
                0x40223fd8                pm_unmask_bt
                0x40224044                pm_wakeup_init
                0x402242a0                sleep_opt_8266
                0x402242c0                sleep_opt_bb_on_8266
                0x402242f8                sleep_reset_analog_rtcreg_8266
 *fill*         0x402243fa        0x2 
 .irom0.text    0x402243fc      0x48d c:/Espressif/ESP8266_SDK_200/lib\libpp.a(if_hwctrl.o)
                                0x5bd (size before relaxing)
                0x4022441c                ic_get_addr
                0x40224428                ic_set_opmode
                0x4022443c                ic_enable_interface
                0x4022448c                ic_interface_enabled
                0x402244a0                ic_disable_interface
                0x402244e8                ic_is_pure_sta
                0x40224504                ic_get_ptk_alg
                0x40224514                ic_get_gtk_alg
                0x40224524                ic_set_ptk_alg
                0x40224534                ic_set_gtk_alg
                0x40224544                ic_interface_is_p2p
                0x402245dc                ic_set_vif
                0x40224698                ic_set_sta
                0x40224798                ic_bss_info_update
                0x402247f4                ic_set_key
                0x40224850                ic_remove_key
                0x40224864                ic_get_rssi
 *fill*         0x40224889        0x3 
 .irom0.text    0x4022488c      0x100 c:/Espressif/ESP8266_SDK_200/lib\libpp.a(lmac.o)
                                0x118 (size before relaxing)
                0x40224890                lmacInitAc
                0x402248c4                lmacInit
                0x40224970                lmacSetRetryLimit
 .irom0.text    0x4022498c     0x1a99 c:/Espressif/ESP8266_SDK_200/lib\libpp.a(pm.o)
                               0x2045 (size before relaxing)
                0x40224990                pm_set_gpio_wakeup_pin
                0x402249c8                pm_clear_gpio_wakeup_pin
                0x402249d8                pm_is_gpio_int_trig
                0x402249ec                pm_rtc_clock_cali_proc
                0x40224a24                pm_get_ck170_period
                0x40224a48                pm_set_sleep_time
                0x40224dbc                pm_rf_is_closed
                0x40224dec                pm_set_sleep_type_from_upper
                0x40224edc                pm_get_sleep_type
                0x40225098                uart_tx_flush
                0x4022509c                pm_suspend
                0x402252c0                pm_shutdown
                0x402253a0                pm_reset_idle_sleep
                0x402253e0                pm_idle_sleep
                0x402253f0                pm_open
                0x402254f4                pm_onBcnRx
                0x40225888                StopLightSleepSetFunc
                0x40225890                LightSleepWakedCbSetFunc
                0x40225e5c                pm_enable_gpio_wakeup
                0x40225e98                pm_attach
                0x40225f90                pm_send_nullfunc
                0x40226134                pm_is_waked
                0x4022614c                pm_is_open
                0x40226164                pm_scan_lock
                0x4022618c                pm_try_scan_unlock
                0x402261a4                pm_force_scan_unlock
                0x40226248                pm_scan_unlocked
                0x4022625c                pm_allow_tx
                0x40226278                pm_assoc_parse
                0x40226290                pm_set_addr
                0x402262b0                pm_sleep_for
                0x402262e0                pm_post
                0x402263e4                pm_get_idle_wait_time
 *fill*         0x40226425        0x3 
 .irom0.text    0x40226428      0xb38 c:/Espressif/ESP8266_SDK_200/lib\libpp.a(pm_for_bcn_only_mode.o)
                                0xee4 (size before relaxing)
                0x4022643c                wifi_fpm_set_sleep_type
                0x4022643c                fpm_set_type_from_upper
                0x402264f8                fpm_get_slp_type
                0x402264f8                wifi_fpm_get_sleep_type
                0x40226500                fpm_rf_is_closed
                0x40226514                fpm_is_open
                0x40226520                fpm_allow_tx
                0x40226548                fpm_close
                0x40226548                wifi_fpm_close
                0x402265d8                wifi_fpm_open