Archive member included because of file (symbol)

c:/Espressif/ESP8266_SDK_151/lib\libmain.a(debug-vector.o)
                              (_DebugExceptionVector)
c:/Espressif/ESP8266_SDK_151/lib\libmain.a(double-vector.o)
                              (_DoubleExceptionVector)
c:/Espressif/ESP8266_SDK_151/lib\libmain.a(kernel-vector.o)
                              (_KernelExceptionVector)
c:/Espressif/ESP8266_SDK_151/lib\libmain.a(nmi-vector.o)
                              (_NMIExceptionVector)
c:/Espressif/ESP8266_SDK_151/lib\libmain.a(user-vector.o)
                              (_UserExceptionVector)
c:/Espressif/ESP8266_SDK_151/lib\libmain.a(vector.o)
                              (call_user_start)
c:/Espressif/ESP8266_SDK_151/lib\libmain.a(app_main.o)
                              c:/Espressif/ESP8266_SDK_151/lib\libmain.a(nmi-vector.o) (NMI_Handler)
c:/Espressif/ESP8266_SDK_151/lib\libmain.a(ets_timer.o)
                              c:/Espressif/ESP8266_SDK_151/lib\libmain.a(app_main.o) (ets_timer_setfn)
c:/Espressif/ESP8266_SDK_151/lib\libmain.a(mem_manager.o)
                              c:/Espressif/ESP8266_SDK_151/lib\libmain.a(app_main.o) (pvPortMalloc)
c:/Espressif/ESP8266_SDK_151/lib\libmain.a(spi_flash.o)
                              c:/Espressif/ESP8266_SDK_151/lib\libmain.a(app_main.o) (spi_flash_read)
c:/Espressif/ESP8266_SDK_151/lib\libmain.a(user_interface.o)
                              c:/Espressif/ESP8266_SDK_151/lib\libmain.a(app_main.o) (done_cb)
c:/Espressif/ESP8266_SDK_151/lib\libmain.a(eagle_lib.o)
                              c:/Espressif/ESP8266_SDK_151/lib\libmain.a(user_interface.o) (ets_sprintf)
c:/Espressif/ESP8266_SDK_151/lib\libmain.a(eagle_lwip_if.o)
                              c:/Espressif/ESP8266_SDK_151/lib\libmain.a(user_interface.o) (hostname)
build/debug/app_app.a(user_main.o)
                              c:/Espressif/ESP8266_SDK_151/lib\libmain.a(app_main.o) (user_init)
build/debug/app_app.a(config.o)
                              build/debug/app_app.a(user_main.o) (sysCfg)
build/debug/app_app.a(io.o)   build/debug/app_app.a(user_main.o) (initOutputs)
build/debug/app_app.a(switch.o)
                              build/debug/app_app.a(user_main.o) (initSwitch)
build/debug/app_app.a(easygpio.o)
                              build/debug/app_app.a(io.o) (easygpio_pinMode)
build/debug/app_app.a(wifi.o)
                              build/debug/app_app.a(user_main.o) (getBestSSID)
build/debug/app_app.a(flash.o)
                              build/debug/app_app.a(user_main.o) (startFlash)
build/debug/app_app.a(doSmartConfig.o)
                              build/debug/app_app.a(user_main.o) (checkSmartConfig)
build/debug/app_app.a(dtoa.o)
                              build/debug/app_app.a(user_main.o) (dtoStr)
build/debug/app_app.a(stdout.o)
                              build/debug/app_app.a(user_main.o) (stdout_init)
build/debug/app_app.a(check.o)
                              build/debug/app_app.a(user_main.o) (checkMinHeap)
build/debug/app_app.a(mqtt.o)
                              build/debug/app_app.a(user_main.o) (MQTT_InitConnection)
build/debug/app_app.a(http.o)
                              build/debug/app_app.a(user_main.o) (tcp_listen)
build/debug/app_app.a(publish.o)
                              build/debug/app_app.a(user_main.o) (publishError)
build/debug/app_app.a(temperature.o)
                              build/debug/app_app.a(publish.o) (getUnmappedTemperature)
build/debug/app_app.a(dht22.o)
                              build/debug/app_app.a(user_main.o) (dhtRead)
build/debug/app_app.a(ds18b20.o)
                              build/debug/app_app.a(temperature.o) (ds_init)
build/debug/app_app.a(decodeMessage.o)
                              build/debug/app_app.a(user_main.o) (decodeMessage)
build/debug/app_app.a(jsmn.o)
                              build/debug/app_app.a(decodeMessage.o) (jsoneq)
build/debug/app_app.a(utils.o)
                              build/debug/app_app.a(mqtt.o) (UTILS_StrToIP)
build/debug/app_app.a(queue.o)
                              build/debug/app_app.a(mqtt.o) (QUEUE_Init)
build/debug/app_app.a(mqtt_msg.o)
                              build/debug/app_app.a(mqtt.o) (mqtt_msg_init)
build/debug/app_app.a(ringbuf.o)
                              build/debug/app_app.a(queue.o) (RINGBUF_Init)
build/debug/app_app.a(proto.o)
                              build/debug/app_app.a(queue.o) (PROTO_AddRb)
c:/espressif/xtensa-lx106-elf/bin/../lib/gcc/xtensa-lx106-elf/5.1.0/../../../../xtensa-lx106-elf/lib\libc.a(lib_a-atoi.o)
                              build/debug/app_app.a(user_main.o) (atoi)
c:/espressif/xtensa-lx106-elf/bin/../lib/gcc/xtensa-lx106-elf/5.1.0/../../../../xtensa-lx106-elf/lib\libc.a(lib_a-lcltime.o)
                              build/debug/app_app.a(user_main.o) (localtime)
[...]
Memory Configuration

Name             Origin             Length             Attributes
dport0_0_seg     0x3ff00000         0x00000010
dram0_0_seg      0x3ffe8000         0x00014000
iram1_0_seg      0x40100000         0x00008000
irom0_0_seg      0x40210000         0x00068000
*default*        0x00000000         0xffffffff

Linker script and memory map

START GROUP
LOAD c:/espressif/xtensa-lx106-elf/bin/../lib/gcc/xtensa-lx106-elf/5.1.0/../../../../xtensa-lx106-elf/lib\libc.a
LOAD c:/espressif/xtensa-lx106-elf/bin/../lib/gcc/xtensa-lx106-elf/5.1.0\libgcc.a
LOAD c:/espressif/xtensa-lx106-elf/bin/../lib/gcc/xtensa-lx106-elf/5.1.0/../../../../xtensa-lx106-elf/lib\libhal.a
LOAD c:/Espressif/ESP8266_SDK_151/lib\libphy.a
LOAD c:/Espressif/ESP8266_SDK_151/lib\libpp.a
LOAD c:/Espressif/ESP8266_SDK_151/lib\libnet80211.a
LOAD c:/Espressif/ESP8266_SDK_151/lib\liblwip.a
LOAD c:/Espressif/ESP8266_SDK_151/lib\libwpa.a
LOAD c:/Espressif/ESP8266_SDK_151/lib\libmain.a
LOAD c:/Espressif/ESP8266_SDK_151/lib\libupgrade.a
LOAD c:/Espressif/ESP8266_SDK_151/lib\libssl.a
LOAD c:/Espressif/ESP8266_SDK_151/lib\libsmartconfig.a
LOAD c:/Espressif/ESP8266_SDK_151/lib\libcrypto.a
LOAD build/debug/app_app.a
END GROUP
                0x40000000                PROVIDE (_memmap_vecbase_reset, 0x40000000)
                0x00000110                _memmap_cacheattr_wb_base = 0x110
                0x00000110                _memmap_cacheattr_wt_base = 0x110
                0x00000220                _memmap_cacheattr_bp_base = 0x220
                0xfffff00f                _memmap_cacheattr_unused_mask = 0xfffff00f
                0x2222211f                _memmap_cacheattr_wb_trapnull = 0x2222211f
                0x2222211f                _memmap_cacheattr_wba_trapnull = 0x2222211f
                0x2222211f                _memmap_cacheattr_wbna_trapnull = 0x2222211f
                0x2222211f                _memmap_cacheattr_wt_trapnull = 0x2222211f
                0x2222222f                _memmap_cacheattr_bp_trapnull = 0x2222222f
                0xfffff11f                _memmap_cacheattr_wb_strict = 0xfffff11f
                0xfffff11f                _memmap_cacheattr_wt_strict = 0xfffff11f
                0xfffff22f                _memmap_cacheattr_bp_strict = 0xfffff22f
                0x22222112                _memmap_cacheattr_wb_allvalid = 0x22222112
                0x22222112                _memmap_cacheattr_wt_allvalid = 0x22222112
                0x22222222                _memmap_cacheattr_bp_allvalid = 0x22222222
                0x2222211f                PROVIDE (_memmap_cacheattr_reset, _memmap_cacheattr_wb_trapnull)

.dport0.rodata  0x3ff00000        0x0
                0x3ff00000                _dport0_rodata_start = ABSOLUTE (.)
 *(.dport0.rodata)
 *(.dport.rodata)
                0x3ff00000                _dport0_rodata_end = ABSOLUTE (.)

.dport0.literal
                0x3ff00000        0x0
                0x3ff00000                _dport0_literal_start = ABSOLUTE (.)
 *(.dport0.literal)
 *(.dport.literal)
                0x3ff00000                _dport0_literal_end = ABSOLUTE (.)

.dport0.data    0x3ff00000        0x0
                0x3ff00000                _dport0_data_start = ABSOLUTE (.)
 *(.dport0.data)
 *(.dport.data)
                0x3ff00000                _dport0_data_end = ABSOLUTE (.)

.data           0x3ffe8000      0x829
                0x3ffe8000                _data_start = ABSOLUTE (.)
 *(.data)
 .data          0x3ffe8000        0x0 c:/Espressif/ESP8266_SDK_151/lib\libmain.a(debug-vector.o)
 .data          0x3ffe8000        0x0 c:/Espressif/ESP8266_SDK_151/lib\libmain.a(double-vector.o)
 .data          0x3ffe8000        0x0 c:/Espressif/ESP8266_SDK_151/lib\libmain.a(kernel-vector.o)
 .data          0x3ffe8000        0x4 c:/Espressif/ESP8266_SDK_151/lib\libmain.a(nmi-vector.o)
                0x3ffe8000                _Pri_3_HandlerAddress
 .data          0x3ffe8004        0x0 c:/Espressif/ESP8266_SDK_151/lib\libmain.a(user-vector.o)
 .data          0x3ffe8004        0x0 c:/Espressif/ESP8266_SDK_151/lib\libmain.a(vector.o)
 .data          0x3ffe8004        0x1 c:/Espressif/ESP8266_SDK_151/lib\libmain.a(app_main.o)
 .data          0x3ffe8005        0x0 c:/Espressif/ESP8266_SDK_151/lib\libmain.a(ets_timer.o)
 .data          0x3ffe8005        0x0 c:/Espressif/ESP8266_SDK_151/lib\libmain.a(mem_manager.o)
 .data          0x3ffe8005        0x0 c:/Espressif/ESP8266_SDK_151/lib\libmain.a(spi_flash.o)
 *fill*         0x3ffe8005        0x3 
 .data          0x3ffe8008        0x6 c:/Espressif/ESP8266_SDK_151/lib\libmain.a(user_interface.o)
                0x3ffe8009                timer2_ms_flag
                0x3ffe800a                dhcps_flag
                0x3ffe800b                dhcpc_flag
                0x3ffe800d                reconnect_internal
 .data          0x3ffe800e        0x0 c:/Espressif/ESP8266_SDK_151/lib\libmain.a(eagle_lib.o)
 *fill*         0x3ffe800e        0x2 
 .data          0x3ffe8010        0x1 c:/Espressif/ESP8266_SDK_151/lib\libmain.a(eagle_lwip_if.o)
                0x3ffe8010                default_hostname
 *fill*         0x3ffe8011        0x3 
 .data          0x3ffe8014        0x8 build/debug/app_app.a(user_main.o)
                0x3ffe8018                version
 .data          0x3ffe801c        0x0 build/debug/app_app.a(config.o)
 .data          0x3ffe801c        0x0 build/debug/app_app.a(io.o)
 .data          0x3ffe801c        0x0 build/debug/app_app.a(switch.o)
 .data          0x3ffe801c        0x0 build/debug/app_app.a(easygpio.o)
 .data          0x3ffe801c        0x4 build/debug/app_app.a(wifi.o)
 .data          0x3ffe8020        0x0 build/debug/app_app.a(flash.o)
 .data          0x3ffe8020        0x0 build/debug/app_app.a(doSmartConfig.o)
 .data          0x3ffe8020        0x0 build/debug/app_app.a(dtoa.o)
 .data          0x3ffe8020        0x0 build/debug/app_app.a(stdout.o)
 .data          0x3ffe8020        0x4 build/debug/app_app.a(check.o)
 .data          0x3ffe8024       0x18 build/debug/app_app.a(mqtt.o)
                0x3ffe8024                noSSL
 .data          0x3ffe803c        0x0 build/debug/app_app.a(http.o)
 .data          0x3ffe803c        0x5 build/debug/app_app.a(publish.o)
 .data          0x3ffe8041        0x0 build/debug/app_app.a(temperature.o)
 .data          0x3ffe8041        0x0 build/debug/app_app.a(dht22.o)
 .data          0x3ffe8041        0x0 build/debug/app_app.a(ds18b20.o)
 .data          0x3ffe8041        0x0 build/debug/app_app.a(decodeMessage.o)
 .data          0x3ffe8041        0x0 build/debug/app_app.a(jsmn.o)
 .data          0x3ffe8041        0x0 build/debug/app_app.a(utils.o)
 .data          0x3ffe8041        0x0 build/debug/app_app.a(queue.o)
 .data          0x3ffe8041        0x0 build/debug/app_app.a(mqtt_msg.o)
 .data          0x3ffe8041        0x0 build/debug/app_app.a(ringbuf.o)
 .data          0x3ffe8041        0x0 build/debug/app_app.a(proto.o)
 .data          0x3ffe8041        0x0 c:/espressif/xtensa-lx106-elf/bin/../lib/gcc/xtensa-lx106-elf/5.1.0/../../../../xtensa-lx106-elf/lib\libc.a(lib_a-atoi.o)
 .data          0x3ffe8041        0x0 c:/espressif/xtensa-lx106-elf/bin/../lib/gcc/xtensa-lx106-elf/5.1.0/../../../../xtensa-lx106-elf/lib\libc.a(lib_a-lcltime.o)
 .data          0x3ffe8041        0x0 c:/espressif/xtensa-lx106-elf/bin/../lib/gcc/xtensa-lx106-elf/5.1.0/../../../../xtensa-lx106-elf/lib\libc.a(lib_a-lcltime_r.o)
 .data          0x3ffe8041        0x0 c:/espressif/xtensa-lx106-elf/bin/../lib/gcc/xtensa-lx106-elf/5.1.0/../../../../xtensa-lx106-elf/lib\libc.a(lib_a-memcpy.o)
 .data          0x3ffe8041        0x0 c:/espressif/xtensa-lx106-elf/bin/../lib/gcc/xtensa-lx106-elf/5.1.0/../../../../xtensa-lx106-elf/lib\libc.a(lib_a-memset.o)
 .data          0x3ffe8041        0x0 c:/espressif/xtensa-lx106-elf/bin/../lib/gcc/xtensa-lx106-elf/5.1.0/../../../../xtensa-lx106-elf/lib\libc.a(lib_a-mktm_r.o)
 .data          0x3ffe8041        0x0 c:/espressif/xtensa-lx106-elf/bin/../lib/gcc/xtensa-lx106-elf/5.1.0/../../../../xtensa-lx106-elf/lib\libc.a(lib_a-strcmp.o)
 .data          0x3ffe8041        0x0 c:/espressif/xtensa-lx106-elf/bin/../lib/gcc/xtensa-lx106-elf/5.1.0/../../../../xtensa-lx106-elf/lib\libc.a(lib_a-strlen.o)
 .data          0x3ffe8041        0x0 c:/espressif/xtensa-lx106-elf/bin/../lib/gcc/xtensa-lx106-elf/5.1.0/../../../../xtensa-lx106-elf/lib\libc.a(lib_a-strtol.o)
 .data          0x3ffe8041        0x0 c:/espressif/xtensa-lx106-elf/bin/../lib/gcc/xtensa-lx106-elf/5.1.0/../../../../xtensa-lx106-elf/lib\libc.a(lib_a-tzlock.o)
 *fill*         0x3ffe8041        0x3 
 .data          0x3ffe8044        0x8 c:/espressif/xtensa-lx106-elf/bin/../lib/gcc/xtensa-lx106-elf/5.1.0/../../../../xtensa-lx106-elf/lib\libc.a(lib_a-tzvars.o)
                0x3ffe8044                _tzname
 .data          0x3ffe804c        0x4 c:/espressif/xtensa-lx106-elf/bin/../lib/gcc/xtensa-lx106-elf/5.1.0/../../../../xtensa-lx106-elf/lib\libc.a(lib_a-ctype_.o)
                0x3ffe804c                __ctype_ptr__
 .data          0x3ffe8050       0x40 c:/espressif/xtensa-lx106-elf/bin/../lib/gcc/xtensa-lx106-elf/5.1.0/../../../../xtensa-lx106-elf/lib\libc.a(lib_a-gettzinfo.o)
 .data          0x3ffe8090      0x430 c:/espressif/xtensa-lx106-elf/bin/../lib/gcc/xtensa-lx106-elf/5.1.0/../../../../xtensa-lx106-elf/lib\libc.a(lib_a-impure.o)
                0x3ffe8090                _impure_ptr
 .data          0x3ffe84c0        0x0 c:/espressif/xtensa-lx106-elf/bin/../lib/gcc/xtensa-lx106-elf/5.1.0\libgcc.a(_divsi3.o)
 .data          0x3ffe84c0        0x0 c:/espressif/xtensa-lx106-elf/bin/../lib/gcc/xtensa-lx106-elf/5.1.0\libgcc.a(_modsi3.o)
 .data          0x3ffe84c0        0x0 c:/espressif/xtensa-lx106-elf/bin/../lib/gcc/xtensa-lx106-elf/5.1.0\libgcc.a(_udivsi3.o)
 .data          0x3ffe84c0        0x0 c:/espressif/xtensa-lx106-elf/bin/../lib/gcc/xtensa-lx106-elf/5.1.0\libgcc.a(_umodsi3.o)
 .data          0x3ffe84c0        0x0 c:/espressif/xtensa-lx106-elf/bin/../lib/gcc/xtensa-lx106-elf/5.1.0\libgcc.a(_addsubsf3.o)
 .data          0x3ffe84c0        0x0 c:/espressif/xtensa-lx106-elf/bin/../lib/gcc/xtensa-lx106-elf/5.1.0\libgcc.a(_mulsf3.o)
 .data          0x3ffe84c0        0x0 c:/espressif/xtensa-lx106-elf/bin/../lib/gcc/xtensa-lx106-elf/5.1.0\libgcc.a(_divsf3.o)
 .data          0x3ffe84c0        0x0 c:/espressif/xtensa-lx106-elf/bin/../lib/gcc/xtensa-lx106-elf/5.1.0\libgcc.a(_cmpsf2.o)
 .data          0x3ffe84c0        0x0 c:/espressif/xtensa-lx106-elf/bin/../lib/gcc/xtensa-lx106-elf/5.1.0\libgcc.a(_fixsfsi.o)
 .data          0x3ffe84c0        0x0 c:/espressif/xtensa-lx106-elf/bin/../lib/gcc/xtensa-lx106-elf/5.1.0\libgcc.a(_floatsisf.o)
 .data          0x3ffe84c0        0x0 c:/espressif/xtensa-lx106-elf/bin/../lib/gcc/xtensa-lx106-elf/5.1.0\libgcc.a(_addsubdf3.o)
 .data          0x3ffe84c0        0x0 c:/espressif/xtensa-lx106-elf/bin/../lib/gcc/xtensa-lx106-elf/5.1.0\libgcc.a(_muldf3.o)
 .data          0x3ffe84c0        0x0 c:/espressif/xtensa-lx106-elf/bin/../lib/gcc/xtensa-lx106-elf/5.1.0\libgcc.a(_divdf3.o)
 .data          0x3ffe84c0        0x0 c:/espressif/xtensa-lx106-elf/bin/../lib/gcc/xtensa-lx106-elf/5.1.0\libgcc.a(_cmpdf2.o)
 .data          0x3ffe84c0        0x0 c:/espressif/xtensa-lx106-elf/bin/../lib/gcc/xtensa-lx106-elf/5.1.0\libgcc.a(_fixunsdfsi.o)
 .data          0x3ffe84c0        0x0 c:/espressif/xtensa-lx106-elf/bin/../lib/gcc/xtensa-lx106-elf/5.1.0\libgcc.a(_floatsidf.o)
 .data          0x3ffe84c0        0x0 c:/espressif/xtensa-lx106-elf/bin/../lib/gcc/xtensa-lx106-elf/5.1.0\libgcc.a(_extendsfdf2.o)
 .data          0x3ffe84c0        0x0 c:/espressif/xtensa-lx106-elf/bin/../lib/gcc/xtensa-lx106-elf/5.1.0\libgcc.a(_muldi3.o)
 .data          0x3ffe84c0        0x0 c:/espressif/xtensa-lx106-elf/bin/../lib/gcc/xtensa-lx106-elf/5.1.0\libgcc.a(_umulsidi3.o)
 .data          0x3ffe84c0        0x0 c:/espressif/xtensa-lx106-elf/bin/../lib/gcc/xtensa-lx106-elf/5.1.0/../../../../xtensa-lx106-elf/lib\libhal.a(int_asm--set_intclear.o)
 .data          0x3ffe84c0        0x0 c:/Espressif/ESP8266_SDK_151/lib\libphy.a(phy.o)
 .data          0x3ffe84c0        0x0 c:/Espressif/ESP8266_SDK_151/lib\libphy.a(phy_chip_v6_ana.o)
 .data          0x3ffe84c0       0x53 c:/Espressif/ESP8266_SDK_151/lib\libphy.a(phy_chip_v6.o)
                0x3ffe84c2                tx_rf_ana_gain
                0x3ffe84f0                rx_gain_swp
                0x3ffe8510                test_rffreq_txcap
 .data          0x3ffe8513        0x0 c:/Espressif/ESP8266_SDK_151/lib\libphy.a(phy_chip_v6_cal.o)
 .data          0x3ffe8513        0x0 c:/Espressif/ESP8266_SDK_151/lib\libphy.a(phy_chip_v6_unused.o)
 *fill*         0x3ffe8513        0x1 
 .data          0x3ffe8514        0x4 c:/Espressif/ESP8266_SDK_151/lib\libphy.a(phy_sleep.o)
                0x3ffe8514                chip_version
 .data          0x3ffe8518        0x0 c:/Espressif/ESP8266_SDK_151/lib\libpp.a(if_hwctrl.o)
 .data          0x3ffe8518        0x0 c:/Espressif/ESP8266_SDK_151/lib\libpp.a(lmac.o)
 .data          0x3ffe8518        0x1 c:/Espressif/ESP8266_SDK_151/lib\libpp.a(pm.o)
 *fill*         0x3ffe8519        0x3 
 .data          0x3ffe851c        0x1 c:/Espressif/ESP8266_SDK_151/lib\libpp.a(pm_for_bcn_only_mode.o)
 *fill*         0x3ffe851d        0x3 
 .data          0x3ffe8520       0x1c c:/Espressif/ESP8266_SDK_151/lib\libpp.a(pp.o)
                0x3ffe8520                soft_wdt_interval
                0x3ffe8524                NoiseTimerInterval
                0x3ffe852c                sleep_start_wait_time
                0x3ffe8534                CanDoFreqCal
                0x3ffe8538                tcb
 *fill*         0x3ffe853c        0x4 
 .data          0x3ffe8540       0x40 c:/Espressif/ESP8266_SDK_151/lib\libpp.a(rate_control.o)
 .data          0x3ffe8580      0x24c c:/Espressif/ESP8266_SDK_151/lib\libpp.a(trc.o)
 .data          0x3ffe87cc        0x8 c:/Espressif/ESP8266_SDK_151/lib\libpp.a(wdev.o)
 .data          0x3ffe87d4        0x0 c:/Espressif/ESP8266_SDK_151/lib\libpp.a(esf_buf.o)
 .data          0x3ffe87d4        0x0 c:/Espressif/ESP8266_SDK_151/lib\libnet80211.a(ieee80211.o)
 .data          0x3ffe87d4        0x0 c:/Espressif/ESP8266_SDK_151/lib\libnet80211.a(ieee80211_crypto.o)
 .data          0x3ffe87d4        0x0 c:/Espressif/ESP8266_SDK_151/lib\libnet80211.a(ieee80211_ets.o)
 .data          0x3ffe87d4        0x1 c:/Espressif/ESP8266_SDK_151/lib\libnet80211.a(ieee80211_hostap.o)
                0x3ffe87d4                TmpSTAAPCloseAP
 .data          0x3ffe87d5        0x0 c:/Espressif/ESP8266_SDK_151/lib\libnet80211.a(ieee80211_ht.o)
 .data          0x3ffe87d5        0x0 c:/Espressif/ESP8266_SDK_151/lib\libnet80211.a(ieee80211_input.o)
 .data          0x3ffe87d5        0x0 c:/Espressif/ESP8266_SDK_151/lib\libnet80211.a(ieee80211_mesh_quick.o)
 .data          0x3ffe87d5        0x0 c:/Espressif/ESP8266_SDK_151/lib\libnet80211.a(ieee80211_output.o)
 .data          0x3ffe87d5        0x0 c:/Espressif/ESP8266_SDK_151/lib\libnet80211.a(ieee80211_phy.o)
 .data          0x3ffe87d5        0x0 c:/Espressif/ESP8266_SDK_151/lib\libnet80211.a(ieee80211_power.o)
 .data          0x3ffe87d5        0x0 c:/Espressif/ESP8266_SDK_151/lib\libnet80211.a(ieee80211_proto.o)
 .data          0x3ffe87d5        0x0 c:/Espressif/ESP8266_SDK_151/lib\libnet80211.a(ieee80211_rfid.o)
 .data          0x3ffe87d5        0x0 c:/Espressif/ESP8266_SDK_151/lib\libnet80211.a(ieee80211_scan.o)
 .data          0x3ffe87d5        0x0 c:/Espressif/ESP8266_SDK_151/lib\libnet80211.a(ieee80211_sta.o)
 .data          0x3ffe87d5        0x0 c:/Espressif/ESP8266_SDK_151/lib\libnet80211.a(wl_chm.o)
 *fill*         0x3ffe87d5        0x3 
 .data          0x3ffe87d8        0x1 c:/Espressif/ESP8266_SDK_151/lib\libnet80211.a(wl_cnx.o)
 *fill*         0x3ffe87d9        0x7 
 .data          0x3ffe87e0       0x1c c:/Espressif/ESP8266_SDK_151/lib\libnet80211.a(ieee80211_action.o)
 .data          0x3ffe87fc        0x0 c:/Espressif/ESP8266_SDK_151/lib\libnet80211.a(ieee80211_action_vendor.o)
 .data          0x3ffe87fc        0x0 c:/Espressif/ESP8266_SDK_151/lib\libnet80211.a(ieee80211_crypto_ccmp.o)
 .data          0x3ffe87fc        0x0 c:/Espressif/ESP8266_SDK_151/lib\libnet80211.a(ieee80211_ie_vendor.o)
 .data          0x3ffe87fc        0x4 c:/Espressif/ESP8266_SDK_151/lib\liblwip.a(dhcp.o)
 .data          0x3ffe8800        0x5 c:/Espressif/ESP8266_SDK_151/lib\liblwip.a(dhcpserver.o)
                0x3ffe8800                dhcps_lease_time
 .data          0x3ffe8805        0x0 c:/Espressif/ESP8266_SDK_151/lib\liblwip.a(dns.o)
 .data          0x3ffe8805        0x0 c:/Espressif/ESP8266_SDK_151/lib\liblwip.a(espconn.o)
 .data          0x3ffe8805        0x0 c:/Espressif/ESP8266_SDK_151/lib\liblwip.a(espconn_tcp.o)
 .data          0x3ffe8805        0x0 c:/Espressif/ESP8266_SDK_151/lib\liblwip.a(espconn_udp.o)
 .data          0x3ffe8805        0x0 c:/Espressif/ESP8266_SDK_151/lib\liblwip.a(etharp.o)
 .data          0x3ffe8805        0x0 c:/Espressif/ESP8266_SDK_151/lib\liblwip.a(igmp.o)
 .data          0x3ffe8805        0x0 c:/Espressif/ESP8266_SDK_151/lib\liblwip.a(inet_chksum.o)
 .data          0x3ffe8805        0x0 c:/Espressif/ESP8266_SDK_151/lib\liblwip.a(init.o)
 .data          0x3ffe8805        0x0 c:/Espressif/ESP8266_SDK_151/lib\liblwip.a(ip_addr.o)
 .data          0x3ffe8805        0x0 c:/Espressif/ESP8266_SDK_151/lib\liblwip.a(ip.o)
 *fill*         0x3ffe8805        0x3 
 .data          0x3ffe8808        0x2 c:/Espressif/ESP8266_SDK_151/lib\liblwip.a(memp.o)
                0x3ffe8808                memp_sizes_test
 .data          0x3ffe880a        0x0 c:/Espressif/ESP8266_SDK_151/lib\liblwip.a(netif.o)
 .data          0x3ffe880a        0x0 c:/Espressif/ESP8266_SDK_151/lib\liblwip.a(pbuf.o)
 .data          0x3ffe880a        0x0 c:/Espressif/ESP8266_SDK_151/lib\liblwip.a(raw.o)
 .data          0x3ffe880a        0x0 c:/Espressif/ESP8266_SDK_151/lib\liblwip.a(tcp_in.o)
 *fill*         0x3ffe880a        0x2 
 .data          0x3ffe880c        0x8 c:/Espressif/ESP8266_SDK_151/lib\liblwip.a(tcp.o)
 .data          0x3ffe8814        0x0 c:/Espressif/ESP8266_SDK_151/lib\liblwip.a(tcp_out.o)
 .data          0x3ffe8814        0x0 c:/Espressif/ESP8266_SDK_151/lib\liblwip.a(timers.o)
 .data          0x3ffe8814        0x0 c:/Espressif/ESP8266_SDK_151/lib\liblwip.a(udp.o)
 .data          0x3ffe8814        0x0 c:/Espressif/ESP8266_SDK_151/lib\liblwip.a(icmp.o)
 .data          0x3ffe8814        0x0 c:/Espressif/ESP8266_SDK_151/lib\libwpa.a(ap_config.o)
 .data          0x3ffe8814        0x0 c:/Espressif/ESP8266_SDK_151/lib\libwpa.a(common.o)
 .data          0x3ffe8814        0x0 c:/Espressif/ESP8266_SDK_151/lib\libwpa.a(os_xtensa.o)
 .data          0x3ffe8814        0x0 c:/Espressif/ESP8266_SDK_151/lib\libwpa.a(wpa_auth.o)
 .data          0x3ffe8814        0x0 c:/Espressif/ESP8266_SDK_151/lib\libwpa.a(wpa_auth_ie.o)
 .data          0x3ffe8814        0x0 c:/Espressif/ESP8266_SDK_151/lib\libwpa.a(wpa.o)
 .data          0x3ffe8814        0x0 c:/Espressif/ESP8266_SDK_151/lib\libwpa.a(wpa_common.o)
 .data          0x3ffe8814        0x0 c:/Espressif/ESP8266_SDK_151/lib\libwpa.a(wpa_debug.o)
 .data          0x3ffe8814        0x0 c:/Espressif/ESP8266_SDK_151/lib\libwpa.a(wpa_ie.o)
 .data          0x3ffe8814        0x0 c:/Espressif/ESP8266_SDK_151/lib\libwpa.a(wpa_main.o)
 .data          0x3ffe8814        0x0 c:/Espressif/ESP8266_SDK_151/lib\libwpa.a(wpas_glue.o)
 *fill*         0x3ffe8814        0x4 
 .data          0x3ffe8818        0xe c:/Espressif/ESP8266_SDK_151/lib\libsmartconfig.a(sc_sniffer.o)
                0x3ffe8818                g_SC_Select
                0x3ffe8820                ET_Group_bssid
 .data          0x3ffe8826        0x0 c:/Espressif/ESP8266_SDK_151/lib\libsmartconfig.a(sc_airkiss.o)
 *fill*         0x3ffe8826        0x2 
 .data          0x3ffe8828        0x1 c:/Espressif/ESP8266_SDK_151/lib\libsmartconfig.a(sc_esptouch.o)
                0x3ffe8828                g_ET_TimeOut
 .data          0x3ffe8829        0x0 c:/Espressif/ESP8266_SDK_151/lib\libcrypto.a(aes-wrap.o)
 .data          0x3ffe8829        0x0 c:/Espressif/ESP8266_SDK_151/lib\libcrypto.a(aes-internal-enc.o)
 .data          0x3ffe8829        0x0 c:/Espressif/ESP8266_SDK_151/lib\libcrypto.a(aes-internal.o)
 .data          0x3ffe8829        0x0 c:/espressif/xtensa-lx106-elf/bin/../lib/gcc/xtensa-lx106-elf/5.1.0\libgcc.a(_ashrdi3.o)
 .data          0x3ffe8829        0x0 c:/espressif/xtensa-lx106-elf/bin/../lib/gcc/xtensa-lx106-elf/5.1.0\libgcc.a(_fixunssfsi.o)
 .data          0x3ffe8829        0x0 c:/espressif/xtensa-lx106-elf/bin/../lib/gcc/xtensa-lx106-elf/5.1.0\libgcc.a(_fixdfsi.o)
 .data          0x3ffe8829        0x0 c:/espressif/xtensa-lx106-elf/bin/../lib/gcc/xtensa-lx106-elf/5.1.0\libgcc.a(_truncdfsf2.o)
 .data          0x3ffe8829        0x0 c:/espressif/xtensa-lx106-elf/bin/../lib/gcc/xtensa-lx106-elf/5.1.0\libgcc.a(_divdi3.o)
 .data          0x3ffe8829        0x0 c:/espressif/xtensa-lx106-elf/bin/../lib/gcc/xtensa-lx106-elf/5.1.0\libgcc.a(_umoddi3.o)
 .data          0x3ffe8829        0x0 c:/Espressif/ESP8266_SDK_151/lib\libnet80211.a(ieee80211_crypto_tkip.o)
 .data          0x3ffe8829        0x0 c:/Espressif/ESP8266_SDK_151/lib\libnet80211.a(ieee80211_crypto_wep.o)
 *(.data.*)
 *(.gnu.linkonce.d.*)
 *(.data1)
 *(.sdata)
 *(.sdata.*)
 *(.gnu.linkonce.s.*)
 *(.sdata2)
 *(.sdata2.*)
 *(.gnu.linkonce.s2.*)
 *(.jcr)
                0x3ffe8829                _data_end = ABSOLUTE (.)

.noinit         0x3ffe882c        0x4
 .noinit        0x3ffe882c        0x4 build/debug/app_app.a(user_main.o)
                0x3ffe882c                lastAction

.rodata         0x3ffe8830     0x19e4
                0x3ffe8830                _rodata_start = ABSOLUTE (.)
 *(.sdk.version)
 .sdk.version   0x3ffe8830       0x10 c:/Espressif/ESP8266_SDK_151/lib\libmain.a(app_main.o)
                0x3ffe8830                SDK_VERSION
 *(.rodata)
 .rodata        0x3ffe8840       0x4c build/debug/app_app.a(user_main.o)
 .rodata        0x3ffe888c        0x7 build/debug/app_app.a(io.o)
                0x3ffe888c                outputMap
 *fill*         0x3ffe8893        0x1 
 .rodata        0x3ffe8894       0x40 build/debug/app_app.a(easygpio.o)
 .rodata        0x3ffe88d4       0x14 build/debug/app_app.a(wifi.o)
 .rodata        0x3ffe88e8       0x48 build/debug/app_app.a(mqtt.o)
 .rodata        0x3ffe8930       0x20 build/debug/app_app.a(ds18b20.o)
 .rodata        0x3ffe8950      0x160 build/debug/app_app.a(jsmn.o)
 .rodata        0x3ffe8ab0       0x68 c:/espressif/xtensa-lx106-elf/bin/../lib/gcc/xtensa-lx106-elf/5.1.0/../../../../xtensa-lx106-elf/lib\libc.a(lib_a-mktm_r.o)
 .rodata        0x3ffe8b18      0x101 c:/espressif/xtensa-lx106-elf/bin/../lib/gcc/xtensa-lx106-elf/5.1.0/../../../../xtensa-lx106-elf/lib\libc.a(lib_a-ctype_.o)
                0x3ffe8b18                _ctype_
 *fill*         0x3ffe8c19        0x3 
 .rodata        0x3ffe8c1c        0x4 c:/espressif/xtensa-lx106-elf/bin/../lib/gcc/xtensa-lx106-elf/5.1.0/../../../../xtensa-lx106-elf/lib\libc.a(lib_a-impure.o)
                0x3ffe8c1c                _global_impure_ptr
 .rodata        0x3ffe8c20        0x8 c:/Espressif/ESP8266_SDK_151/lib\libphy.a(phy_chip_v6_ana.o)
 .rodata        0x3ffe8c28        0x8 c:/Espressif/ESP8266_SDK_151/lib\libphy.a(phy_chip_v6.o)
 .rodata        0x3ffe8c30        0x4 c:/Espressif/ESP8266_SDK_151/lib\libpp.a(pp.o)
 .rodata        0x3ffe8c34        0x8 c:/Espressif/ESP8266_SDK_151/lib\libnet80211.a(ieee80211_hostap.o)
 .rodata        0x3ffe8c3c        0x9 c:/Espressif/ESP8266_SDK_151/lib\libnet80211.a(ieee80211_output.o)
 *fill*         0x3ffe8c45        0x3 
 .rodata        0x3ffe8c48        0x6 c:/Espressif/ESP8266_SDK_151/lib\liblwip.a(etharp.o)
                0x3ffe8c48                ethbroadcast
 *fill*         0x3ffe8c4e        0x2 
 .rodata        0x3ffe8c50        0x7 c:/Espressif/ESP8266_SDK_151/lib\libsmartconfig.a(sc_sniffer.o)
                0x3ffe8c50                SC_VERSION
 *fill*         0x3ffe8c57        0x1 
 .rodata        0x3ffe8c58        0x8 c:/Espressif/ESP8266_SDK_151/lib\libsmartconfig.a(sc_airkiss.o)
                0x3ffe8c58                RSSI_BEAR
                0x3ffe8c59                DATA_RSSI_BEAR
                0x3ffe8c5a                RSSI_MIN
 *(.rodata.*)
 .rodata.str1.4
                0x3ffe8c60        0xc c:/Espressif/ESP8266_SDK_151/lib\libmain.a(app_main.o)
 .rodata.str1.4
                0x3ffe8c6c        0x4 c:/Espressif/ESP8266_SDK_151/lib\libmain.a(ets_timer.o)
                                  0xc (size before relaxing)
 .rodata.str1.4
                0x3ffe8c70       0x1a c:/Espressif/ESP8266_SDK_151/lib\libmain.a(mem_manager.o)
 *fill*         0x3ffe8c8a        0x2 
 .rodata.str1.4
                0x3ffe8c8c      0x3c4 build/debug/app_app.a(user_main.o)
                                0x3dc (size before relaxing)
 .rodata.str1.4
                0x3ffe9050       0xcb build/debug/app_app.a(config.o)
                                 0xde (size before relaxing)
 *fill*         0x3ffe911b        0x1 
 .rodata.str1.4
                0x3ffe911c       0xd7 build/debug/app_app.a(io.o)
                                 0xe3 (size before relaxing)
 *fill*         0x3ffe91f3        0x1 
 .rodata.str1.4
                0x3ffe91f4       0xd8 build/debug/app_app.a(easygpio.o)
 .rodata.str1.4
                0x3ffe92cc      0x1d9 build/debug/app_app.a(wifi.o)
 *fill*         0x3ffe94a5        0x3 
 .rodata.str1.4
                0x3ffe94a8       0x1c build/debug/app_app.a(flash.o)
 .rodata.str1.4
                0x3ffe94c4       0x4e build/debug/app_app.a(check.o)
 *fill*         0x3ffe9512        0x2 
 .rodata.str1.4
                0x3ffe9514      0x126 build/debug/app_app.a(mqtt.o)
                                0x12a (size before relaxing)
 *fill*         0x3ffe963a        0x2 
 .rodata.str1.4
                0x3ffe963c      0x4af build/debug/app_app.a(http.o)
                                0x4bf (size before relaxing)
 *fill*         0x3ffe9aeb        0x1 
 .rodata.str1.4
                0x3ffe9aec      0x2d6 build/debug/app_app.a(publish.o)
                                0x2ee (size before relaxing)
 *fill*         0x3ffe9dc2        0x2 
 .rodata.str1.4
                0x3ffe9dc4      0x14d build/debug/app_app.a(temperature.o)
                                0x151 (size before relaxing)
 *fill*         0x3ffe9f11        0x3 
 .rodata.str1.4
                0x3ffe9f14       0xe6 build/debug/app_app.a(dht22.o)
                                 0xfa (size before relaxing)
 *fill*         0x3ffe9ffa        0x2 
 .rodata.str1.4
                0x3ffe9ffc       0xd8 build/debug/app_app.a(decodeMessage.o)
                                 0xe8 (size before relaxing)
 .rodata.str1.4
                0x3ffea0d4       0x6b build/debug/app_app.a(jsmn.o)
                                 0x6f (size before relaxing)
 .rodata.str1.4
                0x00000000        0x1 build/debug/app_app.a(queue.o)
 *fill*         0x3ffea13f        0x1 
 .rodata.str1.4
                0x3ffea140        0x7 build/debug/app_app.a(mqtt_msg.o)
 .rodata.str1.1
                0x3ffea147        0x4 c:/espressif/xtensa-lx106-elf/bin/../lib/gcc/xtensa-lx106-elf/5.1.0/../../../../xtensa-lx106-elf/lib\libc.a(lib_a-tzvars.o)
 .rodata.str1.1
                0x3ffea14b        0x2 c:/espressif/xtensa-lx106-elf/bin/../lib/gcc/xtensa-lx106-elf/5.1.0/../../../../xtensa-lx106-elf/lib\libc.a(lib_a-impure.o)
 *fill*         0x3ffea14d        0x3 
 .rodata.str1.4
                0x3ffea150        0x4 c:/Espressif/ESP8266_SDK_151/lib\libpp.a(lmac.o)
                                  0xc (size before relaxing)
 .rodata.str1.4
                0x3ffea154        0x4 c:/Espressif/ESP8266_SDK_151/lib\libpp.a(pm_for_bcn_only_mode.o)
                                  0xc (size before relaxing)
 .rodata.str1.4
                0x3ffea158        0x8 c:/Espressif/ESP8266_SDK_151/lib\libpp.a(pp.o)
                                 0x10 (size before relaxing)
 .rodata.str1.4
                0x3ffea160        0x4 c:/Espressif/ESP8266_SDK_151/lib\libpp.a(wdev.o)
                                  0xc (size before relaxing)
 .rodata.str1.4
                0x3ffea164        0x3 c:/Espressif/ESP8266_SDK_151/lib\libnet80211.a(ieee80211_hostap.o)
                                  0x8 (size before relaxing)
 *fill*         0x3ffea167        0x1 
 .rodata.str1.4
                0x3ffea168        0x7 c:/Espressif/ESP8266_SDK_151/lib\libnet80211.a(ieee80211_mesh_quick.o)
 .rodata.str1.4
                0x00000000        0x4 c:/Espressif/ESP8266_SDK_151/lib\libnet80211.a(ieee80211_sta.o)
 .rodata.str1.4
                0x00000000        0x4 c:/Espressif/ESP8266_SDK_151/lib\libnet80211.a(ieee80211_action_vendor.o)
 .rodata.str1.4
                0x00000000        0x4 c:/Espressif/ESP8266_SDK_151/lib\libnet80211.a(ieee80211_ie_vendor.o)
 .rodata.str1.4
                0x00000000        0x1 c:/Espressif/ESP8266_SDK_151/lib\liblwip.a(espconn_tcp.o)
 *fill*         0x3ffea16f        0x1 
 .rodata.str1.4
                0x3ffea170        0x5 c:/Espressif/ESP8266_SDK_151/lib\libwpa.a(wpa_debug.o)
                                  0xd (size before relaxing)
 *fill*         0x3ffea175        0x3 
 .rodata.str1.4
                0x3ffea178        0xd c:/Espressif/ESP8266_SDK_151/lib\libsmartconfig.a(sc_sniffer.o)
 *fill*         0x3ffea185        0x3 
 .rodata.str1.4
                0x3ffea188        0xd c:/Espressif/ESP8266_SDK_151/lib\libsmartconfig.a(sc_airkiss.o)
 *fill*         0x3ffea195        0x3 
 .rodata.str1.4
                0x3ffea198       0x10 c:/Espressif/ESP8266_SDK_151/lib\libsmartconfig.a(sc_esptouch.o)
                                  0xe (size before relaxing)
 *(.gnu.linkonce.r.*)
 *(.rodata1)
                0x3ffea1a8                __XT_EXCEPTION_TABLE__ = ABSOLUTE (.)
 *(.xt_except_table)
 *(.gcc_except_table)
 *(.gnu.linkonce.e.*)
 *(.gnu.version_r)
 *(.eh_frame)
 .eh_frame      0x3ffea1a8       0x38 c:/espressif/xtensa-lx106-elf/bin/../lib/gcc/xtensa-lx106-elf/5.1.0\libgcc.a(_divdi3.o)
 .eh_frame      0x3ffea1e0       0x2c c:/espressif/xtensa-lx106-elf/bin/../lib/gcc/xtensa-lx106-elf/5.1.0\libgcc.a(_umoddi3.o)
                                 0x3c (size before relaxing)
 *crtbegin.o(.ctors)
 *(EXCLUDE_FILE(*crtend.o) .ctors)
 *(SORT(.ctors.*))
 *(.ctors)
 *crtbegin.o(.dtors)
 *(EXCLUDE_FILE(*crtend.o) .dtors)
 *(SORT(.dtors.*))
 *(.dtors)
                0x3ffea20c                __XT_EXCEPTION_DESCS__ = ABSOLUTE (.)
 *(.xt_except_desc)
 *(.gnu.linkonce.h.*)
                0x3ffea20c                __XT_EXCEPTION_DESCS_END__ = ABSOLUTE (.)
 *(.xt_except_desc_end)
 *(.dynamic)
 *(.gnu.version_d)
                0x3ffea20c                . = ALIGN (0x4)
                0x3ffea20c                _bss_table_start = ABSOLUTE (.)
                0x3ffea20c        0x4 LONG 0x3ffea218 _bss_start
                0x3ffea210        0x4 LONG 0x3fff0c90 _bss_end
                0x3ffea214                _bss_table_end = ABSOLUTE (.)
                0x3ffea214                _rodata_end = ABSOLUTE (.)

.bss            0x3ffea218     0x6a78
                0x3ffea218                . = ALIGN (0x8)
                0x3ffea218                _bss_start = ABSOLUTE (.)
 *(.dynsbss)
 *(.sbss)
 *(.sbss.*)
 *(.gnu.linkonce.sb.*)
 *(.scommon)
 *(.sbss2)
 *(.sbss2.*)
 *(.gnu.linkonce.sb2.*)
 *(.dynbss)
 *(.bss)
 .bss           0x3ffea218        0x0 c:/Espressif/ESP8266_SDK_151/lib\libmain.a(debug-vector.o)
 .bss           0x3ffea218        0x0 c:/Espressif/ESP8266_SDK_151/lib\libmain.a(double-vector.o)
 .bss           0x3ffea218        0x0 c:/Espressif/ESP8266_SDK_151/lib\libmain.a(kernel-vector.o)
 *fill*         0x3ffea218        0x8 
 .bss           0x3ffea220      0x1c0 c:/Espressif/ESP8266_SDK_151/lib\libmain.a(nmi-vector.o)
 .bss           0x3ffea3e0        0x0 c:/Espressif/ESP8266_SDK_151/lib\libmain.a(user-vector.o)
 .bss           0x3ffea3e0        0x0 c:/Espressif/ESP8266_SDK_151/lib\libmain.a(vector.o)
 .bss           0x3ffea3e0       0x41 c:/Espressif/ESP8266_SDK_151/lib\libmain.a(app_main.o)
                0x3ffea3e4                info
                0x3ffea408                lwip_timer_interval
                0x3ffea40c                check_timeouts_timer
                0x3ffea420                user_init_flag
 *fill*         0x3ffea421        0xf 
 .bss           0x3ffea430       0x30 c:/Espressif/ESP8266_SDK_151/lib\libmain.a(ets_timer.o)
                0x3ffea430                timer_list
                0x3ffea434                debug_timer
                0x3ffea438                debug_timerfn
 .bss           0x3ffea460       0x3c c:/Espressif/ESP8266_SDK_151/lib\libmain.a(mem_manager.o)
 .bss           0x3ffea49c        0x4 c:/Espressif/ESP8266_SDK_151/lib\libmain.a(spi_flash.o)
                0x3ffea49c                flash_read
 .bss           0x3ffea4a0      0x242 c:/Espressif/ESP8266_SDK_151/lib\libmain.a(user_interface.o)
                0x3ffea597                deep_sleep_flag
                0x3ffea598                cpu_overclock
                0x3ffea59c                event_cb
                0x3ffea5a0                status_led_output_level
                0x3ffea5a4                done_cb
                0x3ffea5a8                rst_if
                0x3ffea5c4                default_interface
                0x3ffea5c5                OpmodChgIsOnGoing
                0x3ffea5c8                promiscuous_cb
                0x3ffea5e0                event_TaskQueue
 .bss           0x3ffea6e2        0x0 c:/Espressif/ESP8266_SDK_151/lib\libmain.a(eagle_lib.o)
 *fill*         0x3ffea6e2        0x2 
 .bss           0x3ffea6e4        0xc c:/Espressif/ESP8266_SDK_151/lib\libmain.a(eagle_lwip_if.o)
                0x3ffea6e4                hostname
 .bss           0x3ffea6f0       0x48 build/debug/app_app.a(user_main.o)
 .bss           0x3ffea738        0x4 build/debug/app_app.a(config.o)
 .bss           0x3ffea73c       0x93 build/debug/app_app.a(io.o)
 *fill*         0x3ffea7cf        0x1 
 .bss           0x3ffea7d0       0x24 build/debug/app_app.a(switch.o)
 .bss           0x3ffea7f4        0x0 build/debug/app_app.a(easygpio.o)
 .bss           0x3ffea7f4       0x8c build/debug/app_app.a(wifi.o)
                0x3ffea7f4                wifiCb
 .bss           0x3ffea880       0x28 build/debug/app_app.a(flash.o)
 .bss           0x3ffea8a8        0x1 build/debug/app_app.a(doSmartConfig.o)
 .bss           0x3ffea8a9        0x0 build/debug/app_app.a(dtoa.o)
 .bss           0x3ffea8a9        0x0 build/debug/app_app.a(stdout.o)
 .bss           0x3ffea8a9        0x0 build/debug/app_app.a(check.o)
 *fill*         0x3ffea8a9        0x3 
 .bss           0x3ffea8ac        0x8 build/debug/app_app.a(mqtt.o)
                0x3ffea8ac                default_private_key_len
                0x3ffea8b0                default_certificate_len
 .bss           0x3ffea8b4       0x58 build/debug/app_app.a(http.o)
                0x3ffea8b4                httpSetupMode
 .bss           0x3ffea90c        0x4 build/debug/app_app.a(publish.o)
 .bss           0x3ffea910       0x60 build/debug/app_app.a(temperature.o)
 .bss           0x3ffea970       0x9c build/debug/app_app.a(dht22.o)
 .bss           0x3ffeaa0c        0xc build/debug/app_app.a(ds18b20.o)
 .bss           0x3ffeaa18        0x0 build/debug/app_app.a(decodeMessage.o)
 .bss           0x3ffeaa18        0x0 build/debug/app_app.a(jsmn.o)
 .bss           0x3ffeaa18        0x0 build/debug/app_app.a(utils.o)
 .bss           0x3ffeaa18        0x0 build/debug/app_app.a(queue.o)
 .bss           0x3ffeaa18        0x0 build/debug/app_app.a(mqtt_msg.o)
 .bss           0x3ffeaa18        0x0 build/debug/app_app.a(ringbuf.o)
 .bss           0x3ffeaa18        0x0 build/debug/app_app.a(proto.o)
 .bss           0x3ffeaa18        0x0 c:/espressif/xtensa-lx106-elf/bin/../lib/gcc/xtensa-lx106-elf/5.1.0/../../../../xtensa-lx106-elf/lib\libc.a(lib_a-atoi.o)
 .bss           0x3ffeaa18        0x0 c:/espressif/xtensa-lx106-elf/bin/../lib/gcc/xtensa-lx106-elf/5.1.0/../../../../xtensa-lx106-elf/lib\libc.a(lib_a-lcltime.o)
 .bss           0x3ffeaa18        0x0 c:/espressif/xtensa-lx106-elf/bin/../lib/gcc/xtensa-lx106-elf/5.1.0/../../../../xtensa-lx106-elf/lib\libc.a(lib_a-lcltime_r.o)
 .bss           0x3ffeaa18        0x0 c:/espressif/xtensa-lx106-elf/bin/../lib/gcc/xtensa-lx106-elf/5.1.0/../../../../xtensa-lx106-elf/lib\libc.a(lib_a-memcpy.o)
 .bss           0x3ffeaa18        0x0 c:/espressif/xtensa-lx106-elf/bin/../lib/gcc/xtensa-lx106-elf/5.1.0/../../../../xtensa-lx106-elf/lib\libc.a(lib_a-memset.o)
 .bss           0x3ffeaa18        0x0 c:/espressif/xtensa-lx106-elf/bin/../lib/gcc/xtensa-lx106-elf/5.1.0/../../../../xtensa-lx106-elf/lib\libc.a(lib_a-mktm_r.o)
 .bss           0x3ffeaa18        0x0 c:/espressif/xtensa-lx106-elf/bin/../lib/gcc/xtensa-lx106-elf/5.1.0/../../../../xtensa-lx106-elf/lib\libc.a(lib_a-strcmp.o)
 .bss           0x3ffeaa18        0x0 c:/espressif/xtensa-lx106-elf/bin/../lib/gcc/xtensa-lx106-elf/5.1.0/../../../../xtensa-lx106-elf/lib\libc.a(lib_a-strlen.o)
 .bss           0x3ffeaa18        0x0 c:/espressif/xtensa-lx106-elf/bin/../lib/gcc/xtensa-lx106-elf/5.1.0/../../../../xtensa-lx106-elf/lib\libc.a(lib_a-strtol.o)
 .bss           0x3ffeaa18        0x0 c:/espressif/xtensa-lx106-elf/bin/../lib/gcc/xtensa-lx106-elf/5.1.0/../../../../xtensa-lx106-elf/lib\libc.a(lib_a-tzlock.o)
 .bss           0x3ffeaa18        0x8 c:/espressif/xtensa-lx106-elf/bin/../lib/gcc/xtensa-lx106-elf/5.1.0/../../../../xtensa-lx106-elf/lib\libc.a(lib_a-tzvars.o)
                0x3ffeaa18                _timezone
                0x3ffeaa1c                _daylight
 .bss           0x3ffeaa20        0x0 c:/espressif/xtensa-lx106-elf/bin/../lib/gcc/xtensa-lx106-elf/5.1.0/../../../../xtensa-lx106-elf/lib\libc.a(lib_a-ctype_.o)
 .bss           0x3ffeaa20        0x0 c:/espressif/xtensa-lx106-elf/bin/../lib/gcc/xtensa-lx106-elf/5.1.0/../../../../xtensa-lx106-elf/lib\libc.a(lib_a-gettzinfo.o)
 .bss           0x3ffeaa20        0x0 c:/espressif/xtensa-lx106-elf/bin/../lib/gcc/xtensa-lx106-elf/5.1.0/../../../../xtensa-lx106-elf/lib\libc.a(lib_a-impure.o)
 .bss           0x3ffeaa20        0x0 c:/espressif/xtensa-lx106-elf/bin/../lib/gcc/xtensa-lx106-elf/5.1.0\libgcc.a(_divsi3.o)
 .bss           0x3ffeaa20        0x0 c:/espressif/xtensa-lx106-elf/bin/../lib/gcc/xtensa-lx106-elf/5.1.0\libgcc.a(_modsi3.o)
 .bss           0x3ffeaa20        0x0 c:/espressif/xtensa-lx106-elf/bin/../lib/gcc/xtensa-lx106-elf/5.1.0\libgcc.a(_udivsi3.o)
 .bss           0x3ffeaa20        0x0 c:/espressif/xtensa-lx106-elf/bin/../lib/gcc/xtensa-lx106-elf/5.1.0\libgcc.a(_umodsi3.o)
 .bss           0x3ffeaa20        0x0 c:/espressif/xtensa-lx106-elf/bin/../lib/gcc/xtensa-lx106-elf/5.1.0\libgcc.a(_addsubsf3.o)
 .bss           0x3ffeaa20        0x0 c:/espressif/xtensa-lx106-elf/bin/../lib/gcc/xtensa-lx106-elf/5.1.0\libgcc.a(_mulsf3.o)
 .bss           0x3ffeaa20        0x0 c:/espressif/xtensa-lx106-elf/bin/../lib/gcc/xtensa-lx106-elf/5.1.0\libgcc.a(_divsf3.o)
 .bss           0x3ffeaa20        0x0 c:/espressif/xtensa-lx106-elf/bin/../lib/gcc/xtensa-lx106-elf/5.1.0\libgcc.a(_cmpsf2.o)
 .bss           0x3ffeaa20        0x0 c:/espressif/xtensa-lx106-elf/bin/../lib/gcc/xtensa-lx106-elf/5.1.0\libgcc.a(_fixsfsi.o)
 .bss           0x3ffeaa20        0x0 c:/espressif/xtensa-lx106-elf/bin/../lib/gcc/xtensa-lx106-elf/5.1.0\libgcc.a(_floatsisf.o)
 .bss           0x3ffeaa20        0x0 c:/espressif/xtensa-lx106-elf/bin/../lib/gcc/xtensa-lx106-elf/5.1.0\libgcc.a(_addsubdf3.o)
 .bss           0x3ffeaa20        0x0 c:/espressif/xtensa-lx106-elf/bin/../lib/gcc/xtensa-lx106-elf/5.1.0\libgcc.a(_muldf3.o)
 .bss           0x3ffeaa20        0x0 c:/espressif/xtensa-lx106-elf/bin/../lib/gcc/xtensa-lx106-elf/5.1.0\libgcc.a(_divdf3.o)
 .bss           0x3ffeaa20        0x0 c:/espressif/xtensa-lx106-elf/bin/../lib/gcc/xtensa-lx106-elf/5.1.0\libgcc.a(_cmpdf2.o)
 .bss           0x3ffeaa20        0x0 c:/espressif/xtensa-lx106-elf/bin/../lib/gcc/xtensa-lx106-elf/5.1.0\libgcc.a(_fixunsdfsi.o)
 .bss           0x3ffeaa20        0x0 c:/espressif/xtensa-lx106-elf/bin/../lib/gcc/xtensa-lx106-elf/5.1.0\libgcc.a(_floatsidf.o)
 .bss           0x3ffeaa20        0x0 c:/espressif/xtensa-lx106-elf/bin/../lib/gcc/xtensa-lx106-elf/5.1.0\libgcc.a(_extendsfdf2.o)
 .bss           0x3ffeaa20        0x0 c:/espressif/xtensa-lx106-elf/bin/../lib/gcc/xtensa-lx106-elf/5.1.0\libgcc.a(_muldi3.o)
 .bss           0x3ffeaa20        0x0 c:/espressif/xtensa-lx106-elf/bin/../lib/gcc/xtensa-lx106-elf/5.1.0\libgcc.a(_umulsidi3.o)
 .bss           0x3ffeaa20        0x0 c:/espressif/xtensa-lx106-elf/bin/../lib/gcc/xtensa-lx106-elf/5.1.0/../../../../xtensa-lx106-elf/lib\libhal.a(int_asm--set_intclear.o)
 .bss           0x3ffeaa20        0x4 c:/Espressif/ESP8266_SDK_151/lib\libphy.a(phy.o)
 .bss           0x3ffeaa24        0x2 c:/Espressif/ESP8266_SDK_151/lib\libphy.a(phy_chip_v6_ana.o)
                0x3ffeaa24                tout_dis_txpwr_track
                0x3ffeaa25                sleep_mode_flag
 *fill*         0x3ffeaa26        0x2 
 .bss           0x3ffeaa28      0x160 c:/Espressif/ESP8266_SDK_151/lib\libphy.a(phy_chip_v6.o)
                0x3ffeaa28                g_phyFuns
                0x3ffeaa2c                rxiq_compute_num
                0x3ffeaa30                rx_table_renew_en
                0x3ffeaa34                check_result
                0x3ffeaa38                chip6_sleep_params
                0x3ffeaacc                chip6_phy_init_ctrl
                0x3ffeab40                phy_freq_offset
                0x3ffeab42                do_pwctrl_flag
                0x3ffeab43                pwctrl_debug
                0x3ffeab44                txbk_dpdby_flag
                0x3ffeab46                sw_scan_mode
                0x3ffeab47                rxmax_ext_level
                0x3ffeab48                phy_rx_gain_dc_table
                0x3ffeab5c                periodic_cal_dc_num
                0x3ffeab60                periodic_cal_flag
                0x3ffeab61                bbpll_cal_flag
                0x3ffeab62                phy_in_most_power
                0x3ffeab63                init_rf_no_cal
                0x3ffeab64                test_print_time
                0x3ffeab68                phy_rx_gain_dc_flag
                0x3ffeab69                phy_in_vdd33_offset
                0x3ffeab6a                phy_set_most_tpw_disbg
                0x3ffeab6b                phy_set_most_tpw_index
                0x3ffeab6c                adc_rand_noise
                0x3ffeab70                dpd_bypass_original
                0x3ffeab78                noise_array
 .bss           0x3ffeab88        0x8 c:/Espressif/ESP8266_SDK_151/lib\libphy.a(phy_chip_v6_cal.o)
                0x3ffeab88                phy_tx_power_out
                0x3ffeab8a                loop_pwctrl_pwdet_error_accum_high_power
                0x3ffeab8c                tx_pwctrl_pk_num
                0x3ffeab8d                tx_pwctrl_track_num
                0x3ffeab8e                loop_pwctrl_correct_atten_high_power
                0x3ffeab8f                rxiq_cover_fail_num
 .bss           0x3ffeab90        0x0 c:/Espressif/ESP8266_SDK_151/lib\libphy.a(phy_chip_v6_unused.o)
 .bss           0x3ffeab90        0x7 c:/Espressif/ESP8266_SDK_151/lib\libphy.a(phy_sleep.o)
                0x3ffeab90                periodic_cal_sat
                0x3ffeab92                lslp_mem_opt_8266
                0x3ffeab94                software_slp_reject
                0x3ffeab95                SDIO_slp_reject
                0x3ffeab96                hardware_reject
 *fill*         0x3ffeab97        0x9 
 .bss           0x3ffeaba0       0x40 c:/Espressif/ESP8266_SDK_151/lib\libpp.a(if_hwctrl.o)
                0x3ffeaba0                interface_mask
                0x3ffeabc0                if_ctrl
 .bss           0x3ffeabe0      0x150 c:/Espressif/ESP8266_SDK_151/lib\libpp.a(lmac.o)
                0x3ffeabe4                lmacConfMib
                0x3ffeac08                our_tx_eb
 .bss           0x3ffead30      0x11a c:/Espressif/ESP8266_SDK_151/lib\libpp.a(pm.o)
                0x3ffead30                pmc
                0x3ffeae10                flash_tmp
 *fill*         0x3ffeae4a        0x2 
 .bss           0x3ffeae4c       0x34 c:/Espressif/ESP8266_SDK_151/lib\libpp.a(pm_for_bcn_only_mode.o)
 .bss           0x3ffeae80      0x322 c:/Espressif/ESP8266_SDK_151/lib\libpp.a(pp.o)
                0x3ffeae98                pend_flag_noise_check
                0x3ffeaea0                pend_flag_periodic_cal
                0x3ffeaeb8                idle_timer_reopen_flag
                0x3ffeaeba                dbg_stop_sw_wdt
                0x3ffeaebb                dbg_stop_hw_wdt
                0x3ffeaebd                total_buffed_eb_num
                0x3ffeaec0                HighestFreqOffsetInOneChk
                0x3ffeaec2                LowestFreqOffsetInOneChk
                0x3ffeaec4                DefFreqCalTimer
                0x3ffeaed8                PktNumInOneChk
                0x3ffeb060                buffed_eb_arr
 *fill*         0x3ffeb1a2        0xe 
 .bss           0x3ffeb1b0      0x100 c:/Espressif/ESP8266_SDK_151/lib\libpp.a(rate_control.o)
 .bss           0x3ffeb2b0      0x46c c:/Espressif/ESP8266_SDK_151/lib\libpp.a(trc.o)
 *fill*         0x3ffeb71c        0x4 
 .bss           0x3ffeb720     0x2f88 c:/Espressif/ESP8266_SDK_151/lib\libpp.a(wdev.o)
                0x3ffeb720                wDevCtrl
                0x3ffeb8c8                WdevTimOffSet
 *fill*         0x3ffee6a8        0x8 
 .bss           0x3ffee6b0      0xaa4 c:/Espressif/ESP8266_SDK_151/lib\libpp.a(esf_buf.o)
 .bss           0x3ffef154      0x67c c:/Espressif/ESP8266_SDK_151/lib\libnet80211.a(ieee80211.o)
                0x3ffef154                g_ic
 .bss           0x3ffef7d0        0x0 c:/Espressif/ESP8266_SDK_151/lib\libnet80211.a(ieee80211_crypto.o)
 .bss           0x3ffef7d0        0x0 c:/Espressif/ESP8266_SDK_151/lib\libnet80211.a(ieee80211_ets.o)
 .bss           0x3ffef7d0       0x56 c:/Espressif/ESP8266_SDK_151/lib\libnet80211.a(ieee80211_hostap.o)
                0x3ffef7d0                BcnEb_update
                0x3ffef7dd                BcnWithMcastSendStart
                0x3ffef7de                BcnWithMcastSendCnt
                0x3ffef7f8                PendFreeBcnEb
                0x3ffef7fc                ApFreqCalTimer
                0x3ffef810                APRecvBcnStartTick
 .bss           0x3ffef826        0x0 c:/Espressif/ESP8266_SDK_151/lib\libnet80211.a(ieee80211_ht.o)
 .bss           0x3ffef826        0x0 c:/Espressif/ESP8266_SDK_151/lib\libnet80211.a(ieee80211_input.o)
 .bss           0x3ffef826        0x0 c:/Espressif/ESP8266_SDK_151/lib\libnet80211.a(ieee80211_mesh_quick.o)
 .bss           0x3ffef826        0x0 c:/Espressif/ESP8266_SDK_151/lib\libnet80211.a(ieee80211_output.o)
 .bss           0x3ffef826        0x0 c:/Espressif/ESP8266_SDK_151/lib\libnet80211.a(ieee80211_phy.o)
 .bss           0x3ffef826        0x0 c:/Espressif/ESP8266_SDK_151/lib\libnet80211.a(ieee80211_power.o)
 .bss           0x3ffef826        0x0 c:/Espressif/ESP8266_SDK_151/lib\libnet80211.a(ieee80211_proto.o)
 .bss           0x3ffef826        0x0 c:/Espressif/ESP8266_SDK_151/lib\libnet80211.a(ieee80211_rfid.o)
 *fill*         0x3ffef826        0x2 
 .bss           0x3ffef828       0xc8 c:/Espressif/ESP8266_SDK_151/lib\libnet80211.a(ieee80211_scan.o)
                0x3ffef828                gScanStruct
                0x3ffef8d4                connect_scan_flag
                0x3ffef8d5                FreqCalCntForScan
                0x3ffef8d6                TestStaFreqCalValInput
                0x3ffef8d8                auth_type
                0x3ffef8da                scannum
 .bss           0x3ffef8f0       0x10 c:/Espressif/ESP8266_SDK_151/lib\libnet80211.a(ieee80211_sta.o)
 .bss           0x3ffef900       0x3c c:/Espressif/ESP8266_SDK_151/lib\libnet80211.a(wl_chm.o)
 *fill*         0x3ffef93c        0x4 
 .bss           0x3ffef940      0x37a c:/Espressif/ESP8266_SDK_151/lib\libnet80211.a(wl_cnx.o)
                0x3ffefca0                sta_con_timer
                0x3ffefcb4                g_cnx_probe_rc_list_cb
                0x3ffefcb8                reconnect_flag
                0x3ffefcb9                no_ap_found_index
 .bss           0x3ffefcba        0x0 c:/Espressif/ESP8266_SDK_151/lib\libnet80211.a(ieee80211_action.o)
 *fill*         0x3ffefcba        0x2 
 .bss           0x3ffefcbc       0x10 c:/Espressif/ESP8266_SDK_151/lib\libnet80211.a(ieee80211_action_vendor.o)
 .bss           0x3ffefccc        0x0 c:/Espressif/ESP8266_SDK_151/lib\libnet80211.a(ieee80211_crypto_ccmp.o)
 .bss           0x3ffefccc        0x0 c:/Espressif/ESP8266_SDK_151/lib\libnet80211.a(ieee80211_ie_vendor.o)
 *fill*         0x3ffefccc        0x4 
 .bss           0x3ffefcd0       0x38 c:/Espressif/ESP8266_SDK_151/lib\liblwip.a(dhcp.o)
                0x3ffefcd0                dhcp_rx_options_given
                0x3ffefce0                dhcp_rx_options_val
 .bss           0x3ffefd08       0x28 c:/Espressif/ESP8266_SDK_151/lib\liblwip.a(dhcpserver.o)
 .bss           0x3ffefd30      0x480 c:/Espressif/ESP8266_SDK_151/lib\liblwip.a(dns.o)
 .bss           0x3fff01b0      0x104 c:/Espressif/ESP8266_SDK_151/lib\liblwip.a(espconn.o)
                0x3fff01b0                plink_active
                0x3fff01b4                pserver_list
                0x3fff01c0                premot
                0x3fff0280                pktinfo
 *fill*         0x3fff02b4        0xc 
 .bss           0x3fff02c0       0x78 c:/Espressif/ESP8266_SDK_151/lib\liblwip.a(espconn_tcp.o)
                0x3fff02c0                espconn_TaskQueue
 .bss           0x3fff0338        0x0 c:/Espressif/ESP8266_SDK_151/lib\liblwip.a(espconn_udp.o)
 *fill*         0x3fff0338        0x8 
 .bss           0x3fff0340      0x100 c:/Espressif/ESP8266_SDK_151/lib\liblwip.a(etharp.o)
                0x3fff0344                ethzero
 .bss           0x3fff0440        0xc c:/Espressif/ESP8266_SDK_151/lib\liblwip.a(igmp.o)
 .bss           0x3fff044c        0x0 c:/Espressif/ESP8266_SDK_151/lib\liblwip.a(inet_chksum.o)
 .bss           0x3fff044c        0x0 c:/Espressif/ESP8266_SDK_151/lib\liblwip.a(init.o)
 *fill*         0x3fff044c        0x4 
 .bss           0x3fff0450       0x10 c:/Espressif/ESP8266_SDK_151/lib\liblwip.a(ip_addr.o)
 .bss           0x3fff0460       0x12 c:/Espressif/ESP8266_SDK_151/lib\liblwip.a(ip.o)
                0x3fff0460                current_iphdr_dest
                0x3fff0464                current_iphdr_src
                0x3fff0468                current_netif
                0x3fff046c                current_header
 .bss           0x3fff0472        0x0 c:/Espressif/ESP8266_SDK_151/lib\liblwip.a(memp.o)
 *fill*         0x3fff0472        0x2 
 .bss           0x3fff0474        0x9 c:/Espressif/ESP8266_SDK_151/lib\liblwip.a(netif.o)
                0x3fff0474                netif_list
                0x3fff0478                netif_default
 .bss           0x3fff047d        0x0 c:/Espressif/ESP8266_SDK_151/lib\liblwip.a(pbuf.o)
 *fill*         0x3fff047d        0x3 
 .bss           0x3fff0480        0x4 c:/Espressif/ESP8266_SDK_151/lib\liblwip.a(raw.o)
 .bss           0x3fff0484       0x34 c:/Espressif/ESP8266_SDK_151/lib\liblwip.a(tcp_in.o)
                0x3fff04b4                tcp_input_pcb
 .bss           0x3fff04b8       0x1c c:/Espressif/ESP8266_SDK_151/lib\liblwip.a(tcp.o)
                0x3fff04bc                tcp_active_pcbs
                0x3fff04c0                tcp_tmp_pcb
                0x3fff04c4                tcp_tw_pcbs
                0x3fff04c8                tcp_bound_pcbs
                0x3fff04cc                tcp_listen_pcbs
                0x3fff04d0                tcp_ticks
 .bss           0x3fff04d4        0x0 c:/Espressif/ESP8266_SDK_151/lib\liblwip.a(tcp_out.o)
 .bss           0x3fff04d4        0xc c:/Espressif/ESP8266_SDK_151/lib\liblwip.a(timers.o)
 .bss           0x3fff04e0        0x4 c:/Espressif/ESP8266_SDK_151/lib\liblwip.a(udp.o)
                0x3fff04e0                udp_pcbs
 .bss           0x3fff04e4        0x0 c:/Espressif/ESP8266_SDK_151/lib\liblwip.a(icmp.o)
 .bss           0x3fff04e4        0x0 c:/Espressif/ESP8266_SDK_151/lib\libwpa.a(ap_config.o)
 .bss           0x3fff04e4        0x0 c:/Espressif/ESP8266_SDK_151/lib\libwpa.a(common.o)
 .bss           0x3fff04e4        0x0 c:/Espressif/ESP8266_SDK_151/lib\libwpa.a(os_xtensa.o)
 .bss           0x3fff04e4        0x0 c:/Espressif/ESP8266_SDK_151/lib\libwpa.a(wpa_auth.o)
 .bss           0x3fff04e4        0x0 c:/Espressif/ESP8266_SDK_151/lib\libwpa.a(wpa_auth_ie.o)
 *fill*         0x3fff04e4        0xc 
 .bss           0x3fff04f0      0x26a c:/Espressif/ESP8266_SDK_151/lib\libwpa.a(wpa.o)
 .bss           0x3fff075a        0x0 c:/Espressif/ESP8266_SDK_151/lib\libwpa.a(wpa_common.o)
 .bss           0x3fff075a        0x0 c:/Espressif/ESP8266_SDK_151/lib\libwpa.a(wpa_debug.o)
 .bss           0x3fff075a        0x0 c:/Espressif/ESP8266_SDK_151/lib\libwpa.a(wpa_ie.o)
 .bss           0x3fff075a        0x0 c:/Espressif/ESP8266_SDK_151/lib\libwpa.a(wpa_main.o)
 .bss           0x3fff075a        0x0 c:/Espressif/ESP8266_SDK_151/lib\libwpa.a(wpas_glue.o)
 *fill*         0x3fff075a        0x2 
 .bss           0x3fff075c       0x30 c:/Espressif/ESP8266_SDK_151/lib\libsmartconfig.a(sc_sniffer.o)
                0x3fff075c                pAPListHead
                0x3fff0760                pAPListTral
                0x3fff0764                smartconfig_cb
                0x3fff0768                SnifGlob
                0x3fff0778                channel_timer
 .bss           0x3fff078c       0xcc c:/Espressif/ESP8266_SDK_151/lib\libsmartconfig.a(sc_airkiss.o)
                0x3fff078c                pAKGuideGlob
                0x3fff0790                p_kiss
                0x3fff0794                p_kiss_ht40
                0x3fff0798                KissRes_ht20_timer
                0x3fff0814                KissRes_ht40_timer
                0x3fff0828                pKissConn
                0x3fff0844                weixin_timer
 .bss           0x3fff0858       0xd4 c:/Espressif/ESP8266_SDK_151/lib\libsmartconfig.a(sc_esptouch.o)
                0x3fff0858                pETGuideGlob
                0x3fff085c                pCHListHead
                0x3fff0860                pCHListTral
                0x3fff0864                pTouchGlob
                0x3fff0868                TouchRestart_ht20_timer
                0x3fff08e4                TouchRestart_ht40_timer
                0x3fff08f8                pTouchConn
                0x3fff0914                TouchUdpTimer
 .bss           0x3fff092c        0x0 c:/Espressif/ESP8266_SDK_151/lib\libcrypto.a(aes-wrap.o)
 .bss           0x3fff092c        0x0 c:/Espressif/ESP8266_SDK_151/lib\libcrypto.a(aes-internal-enc.o)
 .bss           0x3fff092c        0x0 c:/Espressif/ESP8266_SDK_151/lib\libcrypto.a(aes-internal.o)
 .bss           0x3fff092c        0x0 c:/espressif/xtensa-lx106-elf/bin/../lib/gcc/xtensa-lx106-elf/5.1.0\libgcc.a(_ashrdi3.o)
 .bss           0x3fff092c        0x0 c:/espressif/xtensa-lx106-elf/bin/../lib/gcc/xtensa-lx106-elf/5.1.0\libgcc.a(_fixunssfsi.o)
 .bss           0x3fff092c        0x0 c:/espressif/xtensa-lx106-elf/bin/../lib/gcc/xtensa-lx106-elf/5.1.0\libgcc.a(_fixdfsi.o)
 .bss           0x3fff092c        0x0 c:/espressif/xtensa-lx106-elf/bin/../lib/gcc/xtensa-lx106-elf/5.1.0\libgcc.a(_truncdfsf2.o)
 .bss           0x3fff092c        0x0 c:/espressif/xtensa-lx106-elf/bin/../lib/gcc/xtensa-lx106-elf/5.1.0\libgcc.a(_divdi3.o)
 .bss           0x3fff092c        0x0 c:/espressif/xtensa-lx106-elf/bin/../lib/gcc/xtensa-lx106-elf/5.1.0\libgcc.a(_umoddi3.o)
 *fill*         0x3fff092c        0x4 
 .bss           0x3fff0930        0x8 c:/Espressif/ESP8266_SDK_151/lib\libnet80211.a(ieee80211_crypto_tkip.o)
 .bss           0x3fff0938        0x0 c:/Espressif/ESP8266_SDK_151/lib\libnet80211.a(ieee80211_crypto_wep.o)
 *(.bss.*)
 *(.gnu.linkonce.b.*)
 *(COMMON)
 COMMON         0x3fff0938      0x18c build/debug/app_app.a(user_main.o)
                0x3fff0938                savedLastAction
                0x3fff093c                taskQueue
                0x3fff09dc                mqttClient
                0x3fff0aac                mqttConnected
                0x3fff0ab0                transmit_timer
 COMMON         0x3fff0ac4      0x1b4 build/debug/app_app.a(config.o)
                0x3fff0ac4                sysCfg
                0x3fff0c74                saveFlag
 COMMON         0x3fff0c78        0x8 build/debug/app_app.a(flash.o)
                0x3fff0c78                flashState
                0x3fff0c7c                flashFinishedCb
 COMMON         0x3fff0c80       0x10 build/debug/app_app.a(mqtt.o)
                0x3fff0c80                default_private_key
                0x3fff0c84                default_certificate
                0x3fff0c88                mqtt_procTaskQueue
                0x3fff0c90                . = ALIGN (0x8)
                0x3fff0c90                _bss_end = ABSOLUTE (.)
                0x3fff0c90                _heap_start = ABSOLUTE (.)

.text           0x40100000     0x7b44
                0x40100000                _stext = .
                0x40100000                _text_start = ABSOLUTE (.)
 *(.UserEnter.text)
 .UserEnter.text
                0x40100000        0xd c:/Espressif/ESP8266_SDK_151/lib\libmain.a(vector.o)
                                 0x14 (size before relaxing)
                0x40100004                call_user_start
                0x40100010                . = ALIGN (0x10)
 *fill*         0x4010000d        0x3 
 *(.DebugExceptionVector.text)
 .DebugExceptionVector.text
                0x40100010        0x6 c:/Espressif/ESP8266_SDK_151/lib\libmain.a(debug-vector.o)
                0x40100010                _DebugExceptionVector
                0x40100020                . = ALIGN (0x10)
 *fill*         0x40100016        0xa 
 *(.NMIExceptionVector.text)
 .NMIExceptionVector.text
                0x40100020        0x6 c:/Espressif/ESP8266_SDK_151/lib\libmain.a(nmi-vector.o)
                                  0xd (size before relaxing)
                0x40100020                _NMIExceptionVector
                0x40100030                . = ALIGN (0x10)
 *fill*         0x40100026        0xa 
 *(.KernelExceptionVector.text)
 .KernelExceptionVector.text
                0x40100030        0x6 c:/Espressif/ESP8266_SDK_151/lib\libmain.a(kernel-vector.o)
                0x40100030                _KernelExceptionVector
                0x40100036        0x4 LONG 0x0
                0x4010003a        0x4 LONG 0x0
                0x4010003e        0x4 LONG 0x0
                0x40100042        0x4 LONG 0x0
                0x40100050                . = ALIGN (0x10)
 *fill*         0x40100046        0xa 
 *(.UserExceptionVector.text)
 .UserExceptionVector.text
                0x40100050        0x6 c:/Espressif/ESP8266_SDK_151/lib\libmain.a(user-vector.o)
                                  0xd (size before relaxing)
                0x40100050                _UserExceptionVector
                0x40100056        0x4 LONG 0x0
                0x4010005a        0x4 LONG 0x0
                0x4010005e        0x4 LONG 0x0
                0x40100062        0x4 LONG 0x0
                0x40100070                . = ALIGN (0x10)
 *fill*         0x40100066        0xa 
 *(.DoubleExceptionVector.text)
 .DoubleExceptionVector.text
                0x40100070        0x6 c:/Espressif/ESP8266_SDK_151/lib\libmain.a(double-vector.o)
                0x40100070                _DoubleExceptionVector
                0x40100076        0x4 LONG 0x0
                0x4010007a        0x4 LONG 0x0
                0x4010007e        0x4 LONG 0x0
                0x40100082        0x4 LONG 0x0
                0x40100090                . = ALIGN (0x10)
 *fill*         0x40100086        0xa 
 *(.entry.text)
 *(.init.literal)
 *(.init)
 *(.literal .text .literal.* .text.* .stub .gnu.warning .gnu.linkonce.literal.* .gnu.linkonce.t.*.literal .gnu.linkonce.t.*)
 .text          0x40100090       0xc7 c:/Espressif/ESP8266_SDK_151/lib\libmain.a(nmi-vector.o)
                                 0xcb (size before relaxing)
                0x4010009c                _NMILevelVector
 *fill*         0x40100157        0x1 
 .text          0x40100158       0x1e c:/Espressif/ESP8266_SDK_151/lib\libmain.a(user-vector.o)
                0x4010015c                _UserExceptionVector_1
 *fill*         0x40100176        0x2 
 .text          0x40100178      0x55f c:/Espressif/ESP8266_SDK_151/lib\libmain.a(app_main.o)
                                0x5bb (size before relaxing)
                0x401001b0                Cache_Read_Enable_New
                0x401001ec                NmiTimSetFunc
                0x40100210                NMI_Handler
                0x40100268                call_user_start_local
                0x40100388                wdt_feed
 *fill*         0x401006d7        0x1 
 .text          0x401006d8      0x267 c:/Espressif/ESP8266_SDK_151/lib\libmain.a(ets_timer.o)
                                0x29f (size before relaxing)
                0x40100744                ets_timer_setfn
                0x401007bc                ets_timer_disarm
                0x4010084c                ets_timer_arm_new
 *fill*         0x4010093f        0x1 
 .text          0x40100940      0x30f c:/Espressif/ESP8266_SDK_151/lib\libmain.a(mem_manager.o)
                                0x367 (size before relaxing)
                0x40100944                prvInsertBlockIntoUsedList
                0x40100974                system_show_malloc
                0x40100974                pvShowMalloc
                0x40100a00                prvRemoveBlockFromUsedList
                0x40100a2c                xPortWantedSizeAlign
                0x40100a54                pvPortMalloc
                0x40100b1c                vPortFree
                0x40100b74                pvPortCalloc
                0x40100ba4                pvPortZalloc
                0x40100bc0                pvPortRealloc
 *fill*         0x40100c4f        0x1 
 .text          0x40100c50      0x269 c:/Espressif/ESP8266_SDK_151/lib\libmain.a(spi_flash.o)
                                0x2b5 (size before relaxing)
                0x40100c54                Cache_Read_Disable_2
                0x40100c94                Cache_Read_Enable_2
                0x40100ccc                spi_flash_get_id
                0x40100d28                spi_flash_read_status
                0x40100d5c                spi_flash_write_status
                0x40100ddc                spi_flash_erase_sector
                0x40100e10                spi_flash_write
                0x40100e64                spi_flash_read
 *fill*         0x40100eb9        0x3 
 .text          0x40100ebc      0x2ee c:/Espressif/ESP8266_SDK_151/lib\libmain.a(user_interface.o)
                                0x34a (size before relaxing)
                0x40100ed8                os_printf_plus
                0x40101004                system_restart_core
                0x4010103c                system_deep_sleep_local_2
                0x401010b0                system_get_time
                0x401010c8                system_os_post
                0x401010fc                system_rtc_mem_write
                0x40101154                system_rtc_mem_read
 *fill*         0x401011aa        0x2 
 .text          0x401011ac       0x9c build/debug/app_app.a(easygpio.o)
                0x401011b4                easygpio_outputSet
                0x40101214                easygpio_inputGet
 .text          0x40101248       0xe1 build/debug/app_app.a(flash.o)
                                0x101 (size before relaxing)
                0x40101274                startMultiFlash
                0x40101308                startMultiFlashCb
 *fill*         0x40101329        0x3 
 .text          0x4010132c      0x329 build/debug/app_app.a(dht22.o)
                                0x3e5 (size before relaxing)
 *fill*         0x40101655        0x3 
 .literal       0x40101658        0x0 c:/espressif/xtensa-lx106-elf/bin/../lib/gcc/xtensa-lx106-elf/5.1.0/../../../../xtensa-lx106-elf/lib\libc.a(lib_a-atoi.o)
                                  0x8 (size before relaxing)
 .literal       0x40101658        0x4 c:/espressif/xtensa-lx106-elf/bin/../lib/gcc/xtensa-lx106-elf/5.1.0/../../../../xtensa-lx106-elf/lib\libc.a(lib_a-lcltime.o)
                                  0x8 (size before relaxing)
 .literal       0x4010165c        0x0 c:/espressif/xtensa-lx106-elf/bin/../lib/gcc/xtensa-lx106-elf/5.1.0/../../../../xtensa-lx106-elf/lib\libc.a(lib_a-lcltime_r.o)
                                  0x4 (size before relaxing)
 .literal       0x4010165c       0x18 c:/espressif/xtensa-lx106-elf/bin/../lib/gcc/xtensa-lx106-elf/5.1.0/../../../../xtensa-lx106-elf/lib\libc.a(lib_a-mktm_r.o)
                                 0x88 (size before relaxing)
 .literal       0x40101674       0x14 c:/espressif/xtensa-lx106-elf/bin/../lib/gcc/xtensa-lx106-elf/5.1.0/../../../../xtensa-lx106-elf/lib\libc.a(lib_a-strcmp.o)
                                 0x20 (size before relaxing)
 .literal       0x40101688        0x0 c:/espressif/xtensa-lx106-elf/bin/../lib/gcc/xtensa-lx106-elf/5.1.0/../../../../xtensa-lx106-elf/lib\libc.a(lib_a-strlen.o)
                                  0xc (size before relaxing)
 .literal       0x40101688        0xc c:/espressif/xtensa-lx106-elf/bin/../lib/gcc/xtensa-lx106-elf/5.1.0/../../../../xtensa-lx106-elf/lib\libc.a(lib_a-strtol.o)
                                 0x18 (size before relaxing)
 .literal       0x40101694        0x4 c:/espressif/xtensa-lx106-elf/bin/../lib/gcc/xtensa-lx106-elf/5.1.0/../../../../xtensa-lx106-elf/lib\libc.a(lib_a-gettzinfo.o)
 .literal       0x40101698        0x4 c:/espressif/xtensa-lx106-elf/bin/../lib/gcc/xtensa-lx106-elf/5.1.0\libgcc.a(_addsubsf3.o)
                                  0xc (size before relaxing)
 .literal       0x4010169c        0x0 c:/espressif/xtensa-lx106-elf/bin/../lib/gcc/xtensa-lx106-elf/5.1.0\libgcc.a(_mulsf3.o)
                                 0x10 (size before relaxing)
 .literal       0x4010169c        0x0 c:/espressif/xtensa-lx106-elf/bin/../lib/gcc/xtensa-lx106-elf/5.1.0\libgcc.a(_divsf3.o)
                                 0x10 (size before relaxing)
 .literal       0x4010169c        0x0 c:/espressif/xtensa-lx106-elf/bin/../lib/gcc/xtensa-lx106-elf/5.1.0\libgcc.a(_cmpsf2.o)
                                 0x18 (size before relaxing)
 .literal       0x4010169c        0x0 c:/espressif/xtensa-lx106-elf/bin/../lib/gcc/xtensa-lx106-elf/5.1.0\libgcc.a(_fixsfsi.o)
                                  0x4 (size before relaxing)
 .literal       0x4010169c        0x4 c:/espressif/xtensa-lx106-elf/bin/../lib/gcc/xtensa-lx106-elf/5.1.0\libgcc.a(_addsubdf3.o)
                                  0xc (size before relaxing)
 .literal       0x401016a0        0x4 c:/espressif/xtensa-lx106-elf/bin/../lib/gcc/xtensa-lx106-elf/5.1.0\libgcc.a(_muldf3.o)
                                 0x10 (size before relaxing)
 .literal       0x401016a4        0x0 c:/espressif/xtensa-lx106-elf/bin/../lib/gcc/xtensa-lx106-elf/5.1.0\libgcc.a(_divdf3.o)
                                 0x10 (size before relaxing)
 .literal       0x401016a4        0x0 c:/espressif/xtensa-lx106-elf/bin/../lib/gcc/xtensa-lx106-elf/5.1.0\libgcc.a(_cmpdf2.o)
                                 0x18 (size before relaxing)
 .literal       0x401016a4        0x0 c:/espressif/xtensa-lx106-elf/bin/../lib/gcc/xtensa-lx106-elf/5.1.0\libgcc.a(_fixunsdfsi.o)
                                  0x4 (size before relaxing)
 .literal       0x401016a4        0x4 c:/espressif/xtensa-lx106-elf/bin/../lib/gcc/xtensa-lx106-elf/5.1.0\libgcc.a(_extendsfdf2.o)
                                  0x8 (size before relaxing)
 .literal       0x401016a8        0x0 c:/espressif/xtensa-lx106-elf/bin/../lib/gcc/xtensa-lx106-elf/5.1.0\libgcc.a(_muldi3.o)
                                  0x4 (size before relaxing)
 .literal       0x401016a8        0x0 c:/espressif/xtensa-lx106-elf/bin/../lib/gcc/xtensa-lx106-elf/5.1.0\libgcc.a(_fixunssfsi.o)
                                  0x4 (size before relaxing)
 .literal       0x401016a8        0x0 c:/espressif/xtensa-lx106-elf/bin/../lib/gcc/xtensa-lx106-elf/5.1.0\libgcc.a(_fixdfsi.o)
                                  0x4 (size before relaxing)
 .literal       0x401016a8        0x0 c:/espressif/xtensa-lx106-elf/bin/../lib/gcc/xtensa-lx106-elf/5.1.0\libgcc.a(_truncdfsf2.o)
                                  0x8 (size before relaxing)
 .literal       0x401016a8        0x0 c:/espressif/xtensa-lx106-elf/bin/../lib/gcc/xtensa-lx106-elf/5.1.0\libgcc.a(_divdi3.o)
                                 0x48 (size before relaxing)
 .literal       0x401016a8        0x0 c:/espressif/xtensa-lx106-elf/bin/../lib/gcc/xtensa-lx106-elf/5.1.0\libgcc.a(_umoddi3.o)
                                 0x48 (size before relaxing)
 .text          0x401016a8       0x27 c:/espressif/xtensa-lx106-elf/bin/../lib/gcc/xtensa-lx106-elf/5.1.0/../../../../xtensa-lx106-elf/lib\libc.a(lib_a-atoi.o)
                                 0x2f (size before relaxing)
                0x401016a8                atoi
                0x401016bc                _atoi_r
 *fill*         0x401016cf        0x1 
 .text          0x401016d0       0x17 c:/espressif/xtensa-lx106-elf/bin/../lib/gcc/xtensa-lx106-elf/5.1.0/../../../../xtensa-lx106-elf/lib\libc.a(lib_a-lcltime.o)
                                 0x1b (size before relaxing)
                0x401016d0                localtime
 *fill*         0x401016e7        0x1 
 .text          0x401016e8       0x14 c:/espressif/xtensa-lx106-elf/bin/../lib/gcc/xtensa-lx106-elf/5.1.0/../../../../xtensa-lx106-elf/lib\libc.a(lib_a-lcltime_r.o)
                0x401016e8                localtime_r
 .text          0x401016fc      0x463 c:/espressif/xtensa-lx106-elf/bin/../lib/gcc/xtensa-lx106-elf/5.1.0/../../../../xtensa-lx106-elf/lib\libc.a(lib_a-mktm_r.o)
                                0x49f (size before relaxing)
                0x401016fc                __tzcalc_limits
                0x4010186c                _mktm_r
 *fill*         0x40101b5f        0x1 
 .text          0x40101b60       0xff c:/espressif/xtensa-lx106-elf/bin/../lib/gcc/xtensa-lx106-elf/5.1.0/../../../../xtensa-lx106-elf/lib\libc.a(lib_a-strcmp.o)
                0x40101b60                strcmp
 *fill*         0x40101c5f        0x1 
 .text          0x40101c60       0x5b c:/espressif/xtensa-lx106-elf/bin/../lib/gcc/xtensa-lx106-elf/5.1.0/../../../../xtensa-lx106-elf/lib\libc.a(lib_a-strlen.o)
                0x40101c60                strlen
 *fill*         0x40101cbb        0x1 
 .text          0x40101cbc      0x14f c:/espressif/xtensa-lx106-elf/bin/../lib/gcc/xtensa-lx106-elf/5.1.0/../../../../xtensa-lx106-elf/lib\libc.a(lib_a-strtol.o)
                                0x153 (size before relaxing)
                0x40101cbc                _strtol_r
                0x40101df0                strtol
 *fill*         0x40101e0b        0x1 
 .text          0x40101e0c        0x5 c:/espressif/xtensa-lx106-elf/bin/../lib/gcc/xtensa-lx106-elf/5.1.0/../../../../xtensa-lx106-elf/lib\libc.a(lib_a-gettzinfo.o)
                0x40101e0c                __gettzinfo
 *fill*         0x40101e11        0x3 
 .text          0x40101e14      0x1ff c:/espressif/xtensa-lx106-elf/bin/../lib/gcc/xtensa-lx106-elf/5.1.0\libgcc.a(_addsubsf3.o)
                0x40101e30                __addsf3
                0x40101f18                __subsf3
 *fill*         0x40102013        0x1 
 .text          0x40102014      0x15d c:/espressif/xtensa-lx106-elf/bin/../lib/gcc/xtensa-lx106-elf/5.1.0\libgcc.a(_mulsf3.o)
                0x4010208c                __mulsf3
 *fill*         0x40102171        0x3 
 .text          0x40102174      0x135 c:/espressif/xtensa-lx106-elf/bin/../lib/gcc/xtensa-lx106-elf/5.1.0\libgcc.a(_divsf3.o)
                0x401021f0                __divsf3
 *fill*         0x401022a9        0x3 
 .text          0x401022ac      0x122 c:/espressif/xtensa-lx106-elf/bin/../lib/gcc/xtensa-lx106-elf/5.1.0\libgcc.a(_cmpsf2.o)
                0x401022ac                __nesf2
                0x401022ac                __eqsf2
                0x401022d4                __gtsf2
                0x401022f4                __lesf2
                0x40102340                __gesf2
                0x40102360                __ltsf2
                0x401023ac                __unordsf2
 *fill*         0x401023ce        0x2 
 .text          0x401023d0       0x40 c:/espressif/xtensa-lx106-elf/bin/../lib/gcc/xtensa-lx106-elf/5.1.0\libgcc.a(_fixsfsi.o)
                0x401023d0                __fixsfsi
 .text          0x40102410      0x2f6 c:/espressif/xtensa-lx106-elf/bin/../lib/gcc/xtensa-lx106-elf/5.1.0\libgcc.a(_addsubdf3.o)
                0x40102430                __adddf3
                0x40102580                __subdf3
 *fill*         0x40102706        0x2 
 .text          0x40102708      0x29b c:/espressif/xtensa-lx106-elf/bin/../lib/gcc/xtensa-lx106-elf/5.1.0\libgcc.a(_muldf3.o)
                0x401027e8                __muldf3
 *fill*         0x401029a3        0x1 
 .text          0x401029a4      0x20b c:/espressif/xtensa-lx106-elf/bin/../lib/gcc/xtensa-lx106-elf/5.1.0\libgcc.a(_divdf3.o)
                0x40102a8c                __divdf3
 *fill*         0x40102baf        0x1 
 .text          0x40102bb0      0x169 c:/espressif/xtensa-lx106-elf/bin/../lib/gcc/xtensa-lx106-elf/5.1.0\libgcc.a(_cmpdf2.o)
                0x40102bb0                __nedf2
                0x40102bb0                __eqdf2
                0x40102be0                __gtdf2
                0x40102c04                __ledf2
                0x40102c68                __gedf2
                0x40102c8c                __ltdf2
                0x40102cf0                __unorddf2
 *fill*         0x40102d19        0x3 
 .text          0x40102d1c       0x59 c:/espressif/xtensa-lx106-elf/bin/../lib/gcc/xtensa-lx106-elf/5.1.0\libgcc.a(_fixunsdfsi.o)
                0x40102d1c                __fixunsdfsi
 *fill*         0x40102d75        0x3 
 .text          0x40102d78       0x5e c:/espressif/xtensa-lx106-elf/bin/../lib/gcc/xtensa-lx106-elf/5.1.0\libgcc.a(_extendsfdf2.o)
                0x40102d78                __extendsfdf2
 *fill*         0x40102dd6        0x2 
 .text          0x40102dd8       0x36 c:/espressif/xtensa-lx106-elf/bin/../lib/gcc/xtensa-lx106-elf/5.1.0\libgcc.a(_muldi3.o)
                0x40102dd8                __muldi3
 *fill*         0x40102e0e        0x2 
 .text          0x40102e10       0x53 c:/Espressif/ESP8266_SDK_151/lib\libphy.a(phy.o)
                                 0x5f (size before relaxing)
                0x40102e18                register_phy_ops
                0x40102e38                register_get_phy_addr
                0x40102e40                phy_change_channel
                0x40102e58                phy_get_mactime
 *fill*         0x40102e63        0x1 
 .text          0x40102e64       0xaa c:/Espressif/ESP8266_SDK_151/lib\libphy.a(phy_chip_v6_cal.o)
                                 0xb2 (size before relaxing)
                0x40102e64                unsign_to_sign
                0x40102e9c                phy_get_bb_freqoffset
                0x40102f00                phy_get_bb_evm
 *fill*         0x40102f0e        0x2 
 .text          0x40102f10       0xe7 c:/Espressif/ESP8266_SDK_151/lib\libphy.a(phy_sleep.o)
                                0x103 (size before relaxing)
                0x40102f14                pm_rtc_clock_cali
                0x40102fcc                clockgate_watchdog
 *fill*         0x40102ff7        0x1 
 .text          0x40102ff8     0x1606 c:/Espressif/ESP8266_SDK_151/lib\libpp.a(lmac.o)
                               0x1962 (size before relaxing)
                0x40102ffc                lmacIsActive
                0x40103010                lmacIsIdle
                0x40103494                lmacSetAcParam
                0x401034e8                lmacProcessTXStartData
                0x40103668                lmacProcessTxSuccess
                0x401037ac                GetAccess
                0x401037b8                lmacDiscardAgedMSDU
                0x401037cc                lmacRecycleMPDU
                0x40103d90                lmacProcessTxTimeout
                0x40103df8                lmacProcessAllTxTimeout
                0x40103e0c                lmacProcessCollisions
                0x40103e6c                lmacProcessCollision
                0x40103ef0                lmacMSDUAged
                0x40104280                lmacProcessCtsTimeout
                0x401042b8                lmacProcessAckTimeout
                0x40104310                lmacProcessRtsStart
                0x4010431c                lmacProcessTxRtsError
                0x401043bc                lmacProcessTxError
                0x4010444c                lmacTxFrame
                0x401045e8                lmacRxDone
 *fill*         0x401045fe        0x2 
 .text          0x40104600      0x8e1 c:/Espressif/ESP8266_SDK_151/lib\libpp.a(pp.o)
                                0x9fd (size before relaxing)
                0x40104634                pp_soft_wdt_feed_local
                0x401046c8                ppProcessTxQ
                0x4010473c                ppFetchTxQFirstAvail
                0x4010477c                ppDequeueTxQ
                0x401047a4                ppRollBackTxQ
                0x401047c8                ppRecordBarRRC
                0x401047d8                ppTxqUpdateBitmap
                0x40104800                ppEnqueueTxDone
                0x40104834                ppEnqueueRxq
                0x40104d1c                ppDiscardMPDU
                0x40104d40                pp_post
                0x40104dcc                pp_post2
                0x40104df4                ppCalTxop
                0x40104e74                ppCalFrameTimes
 *fill*         0x40104ee1        0x3 
 .text          0x40104ee4       0xf5 c:/Espressif/ESP8266_SDK_151/lib\libpp.a(rate_control.o)
                                0x109 (size before relaxing)
                0x40104f04                RC_GetAckRate
                0x40104f10                RC_GetRtsRate
                0x40104f20                RC_GetAckTime
                0x40104f34                RC_GetCtsTime
                0x40104f6c                RC_GetBlockAckTime
 *fill*         0x40104fd9        0x3 
 .text          0x40104fdc      0x9a1 c:/Espressif/ESP8266_SDK_151/lib\libpp.a(trc.o)
                                0xa05 (size before relaxing)
                0x401051b0                rcUpdateTxDone
                0x40105244                rcUpdateRxDone
                0x401052a0                rcUpdateDataRxDone
                0x401052bc                rcGetSched
                0x401053a0                rcGetRate
                0x401058b0                rcReachRetryLimit
                0x401058c8                trc_NeedRTS
 *fill*         0x4010597d        0x3 
 .text          0x40105980     0x105f c:/Espressif/ESP8266_SDK_151/lib\libpp.a(wdev.o)
                               0x1347 (size before relaxing)
                0x40105d24                wDev_MacTim1SetFunc
                0x40105d44                wDev_MacTim1Arm
                0x40105dd8                wDev_ProcessFiq
                0x4010611c                wDev_EnableTransmit
                0x40106154                wDev_DisableTransmit
                0x40106174                Tx_Copy2Queue
                0x401061bc                wDev_ProcessCollision
                0x401061e0                wDev_GetTxqCollisions
                0x401061f0                wDev_ClearTxqCollisions
                0x4010620c                wDev_SetWaitingQueue
                0x40106254                wDev_ClearWaitingQueue
                0x40106278                wDev_SetFrameAckType
                0x401062dc                wDev_AppendRxBlocks
                0x40106420                wDev_AppendRxAmpduLensBlocks
                0x401064f4                wDev_GetBAInfo
                0x40106528                wDevDisableRx
 *fill*         0x401069df        0x1 
 .text          0x401069e0       0x4c c:/Espressif/ESP8266_SDK_151/lib\libpp.a(esf_buf.o)
                                 0x5c (size before relaxing)
                0x401069e4                esf_rx_buf_alloc
 .text          0x40106a2c       0x23 c:/Espressif/ESP8266_SDK_151/lib\libnet80211.a(ieee80211_output.o)
                                 0x27 (size before relaxing)
 *fill*         0x40106a4f        0x1 
 .text          0x40106a50        0xb c:/Espressif/ESP8266_SDK_151/lib\libnet80211.a(wl_chm.o)
                0x40106a54                chm_get_current_channel
 *fill*         0x40106a5b        0x1 
 .text          0x40106a5c       0x43 c:/Espressif/ESP8266_SDK_151/lib\liblwip.a(etharp.o)
                                 0x47 (size before relaxing)
 *fill*         0x40106a9f        0x1 
 .text          0x40106aa0      0x1fd c:/Espressif/ESP8266_SDK_151/lib\liblwip.a(tcp.o)
                                0x229 (size before relaxing)
 *fill*         0x40106c9d        0x3 
 .text          0x40106ca0      0x159 c:/Espressif/ESP8266_SDK_151/lib\liblwip.a(tcp_out.o)
                                0x161 (size before relaxing)
 *fill*         0x40106df9        0x3 
 .text          0x40106dfc       0xb4 c:/Espressif/ESP8266_SDK_151/lib\liblwip.a(timers.o)
                                 0xc0 (size before relaxing)
 .text          0x40106eb0       0x51 c:/espressif/xtensa-lx106-elf/bin/../lib/gcc/xtensa-lx106-elf/5.1.0\libgcc.a(_fixunssfsi.o)
                0x40106eb0                __fixunssfsi
 *fill*         0x40106f01        0x3 
 .text          0x40106f04       0x48 c:/espressif/xtensa-lx106-elf/bin/../lib/gcc/xtensa-lx106-elf/5.1.0\libgcc.a(_fixdfsi.o)
                0x40106f04                __fixdfsi
 .text          0x40106f4c       0xa0 c:/espressif/xtensa-lx106-elf/bin/../lib/gcc/xtensa-lx106-elf/5.1.0\libgcc.a(_truncdfsf2.o)
                0x40106f4c                __truncdfsf2
 .text          0x40106fec      0x3df c:/espressif/xtensa-lx106-elf/bin/../lib/gcc/xtensa-lx106-elf/5.1.0\libgcc.a(_divdi3.o)
                                0x40f (size before relaxing)
                0x40106fec                __divdi3
 *fill*         0x401073cb        0x1 
 .text          0x401073cc      0x350 c:/espressif/xtensa-lx106-elf/bin/../lib/gcc/xtensa-lx106-elf/5.1.0\libgcc.a(_umoddi3.o)
                                0x388 (size before relaxing)
                0x401073cc                __umoddi3
 .text          0x4010771c        0x0 c:/Espressif/ESP8266_SDK_151/lib\libmain.a(debug-vector.o)
 .text          0x4010771c        0x0 c:/Espressif/ESP8266_SDK_151/lib\libmain.a(double-vector.o)
 .text          0x4010771c        0x0 c:/Espressif/ESP8266_SDK_151/lib\libmain.a(kernel-vector.o)
 .literal       0x4010771c        0x0 c:/Espressif/ESP8266_SDK_151/lib\libmain.a(nmi-vector.o)
 *fill*         0x4010771c        0x0 
 .literal       0x4010771c        0x0 c:/Espressif/ESP8266_SDK_151/lib\libmain.a(user-vector.o)
 .text          0x4010771c        0x0 c:/Espressif/ESP8266_SDK_151/lib\libmain.a(vector.o)
 *fill*         0x4010771c        0x0 
 .literal       0x4010771c        0x0 c:/Espressif/ESP8266_SDK_151/lib\libmain.a(app_main.o)
 *fill*         0x4010771c        0x0 
 .literal       0x4010771c        0x0 c:/Espressif/ESP8266_SDK_151/lib\libmain.a(ets_timer.o)
 *fill*         0x4010771c        0x0 
 .literal       0x4010771c        0x0 c:/Espressif/ESP8266_SDK_151/lib\libmain.a(mem_manager.o)
 *fill*         0x4010771c        0x0 
 .literal       0x4010771c        0x0 c:/Espressif/ESP8266_SDK_151/lib\libmain.a(spi_flash.o)
 *fill*         0x4010771c        0x0 
 .literal       0x4010771c        0x0 c:/Espressif/ESP8266_SDK_151/lib\libmain.a(user_interface.o)
 .text          0x4010771c        0x0 c:/Espressif/ESP8266_SDK_151/lib\libmain.a(eagle_lib.o)
 .text          0x4010771c        0x0 c:/Espressif/ESP8266_SDK_151/lib\libmain.a(eagle_lwip_if.o)
 *fill*         0x4010771c        0x0 
 .literal       0x4010771c        0x0 build/debug/app_app.a(user_main.o)
 .text          0x4010771c        0x2 build/debug/app_app.a(user_main.o)
                0x4010771c                user_rf_pre_init
 .text          0x4010771e        0x0 build/debug/app_app.a(config.o)
 .text          0x4010771e        0x0 build/debug/app_app.a(io.o)
 .text          0x4010771e        0x0 build/debug/app_app.a(switch.o)
 *fill*         0x4010771e        0x2 
 .literal       0x40107720        0x0 build/debug/app_app.a(easygpio.o)
 .text          0x40107720        0x0 build/debug/app_app.a(wifi.o)
 .literal       0x40107720        0x0 build/debug/app_app.a(flash.o)
 .text          0x40107720        0x0 build/debug/app_app.a(doSmartConfig.o)
 .text          0x40107720        0x0 build/debug/app_app.a(dtoa.o)
 .text          0x40107720        0x0 build/debug/app_app.a(stdout.o)
 .text          0x40107720        0x0 build/debug/app_app.a(check.o)
 .text          0x40107720        0x0 build/debug/app_app.a(mqtt.o)
 .text          0x40107720        0x0 build/debug/app_app.a(http.o)
 .text          0x40107720        0x0 build/debug/app_app.a(publish.o)
 .text          0x40107720        0x0 build/debug/app_app.a(temperature.o)
 *fill*         0x40107720        0x0 
 .literal       0x40107720        0x0 build/debug/app_app.a(dht22.o)
 .text          0x40107720        0x0 build/debug/app_app.a(ds18b20.o)
 .text          0x40107720        0x0 build/debug/app_app.a(decodeMessage.o)
 .text          0x40107720        0x0 build/debug/app_app.a(jsmn.o)
 .text          0x40107720        0x0 build/debug/app_app.a(utils.o)
 .text          0x40107720        0x0 build/debug/app_app.a(queue.o)
 .text          0x40107720        0x0 build/debug/app_app.a(mqtt_msg.o)
 .text          0x40107720        0x0 build/debug/app_app.a(ringbuf.o)
 .text          0x40107720        0x0 build/debug/app_app.a(proto.o)
 *fill*         0x40107720        0x0 
 *fill*         0x40107720        0x0 
 *fill*         0x40107720        0x0 
 .text          0x40107720      0x145 c:/espressif/xtensa-lx106-elf/bin/../lib/gcc/xtensa-lx106-elf/5.1.0/../../../../xtensa-lx106-elf/lib\libc.a(lib_a-memcpy.o)
                0x40107764                memcpy
 *fill*         0x40107865        0x3 
 .text          0x40107868       0x7c c:/espressif/xtensa-lx106-elf/bin/../lib/gcc/xtensa-lx106-elf/5.1.0/../../../../xtensa-lx106-elf/lib\libc.a(lib_a-memset.o)
                0x40107894                memset
 *fill*         0x401078e4        0x0 
 *fill*         0x401078e4        0x0 
 *fill*         0x401078e4        0x0 
 *fill*         0x401078e4        0x0 
 .text          0x401078e4        0x6 c:/espressif/xtensa-lx106-elf/bin/../lib/gcc/xtensa-lx106-elf/5.1.0/../../../../xtensa-lx106-elf/lib\libc.a(lib_a-tzlock.o)
                0x401078e4                __tz_lock
                0x401078e8                __tz_unlock
 .text          0x401078ea        0x0 c:/espressif/xtensa-lx106-elf/bin/../lib/gcc/xtensa-lx106-elf/5.1.0/../../../../xtensa-lx106-elf/lib\libc.a(lib_a-tzvars.o)
 .text          0x401078ea        0x0 c:/espressif/xtensa-lx106-elf/bin/../lib/gcc/xtensa-lx106-elf/5.1.0/../../../../xtensa-lx106-elf/lib\libc.a(lib_a-ctype_.o)
 *fill*         0x401078ea        0x0 
 .text          0x401078ea        0x0 c:/espressif/xtensa-lx106-elf/bin/../lib/gcc/xtensa-lx106-elf/5.1.0/../../../../xtensa-lx106-elf/lib\libc.a(lib_a-impure.o)
 *fill*         0x401078ea        0x2 
 .text          0x401078ec       0x64 c:/espressif/xtensa-lx106-elf/bin/../lib/gcc/xtensa-lx106-elf/5.1.0\libgcc.a(_divsi3.o)
                0x401078ec                __divsi3
 .text          0x40107950       0x49 c:/espressif/xtensa-lx106-elf/bin/../lib/gcc/xtensa-lx106-elf/5.1.0\libgcc.a(_modsi3.o)
                0x40107950                __modsi3
 *fill*         0x40107999        0x3 
 .text          0x4010799c       0x4c c:/espressif/xtensa-lx106-elf/bin/../lib/gcc/xtensa-lx106-elf/5.1.0\libgcc.a(_udivsi3.o)
                0x4010799c                __udivsi3
 .text          0x401079e8       0x39 c:/espressif/xtensa-lx106-elf/bin/../lib/gcc/xtensa-lx106-elf/5.1.0\libgcc.a(_umodsi3.o)
                0x401079e8                __umodsi3
 *fill*         0x40107a21        0x0 
 *fill*         0x40107a21        0x0 
 *fill*         0x40107a21        0x0 
 *fill*         0x40107a21        0x0 
 *fill*         0x40107a21        0x3 
 .text          0x40107a24       0x44 c:/espressif/xtensa-lx106-elf/bin/../lib/gcc/xtensa-lx106-elf/5.1.0\libgcc.a(_floatsisf.o)
                0x40107a24                __floatunsisf
                0x40107a2c                __floatsisf
 *fill*         0x40107a68        0x0 
 *fill*         0x40107a68        0x0 
 *fill*         0x40107a68        0x0 
 *fill*         0x40107a68        0x0 
 *fill*         0x40107a68        0x0 
 .text          0x40107a68       0x36 c:/espressif/xtensa-lx106-elf/bin/../lib/gcc/xtensa-lx106-elf/5.1.0\libgcc.a(_floatsidf.o)
                0x40107a68                __floatunsidf
                0x40107a70                __floatsidf
 *fill*         0x40107a9e        0x0 
 *fill*         0x40107a9e        0x0 
 *fill*         0x40107a9e        0x2 
 .text          0x40107aa0       0x48 c:/espressif/xtensa-lx106-elf/bin/../lib/gcc/xtensa-lx106-elf/5.1.0\libgcc.a(_umulsidi3.o)
                0x40107aa0                __umulsidi3
 .text          0x40107ae8        0x5 c:/espressif/xtensa-lx106-elf/bin/../lib/gcc/xtensa-lx106-elf/5.1.0/../../../../xtensa-lx106-elf/lib\libhal.a(int_asm--set_intclear.o)
                0x40107ae8                xthal_set_intclear
 *fill*         0x40107aed        0x3 
 .literal       0x40107af0        0x0 c:/Espressif/ESP8266_SDK_151/lib\libphy.a(phy.o)
 .text          0x40107af0        0x0 c:/Espressif/ESP8266_SDK_151/lib\libphy.a(phy_chip_v6_ana.o)
 .text          0x40107af0        0x0 c:/Espressif/ESP8266_SDK_151/lib\libphy.a(phy_chip_v6.o)
 *fill*         0x40107af0        0x0 
 .literal       0x40107af0        0x0 c:/Espressif/ESP8266_SDK_151/lib\libphy.a(phy_chip_v6_cal.o)
 .text          0x40107af0        0x0 c:/Espressif/ESP8266_SDK_151/lib\libphy.a(phy_chip_v6_unused.o)
 *fill*         0x40107af0        0x0 
 .literal       0x40107af0        0x0 c:/Espressif/ESP8266_SDK_151/lib\libphy.a(phy_sleep.o)
 .text          0x40107af0        0x0 c:/Espressif/ESP8266_SDK_151/lib\libpp.a(if_hwctrl.o)
 *fill*         0x40107af0        0x0 
 .literal       0x40107af0        0x0 c:/Espressif/ESP8266_SDK_151/lib\libpp.a(lmac.o)
 .text          0x40107af0        0x0 c:/Espressif/ESP8266_SDK_151/lib\libpp.a(pm.o)
 .text          0x40107af0        0x0 c:/Espressif/ESP8266_SDK_151/lib\libpp.a(pm_for_bcn_only_mode.o)
 *fill*         0x40107af0        0x0 
 .literal       0x40107af0        0x0 c:/Espressif/ESP8266_SDK_151/lib\libpp.a(pp.o)
 *fill*         0x40107af0        0x0 
 .literal       0x40107af0        0x0 c:/Espressif/ESP8266_SDK_151/lib\libpp.a(rate_control.o)
 *fill*         0x40107af0        0x0 
 .literal       0x40107af0        0x0 c:/Espressif/ESP8266_SDK_151/lib\libpp.a(trc.o)
 *fill*         0x40107af0        0x0 
 .literal       0x40107af0        0x0 c:/Espressif/ESP8266_SDK_151/lib\libpp.a(wdev.o)
 *fill*         0x40107af0        0x0 
 .literal       0x40107af0        0x0 c:/Espressif/ESP8266_SDK_151/lib\libpp.a(esf_buf.o)
 .text          0x40107af0        0x0 c:/Espressif/ESP8266_SDK_151/lib\libnet80211.a(ieee80211.o)
 .text          0x40107af0        0x0 c:/Espressif/ESP8266_SDK_151/lib\libnet80211.a(ieee80211_crypto.o)
 .text          0x40107af0        0x0 c:/Espressif/ESP8266_SDK_151/lib\libnet80211.a(ieee80211_ets.o)
 .literal       0x40107af0        0x0 c:/Espressif/ESP8266_SDK_151/lib\libnet80211.a(ieee80211_hostap.o)
 .text          0x40107af0       0x25 c:/Espressif/ESP8266_SDK_151/lib\libnet80211.a(ieee80211_hostap.o)
 .text          0x40107b15        0x0 c:/Espressif/ESP8266_SDK_151/lib\libnet80211.a(ieee80211_ht.o)
 .text          0x40107b15        0x0 c:/Espressif/ESP8266_SDK_151/lib\libnet80211.a(ieee80211_input.o)
 .text          0x40107b15        0x0 c:/Espressif/ESP8266_SDK_151/lib\libnet80211.a(ieee80211_mesh_quick.o)
 *fill*         0x40107b15        0x3 
 .literal       0x40107b18        0x0 c:/Espressif/ESP8266_SDK_151/lib\libnet80211.a(ieee80211_output.o)
 .text          0x40107b18        0x0 c:/Espressif/ESP8266_SDK_151/lib\libnet80211.a(ieee80211_phy.o)
 .text          0x40107b18        0x0 c:/Espressif/ESP8266_SDK_151/lib\libnet80211.a(ieee80211_power.o)
 .text          0x40107b18        0x0 c:/Espressif/ESP8266_SDK_151/lib\libnet80211.a(ieee80211_proto.o)
 .text          0x40107b18        0x0 c:/Espressif/ESP8266_SDK_151/lib\libnet80211.a(ieee80211_rfid.o)