Archive member included because of file (symbol)

c:/Espressif/ESP8266_SDK_151/lib\libmain.a(debug-vector.o)
                              (_DebugExceptionVector)
c:/Espressif/ESP8266_SDK_151/lib\libmain.a(double-vector.o)
                              (_DoubleExceptionVector)
c:/Espressif/ESP8266_SDK_151/lib\libmain.a(kernel-vector.o)
                              (_KernelExceptionVector)
c:/Espressif/ESP8266_SDK_151/lib\libmain.a(nmi-vector.o)
                              (_NMIExceptionVector)
c:/Espressif/ESP8266_SDK_151/lib\libmain.a(user-vector.o)
                              (_UserExceptionVector)
c:/Espressif/ESP8266_SDK_151/lib\libmain.a(vector.o)
                              (call_user_start)
c:/Espressif/ESP8266_SDK_151/lib\libmain.a(app_main.o)
                              c:/Espressif/ESP8266_SDK_151/lib\libmain.a(nmi-vector.o) (NMI_Handler)
c:/Espressif/ESP8266_SDK_151/lib\libmain.a(ets_timer.o)
                              c:/Espressif/ESP8266_SDK_151/lib\libmain.a(app_main.o) (ets_timer_setfn)
c:/Espressif/ESP8266_SDK_151/lib\libmain.a(mem_manager.o)
                              c:/Espressif/ESP8266_SDK_151/lib\libmain.a(app_main.o) (pvPortMalloc)
c:/Espressif/ESP8266_SDK_151/lib\libmain.a(spi_flash.o)
                              c:/Espressif/ESP8266_SDK_151/lib\libmain.a(app_main.o) (spi_flash_read)
c:/Espressif/ESP8266_SDK_151/lib\libmain.a(user_interface.o)
                              c:/Espressif/ESP8266_SDK_151/lib\libmain.a(app_main.o) (done_cb)
c:/Espressif/ESP8266_SDK_151/lib\libmain.a(eagle_lib.o)
                              c:/Espressif/ESP8266_SDK_151/lib\libmain.a(user_interface.o) (ets_sprintf)
c:/Espressif/ESP8266_SDK_151/lib\libmain.a(eagle_lwip_if.o)
                              c:/Espressif/ESP8266_SDK_151/lib\libmain.a(user_interface.o) (hostname)
build/app_app.a(user_main.o)  c:/Espressif/ESP8266_SDK_151/lib\libmain.a(app_main.o) (user_init)
build/app_app.a(config.o)     build/app_app.a(user_main.o) (sysCfg)
build/app_app.a(io.o)         build/app_app.a(user_main.o) (initOutputs)
build/app_app.a(mqtt.o)       build/app_app.a(user_main.o) (MQTT_InitConnection)
build/app_app.a(dht22.o)      build/app_app.a(user_main.o) (dhtRead)
build/app_app.a(switch.o)     build/app_app.a(user_main.o) (initSwitch)
build/app_app.a(http.o)       build/app_app.a(user_main.o) (toggleHttpSetupMode)
build/app_app.a(easygpio.o)   build/app_app.a(io.o) (easygpio_pinMode)
build/app_app.a(wifi.o)       build/app_app.a(user_main.o) (getBestSSID)
build/app_app.a(flash.o)      build/app_app.a(http.o) (stopFlash)
build/app_app.a(doSmartConfig.o)
                              build/app_app.a(user_main.o) (checkSmartConfig)
build/app_app.a(publish.o)    build/app_app.a(user_main.o) (publishError)
build/app_app.a(stdout.o)     build/app_app.a(user_main.o) (stdout_init)
build/app_app.a(check.o)      build/app_app.a(user_main.o) (checkMinHeap)
build/app_app.a(decodeMessage.o)
                              build/app_app.a(user_main.o) (decodeMessage)
build/app_app.a(utils.o)      build/app_app.a(mqtt.o) (UTILS_StrToIP)
build/app_app.a(queue.o)      build/app_app.a(mqtt.o) (QUEUE_Init)
build/app_app.a(mqtt_msg.o)   build/app_app.a(mqtt.o) (mqtt_msg_init)
build/app_app.a(ringbuf.o)    build/app_app.a(queue.o) (RINGBUF_Init)
build/app_app.a(temperature.o)
                              build/app_app.a(publish.o) (getUnmappedTemperature)
build/app_app.a(ds18b20.o)    build/app_app.a(temperature.o) (ds_init)
build/app_app.a(jsmn.o)       build/app_app.a(decodeMessage.o) (jsoneq)
build/app_app.a(dtoa.o)       build/app_app.a(temperature.o) (dtoStr)
build/app_app.a(proto.o)      build/app_app.a(queue.o) (PROTO_AddRb)
c:/espressif/xtensa-lx106-elf/bin/../lib/gcc/xtensa-lx106-elf/5.1.0/../../../../xtensa-lx106-elf/lib\libc.a(lib_a-atoi.o)
                              build/app_app.a(user_main.o) (atoi)
c:/espressif/xtensa-lx106-elf/bin/../lib/gcc/xtensa-lx106-elf/5.1.0/../../../../xtensa-lx106-elf/lib\libc.a(lib_a-lcltime.o)
                              build/app_app.a(user_main.o) (localtime)
c:/espressif/xtensa-lx106-elf/bin/../lib/gcc/xtensa-lx106-elf/5.1.0/../../../../xtensa-lx106-elf/lib\libc.a(lib_a-lcltime_r.o)
                              c:/espressif/xtensa-lx106-elf/bin/../lib/gcc/xtensa-lx106-elf/5.1.0/../../../../xtensa-lx106-elf/lib\libc.a(lib_a-lcltime.o) (localtime_r)
c:/espressif/xtensa-lx106-elf/bin/../lib/gcc/xtensa-lx106-elf/5.1.0/../../../../xtensa-lx106-elf/lib\libc.a(lib_a-memset.o)
                              build/app_app.a(http.o) (memset)
c:/espressif/xtensa-lx106-elf/bin/../lib/gcc/xtensa-lx106-elf/5.1.0/../../../../xtensa-lx106-elf/lib\libc.a(lib_a-mktm_r.o)
                              c:/espressif/xtensa-lx106-elf/bin/../lib/gcc/xtensa-lx106-elf/5.1.0/../../../../xtensa-lx106-elf/lib\libc.a(lib_a-lcltime_r.o) (_mktm_r)
[...]
Memory Configuration

Name             Origin             Length             Attributes
dport0_0_seg     0x3ff00000         0x00000010
dram0_0_seg      0x3ffe8000         0x00014000
iram1_0_seg      0x40100000         0x00008000
irom0_0_seg      0x40210000         0x00068000
*default*        0x00000000         0xffffffff

Linker script and memory map

START GROUP
LOAD c:/espressif/xtensa-lx106-elf/bin/../lib/gcc/xtensa-lx106-elf/5.1.0/../../../../xtensa-lx106-elf/lib\libc.a
LOAD c:/espressif/xtensa-lx106-elf/bin/../lib/gcc/xtensa-lx106-elf/5.1.0\libgcc.a
LOAD c:/espressif/xtensa-lx106-elf/bin/../lib/gcc/xtensa-lx106-elf/5.1.0/../../../../xtensa-lx106-elf/lib\libhal.a
LOAD c:/Espressif/ESP8266_SDK_151/lib\libphy.a
LOAD c:/Espressif/ESP8266_SDK_151/lib\libpp.a
LOAD c:/Espressif/ESP8266_SDK_151/lib\libnet80211.a
LOAD c:/Espressif/ESP8266_SDK_151/lib\liblwip.a
LOAD c:/Espressif/ESP8266_SDK_151/lib\libwpa.a
LOAD c:/Espressif/ESP8266_SDK_151/lib\libmain.a
LOAD c:/Espressif/ESP8266_SDK_151/lib\libupgrade.a
LOAD c:/Espressif/ESP8266_SDK_151/lib\libssl.a
LOAD c:/Espressif/ESP8266_SDK_151/lib\libsmartconfig.a
LOAD c:/Espressif/ESP8266_SDK_151/lib\libcrypto.a
LOAD build/app_app.a
END GROUP
                0x40000000                PROVIDE (_memmap_vecbase_reset, 0x40000000)
                0x00000110                _memmap_cacheattr_wb_base = 0x110
                0x00000110                _memmap_cacheattr_wt_base = 0x110
                0x00000220                _memmap_cacheattr_bp_base = 0x220
                0xfffff00f                _memmap_cacheattr_unused_mask = 0xfffff00f
                0x2222211f                _memmap_cacheattr_wb_trapnull = 0x2222211f
                0x2222211f                _memmap_cacheattr_wba_trapnull = 0x2222211f
                0x2222211f                _memmap_cacheattr_wbna_trapnull = 0x2222211f
                0x2222211f                _memmap_cacheattr_wt_trapnull = 0x2222211f
                0x2222222f                _memmap_cacheattr_bp_trapnull = 0x2222222f
                0xfffff11f                _memmap_cacheattr_wb_strict = 0xfffff11f
                0xfffff11f                _memmap_cacheattr_wt_strict = 0xfffff11f
                0xfffff22f                _memmap_cacheattr_bp_strict = 0xfffff22f
                0x22222112                _memmap_cacheattr_wb_allvalid = 0x22222112
                0x22222112                _memmap_cacheattr_wt_allvalid = 0x22222112
                0x22222222                _memmap_cacheattr_bp_allvalid = 0x22222222
                0x2222211f                PROVIDE (_memmap_cacheattr_reset, _memmap_cacheattr_wb_trapnull)

.dport0.rodata  0x3ff00000        0x0
                0x3ff00000                _dport0_rodata_start = ABSOLUTE (.)
 *(.dport0.rodata)
 *(.dport.rodata)
                0x3ff00000                _dport0_rodata_end = ABSOLUTE (.)

.dport0.literal
                0x3ff00000        0x0
                0x3ff00000                _dport0_literal_start = ABSOLUTE (.)
 *(.dport0.literal)
 *(.dport.literal)
                0x3ff00000                _dport0_literal_end = ABSOLUTE (.)

.dport0.data    0x3ff00000        0x0
                0x3ff00000                _dport0_data_start = ABSOLUTE (.)
 *(.dport0.data)
 *(.dport.data)
                0x3ff00000                _dport0_data_end = ABSOLUTE (.)

.data           0x3ffe8000      0x839
                0x3ffe8000                _data_start = ABSOLUTE (.)
 *(.data)
 .data          0x3ffe8000        0x0 c:/Espressif/ESP8266_SDK_151/lib\libmain.a(debug-vector.o)
 .data          0x3ffe8000        0x0 c:/Espressif/ESP8266_SDK_151/lib\libmain.a(double-vector.o)
 .data          0x3ffe8000        0x0 c:/Espressif/ESP8266_SDK_151/lib\libmain.a(kernel-vector.o)
 .data          0x3ffe8000        0x4 c:/Espressif/ESP8266_SDK_151/lib\libmain.a(nmi-vector.o)
                0x3ffe8000                _Pri_3_HandlerAddress
 .data          0x3ffe8004        0x0 c:/Espressif/ESP8266_SDK_151/lib\libmain.a(user-vector.o)
 .data          0x3ffe8004        0x0 c:/Espressif/ESP8266_SDK_151/lib\libmain.a(vector.o)
 .data          0x3ffe8004        0x1 c:/Espressif/ESP8266_SDK_151/lib\libmain.a(app_main.o)
 .data          0x3ffe8005        0x0 c:/Espressif/ESP8266_SDK_151/lib\libmain.a(ets_timer.o)
 .data          0x3ffe8005        0x0 c:/Espressif/ESP8266_SDK_151/lib\libmain.a(mem_manager.o)
 .data          0x3ffe8005        0x0 c:/Espressif/ESP8266_SDK_151/lib\libmain.a(spi_flash.o)
 *fill*         0x3ffe8005        0x3 
 .data          0x3ffe8008        0x6 c:/Espressif/ESP8266_SDK_151/lib\libmain.a(user_interface.o)
                0x3ffe8009                timer2_ms_flag
                0x3ffe800a                dhcps_flag
                0x3ffe800b                dhcpc_flag
                0x3ffe800d                reconnect_internal
 .data          0x3ffe800e        0x0 c:/Espressif/ESP8266_SDK_151/lib\libmain.a(eagle_lib.o)
 *fill*         0x3ffe800e        0x2 
 .data          0x3ffe8010        0x1 c:/Espressif/ESP8266_SDK_151/lib\libmain.a(eagle_lwip_if.o)
                0x3ffe8010                default_hostname
 *fill*         0x3ffe8011        0x3 
 .data          0x3ffe8014       0x10 build/app_app.a(user_main.o)
                0x3ffe8020                version
 .data          0x3ffe8024        0x0 build/app_app.a(config.o)
 .data          0x3ffe8024        0x3 build/app_app.a(io.o)
                0x3ffe8024                pirPins
 .data          0x3ffe8027        0x0 build/app_app.a(mqtt.o)
 .data          0x3ffe8027        0x0 build/app_app.a(dht22.o)
 .data          0x3ffe8027        0x0 build/app_app.a(switch.o)
 .data          0x3ffe8027        0x0 build/app_app.a(http.o)
 .data          0x3ffe8027        0x0 build/app_app.a(easygpio.o)
 .data          0x3ffe8027        0x0 build/app_app.a(wifi.o)
 .data          0x3ffe8027        0x0 build/app_app.a(flash.o)
 .data          0x3ffe8027        0x0 build/app_app.a(doSmartConfig.o)
 *fill*         0x3ffe8027        0x1 
 .data          0x3ffe8028        0x5 build/app_app.a(publish.o)
 .data          0x3ffe802d        0x0 build/app_app.a(stdout.o)
 *fill*         0x3ffe802d        0x3 
 .data          0x3ffe8030        0x4 build/app_app.a(check.o)
 .data          0x3ffe8034        0x0 build/app_app.a(decodeMessage.o)
 .data          0x3ffe8034        0x0 build/app_app.a(utils.o)
 .data          0x3ffe8034        0x0 build/app_app.a(queue.o)
 .data          0x3ffe8034        0x0 build/app_app.a(mqtt_msg.o)
 .data          0x3ffe8034        0x0 build/app_app.a(ringbuf.o)
 .data          0x3ffe8034        0x0 build/app_app.a(temperature.o)
 .data          0x3ffe8034        0x0 build/app_app.a(ds18b20.o)
 .data          0x3ffe8034        0x0 build/app_app.a(jsmn.o)
 .data          0x3ffe8034        0x0 build/app_app.a(dtoa.o)
 .data          0x3ffe8034        0x0 build/app_app.a(proto.o)
 .data          0x3ffe8034        0x0 c:/espressif/xtensa-lx106-elf/bin/../lib/gcc/xtensa-lx106-elf/5.1.0/../../../../xtensa-lx106-elf/lib\libc.a(lib_a-atoi.o)
 .data          0x3ffe8034        0x0 c:/espressif/xtensa-lx106-elf/bin/../lib/gcc/xtensa-lx106-elf/5.1.0/../../../../xtensa-lx106-elf/lib\libc.a(lib_a-lcltime.o)
 .data          0x3ffe8034        0x0 c:/espressif/xtensa-lx106-elf/bin/../lib/gcc/xtensa-lx106-elf/5.1.0/../../../../xtensa-lx106-elf/lib\libc.a(lib_a-lcltime_r.o)
 .data          0x3ffe8034        0x0 c:/espressif/xtensa-lx106-elf/bin/../lib/gcc/xtensa-lx106-elf/5.1.0/../../../../xtensa-lx106-elf/lib\libc.a(lib_a-memset.o)
 .data          0x3ffe8034        0x0 c:/espressif/xtensa-lx106-elf/bin/../lib/gcc/xtensa-lx106-elf/5.1.0/../../../../xtensa-lx106-elf/lib\libc.a(lib_a-mktm_r.o)
 .data          0x3ffe8034        0x0 c:/espressif/xtensa-lx106-elf/bin/../lib/gcc/xtensa-lx106-elf/5.1.0/../../../../xtensa-lx106-elf/lib\libc.a(lib_a-strcmp.o)
 .data          0x3ffe8034        0x0 c:/espressif/xtensa-lx106-elf/bin/../lib/gcc/xtensa-lx106-elf/5.1.0/../../../../xtensa-lx106-elf/lib\libc.a(lib_a-strlen.o)
 .data          0x3ffe8034        0x0 c:/espressif/xtensa-lx106-elf/bin/../lib/gcc/xtensa-lx106-elf/5.1.0/../../../../xtensa-lx106-elf/lib\libc.a(lib_a-strncmp.o)
 .data          0x3ffe8034        0x0 c:/espressif/xtensa-lx106-elf/bin/../lib/gcc/xtensa-lx106-elf/5.1.0/../../../../xtensa-lx106-elf/lib\libc.a(lib_a-strtol.o)
 .data          0x3ffe8034        0x0 c:/espressif/xtensa-lx106-elf/bin/../lib/gcc/xtensa-lx106-elf/5.1.0/../../../../xtensa-lx106-elf/lib\libc.a(lib_a-tzlock.o)
 .data          0x3ffe8034        0x8 c:/espressif/xtensa-lx106-elf/bin/../lib/gcc/xtensa-lx106-elf/5.1.0/../../../../xtensa-lx106-elf/lib\libc.a(lib_a-tzvars.o)
                0x3ffe8034                _tzname
 .data          0x3ffe803c        0x4 c:/espressif/xtensa-lx106-elf/bin/../lib/gcc/xtensa-lx106-elf/5.1.0/../../../../xtensa-lx106-elf/lib\libc.a(lib_a-ctype_.o)
                0x3ffe803c                __ctype_ptr__
 .data          0x3ffe8040       0x40 c:/espressif/xtensa-lx106-elf/bin/../lib/gcc/xtensa-lx106-elf/5.1.0/../../../../xtensa-lx106-elf/lib\libc.a(lib_a-gettzinfo.o)
 .data          0x3ffe8080      0x430 c:/espressif/xtensa-lx106-elf/bin/../lib/gcc/xtensa-lx106-elf/5.1.0/../../../../xtensa-lx106-elf/lib\libc.a(lib_a-impure.o)
                0x3ffe8080                _impure_ptr
 .data          0x3ffe84b0        0x0 c:/espressif/xtensa-lx106-elf/bin/../lib/gcc/xtensa-lx106-elf/5.1.0\libgcc.a(_divsi3.o)
 .data          0x3ffe84b0        0x0 c:/espressif/xtensa-lx106-elf/bin/../lib/gcc/xtensa-lx106-elf/5.1.0\libgcc.a(_modsi3.o)
 .data          0x3ffe84b0        0x0 c:/espressif/xtensa-lx106-elf/bin/../lib/gcc/xtensa-lx106-elf/5.1.0\libgcc.a(_udivsi3.o)
 .data          0x3ffe84b0        0x0 c:/espressif/xtensa-lx106-elf/bin/../lib/gcc/xtensa-lx106-elf/5.1.0\libgcc.a(_umodsi3.o)
 .data          0x3ffe84b0        0x0 c:/espressif/xtensa-lx106-elf/bin/../lib/gcc/xtensa-lx106-elf/5.1.0\libgcc.a(_addsubsf3.o)
 .data          0x3ffe84b0        0x0 c:/espressif/xtensa-lx106-elf/bin/../lib/gcc/xtensa-lx106-elf/5.1.0\libgcc.a(_mulsf3.o)
 .data          0x3ffe84b0        0x0 c:/espressif/xtensa-lx106-elf/bin/../lib/gcc/xtensa-lx106-elf/5.1.0\libgcc.a(_divsf3.o)
 .data          0x3ffe84b0        0x0 c:/espressif/xtensa-lx106-elf/bin/../lib/gcc/xtensa-lx106-elf/5.1.0\libgcc.a(_cmpsf2.o)
 .data          0x3ffe84b0        0x0 c:/espressif/xtensa-lx106-elf/bin/../lib/gcc/xtensa-lx106-elf/5.1.0\libgcc.a(_fixsfsi.o)
 .data          0x3ffe84b0        0x0 c:/espressif/xtensa-lx106-elf/bin/../lib/gcc/xtensa-lx106-elf/5.1.0\libgcc.a(_floatsisf.o)
 .data          0x3ffe84b0        0x0 c:/espressif/xtensa-lx106-elf/bin/../lib/gcc/xtensa-lx106-elf/5.1.0\libgcc.a(_addsubdf3.o)
 .data          0x3ffe84b0        0x0 c:/espressif/xtensa-lx106-elf/bin/../lib/gcc/xtensa-lx106-elf/5.1.0\libgcc.a(_muldf3.o)
 .data          0x3ffe84b0        0x0 c:/espressif/xtensa-lx106-elf/bin/../lib/gcc/xtensa-lx106-elf/5.1.0\libgcc.a(_divdf3.o)
 .data          0x3ffe84b0        0x0 c:/espressif/xtensa-lx106-elf/bin/../lib/gcc/xtensa-lx106-elf/5.1.0\libgcc.a(_cmpdf2.o)
 .data          0x3ffe84b0        0x0 c:/espressif/xtensa-lx106-elf/bin/../lib/gcc/xtensa-lx106-elf/5.1.0\libgcc.a(_fixunsdfsi.o)
 .data          0x3ffe84b0        0x0 c:/espressif/xtensa-lx106-elf/bin/../lib/gcc/xtensa-lx106-elf/5.1.0\libgcc.a(_floatsidf.o)
 .data          0x3ffe84b0        0x0 c:/espressif/xtensa-lx106-elf/bin/../lib/gcc/xtensa-lx106-elf/5.1.0\libgcc.a(_muldi3.o)
 .data          0x3ffe84b0        0x0 c:/espressif/xtensa-lx106-elf/bin/../lib/gcc/xtensa-lx106-elf/5.1.0\libgcc.a(_umulsidi3.o)
 .data          0x3ffe84b0        0x0 c:/espressif/xtensa-lx106-elf/bin/../lib/gcc/xtensa-lx106-elf/5.1.0/../../../../xtensa-lx106-elf/lib\libhal.a(int_asm--set_intclear.o)
 .data          0x3ffe84b0        0x0 c:/Espressif/ESP8266_SDK_151/lib\libphy.a(phy.o)
 .data          0x3ffe84b0        0x0 c:/Espressif/ESP8266_SDK_151/lib\libphy.a(phy_chip_v6_ana.o)
 .data          0x3ffe84b0       0x53 c:/Espressif/ESP8266_SDK_151/lib\libphy.a(phy_chip_v6.o)
                0x3ffe84b2                tx_rf_ana_gain
                0x3ffe84e0                rx_gain_swp
                0x3ffe8500                test_rffreq_txcap
 .data          0x3ffe8503        0x0 c:/Espressif/ESP8266_SDK_151/lib\libphy.a(phy_chip_v6_cal.o)
 .data          0x3ffe8503        0x0 c:/Espressif/ESP8266_SDK_151/lib\libphy.a(phy_chip_v6_unused.o)
 *fill*         0x3ffe8503        0x1 
 .data          0x3ffe8504        0x4 c:/Espressif/ESP8266_SDK_151/lib\libphy.a(phy_sleep.o)
                0x3ffe8504                chip_version
 .data          0x3ffe8508        0x0 c:/Espressif/ESP8266_SDK_151/lib\libpp.a(if_hwctrl.o)
 .data          0x3ffe8508        0x0 c:/Espressif/ESP8266_SDK_151/lib\libpp.a(lmac.o)
 .data          0x3ffe8508        0x1 c:/Espressif/ESP8266_SDK_151/lib\libpp.a(pm.o)
 *fill*         0x3ffe8509        0x3 
 .data          0x3ffe850c        0x1 c:/Espressif/ESP8266_SDK_151/lib\libpp.a(pm_for_bcn_only_mode.o)
 *fill*         0x3ffe850d        0x3 
 .data          0x3ffe8510       0x1c c:/Espressif/ESP8266_SDK_151/lib\libpp.a(pp.o)
                0x3ffe8510                soft_wdt_interval
                0x3ffe8514                NoiseTimerInterval
                0x3ffe851c                sleep_start_wait_time
                0x3ffe8524                CanDoFreqCal
                0x3ffe8528                tcb
 *fill*         0x3ffe852c        0x4 
 .data          0x3ffe8530       0x40 c:/Espressif/ESP8266_SDK_151/lib\libpp.a(rate_control.o)
 .data          0x3ffe8570      0x24c c:/Espressif/ESP8266_SDK_151/lib\libpp.a(trc.o)
 .data          0x3ffe87bc        0x8 c:/Espressif/ESP8266_SDK_151/lib\libpp.a(wdev.o)
 .data          0x3ffe87c4        0x0 c:/Espressif/ESP8266_SDK_151/lib\libpp.a(esf_buf.o)
 .data          0x3ffe87c4        0x0 c:/Espressif/ESP8266_SDK_151/lib\libnet80211.a(ieee80211.o)
 .data          0x3ffe87c4        0x0 c:/Espressif/ESP8266_SDK_151/lib\libnet80211.a(ieee80211_crypto.o)
 .data          0x3ffe87c4        0x0 c:/Espressif/ESP8266_SDK_151/lib\libnet80211.a(ieee80211_ets.o)
 .data          0x3ffe87c4        0x1 c:/Espressif/ESP8266_SDK_151/lib\libnet80211.a(ieee80211_hostap.o)
                0x3ffe87c4                TmpSTAAPCloseAP
 .data          0x3ffe87c5        0x0 c:/Espressif/ESP8266_SDK_151/lib\libnet80211.a(ieee80211_ht.o)
 .data          0x3ffe87c5        0x0 c:/Espressif/ESP8266_SDK_151/lib\libnet80211.a(ieee80211_input.o)
 .data          0x3ffe87c5        0x0 c:/Espressif/ESP8266_SDK_151/lib\libnet80211.a(ieee80211_mesh_quick.o)
 .data          0x3ffe87c5        0x0 c:/Espressif/ESP8266_SDK_151/lib\libnet80211.a(ieee80211_output.o)
 .data          0x3ffe87c5        0x0 c:/Espressif/ESP8266_SDK_151/lib\libnet80211.a(ieee80211_phy.o)
 .data          0x3ffe87c5        0x0 c:/Espressif/ESP8266_SDK_151/lib\libnet80211.a(ieee80211_power.o)
 .data          0x3ffe87c5        0x0 c:/Espressif/ESP8266_SDK_151/lib\libnet80211.a(ieee80211_proto.o)
 .data          0x3ffe87c5        0x0 c:/Espressif/ESP8266_SDK_151/lib\libnet80211.a(ieee80211_rfid.o)
 .data          0x3ffe87c5        0x0 c:/Espressif/ESP8266_SDK_151/lib\libnet80211.a(ieee80211_scan.o)
 .data          0x3ffe87c5        0x0 c:/Espressif/ESP8266_SDK_151/lib\libnet80211.a(ieee80211_sta.o)
 .data          0x3ffe87c5        0x0 c:/Espressif/ESP8266_SDK_151/lib\libnet80211.a(wl_chm.o)
 *fill*         0x3ffe87c5        0x3 
 .data          0x3ffe87c8        0x1 c:/Espressif/ESP8266_SDK_151/lib\libnet80211.a(wl_cnx.o)
 *fill*         0x3ffe87c9        0x7 
 .data          0x3ffe87d0       0x1c c:/Espressif/ESP8266_SDK_151/lib\libnet80211.a(ieee80211_action.o)
 .data          0x3ffe87ec        0x0 c:/Espressif/ESP8266_SDK_151/lib\libnet80211.a(ieee80211_action_vendor.o)
 .data          0x3ffe87ec        0x0 c:/Espressif/ESP8266_SDK_151/lib\libnet80211.a(ieee80211_crypto_ccmp.o)
 .data          0x3ffe87ec        0x0 c:/Espressif/ESP8266_SDK_151/lib\libnet80211.a(ieee80211_ie_vendor.o)
 .data          0x3ffe87ec        0x4 c:/Espressif/ESP8266_SDK_151/lib\liblwip.a(dhcp.o)
 .data          0x3ffe87f0        0x5 c:/Espressif/ESP8266_SDK_151/lib\liblwip.a(dhcpserver.o)
                0x3ffe87f0                dhcps_lease_time
 .data          0x3ffe87f5        0x0 c:/Espressif/ESP8266_SDK_151/lib\liblwip.a(dns.o)
 .data          0x3ffe87f5        0x0 c:/Espressif/ESP8266_SDK_151/lib\liblwip.a(espconn.o)
 .data          0x3ffe87f5        0x0 c:/Espressif/ESP8266_SDK_151/lib\liblwip.a(espconn_tcp.o)
 .data          0x3ffe87f5        0x0 c:/Espressif/ESP8266_SDK_151/lib\liblwip.a(espconn_udp.o)
 .data          0x3ffe87f5        0x0 c:/Espressif/ESP8266_SDK_151/lib\liblwip.a(etharp.o)
 .data          0x3ffe87f5        0x0 c:/Espressif/ESP8266_SDK_151/lib\liblwip.a(igmp.o)
 .data          0x3ffe87f5        0x0 c:/Espressif/ESP8266_SDK_151/lib\liblwip.a(inet_chksum.o)
 .data          0x3ffe87f5        0x0 c:/Espressif/ESP8266_SDK_151/lib\liblwip.a(init.o)
 .data          0x3ffe87f5        0x0 c:/Espressif/ESP8266_SDK_151/lib\liblwip.a(ip_addr.o)
 .data          0x3ffe87f5        0x0 c:/Espressif/ESP8266_SDK_151/lib\liblwip.a(ip.o)
 *fill*         0x3ffe87f5        0x3 
 .data          0x3ffe87f8        0x2 c:/Espressif/ESP8266_SDK_151/lib\liblwip.a(memp.o)
                0x3ffe87f8                memp_sizes_test
 .data          0x3ffe87fa        0x0 c:/Espressif/ESP8266_SDK_151/lib\liblwip.a(netif.o)
 .data          0x3ffe87fa        0x0 c:/Espressif/ESP8266_SDK_151/lib\liblwip.a(pbuf.o)
 .data          0x3ffe87fa        0x0 c:/Espressif/ESP8266_SDK_151/lib\liblwip.a(raw.o)
 .data          0x3ffe87fa        0x0 c:/Espressif/ESP8266_SDK_151/lib\liblwip.a(tcp_in.o)
 *fill*         0x3ffe87fa        0x2 
 .data          0x3ffe87fc        0x8 c:/Espressif/ESP8266_SDK_151/lib\liblwip.a(tcp.o)
 .data          0x3ffe8804        0x0 c:/Espressif/ESP8266_SDK_151/lib\liblwip.a(tcp_out.o)
 .data          0x3ffe8804        0x0 c:/Espressif/ESP8266_SDK_151/lib\liblwip.a(timers.o)
 .data          0x3ffe8804        0x0 c:/Espressif/ESP8266_SDK_151/lib\liblwip.a(udp.o)
 .data          0x3ffe8804        0x0 c:/Espressif/ESP8266_SDK_151/lib\liblwip.a(icmp.o)
 .data          0x3ffe8804        0x0 c:/Espressif/ESP8266_SDK_151/lib\libwpa.a(ap_config.o)
 .data          0x3ffe8804        0x0 c:/Espressif/ESP8266_SDK_151/lib\libwpa.a(common.o)
 .data          0x3ffe8804        0x0 c:/Espressif/ESP8266_SDK_151/lib\libwpa.a(os_xtensa.o)
 .data          0x3ffe8804        0x0 c:/Espressif/ESP8266_SDK_151/lib\libwpa.a(wpa_auth.o)
 .data          0x3ffe8804        0x0 c:/Espressif/ESP8266_SDK_151/lib\libwpa.a(wpa_auth_ie.o)
 .data          0x3ffe8804        0x0 c:/Espressif/ESP8266_SDK_151/lib\libwpa.a(wpa.o)
 .data          0x3ffe8804        0x0 c:/Espressif/ESP8266_SDK_151/lib\libwpa.a(wpa_common.o)
 .data          0x3ffe8804        0x0 c:/Espressif/ESP8266_SDK_151/lib\libwpa.a(wpa_debug.o)
 .data          0x3ffe8804        0x0 c:/Espressif/ESP8266_SDK_151/lib\libwpa.a(wpa_ie.o)
 .data          0x3ffe8804        0x0 c:/Espressif/ESP8266_SDK_151/lib\libwpa.a(wpa_main.o)
 .data          0x3ffe8804        0x0 c:/Espressif/ESP8266_SDK_151/lib\libwpa.a(wpas_glue.o)
 .data          0x3ffe8804       0x1c c:/Espressif/ESP8266_SDK_151/lib\libssl.a(espconn_secure.o)
                0x3ffe8804                ssl_option
 .data          0x3ffe8820        0x0 c:/Espressif/ESP8266_SDK_151/lib\libssl.a(espconn_ssl.o)
 .data          0x3ffe8820        0x0 c:/Espressif/ESP8266_SDK_151/lib\libssl.a(ssl_loader.o)
 .data          0x3ffe8820        0x0 c:/Espressif/ESP8266_SDK_151/lib\libssl.a(ssl_md5.o)
 .data          0x3ffe8820        0x0 c:/Espressif/ESP8266_SDK_151/lib\libssl.a(ssl_tls1_clnt.o)
 .data          0x3ffe8820        0x8 c:/Espressif/ESP8266_SDK_151/lib\libssl.a(ssl_tls1.o)
 .data          0x3ffe8828        0x0 c:/Espressif/ESP8266_SDK_151/lib\libssl.a(ssl_tls1_svr.o)
 .data          0x3ffe8828        0x0 c:/Espressif/ESP8266_SDK_151/lib\libssl.a(ssl_x509.o)
 .data          0x3ffe8828        0x0 c:/Espressif/ESP8266_SDK_151/lib\libssl.a(sha256.o)
 .data          0x3ffe8828        0x0 c:/Espressif/ESP8266_SDK_151/lib\libssl.a(sha384.o)
 .data          0x3ffe8828        0x0 c:/Espressif/ESP8266_SDK_151/lib\libssl.a(sha512.o)
 .data          0x3ffe8828        0x0 c:/Espressif/ESP8266_SDK_151/lib\libssl.a(ssl_aes.o)
 .data          0x3ffe8828        0x0 c:/Espressif/ESP8266_SDK_151/lib\libssl.a(ssl_asn1.o)
 .data          0x3ffe8828        0x0 c:/Espressif/ESP8266_SDK_151/lib\libssl.a(ssl_bigint.o)
 .data          0x3ffe8828        0x0 c:/Espressif/ESP8266_SDK_151/lib\libssl.a(ssl_crypto_misc.o)
 .data          0x3ffe8828        0x0 c:/Espressif/ESP8266_SDK_151/lib\libssl.a(ssl_hmac.o)
 .data          0x3ffe8828        0x0 c:/Espressif/ESP8266_SDK_151/lib\libssl.a(ssl_os_port.o)
 .data          0x3ffe8828        0x0 c:/Espressif/ESP8266_SDK_151/lib\libssl.a(ssl_rc4.o)
 .data          0x3ffe8828        0x0 c:/Espressif/ESP8266_SDK_151/lib\libssl.a(ssl_rsa.o)
 .data          0x3ffe8828        0x0 c:/Espressif/ESP8266_SDK_151/lib\libssl.a(ssl_sha1.o)
 .data          0x3ffe8828        0xe c:/Espressif/ESP8266_SDK_151/lib\libsmartconfig.a(sc_sniffer.o)
                0x3ffe8828                g_SC_Select
                0x3ffe8830                ET_Group_bssid
 .data          0x3ffe8836        0x0 c:/Espressif/ESP8266_SDK_151/lib\libsmartconfig.a(sc_airkiss.o)
 *fill*         0x3ffe8836        0x2 
 .data          0x3ffe8838        0x1 c:/Espressif/ESP8266_SDK_151/lib\libsmartconfig.a(sc_esptouch.o)
                0x3ffe8838                g_ET_TimeOut
 .data          0x3ffe8839        0x0 c:/Espressif/ESP8266_SDK_151/lib\libcrypto.a(aes-wrap.o)
 .data          0x3ffe8839        0x0 c:/Espressif/ESP8266_SDK_151/lib\libcrypto.a(aes-internal-enc.o)
 .data          0x3ffe8839        0x0 c:/Espressif/ESP8266_SDK_151/lib\libcrypto.a(aes-internal.o)
 .data          0x3ffe8839        0x0 c:/espressif/xtensa-lx106-elf/bin/../lib/gcc/xtensa-lx106-elf/5.1.0/../../../../xtensa-lx106-elf/lib\libc.a(lib_a-memcmp.o)
 .data          0x3ffe8839        0x0 c:/espressif/xtensa-lx106-elf/bin/../lib/gcc/xtensa-lx106-elf/5.1.0/../../../../xtensa-lx106-elf/lib\libc.a(lib_a-memcpy.o)
 .data          0x3ffe8839        0x0 c:/espressif/xtensa-lx106-elf/bin/../lib/gcc/xtensa-lx106-elf/5.1.0\libgcc.a(_ashrdi3.o)
 .data          0x3ffe8839        0x0 c:/espressif/xtensa-lx106-elf/bin/../lib/gcc/xtensa-lx106-elf/5.1.0\libgcc.a(_fixunssfsi.o)
 .data          0x3ffe8839        0x0 c:/espressif/xtensa-lx106-elf/bin/../lib/gcc/xtensa-lx106-elf/5.1.0\libgcc.a(_fixdfsi.o)
 .data          0x3ffe8839        0x0 c:/espressif/xtensa-lx106-elf/bin/../lib/gcc/xtensa-lx106-elf/5.1.0\libgcc.a(_truncdfsf2.o)
 .data          0x3ffe8839        0x0 c:/espressif/xtensa-lx106-elf/bin/../lib/gcc/xtensa-lx106-elf/5.1.0\libgcc.a(_divdi3.o)
 .data          0x3ffe8839        0x0 c:/espressif/xtensa-lx106-elf/bin/../lib/gcc/xtensa-lx106-elf/5.1.0\libgcc.a(_udivdi3.o)
 .data          0x3ffe8839        0x0 c:/espressif/xtensa-lx106-elf/bin/../lib/gcc/xtensa-lx106-elf/5.1.0\libgcc.a(_umoddi3.o)
 .data          0x3ffe8839        0x0 c:/Espressif/ESP8266_SDK_151/lib\libnet80211.a(ieee80211_crypto_tkip.o)
 .data          0x3ffe8839        0x0 c:/Espressif/ESP8266_SDK_151/lib\libnet80211.a(ieee80211_crypto_wep.o)
 *(.data.*)
 *(.gnu.linkonce.d.*)
 *(.data1)
 *(.sdata)
 *(.sdata.*)
 *(.gnu.linkonce.s.*)
 *(.sdata2)
 *(.sdata2.*)
 *(.gnu.linkonce.s2.*)
 *(.jcr)
                0x3ffe8839                _data_end = ABSOLUTE (.)

.noinit         0x3ffe883c        0x4
 .noinit        0x3ffe883c        0x4 build/app_app.a(user_main.o)
                0x3ffe883c                lastAction

.rodata         0x3ffe8840     0x21cc
                0x3ffe8840                _rodata_start = ABSOLUTE (.)
 *(.sdk.version)
 .sdk.version   0x3ffe8840       0x10 c:/Espressif/ESP8266_SDK_151/lib\libmain.a(app_main.o)
                0x3ffe8840                SDK_VERSION
 *(.rodata)
 .rodata        0x3ffe8850       0x18 build/app_app.a(user_main.o)
 .rodata        0x3ffe8868        0x4 build/app_app.a(io.o)
                0x3ffe8868                outputMap
 .rodata        0x3ffe886c       0x28 build/app_app.a(mqtt.o)
 .rodata        0x3ffe8894       0x40 build/app_app.a(easygpio.o)
 .rodata        0x3ffe88d4       0x20 build/app_app.a(ds18b20.o)
 .rodata        0x3ffe88f4      0x160 build/app_app.a(jsmn.o)
 .rodata        0x3ffe8a54       0x68 c:/espressif/xtensa-lx106-elf/bin/../lib/gcc/xtensa-lx106-elf/5.1.0/../../../../xtensa-lx106-elf/lib\libc.a(lib_a-mktm_r.o)
 .rodata        0x3ffe8abc      0x101 c:/espressif/xtensa-lx106-elf/bin/../lib/gcc/xtensa-lx106-elf/5.1.0/../../../../xtensa-lx106-elf/lib\libc.a(lib_a-ctype_.o)
                0x3ffe8abc                _ctype_
 *fill*         0x3ffe8bbd        0x3 
 .rodata        0x3ffe8bc0        0x4 c:/espressif/xtensa-lx106-elf/bin/../lib/gcc/xtensa-lx106-elf/5.1.0/../../../../xtensa-lx106-elf/lib\libc.a(lib_a-impure.o)
                0x3ffe8bc0                _global_impure_ptr
 .rodata        0x3ffe8bc4        0x8 c:/Espressif/ESP8266_SDK_151/lib\libphy.a(phy_chip_v6_ana.o)
 .rodata        0x3ffe8bcc        0x8 c:/Espressif/ESP8266_SDK_151/lib\libphy.a(phy_chip_v6.o)
 .rodata        0x3ffe8bd4        0x4 c:/Espressif/ESP8266_SDK_151/lib\libpp.a(pp.o)
 .rodata        0x3ffe8bd8        0x8 c:/Espressif/ESP8266_SDK_151/lib\libnet80211.a(ieee80211_hostap.o)
 .rodata        0x3ffe8be0        0x9 c:/Espressif/ESP8266_SDK_151/lib\libnet80211.a(ieee80211_output.o)
 *fill*         0x3ffe8be9        0x3 
 .rodata        0x3ffe8bec        0x6 c:/Espressif/ESP8266_SDK_151/lib\liblwip.a(etharp.o)
                0x3ffe8bec                ethbroadcast
 *fill*         0x3ffe8bf2        0xe 
 .rodata        0x3ffe8c00       0x34 c:/Espressif/ESP8266_SDK_151/lib\libssl.a(ssl_loader.o)
 *fill*         0x3ffe8c34        0xc 
 .rodata        0x3ffe8c40       0x40 c:/Espressif/ESP8266_SDK_151/lib\libssl.a(ssl_md5.o)
 .rodata        0x3ffe8c80       0x74 c:/Espressif/ESP8266_SDK_151/lib\libssl.a(ssl_tls1.o)
                0x3ffe8cd4                ssl_prot_prefs
 *fill*         0x3ffe8cf4        0x4 
 .rodata        0x3ffe8cf8       0x10 c:/Espressif/ESP8266_SDK_151/lib\libssl.a(ssl_tls1_svr.o)
 *fill*         0x3ffe8d08        0x8 
 .rodata        0x3ffe8d10       0x40 c:/Espressif/ESP8266_SDK_151/lib\libssl.a(sha256.o)
 .rodata        0x3ffe8d50      0x300 c:/Espressif/ESP8266_SDK_151/lib\libssl.a(sha512.o)
 .rodata        0x3ffe9050      0x220 c:/Espressif/ESP8266_SDK_151/lib\libssl.a(ssl_aes.o)
 .rodata        0x3ffe9270       0x48 c:/Espressif/ESP8266_SDK_151/lib\libssl.a(ssl_asn1.o)
 *fill*         0x3ffe92b8        0x8 
 .rodata        0x3ffe92c0       0x90 c:/Espressif/ESP8266_SDK_151/lib\libssl.a(ssl_crypto_misc.o)
                0x3ffe92c0                unsupported_str
 .rodata        0x3ffe9350       0x10 c:/Espressif/ESP8266_SDK_151/lib\libssl.a(ssl_sha1.o)
 .rodata        0x3ffe9360        0x7 c:/Espressif/ESP8266_SDK_151/lib\libsmartconfig.a(sc_sniffer.o)
                0x3ffe9360                SC_VERSION
 *fill*         0x3ffe9367        0x1 
 .rodata        0x3ffe9368        0x8 c:/Espressif/ESP8266_SDK_151/lib\libsmartconfig.a(sc_airkiss.o)
                0x3ffe9368                RSSI_BEAR
                0x3ffe9369                DATA_RSSI_BEAR
                0x3ffe936a                RSSI_MIN
 *(.rodata.*)
 .rodata.str1.4
                0x3ffe9370        0xc c:/Espressif/ESP8266_SDK_151/lib\libmain.a(app_main.o)
 .rodata.str1.4
                0x3ffe937c        0x4 c:/Espressif/ESP8266_SDK_151/lib\libmain.a(ets_timer.o)
                                  0xc (size before relaxing)
 .rodata.str1.4
                0x3ffe9380       0x1a c:/Espressif/ESP8266_SDK_151/lib\libmain.a(mem_manager.o)
 *fill*         0x3ffe939a        0x2 
 .rodata.str1.4
                0x3ffe939c      0x2b4 build/app_app.a(user_main.o)
                                0x2c8 (size before relaxing)
 .rodata.str1.4
                0x3ffe9650       0xcf build/app_app.a(config.o)
                                 0xe2 (size before relaxing)
 *fill*         0x3ffe971f        0x1 
 .rodata.str1.4
                0x3ffe9720       0x8d build/app_app.a(io.o)
                                 0x91 (size before relaxing)
 *fill*         0x3ffe97ad        0x3 
 .rodata.str1.4
                0x3ffe97b0      0x1d4 build/app_app.a(mqtt.o)
                                0x1d8 (size before relaxing)
 .rodata.str1.4
                0x3ffe9984      0x4af build/app_app.a(http.o)
                                0x4bf (size before relaxing)
 *fill*         0x3ffe9e33        0x1 
 .rodata.str1.4
                0x3ffe9e34       0xd8 build/app_app.a(easygpio.o)
 .rodata.str1.4
                0x3ffe9f0c       0x69 build/app_app.a(wifi.o)
                                 0x79 (size before relaxing)
 *fill*         0x3ffe9f75        0x3 
 .rodata.str1.4
                0x3ffe9f78       0x16 build/app_app.a(flash.o)
 *fill*         0x3ffe9f8e        0x2 
 .rodata.str1.4
                0x3ffe9f90      0x26e build/app_app.a(publish.o)
                                0x286 (size before relaxing)
 *fill*         0x3ffea1fe        0x2 
 .rodata.str1.4
                0x3ffea200       0x4e build/app_app.a(check.o)
 *fill*         0x3ffea24e        0x2 
 .rodata.str1.4
                0x3ffea250       0xd8 build/app_app.a(decodeMessage.o)
                                 0xe8 (size before relaxing)
 .rodata.str1.4
                0x00000000        0x1 build/app_app.a(queue.o)
 .rodata.str1.4
                0x3ffea328       0x63 build/app_app.a(mqtt_msg.o)
 *fill*         0x3ffea38b        0x1 
 .rodata.str1.4
                0x3ffea38c      0x14d build/app_app.a(temperature.o)
                                0x151 (size before relaxing)
 *fill*         0x3ffea4d9        0x3 
 .rodata.str1.4
                0x3ffea4dc       0x6b build/app_app.a(jsmn.o)
                                 0x6f (size before relaxing)
 .rodata.str1.1
                0x3ffea547        0x4 c:/espressif/xtensa-lx106-elf/bin/../lib/gcc/xtensa-lx106-elf/5.1.0/../../../../xtensa-lx106-elf/lib\libc.a(lib_a-tzvars.o)
 .rodata.str1.1
                0x3ffea54b        0x2 c:/espressif/xtensa-lx106-elf/bin/../lib/gcc/xtensa-lx106-elf/5.1.0/../../../../xtensa-lx106-elf/lib\libc.a(lib_a-impure.o)
 *fill*         0x3ffea54d        0x3 
 .rodata.str1.4
                0x3ffea550        0x4 c:/Espressif/ESP8266_SDK_151/lib\libpp.a(lmac.o)
                                  0xc (size before relaxing)
 .rodata.str1.4
                0x3ffea554        0x4 c:/Espressif/ESP8266_SDK_151/lib\libpp.a(pm_for_bcn_only_mode.o)
                                  0xc (size before relaxing)
 .rodata.str1.4
                0x3ffea558        0x8 c:/Espressif/ESP8266_SDK_151/lib\libpp.a(pp.o)
                                 0x10 (size before relaxing)
 .rodata.str1.4
                0x3ffea560        0x4 c:/Espressif/ESP8266_SDK_151/lib\libpp.a(wdev.o)
                                  0xc (size before relaxing)
 .rodata.str1.4
                0x3ffea564        0x3 c:/Espressif/ESP8266_SDK_151/lib\libnet80211.a(ieee80211_hostap.o)
                                  0x8 (size before relaxing)
 *fill*         0x3ffea567        0x1 
 .rodata.str1.4
                0x3ffea568        0x7 c:/Espressif/ESP8266_SDK_151/lib\libnet80211.a(ieee80211_mesh_quick.o)
 .rodata.str1.4
                0x00000000        0x4 c:/Espressif/ESP8266_SDK_151/lib\libnet80211.a(ieee80211_sta.o)
 .rodata.str1.4
                0x00000000        0x4 c:/Espressif/ESP8266_SDK_151/lib\libnet80211.a(ieee80211_action_vendor.o)
 .rodata.str1.4
                0x00000000        0x4 c:/Espressif/ESP8266_SDK_151/lib\libnet80211.a(ieee80211_ie_vendor.o)
 .rodata.str1.4
                0x00000000        0x1 c:/Espressif/ESP8266_SDK_151/lib\liblwip.a(espconn_tcp.o)
 *fill*         0x3ffea56f        0x1 
 .rodata.str1.4
                0x3ffea570        0x5 c:/Espressif/ESP8266_SDK_151/lib\libwpa.a(wpa_debug.o)
                                  0xd (size before relaxing)
 *fill*         0x3ffea575        0x3 
 .rodata.str1.4
                0x3ffea578       0x18 c:/Espressif/ESP8266_SDK_151/lib\libssl.a(espconn_ssl.o)
 .rodata.str1.4
                0x3ffea590      0x150 c:/Espressif/ESP8266_SDK_151/lib\libssl.a(ssl_loader.o)
                                0x151 (size before relaxing)
 .rodata.str1.4
                0x3ffea6e0      0x13a c:/Espressif/ESP8266_SDK_151/lib\libssl.a(ssl_tls1.o)
 *fill*         0x3ffea81a        0x2 
 .rodata.str1.4
                0x3ffea81c       0xec c:/Espressif/ESP8266_SDK_151/lib\libssl.a(ssl_x509.o)
                                 0xf4 (size before relaxing)
 .rodata.str1.4
                0x3ffea908       0x1e c:/Espressif/ESP8266_SDK_151/lib\libssl.a(ssl_crypto_misc.o)
 *fill*         0x3ffea926        0x2 
 .rodata.str1.4
                0x3ffea928       0x20 c:/Espressif/ESP8266_SDK_151/lib\libssl.a(ssl_rsa.o)
 .rodata.str1.4
                0x3ffea948        0xd c:/Espressif/ESP8266_SDK_151/lib\libsmartconfig.a(sc_sniffer.o)
 *fill*         0x3ffea955        0x3 
 .rodata.str1.4
                0x3ffea958        0xd c:/Espressif/ESP8266_SDK_151/lib\libsmartconfig.a(sc_airkiss.o)
 *fill*         0x3ffea965        0x3 
 .rodata.str1.4
                0x3ffea968       0x10 c:/Espressif/ESP8266_SDK_151/lib\libsmartconfig.a(sc_esptouch.o)
                                  0xe (size before relaxing)
 *(.gnu.linkonce.r.*)
 *(.rodata1)
                0x3ffea978                __XT_EXCEPTION_TABLE__ = ABSOLUTE (.)
 *(.xt_except_table)
 *(.gcc_except_table)
 *(.gnu.linkonce.e.*)
 *(.gnu.version_r)
 *(.eh_frame)
 .eh_frame      0x3ffea978       0x38 c:/espressif/xtensa-lx106-elf/bin/../lib/gcc/xtensa-lx106-elf/5.1.0\libgcc.a(_divdi3.o)
 .eh_frame      0x3ffea9b0       0x28 c:/espressif/xtensa-lx106-elf/bin/../lib/gcc/xtensa-lx106-elf/5.1.0\libgcc.a(_udivdi3.o)
                                 0x38 (size before relaxing)
 .eh_frame      0x3ffea9d8       0x2c c:/espressif/xtensa-lx106-elf/bin/../lib/gcc/xtensa-lx106-elf/5.1.0\libgcc.a(_umoddi3.o)
                                 0x3c (size before relaxing)
 *crtbegin.o(.ctors)
 *(EXCLUDE_FILE(*crtend.o) .ctors)
 *(SORT(.ctors.*))
 *(.ctors)
 *crtbegin.o(.dtors)
 *(EXCLUDE_FILE(*crtend.o) .dtors)
 *(SORT(.dtors.*))
 *(.dtors)
                0x3ffeaa04                __XT_EXCEPTION_DESCS__ = ABSOLUTE (.)
 *(.xt_except_desc)
 *(.gnu.linkonce.h.*)
                0x3ffeaa04                __XT_EXCEPTION_DESCS_END__ = ABSOLUTE (.)
 *(.xt_except_desc_end)
 *(.dynamic)
 *(.gnu.version_d)
                0x3ffeaa04                . = ALIGN (0x4)
                0x3ffeaa04                _bss_table_start = ABSOLUTE (.)
                0x3ffeaa04        0x4 LONG 0x3ffeaa10 _bss_start
                0x3ffeaa08        0x4 LONG 0x3fff1480 _bss_end
                0x3ffeaa0c                _bss_table_end = ABSOLUTE (.)
                0x3ffeaa0c                _rodata_end = ABSOLUTE (.)

.bss            0x3ffeaa10     0x6a70
                0x3ffeaa10                . = ALIGN (0x8)
                0x3ffeaa10                _bss_start = ABSOLUTE (.)
 *(.dynsbss)
 *(.sbss)
 *(.sbss.*)
 *(.gnu.linkonce.sb.*)
 *(.scommon)
 *(.sbss2)
 *(.sbss2.*)
 *(.gnu.linkonce.sb2.*)
 *(.dynbss)
 *(.bss)
 .bss           0x3ffeaa10        0x0 c:/Espressif/ESP8266_SDK_151/lib\libmain.a(debug-vector.o)
 .bss           0x3ffeaa10        0x0 c:/Espressif/ESP8266_SDK_151/lib\libmain.a(double-vector.o)
 .bss           0x3ffeaa10        0x0 c:/Espressif/ESP8266_SDK_151/lib\libmain.a(kernel-vector.o)
 .bss           0x3ffeaa10      0x1c0 c:/Espressif/ESP8266_SDK_151/lib\libmain.a(nmi-vector.o)
 .bss           0x3ffeabd0        0x0 c:/Espressif/ESP8266_SDK_151/lib\libmain.a(user-vector.o)
 .bss           0x3ffeabd0        0x0 c:/Espressif/ESP8266_SDK_151/lib\libmain.a(vector.o)
 .bss           0x3ffeabd0       0x41 c:/Espressif/ESP8266_SDK_151/lib\libmain.a(app_main.o)
                0x3ffeabd4                info
                0x3ffeabf8                lwip_timer_interval
                0x3ffeabfc                check_timeouts_timer
                0x3ffeac10                user_init_flag
 *fill*         0x3ffeac11        0xf 
 .bss           0x3ffeac20       0x30 c:/Espressif/ESP8266_SDK_151/lib\libmain.a(ets_timer.o)
                0x3ffeac20                timer_list
                0x3ffeac24                debug_timer
                0x3ffeac28                debug_timerfn
 .bss           0x3ffeac50       0x3c c:/Espressif/ESP8266_SDK_151/lib\libmain.a(mem_manager.o)
 .bss           0x3ffeac8c        0x4 c:/Espressif/ESP8266_SDK_151/lib\libmain.a(spi_flash.o)
                0x3ffeac8c                flash_read
 .bss           0x3ffeac90      0x242 c:/Espressif/ESP8266_SDK_151/lib\libmain.a(user_interface.o)
                0x3ffead87                deep_sleep_flag
                0x3ffead88                cpu_overclock
                0x3ffead8c                event_cb
                0x3ffead90                status_led_output_level
                0x3ffead94                done_cb
                0x3ffead98                rst_if
                0x3ffeadb4                default_interface
                0x3ffeadb5                OpmodChgIsOnGoing
                0x3ffeadb8                promiscuous_cb
                0x3ffeadd0                event_TaskQueue
 .bss           0x3ffeaed2        0x0 c:/Espressif/ESP8266_SDK_151/lib\libmain.a(eagle_lib.o)
 *fill*         0x3ffeaed2        0x2 
 .bss           0x3ffeaed4        0xc c:/Espressif/ESP8266_SDK_151/lib\libmain.a(eagle_lwip_if.o)
                0x3ffeaed4                hostname
 .bss           0x3ffeaee0       0x2c build/app_app.a(user_main.o)
 .bss           0x3ffeaf0c        0x0 build/app_app.a(config.o)
 .bss           0x3ffeaf0c       0x54 build/app_app.a(io.o)
                0x3ffeaf0c                oldPIRstatus
                0x3ffeaf10                pirStatus
 .bss           0x3ffeaf60        0x8 build/app_app.a(mqtt.o)
                0x3ffeaf60                default_private_key_len
                0x3ffeaf64                default_certificate_len
 .bss           0x3ffeaf68       0x98 build/app_app.a(dht22.o)
 .bss           0x3ffeb000       0x24 build/app_app.a(switch.o)
 .bss           0x3ffeb024       0x58 build/app_app.a(http.o)
                0x3ffeb024                httpSetupMode
 .bss           0x3ffeb07c        0x0 build/app_app.a(easygpio.o)
 .bss           0x3ffeb07c       0x42 build/app_app.a(wifi.o)
                0x3ffeb07c                wifiCb
 *fill*         0x3ffeb0be        0x2 
 .bss           0x3ffeb0c0       0x24 build/app_app.a(flash.o)
 .bss           0x3ffeb0e4        0x1 build/app_app.a(doSmartConfig.o)
 *fill*         0x3ffeb0e5        0x3 
 .bss           0x3ffeb0e8        0x4 build/app_app.a(publish.o)
 .bss           0x3ffeb0ec        0x0 build/app_app.a(stdout.o)
 .bss           0x3ffeb0ec        0x0 build/app_app.a(check.o)
 .bss           0x3ffeb0ec        0x0 build/app_app.a(decodeMessage.o)
 .bss           0x3ffeb0ec        0x0 build/app_app.a(utils.o)
 .bss           0x3ffeb0ec        0x0 build/app_app.a(queue.o)
 .bss           0x3ffeb0ec        0x0 build/app_app.a(mqtt_msg.o)
 .bss           0x3ffeb0ec        0x0 build/app_app.a(ringbuf.o)
 .bss           0x3ffeb0ec       0x60 build/app_app.a(temperature.o)
 .bss           0x3ffeb14c        0xc build/app_app.a(ds18b20.o)
 .bss           0x3ffeb158        0x0 build/app_app.a(jsmn.o)
 .bss           0x3ffeb158        0x0 build/app_app.a(dtoa.o)
 .bss           0x3ffeb158        0x0 build/app_app.a(proto.o)
 .bss           0x3ffeb158        0x0 c:/espressif/xtensa-lx106-elf/bin/../lib/gcc/xtensa-lx106-elf/5.1.0/../../../../xtensa-lx106-elf/lib\libc.a(lib_a-atoi.o)
 .bss           0x3ffeb158        0x0 c:/espressif/xtensa-lx106-elf/bin/../lib/gcc/xtensa-lx106-elf/5.1.0/../../../../xtensa-lx106-elf/lib\libc.a(lib_a-lcltime.o)
 .bss           0x3ffeb158        0x0 c:/espressif/xtensa-lx106-elf/bin/../lib/gcc/xtensa-lx106-elf/5.1.0/../../../../xtensa-lx106-elf/lib\libc.a(lib_a-lcltime_r.o)
 .bss           0x3ffeb158        0x0 c:/espressif/xtensa-lx106-elf/bin/../lib/gcc/xtensa-lx106-elf/5.1.0/../../../../xtensa-lx106-elf/lib\libc.a(lib_a-memset.o)
 .bss           0x3ffeb158        0x0 c:/espressif/xtensa-lx106-elf/bin/../lib/gcc/xtensa-lx106-elf/5.1.0/../../../../xtensa-lx106-elf/lib\libc.a(lib_a-mktm_r.o)
 .bss           0x3ffeb158        0x0 c:/espressif/xtensa-lx106-elf/bin/../lib/gcc/xtensa-lx106-elf/5.1.0/../../../../xtensa-lx106-elf/lib\libc.a(lib_a-strcmp.o)
 .bss           0x3ffeb158        0x0 c:/espressif/xtensa-lx106-elf/bin/../lib/gcc/xtensa-lx106-elf/5.1.0/../../../../xtensa-lx106-elf/lib\libc.a(lib_a-strlen.o)
 .bss           0x3ffeb158        0x0 c:/espressif/xtensa-lx106-elf/bin/../lib/gcc/xtensa-lx106-elf/5.1.0/../../../../xtensa-lx106-elf/lib\libc.a(lib_a-strncmp.o)
 .bss           0x3ffeb158        0x0 c:/espressif/xtensa-lx106-elf/bin/../lib/gcc/xtensa-lx106-elf/5.1.0/../../../../xtensa-lx106-elf/lib\libc.a(lib_a-strtol.o)
 .bss           0x3ffeb158        0x0 c:/espressif/xtensa-lx106-elf/bin/../lib/gcc/xtensa-lx106-elf/5.1.0/../../../../xtensa-lx106-elf/lib\libc.a(lib_a-tzlock.o)
 .bss           0x3ffeb158        0x8 c:/espressif/xtensa-lx106-elf/bin/../lib/gcc/xtensa-lx106-elf/5.1.0/../../../../xtensa-lx106-elf/lib\libc.a(lib_a-tzvars.o)
                0x3ffeb158                _timezone
                0x3ffeb15c                _daylight
 .bss           0x3ffeb160        0x0 c:/espressif/xtensa-lx106-elf/bin/../lib/gcc/xtensa-lx106-elf/5.1.0/../../../../xtensa-lx106-elf/lib\libc.a(lib_a-ctype_.o)
 .bss           0x3ffeb160        0x0 c:/espressif/xtensa-lx106-elf/bin/../lib/gcc/xtensa-lx106-elf/5.1.0/../../../../xtensa-lx106-elf/lib\libc.a(lib_a-gettzinfo.o)
 .bss           0x3ffeb160        0x0 c:/espressif/xtensa-lx106-elf/bin/../lib/gcc/xtensa-lx106-elf/5.1.0/../../../../xtensa-lx106-elf/lib\libc.a(lib_a-impure.o)
 .bss           0x3ffeb160        0x0 c:/espressif/xtensa-lx106-elf/bin/../lib/gcc/xtensa-lx106-elf/5.1.0\libgcc.a(_divsi3.o)
 .bss           0x3ffeb160        0x0 c:/espressif/xtensa-lx106-elf/bin/../lib/gcc/xtensa-lx106-elf/5.1.0\libgcc.a(_modsi3.o)
 .bss           0x3ffeb160        0x0 c:/espressif/xtensa-lx106-elf/bin/../lib/gcc/xtensa-lx106-elf/5.1.0\libgcc.a(_udivsi3.o)
 .bss           0x3ffeb160        0x0 c:/espressif/xtensa-lx106-elf/bin/../lib/gcc/xtensa-lx106-elf/5.1.0\libgcc.a(_umodsi3.o)
 .bss           0x3ffeb160        0x0 c:/espressif/xtensa-lx106-elf/bin/../lib/gcc/xtensa-lx106-elf/5.1.0\libgcc.a(_addsubsf3.o)
 .bss           0x3ffeb160        0x0 c:/espressif/xtensa-lx106-elf/bin/../lib/gcc/xtensa-lx106-elf/5.1.0\libgcc.a(_mulsf3.o)
 .bss           0x3ffeb160        0x0 c:/espressif/xtensa-lx106-elf/bin/../lib/gcc/xtensa-lx106-elf/5.1.0\libgcc.a(_divsf3.o)
 .bss           0x3ffeb160        0x0 c:/espressif/xtensa-lx106-elf/bin/../lib/gcc/xtensa-lx106-elf/5.1.0\libgcc.a(_cmpsf2.o)
 .bss           0x3ffeb160        0x0 c:/espressif/xtensa-lx106-elf/bin/../lib/gcc/xtensa-lx106-elf/5.1.0\libgcc.a(_fixsfsi.o)
 .bss           0x3ffeb160        0x0 c:/espressif/xtensa-lx106-elf/bin/../lib/gcc/xtensa-lx106-elf/5.1.0\libgcc.a(_floatsisf.o)
 .bss           0x3ffeb160        0x0 c:/espressif/xtensa-lx106-elf/bin/../lib/gcc/xtensa-lx106-elf/5.1.0\libgcc.a(_addsubdf3.o)
 .bss           0x3ffeb160        0x0 c:/espressif/xtensa-lx106-elf/bin/../lib/gcc/xtensa-lx106-elf/5.1.0\libgcc.a(_muldf3.o)
 .bss           0x3ffeb160        0x0 c:/espressif/xtensa-lx106-elf/bin/../lib/gcc/xtensa-lx106-elf/5.1.0\libgcc.a(_divdf3.o)
 .bss           0x3ffeb160        0x0 c:/espressif/xtensa-lx106-elf/bin/../lib/gcc/xtensa-lx106-elf/5.1.0\libgcc.a(_cmpdf2.o)
 .bss           0x3ffeb160        0x0 c:/espressif/xtensa-lx106-elf/bin/../lib/gcc/xtensa-lx106-elf/5.1.0\libgcc.a(_fixunsdfsi.o)
 .bss           0x3ffeb160        0x0 c:/espressif/xtensa-lx106-elf/bin/../lib/gcc/xtensa-lx106-elf/5.1.0\libgcc.a(_floatsidf.o)
 .bss           0x3ffeb160        0x0 c:/espressif/xtensa-lx106-elf/bin/../lib/gcc/xtensa-lx106-elf/5.1.0\libgcc.a(_muldi3.o)
 .bss           0x3ffeb160        0x0 c:/espressif/xtensa-lx106-elf/bin/../lib/gcc/xtensa-lx106-elf/5.1.0\libgcc.a(_umulsidi3.o)
 .bss           0x3ffeb160        0x0 c:/espressif/xtensa-lx106-elf/bin/../lib/gcc/xtensa-lx106-elf/5.1.0/../../../../xtensa-lx106-elf/lib\libhal.a(int_asm--set_intclear.o)
 .bss           0x3ffeb160        0x4 c:/Espressif/ESP8266_SDK_151/lib\libphy.a(phy.o)
 .bss           0x3ffeb164        0x2 c:/Espressif/ESP8266_SDK_151/lib\libphy.a(phy_chip_v6_ana.o)
                0x3ffeb164                tout_dis_txpwr_track
                0x3ffeb165                sleep_mode_flag
 *fill*         0x3ffeb166        0x2 
 .bss           0x3ffeb168      0x160 c:/Espressif/ESP8266_SDK_151/lib\libphy.a(phy_chip_v6.o)
                0x3ffeb168                g_phyFuns
                0x3ffeb16c                rxiq_compute_num
                0x3ffeb170                rx_table_renew_en
                0x3ffeb174                check_result
                0x3ffeb178                chip6_sleep_params
                0x3ffeb20c                chip6_phy_init_ctrl
                0x3ffeb280                phy_freq_offset
                0x3ffeb282                do_pwctrl_flag
                0x3ffeb283                pwctrl_debug
                0x3ffeb284                txbk_dpdby_flag
                0x3ffeb286                sw_scan_mode
                0x3ffeb287                rxmax_ext_level
                0x3ffeb288                phy_rx_gain_dc_table
                0x3ffeb29c                periodic_cal_dc_num
                0x3ffeb2a0                periodic_cal_flag
                0x3ffeb2a1                bbpll_cal_flag
                0x3ffeb2a2                phy_in_most_power
                0x3ffeb2a3                init_rf_no_cal
                0x3ffeb2a4                test_print_time
                0x3ffeb2a8                phy_rx_gain_dc_flag
                0x3ffeb2a9                phy_in_vdd33_offset
                0x3ffeb2aa                phy_set_most_tpw_disbg
                0x3ffeb2ab                phy_set_most_tpw_index
                0x3ffeb2ac                adc_rand_noise
                0x3ffeb2b0                dpd_bypass_original
                0x3ffeb2b8                noise_array
 .bss           0x3ffeb2c8        0x8 c:/Espressif/ESP8266_SDK_151/lib\libphy.a(phy_chip_v6_cal.o)
                0x3ffeb2c8                phy_tx_power_out
                0x3ffeb2ca                loop_pwctrl_pwdet_error_accum_high_power
                0x3ffeb2cc                tx_pwctrl_pk_num
                0x3ffeb2cd                tx_pwctrl_track_num
                0x3ffeb2ce                loop_pwctrl_correct_atten_high_power
                0x3ffeb2cf                rxiq_cover_fail_num
 .bss           0x3ffeb2d0        0x0 c:/Espressif/ESP8266_SDK_151/lib\libphy.a(phy_chip_v6_unused.o)
 .bss           0x3ffeb2d0        0x7 c:/Espressif/ESP8266_SDK_151/lib\libphy.a(phy_sleep.o)
                0x3ffeb2d0                periodic_cal_sat
                0x3ffeb2d2                lslp_mem_opt_8266
                0x3ffeb2d4                software_slp_reject
                0x3ffeb2d5                SDIO_slp_reject
                0x3ffeb2d6                hardware_reject
 *fill*         0x3ffeb2d7        0x9 
 .bss           0x3ffeb2e0       0x40 c:/Espressif/ESP8266_SDK_151/lib\libpp.a(if_hwctrl.o)
                0x3ffeb2e0                interface_mask
                0x3ffeb300                if_ctrl
 .bss           0x3ffeb320      0x150 c:/Espressif/ESP8266_SDK_151/lib\libpp.a(lmac.o)
                0x3ffeb324                lmacConfMib
                0x3ffeb348                our_tx_eb
 .bss           0x3ffeb470      0x11a c:/Espressif/ESP8266_SDK_151/lib\libpp.a(pm.o)
                0x3ffeb470                pmc
                0x3ffeb550                flash_tmp
 *fill*         0x3ffeb58a        0x2 
 .bss           0x3ffeb58c       0x34 c:/Espressif/ESP8266_SDK_151/lib\libpp.a(pm_for_bcn_only_mode.o)
 .bss           0x3ffeb5c0      0x322 c:/Espressif/ESP8266_SDK_151/lib\libpp.a(pp.o)
                0x3ffeb5d8                pend_flag_noise_check
                0x3ffeb5e0                pend_flag_periodic_cal
                0x3ffeb5f8                idle_timer_reopen_flag
                0x3ffeb5fa                dbg_stop_sw_wdt
                0x3ffeb5fb                dbg_stop_hw_wdt
                0x3ffeb5fd                total_buffed_eb_num
                0x3ffeb600                HighestFreqOffsetInOneChk
                0x3ffeb602                LowestFreqOffsetInOneChk
                0x3ffeb604                DefFreqCalTimer
                0x3ffeb618                PktNumInOneChk
                0x3ffeb7a0                buffed_eb_arr
 *fill*         0x3ffeb8e2        0xe 
 .bss           0x3ffeb8f0      0x100 c:/Espressif/ESP8266_SDK_151/lib\libpp.a(rate_control.o)
 .bss           0x3ffeb9f0      0x46c c:/Espressif/ESP8266_SDK_151/lib\libpp.a(trc.o)
 *fill*         0x3ffebe5c        0x4 
 .bss           0x3ffebe60     0x2f88 c:/Espressif/ESP8266_SDK_151/lib\libpp.a(wdev.o)
                0x3ffebe60                wDevCtrl
                0x3ffec008                WdevTimOffSet
 *fill*         0x3ffeede8        0x8 
 .bss           0x3ffeedf0      0xaa4 c:/Espressif/ESP8266_SDK_151/lib\libpp.a(esf_buf.o)
 .bss           0x3ffef894      0x67c c:/Espressif/ESP8266_SDK_151/lib\libnet80211.a(ieee80211.o)
                0x3ffef894                g_ic
 .bss           0x3ffeff10        0x0 c:/Espressif/ESP8266_SDK_151/lib\libnet80211.a(ieee80211_crypto.o)
 .bss           0x3ffeff10        0x0 c:/Espressif/ESP8266_SDK_151/lib\libnet80211.a(ieee80211_ets.o)
 .bss           0x3ffeff10       0x56 c:/Espressif/ESP8266_SDK_151/lib\libnet80211.a(ieee80211_hostap.o)
                0x3ffeff10                BcnEb_update
                0x3ffeff1d                BcnWithMcastSendStart
                0x3ffeff1e                BcnWithMcastSendCnt
                0x3ffeff38                PendFreeBcnEb
                0x3ffeff3c                ApFreqCalTimer
                0x3ffeff50                APRecvBcnStartTick
 .bss           0x3ffeff66        0x0 c:/Espressif/ESP8266_SDK_151/lib\libnet80211.a(ieee80211_ht.o)
 .bss           0x3ffeff66        0x0 c:/Espressif/ESP8266_SDK_151/lib\libnet80211.a(ieee80211_input.o)
 .bss           0x3ffeff66        0x0 c:/Espressif/ESP8266_SDK_151/lib\libnet80211.a(ieee80211_mesh_quick.o)
 .bss           0x3ffeff66        0x0 c:/Espressif/ESP8266_SDK_151/lib\libnet80211.a(ieee80211_output.o)
 .bss           0x3ffeff66        0x0 c:/Espressif/ESP8266_SDK_151/lib\libnet80211.a(ieee80211_phy.o)
 .bss           0x3ffeff66        0x0 c:/Espressif/ESP8266_SDK_151/lib\libnet80211.a(ieee80211_power.o)
 .bss           0x3ffeff66        0x0 c:/Espressif/ESP8266_SDK_151/lib\libnet80211.a(ieee80211_proto.o)
 .bss           0x3ffeff66        0x0 c:/Espressif/ESP8266_SDK_151/lib\libnet80211.a(ieee80211_rfid.o)
 *fill*         0x3ffeff66        0x2 
 .bss           0x3ffeff68       0xc8 c:/Espressif/ESP8266_SDK_151/lib\libnet80211.a(ieee80211_scan.o)
                0x3ffeff68                gScanStruct
                0x3fff0014                connect_scan_flag
                0x3fff0015                FreqCalCntForScan
                0x3fff0016                TestStaFreqCalValInput
                0x3fff0018                auth_type
                0x3fff001a                scannum
 .bss           0x3fff0030       0x10 c:/Espressif/ESP8266_SDK_151/lib\libnet80211.a(ieee80211_sta.o)
 .bss           0x3fff0040       0x3c c:/Espressif/ESP8266_SDK_151/lib\libnet80211.a(wl_chm.o)
 *fill*         0x3fff007c        0x4 
 .bss           0x3fff0080      0x37a c:/Espressif/ESP8266_SDK_151/lib\libnet80211.a(wl_cnx.o)
                0x3fff03e0                sta_con_timer
                0x3fff03f4                g_cnx_probe_rc_list_cb
                0x3fff03f8                reconnect_flag
                0x3fff03f9                no_ap_found_index
 .bss           0x3fff03fa        0x0 c:/Espressif/ESP8266_SDK_151/lib\libnet80211.a(ieee80211_action.o)
 *fill*         0x3fff03fa        0x2 
 .bss           0x3fff03fc       0x10 c:/Espressif/ESP8266_SDK_151/lib\libnet80211.a(ieee80211_action_vendor.o)
 .bss           0x3fff040c        0x0 c:/Espressif/ESP8266_SDK_151/lib\libnet80211.a(ieee80211_crypto_ccmp.o)
 .bss           0x3fff040c        0x0 c:/Espressif/ESP8266_SDK_151/lib\libnet80211.a(ieee80211_ie_vendor.o)
 *fill*         0x3fff040c        0x4 
 .bss           0x3fff0410       0x38 c:/Espressif/ESP8266_SDK_151/lib\liblwip.a(dhcp.o)
                0x3fff0410                dhcp_rx_options_given
                0x3fff0420                dhcp_rx_options_val
 .bss           0x3fff0448       0x28 c:/Espressif/ESP8266_SDK_151/lib\liblwip.a(dhcpserver.o)
 .bss           0x3fff0470      0x480 c:/Espressif/ESP8266_SDK_151/lib\liblwip.a(dns.o)
 .bss           0x3fff08f0      0x104 c:/Espressif/ESP8266_SDK_151/lib\liblwip.a(espconn.o)
                0x3fff08f0                plink_active
                0x3fff08f4                pserver_list
                0x3fff0900                premot
                0x3fff09c0                pktinfo
 *fill*         0x3fff09f4        0xc 
 .bss           0x3fff0a00       0x78 c:/Espressif/ESP8266_SDK_151/lib\liblwip.a(espconn_tcp.o)
                0x3fff0a00                espconn_TaskQueue
 .bss           0x3fff0a78        0x0 c:/Espressif/ESP8266_SDK_151/lib\liblwip.a(espconn_udp.o)
 *fill*         0x3fff0a78        0x8 
 .bss           0x3fff0a80      0x100 c:/Espressif/ESP8266_SDK_151/lib\liblwip.a(etharp.o)
                0x3fff0a84                ethzero
 .bss           0x3fff0b80        0xc c:/Espressif/ESP8266_SDK_151/lib\liblwip.a(igmp.o)
 .bss           0x3fff0b8c        0x0 c:/Espressif/ESP8266_SDK_151/lib\liblwip.a(inet_chksum.o)
 .bss           0x3fff0b8c        0x0 c:/Espressif/ESP8266_SDK_151/lib\liblwip.a(init.o)
 *fill*         0x3fff0b8c        0x4 
 .bss           0x3fff0b90       0x10 c:/Espressif/ESP8266_SDK_151/lib\liblwip.a(ip_addr.o)
 .bss           0x3fff0ba0       0x12 c:/Espressif/ESP8266_SDK_151/lib\liblwip.a(ip.o)
                0x3fff0ba0                current_iphdr_dest
                0x3fff0ba4                current_iphdr_src
                0x3fff0ba8                current_netif
                0x3fff0bac                current_header
 .bss           0x3fff0bb2        0x0 c:/Espressif/ESP8266_SDK_151/lib\liblwip.a(memp.o)
 *fill*         0x3fff0bb2        0x2 
 .bss           0x3fff0bb4        0x9 c:/Espressif/ESP8266_SDK_151/lib\liblwip.a(netif.o)
                0x3fff0bb4                netif_list
                0x3fff0bb8                netif_default
 .bss           0x3fff0bbd        0x0 c:/Espressif/ESP8266_SDK_151/lib\liblwip.a(pbuf.o)
 *fill*         0x3fff0bbd        0x3 
 .bss           0x3fff0bc0        0x4 c:/Espressif/ESP8266_SDK_151/lib\liblwip.a(raw.o)
 .bss           0x3fff0bc4       0x34 c:/Espressif/ESP8266_SDK_151/lib\liblwip.a(tcp_in.o)
                0x3fff0bf4                tcp_input_pcb
 .bss           0x3fff0bf8       0x1c c:/Espressif/ESP8266_SDK_151/lib\liblwip.a(tcp.o)
                0x3fff0bfc                tcp_active_pcbs
                0x3fff0c00                tcp_tmp_pcb
                0x3fff0c04                tcp_tw_pcbs
                0x3fff0c08                tcp_bound_pcbs
                0x3fff0c0c                tcp_listen_pcbs
                0x3fff0c10                tcp_ticks
 .bss           0x3fff0c14        0x0 c:/Espressif/ESP8266_SDK_151/lib\liblwip.a(tcp_out.o)
 .bss           0x3fff0c14        0xc c:/Espressif/ESP8266_SDK_151/lib\liblwip.a(timers.o)
 .bss           0x3fff0c20        0x4 c:/Espressif/ESP8266_SDK_151/lib\liblwip.a(udp.o)
                0x3fff0c20                udp_pcbs
 .bss           0x3fff0c24        0x0 c:/Espressif/ESP8266_SDK_151/lib\liblwip.a(icmp.o)
 .bss           0x3fff0c24        0x0 c:/Espressif/ESP8266_SDK_151/lib\libwpa.a(ap_config.o)
 .bss           0x3fff0c24        0x0 c:/Espressif/ESP8266_SDK_151/lib\libwpa.a(common.o)
 .bss           0x3fff0c24        0x0 c:/Espressif/ESP8266_SDK_151/lib\libwpa.a(os_xtensa.o)
 .bss           0x3fff0c24        0x0 c:/Espressif/ESP8266_SDK_151/lib\libwpa.a(wpa_auth.o)
 .bss           0x3fff0c24        0x0 c:/Espressif/ESP8266_SDK_151/lib\libwpa.a(wpa_auth_ie.o)
 *fill*         0x3fff0c24        0xc 
 .bss           0x3fff0c30      0x26a c:/Espressif/ESP8266_SDK_151/lib\libwpa.a(wpa.o)
 .bss           0x3fff0e9a        0x0 c:/Espressif/ESP8266_SDK_151/lib\libwpa.a(wpa_common.o)
 .bss           0x3fff0e9a        0x0 c:/Espressif/ESP8266_SDK_151/lib\libwpa.a(wpa_debug.o)
 .bss           0x3fff0e9a        0x0 c:/Espressif/ESP8266_SDK_151/lib\libwpa.a(wpa_ie.o)
 .bss           0x3fff0e9a        0x0 c:/Espressif/ESP8266_SDK_151/lib\libwpa.a(wpa_main.o)
 .bss           0x3fff0e9a        0x0 c:/Espressif/ESP8266_SDK_151/lib\libwpa.a(wpas_glue.o)
 *fill*         0x3fff0e9a        0x2 
 .bss           0x3fff0e9c       0x10 c:/Espressif/ESP8266_SDK_151/lib\libssl.a(espconn_secure.o)
                0x3fff0e9c                def_certificate
                0x3fff0ea0                def_certificate_len
                0x3fff0ea4                def_private_key
                0x3fff0ea8                def_private_key_len
 *fill*         0x3fff0eac        0x4 
 .bss           0x3fff0eb0       0x88 c:/Espressif/ESP8266_SDK_151/lib\libssl.a(espconn_ssl.o)
                0x3fff0eb0                pfile_param
                0x3fff0eb8                plink_server
 .bss           0x3fff0f38        0x0 c:/Espressif/ESP8266_SDK_151/lib\libssl.a(ssl_loader.o)
 .bss           0x3fff0f38        0x0 c:/Espressif/ESP8266_SDK_151/lib\libssl.a(ssl_md5.o)
 .bss           0x3fff0f38        0x0 c:/Espressif/ESP8266_SDK_151/lib\libssl.a(ssl_tls1_clnt.o)
 .bss           0x3fff0f38        0x4 c:/Espressif/ESP8266_SDK_151/lib\libssl.a(ssl_tls1.o)
 .bss           0x3fff0f3c        0x0 c:/Espressif/ESP8266_SDK_151/lib\libssl.a(ssl_tls1_svr.o)
 .bss           0x3fff0f3c        0x0 c:/Espressif/ESP8266_SDK_151/lib\libssl.a(ssl_x509.o)
 .bss           0x3fff0f3c        0x0 c:/Espressif/ESP8266_SDK_151/lib\libssl.a(sha256.o)
 .bss           0x3fff0f3c        0x0 c:/Espressif/ESP8266_SDK_151/lib\libssl.a(sha384.o)
 .bss           0x3fff0f3c        0x0 c:/Espressif/ESP8266_SDK_151/lib\libssl.a(sha512.o)
 .bss           0x3fff0f3c        0x0 c:/Espressif/ESP8266_SDK_151/lib\libssl.a(ssl_aes.o)
 .bss           0x3fff0f3c        0x0 c:/Espressif/ESP8266_SDK_151/lib\libssl.a(ssl_asn1.o)
 .bss           0x3fff0f3c        0x0 c:/Espressif/ESP8266_SDK_151/lib\libssl.a(ssl_bigint.o)
 .bss           0x3fff0f3c        0x8 c:/Espressif/ESP8266_SDK_151/lib\libssl.a(ssl_crypto_misc.o)
                0x3fff0f3c                hex_finish
                0x3fff0f40                hex_index
 .bss           0x3fff0f44        0x0 c:/Espressif/ESP8266_SDK_151/lib\libssl.a(ssl_hmac.o)
 .bss           0x3fff0f44        0x0 c:/Espressif/ESP8266_SDK_151/lib\libssl.a(ssl_os_port.o)
 .bss           0x3fff0f44        0x0 c:/Espressif/ESP8266_SDK_151/lib\libssl.a(ssl_rc4.o)
 .bss           0x3fff0f44        0x0 c:/Espressif/ESP8266_SDK_151/lib\libssl.a(ssl_rsa.o)
 .bss           0x3fff0f44        0x0 c:/Espressif/ESP8266_SDK_151/lib\libssl.a(ssl_sha1.o)
 .bss           0x3fff0f44       0x30 c:/Espressif/ESP8266_SDK_151/lib\libsmartconfig.a(sc_sniffer.o)
                0x3fff0f44                pAPListHead
                0x3fff0f48                pAPListTral
                0x3fff0f4c                smartconfig_cb
                0x3fff0f50                SnifGlob
                0x3fff0f60                channel_timer
 .bss           0x3fff0f74       0xcc c:/Espressif/ESP8266_SDK_151/lib\libsmartconfig.a(sc_airkiss.o)
                0x3fff0f74                pAKGuideGlob
                0x3fff0f78                p_kiss
                0x3fff0f7c                p_kiss_ht40
                0x3fff0f80                KissRes_ht20_timer
                0x3fff0ffc                KissRes_ht40_timer
                0x3fff1010                pKissConn
                0x3fff102c                weixin_timer
 .bss           0x3fff1040       0xd4 c:/Espressif/ESP8266_SDK_151/lib\libsmartconfig.a(sc_esptouch.o)
                0x3fff1040                pETGuideGlob
                0x3fff1044                pCHListHead
                0x3fff1048                pCHListTral
                0x3fff104c                pTouchGlob
                0x3fff1050                TouchRestart_ht20_timer
                0x3fff10cc                TouchRestart_ht40_timer
                0x3fff10e0                pTouchConn
                0x3fff10fc                TouchUdpTimer
 .bss           0x3fff1114        0x0 c:/Espressif/ESP8266_SDK_151/lib\libcrypto.a(aes-wrap.o)
 .bss           0x3fff1114        0x0 c:/Espressif/ESP8266_SDK_151/lib\libcrypto.a(aes-internal-enc.o)
 .bss           0x3fff1114        0x0 c:/Espressif/ESP8266_SDK_151/lib\libcrypto.a(aes-internal.o)
 .bss           0x3fff1114        0x0 c:/espressif/xtensa-lx106-elf/bin/../lib/gcc/xtensa-lx106-elf/5.1.0/../../../../xtensa-lx106-elf/lib\libc.a(lib_a-memcmp.o)
 .bss           0x3fff1114        0x0 c:/espressif/xtensa-lx106-elf/bin/../lib/gcc/xtensa-lx106-elf/5.1.0/../../../../xtensa-lx106-elf/lib\libc.a(lib_a-memcpy.o)
 .bss           0x3fff1114        0x0 c:/espressif/xtensa-lx106-elf/bin/../lib/gcc/xtensa-lx106-elf/5.1.0\libgcc.a(_ashrdi3.o)
 .bss           0x3fff1114        0x0 c:/espressif/xtensa-lx106-elf/bin/../lib/gcc/xtensa-lx106-elf/5.1.0\libgcc.a(_fixunssfsi.o)
 .bss           0x3fff1114        0x0 c:/espressif/xtensa-lx106-elf/bin/../lib/gcc/xtensa-lx106-elf/5.1.0\libgcc.a(_fixdfsi.o)
 .bss           0x3fff1114        0x0 c:/espressif/xtensa-lx106-elf/bin/../lib/gcc/xtensa-lx106-elf/5.1.0\libgcc.a(_truncdfsf2.o)
 .bss           0x3fff1114        0x0 c:/espressif/xtensa-lx106-elf/bin/../lib/gcc/xtensa-lx106-elf/5.1.0\libgcc.a(_divdi3.o)
 .bss           0x3fff1114        0x0 c:/espressif/xtensa-lx106-elf/bin/../lib/gcc/xtensa-lx106-elf/5.1.0\libgcc.a(_udivdi3.o)
 .bss           0x3fff1114        0x0 c:/espressif/xtensa-lx106-elf/bin/../lib/gcc/xtensa-lx106-elf/5.1.0\libgcc.a(_umoddi3.o)
 *fill*         0x3fff1114        0x4 
 .bss           0x3fff1118        0x8 c:/Espressif/ESP8266_SDK_151/lib\libnet80211.a(ieee80211_crypto_tkip.o)
 .bss           0x3fff1120        0x0 c:/Espressif/ESP8266_SDK_151/lib\libnet80211.a(ieee80211_crypto_wep.o)
 *(.bss.*)
 *(.gnu.linkonce.b.*)
 *(COMMON)
 COMMON         0x3fff1120      0x19c build/app_app.a(user_main.o)
                0x3fff1120                savedLastAction
                0x3fff1124                taskQueue
                0x3fff11c4                mqttClient
                0x3fff1290                mqttConnected
                0x3fff1294                date_timer
                0x3fff12a8                transmit_timer
 COMMON         0x3fff12bc      0x1b4 build/app_app.a(config.o)
                0x3fff12bc                sysCfg
                0x3fff146c                saveFlag
 COMMON         0x3fff1470       0x10 build/app_app.a(mqtt.o)
                0x3fff1470                default_private_key
                0x3fff1474                default_certificate
                0x3fff1478                mqtt_procTaskQueue
                0x3fff1480                . = ALIGN (0x8)
                0x3fff1480                _bss_end = ABSOLUTE (.)
                0x3fff1480                _heap_start = ABSOLUTE (.)

.text           0x40100000     0x7acc
                0x40100000                _stext = .
                0x40100000                _text_start = ABSOLUTE (.)
 *(.UserEnter.text)
 .UserEnter.text
                0x40100000        0xd c:/Espressif/ESP8266_SDK_151/lib\libmain.a(vector.o)
                                 0x14 (size before relaxing)
                0x40100004                call_user_start
                0x40100010                . = ALIGN (0x10)
 *fill*         0x4010000d        0x3 
 *(.DebugExceptionVector.text)
 .DebugExceptionVector.text
                0x40100010        0x6 c:/Espressif/ESP8266_SDK_151/lib\libmain.a(debug-vector.o)
                0x40100010                _DebugExceptionVector
                0x40100020                . = ALIGN (0x10)
 *fill*         0x40100016        0xa 
 *(.NMIExceptionVector.text)
 .NMIExceptionVector.text
                0x40100020        0x6 c:/Espressif/ESP8266_SDK_151/lib\libmain.a(nmi-vector.o)
                                  0xd (size before relaxing)
                0x40100020                _NMIExceptionVector
                0x40100030                . = ALIGN (0x10)
 *fill*         0x40100026        0xa 
 *(.KernelExceptionVector.text)
 .KernelExceptionVector.text
                0x40100030        0x6 c:/Espressif/ESP8266_SDK_151/lib\libmain.a(kernel-vector.o)
                0x40100030                _KernelExceptionVector
                0x40100036        0x4 LONG 0x0
                0x4010003a        0x4 LONG 0x0
                0x4010003e        0x4 LONG 0x0
                0x40100042        0x4 LONG 0x0
                0x40100050                . = ALIGN (0x10)
 *fill*         0x40100046        0xa 
 *(.UserExceptionVector.text)
 .UserExceptionVector.text
                0x40100050        0x6 c:/Espressif/ESP8266_SDK_151/lib\libmain.a(user-vector.o)
                                  0xd (size before relaxing)
                0x40100050                _UserExceptionVector
                0x40100056        0x4 LONG 0x0
                0x4010005a        0x4 LONG 0x0
                0x4010005e        0x4 LONG 0x0
                0x40100062        0x4 LONG 0x0
                0x40100070                . = ALIGN (0x10)
 *fill*         0x40100066        0xa 
 *(.DoubleExceptionVector.text)
 .DoubleExceptionVector.text
                0x40100070        0x6 c:/Espressif/ESP8266_SDK_151/lib\libmain.a(double-vector.o)
                0x40100070                _DoubleExceptionVector
                0x40100076        0x4 LONG 0x0
                0x4010007a        0x4 LONG 0x0
                0x4010007e        0x4 LONG 0x0
                0x40100082        0x4 LONG 0x0
                0x40100090                . = ALIGN (0x10)
 *fill*         0x40100086        0xa 
 *(.entry.text)
 *(.init.literal)
 *(.init)
 *(.literal .text .literal.* .text.* .stub .gnu.warning .gnu.linkonce.literal.* .gnu.linkonce.t.*.literal .gnu.linkonce.t.*)
 .text          0x40100090       0xc7 c:/Espressif/ESP8266_SDK_151/lib\libmain.a(nmi-vector.o)
                                 0xcb (size before relaxing)
                0x4010009c                _NMILevelVector
 *fill*         0x40100157        0x1 
 .text          0x40100158       0x1e c:/Espressif/ESP8266_SDK_151/lib\libmain.a(user-vector.o)
                0x4010015c                _UserExceptionVector_1
 *fill*         0x40100176        0x2 
 .text          0x40100178      0x55f c:/Espressif/ESP8266_SDK_151/lib\libmain.a(app_main.o)
                                0x5bb (size before relaxing)
                0x401001b0                Cache_Read_Enable_New
                0x401001ec                NmiTimSetFunc
                0x40100210                NMI_Handler
                0x40100268                call_user_start_local
                0x40100388                wdt_feed
 *fill*         0x401006d7        0x1 
 .text          0x401006d8      0x267 c:/Espressif/ESP8266_SDK_151/lib\libmain.a(ets_timer.o)
                                0x29f (size before relaxing)
                0x40100744                ets_timer_setfn
                0x401007bc                ets_timer_disarm
                0x4010084c                ets_timer_arm_new
 *fill*         0x4010093f        0x1 
 .text          0x40100940      0x30f c:/Espressif/ESP8266_SDK_151/lib\libmain.a(mem_manager.o)
                                0x367 (size before relaxing)
                0x40100944                prvInsertBlockIntoUsedList
                0x40100974                system_show_malloc
                0x40100974                pvShowMalloc
                0x40100a00                prvRemoveBlockFromUsedList
                0x40100a2c                xPortWantedSizeAlign
                0x40100a54                pvPortMalloc
                0x40100b1c                vPortFree
                0x40100b74                pvPortCalloc
                0x40100ba4                pvPortZalloc
                0x40100bc0                pvPortRealloc
 *fill*         0x40100c4f        0x1 
 .text          0x40100c50      0x269 c:/Espressif/ESP8266_SDK_151/lib\libmain.a(spi_flash.o)
                                0x2b5 (size before relaxing)
                0x40100c54                Cache_Read_Disable_2
                0x40100c94                Cache_Read_Enable_2
                0x40100ccc                spi_flash_get_id
                0x40100d28                spi_flash_read_status
                0x40100d5c                spi_flash_write_status
                0x40100ddc                spi_flash_erase_sector
                0x40100e10                spi_flash_write
                0x40100e64                spi_flash_read
 *fill*         0x40100eb9        0x3 
 .text          0x40100ebc      0x2ee c:/Espressif/ESP8266_SDK_151/lib\libmain.a(user_interface.o)
                                0x34a (size before relaxing)
                0x40100ed8                os_printf_plus
                0x40101004                system_restart_core
                0x4010103c                system_deep_sleep_local_2
                0x401010b0                system_get_time
                0x401010c8                system_os_post
                0x401010fc                system_rtc_mem_write
                0x40101154                system_rtc_mem_read
 *fill*         0x401011aa        0x2 
 .text          0x401011ac       0x9c build/app_app.a(easygpio.o)
                0x401011b4                easygpio_outputSet
                0x40101214                easygpio_inputGet
 .literal       0x40101248        0x0 c:/espressif/xtensa-lx106-elf/bin/../lib/gcc/xtensa-lx106-elf/5.1.0/../../../../xtensa-lx106-elf/lib\libc.a(lib_a-atoi.o)
                                  0x8 (size before relaxing)
 .literal       0x40101248        0x4 c:/espressif/xtensa-lx106-elf/bin/../lib/gcc/xtensa-lx106-elf/5.1.0/../../../../xtensa-lx106-elf/lib\libc.a(lib_a-lcltime.o)
                                  0x8 (size before relaxing)
 .literal       0x4010124c        0x0 c:/espressif/xtensa-lx106-elf/bin/../lib/gcc/xtensa-lx106-elf/5.1.0/../../../../xtensa-lx106-elf/lib\libc.a(lib_a-lcltime_r.o)
                                  0x4 (size before relaxing)
 .literal       0x4010124c       0x18 c:/espressif/xtensa-lx106-elf/bin/../lib/gcc/xtensa-lx106-elf/5.1.0/../../../../xtensa-lx106-elf/lib\libc.a(lib_a-mktm_r.o)
                                 0x88 (size before relaxing)
 .literal       0x40101264       0x14 c:/espressif/xtensa-lx106-elf/bin/../lib/gcc/xtensa-lx106-elf/5.1.0/../../../../xtensa-lx106-elf/lib\libc.a(lib_a-strcmp.o)
                                 0x20 (size before relaxing)
 .literal       0x40101278        0x0 c:/espressif/xtensa-lx106-elf/bin/../lib/gcc/xtensa-lx106-elf/5.1.0/../../../../xtensa-lx106-elf/lib\libc.a(lib_a-strlen.o)
                                  0xc (size before relaxing)
 .literal       0x40101278        0xc c:/espressif/xtensa-lx106-elf/bin/../lib/gcc/xtensa-lx106-elf/5.1.0/../../../../xtensa-lx106-elf/lib\libc.a(lib_a-strtol.o)
                                 0x18 (size before relaxing)
 .literal       0x40101284        0x4 c:/espressif/xtensa-lx106-elf/bin/../lib/gcc/xtensa-lx106-elf/5.1.0/../../../../xtensa-lx106-elf/lib\libc.a(lib_a-gettzinfo.o)
 .literal       0x40101288        0x4 c:/espressif/xtensa-lx106-elf/bin/../lib/gcc/xtensa-lx106-elf/5.1.0\libgcc.a(_addsubsf3.o)
                                  0xc (size before relaxing)
 .literal       0x4010128c        0x0 c:/espressif/xtensa-lx106-elf/bin/../lib/gcc/xtensa-lx106-elf/5.1.0\libgcc.a(_mulsf3.o)
                                 0x10 (size before relaxing)
 .literal       0x4010128c        0x0 c:/espressif/xtensa-lx106-elf/bin/../lib/gcc/xtensa-lx106-elf/5.1.0\libgcc.a(_divsf3.o)
                                 0x10 (size before relaxing)
 .literal       0x4010128c        0x0 c:/espressif/xtensa-lx106-elf/bin/../lib/gcc/xtensa-lx106-elf/5.1.0\libgcc.a(_cmpsf2.o)
                                 0x18 (size before relaxing)
 .literal       0x4010128c        0x0 c:/espressif/xtensa-lx106-elf/bin/../lib/gcc/xtensa-lx106-elf/5.1.0\libgcc.a(_fixsfsi.o)
                                  0x4 (size before relaxing)
 .literal       0x4010128c        0x4 c:/espressif/xtensa-lx106-elf/bin/../lib/gcc/xtensa-lx106-elf/5.1.0\libgcc.a(_addsubdf3.o)
                                  0xc (size before relaxing)
 .literal       0x40101290        0x4 c:/espressif/xtensa-lx106-elf/bin/../lib/gcc/xtensa-lx106-elf/5.1.0\libgcc.a(_muldf3.o)
                                 0x10 (size before relaxing)
 .literal       0x40101294        0x0 c:/espressif/xtensa-lx106-elf/bin/../lib/gcc/xtensa-lx106-elf/5.1.0\libgcc.a(_divdf3.o)
                                 0x10 (size before relaxing)
 .literal       0x40101294        0x0 c:/espressif/xtensa-lx106-elf/bin/../lib/gcc/xtensa-lx106-elf/5.1.0\libgcc.a(_cmpdf2.o)
                                 0x18 (size before relaxing)
 .literal       0x40101294        0x0 c:/espressif/xtensa-lx106-elf/bin/../lib/gcc/xtensa-lx106-elf/5.1.0\libgcc.a(_fixunsdfsi.o)
                                  0x4 (size before relaxing)
 .literal       0x40101294        0x0 c:/espressif/xtensa-lx106-elf/bin/../lib/gcc/xtensa-lx106-elf/5.1.0\libgcc.a(_muldi3.o)
                                  0x4 (size before relaxing)
 .literal       0x40101294        0x0 c:/espressif/xtensa-lx106-elf/bin/../lib/gcc/xtensa-lx106-elf/5.1.0\libgcc.a(_fixunssfsi.o)
                                  0x4 (size before relaxing)
 .literal       0x40101294        0x0 c:/espressif/xtensa-lx106-elf/bin/../lib/gcc/xtensa-lx106-elf/5.1.0\libgcc.a(_fixdfsi.o)
                                  0x4 (size before relaxing)
 .literal       0x40101294        0x4 c:/espressif/xtensa-lx106-elf/bin/../lib/gcc/xtensa-lx106-elf/5.1.0\libgcc.a(_truncdfsf2.o)
                                  0x8 (size before relaxing)
 .literal       0x40101298        0x0 c:/espressif/xtensa-lx106-elf/bin/../lib/gcc/xtensa-lx106-elf/5.1.0\libgcc.a(_divdi3.o)
                                 0x48 (size before relaxing)
 .literal       0x40101298        0x0 c:/espressif/xtensa-lx106-elf/bin/../lib/gcc/xtensa-lx106-elf/5.1.0\libgcc.a(_udivdi3.o)
                                 0x48 (size before relaxing)
 .literal       0x40101298        0x0 c:/espressif/xtensa-lx106-elf/bin/../lib/gcc/xtensa-lx106-elf/5.1.0\libgcc.a(_umoddi3.o)
                                 0x48 (size before relaxing)
 .text          0x40101298       0x27 c:/espressif/xtensa-lx106-elf/bin/../lib/gcc/xtensa-lx106-elf/5.1.0/../../../../xtensa-lx106-elf/lib\libc.a(lib_a-atoi.o)
                                 0x2f (size before relaxing)
                0x40101298                atoi
                0x401012ac                _atoi_r
 *fill*         0x401012bf        0x1 
 .text          0x401012c0       0x17 c:/espressif/xtensa-lx106-elf/bin/../lib/gcc/xtensa-lx106-elf/5.1.0/../../../../xtensa-lx106-elf/lib\libc.a(lib_a-lcltime.o)
                                 0x1b (size before relaxing)
                0x401012c0                localtime
 *fill*         0x401012d7        0x1 
 .text          0x401012d8       0x14 c:/espressif/xtensa-lx106-elf/bin/../lib/gcc/xtensa-lx106-elf/5.1.0/../../../../xtensa-lx106-elf/lib\libc.a(lib_a-lcltime_r.o)
                0x401012d8                localtime_r
 .text          0x401012ec      0x463 c:/espressif/xtensa-lx106-elf/bin/../lib/gcc/xtensa-lx106-elf/5.1.0/../../../../xtensa-lx106-elf/lib\libc.a(lib_a-mktm_r.o)
                                0x49f (size before relaxing)
                0x401012ec                __tzcalc_limits
                0x4010145c                _mktm_r
 *fill*         0x4010174f        0x1 
 .text          0x40101750       0xff c:/espressif/xtensa-lx106-elf/bin/../lib/gcc/xtensa-lx106-elf/5.1.0/../../../../xtensa-lx106-elf/lib\libc.a(lib_a-strcmp.o)
                0x40101750                strcmp
 *fill*         0x4010184f        0x1 
 .text          0x40101850       0x5b c:/espressif/xtensa-lx106-elf/bin/../lib/gcc/xtensa-lx106-elf/5.1.0/../../../../xtensa-lx106-elf/lib\libc.a(lib_a-strlen.o)
                0x40101850                strlen
 *fill*         0x401018ab        0x1 
 .text          0x401018ac      0x14f c:/espressif/xtensa-lx106-elf/bin/../lib/gcc/xtensa-lx106-elf/5.1.0/../../../../xtensa-lx106-elf/lib\libc.a(lib_a-strtol.o)
                                0x153 (size before relaxing)
                0x401018ac                _strtol_r
                0x401019e0                strtol
 *fill*         0x401019fb        0x1 
 .text          0x401019fc        0x5 c:/espressif/xtensa-lx106-elf/bin/../lib/gcc/xtensa-lx106-elf/5.1.0/../../../../xtensa-lx106-elf/lib\libc.a(lib_a-gettzinfo.o)
                0x401019fc                __gettzinfo
 *fill*         0x40101a01        0x3 
 .text          0x40101a04      0x1ff c:/espressif/xtensa-lx106-elf/bin/../lib/gcc/xtensa-lx106-elf/5.1.0\libgcc.a(_addsubsf3.o)
                0x40101a20                __addsf3
                0x40101b08                __subsf3
 *fill*         0x40101c03        0x1 
 .text          0x40101c04      0x15d c:/espressif/xtensa-lx106-elf/bin/../lib/gcc/xtensa-lx106-elf/5.1.0\libgcc.a(_mulsf3.o)
                0x40101c7c                __mulsf3
 *fill*         0x40101d61        0x3 
 .text          0x40101d64      0x135 c:/espressif/xtensa-lx106-elf/bin/../lib/gcc/xtensa-lx106-elf/5.1.0\libgcc.a(_divsf3.o)
                0x40101de0                __divsf3
 *fill*         0x40101e99        0x3 
 .text          0x40101e9c      0x122 c:/espressif/xtensa-lx106-elf/bin/../lib/gcc/xtensa-lx106-elf/5.1.0\libgcc.a(_cmpsf2.o)
                0x40101e9c                __nesf2
                0x40101e9c                __eqsf2
                0x40101ec4                __gtsf2
                0x40101ee4                __lesf2
                0x40101f30                __gesf2
                0x40101f50                __ltsf2
                0x40101f9c                __unordsf2
 *fill*         0x40101fbe        0x2 
 .text          0x40101fc0       0x40 c:/espressif/xtensa-lx106-elf/bin/../lib/gcc/xtensa-lx106-elf/5.1.0\libgcc.a(_fixsfsi.o)
                0x40101fc0                __fixsfsi
 .text          0x40102000      0x2f6 c:/espressif/xtensa-lx106-elf/bin/../lib/gcc/xtensa-lx106-elf/5.1.0\libgcc.a(_addsubdf3.o)
                0x40102020                __adddf3
                0x40102170                __subdf3
 *fill*         0x401022f6        0x2 
 .text          0x401022f8      0x29b c:/espressif/xtensa-lx106-elf/bin/../lib/gcc/xtensa-lx106-elf/5.1.0\libgcc.a(_muldf3.o)
                0x401023d8                __muldf3
 *fill*         0x40102593        0x1 
 .text          0x40102594      0x20b c:/espressif/xtensa-lx106-elf/bin/../lib/gcc/xtensa-lx106-elf/5.1.0\libgcc.a(_divdf3.o)
                0x4010267c                __divdf3
 *fill*         0x4010279f        0x1 
 .text          0x401027a0      0x169 c:/espressif/xtensa-lx106-elf/bin/../lib/gcc/xtensa-lx106-elf/5.1.0\libgcc.a(_cmpdf2.o)
                0x401027a0                __nedf2
                0x401027a0                __eqdf2
                0x401027d0                __gtdf2
                0x401027f4                __ledf2
                0x40102858                __gedf2
                0x4010287c                __ltdf2
                0x401028e0                __unorddf2
 *fill*         0x40102909        0x3 
 .text          0x4010290c       0x59 c:/espressif/xtensa-lx106-elf/bin/../lib/gcc/xtensa-lx106-elf/5.1.0\libgcc.a(_fixunsdfsi.o)
                0x4010290c                __fixunsdfsi
 *fill*         0x40102965        0x3 
 .text          0x40102968       0x36 c:/espressif/xtensa-lx106-elf/bin/../lib/gcc/xtensa-lx106-elf/5.1.0\libgcc.a(_muldi3.o)
                0x40102968                __muldi3
 *fill*         0x4010299e        0x2 
 .text          0x401029a0       0x53 c:/Espressif/ESP8266_SDK_151/lib\libphy.a(phy.o)
                                 0x5f (size before relaxing)
                0x401029a8                register_phy_ops
                0x401029c8                register_get_phy_addr
                0x401029d0                phy_change_channel
                0x401029e8                phy_get_mactime
 *fill*         0x401029f3        0x1 
 .text          0x401029f4       0xaa c:/Espressif/ESP8266_SDK_151/lib\libphy.a(phy_chip_v6_cal.o)
                                 0xb2 (size before relaxing)
                0x401029f4                unsign_to_sign
                0x40102a2c                phy_get_bb_freqoffset
                0x40102a90                phy_get_bb_evm
 *fill*         0x40102a9e        0x2 
 .text          0x40102aa0       0xe7 c:/Espressif/ESP8266_SDK_151/lib\libphy.a(phy_sleep.o)
                                0x103 (size before relaxing)
                0x40102aa4                pm_rtc_clock_cali
                0x40102b5c                clockgate_watchdog
 *fill*         0x40102b87        0x1 
 .text          0x40102b88     0x1606 c:/Espressif/ESP8266_SDK_151/lib\libpp.a(lmac.o)
                               0x1962 (size before relaxing)
                0x40102b8c                lmacIsActive
                0x40102ba0                lmacIsIdle
                0x40103024                lmacSetAcParam
                0x40103078                lmacProcessTXStartData
                0x401031f8                lmacProcessTxSuccess
                0x4010333c                GetAccess
                0x40103348                lmacDiscardAgedMSDU
                0x4010335c                lmacRecycleMPDU
                0x40103920                lmacProcessTxTimeout
                0x40103988                lmacProcessAllTxTimeout
                0x4010399c                lmacProcessCollisions
                0x401039fc                lmacProcessCollision
                0x40103a80                lmacMSDUAged
                0x40103e10                lmacProcessCtsTimeout
                0x40103e48                lmacProcessAckTimeout
                0x40103ea0                lmacProcessRtsStart
                0x40103eac                lmacProcessTxRtsError
                0x40103f4c                lmacProcessTxError
                0x40103fdc                lmacTxFrame
                0x40104178                lmacRxDone
 *fill*         0x4010418e        0x2 
 .text          0x40104190      0x8e1 c:/Espressif/ESP8266_SDK_151/lib\libpp.a(pp.o)
                                0x9fd (size before relaxing)
                0x401041c4                pp_soft_wdt_feed_local
                0x40104258                ppProcessTxQ
                0x401042cc                ppFetchTxQFirstAvail
                0x4010430c                ppDequeueTxQ
                0x40104334                ppRollBackTxQ
                0x40104358                ppRecordBarRRC
                0x40104368                ppTxqUpdateBitmap
                0x40104390                ppEnqueueTxDone
                0x401043c4                ppEnqueueRxq
                0x401048ac                ppDiscardMPDU
                0x401048d0                pp_post
                0x4010495c                pp_post2
                0x40104984                ppCalTxop
                0x40104a04                ppCalFrameTimes
 *fill*         0x40104a71        0x3 
 .text          0x40104a74       0xf5 c:/Espressif/ESP8266_SDK_151/lib\libpp.a(rate_control.o)
                                0x109 (size before relaxing)
                0x40104a94                RC_GetAckRate
                0x40104aa0                RC_GetRtsRate
                0x40104ab0                RC_GetAckTime
                0x40104ac4                RC_GetCtsTime
                0x40104afc                RC_GetBlockAckTime
 *fill*         0x40104b69        0x3 
 .text          0x40104b6c      0x9a1 c:/Espressif/ESP8266_SDK_151/lib\libpp.a(trc.o)
                                0xa05 (size before relaxing)
                0x40104d40                rcUpdateTxDone
                0x40104dd4                rcUpdateRxDone
                0x40104e30                rcUpdateDataRxDone
                0x40104e4c                rcGetSched
                0x40104f30                rcGetRate
                0x40105440                rcReachRetryLimit
                0x40105458                trc_NeedRTS
 *fill*         0x4010550d        0x3 
 .text          0x40105510     0x105f c:/Espressif/ESP8266_SDK_151/lib\libpp.a(wdev.o)
                               0x1347 (size before relaxing)
                0x401058b4                wDev_MacTim1SetFunc
                0x401058d4                wDev_MacTim1Arm
                0x40105968                wDev_ProcessFiq
                0x40105cac                wDev_EnableTransmit
                0x40105ce4                wDev_DisableTransmit
                0x40105d04                Tx_Copy2Queue
                0x40105d4c                wDev_ProcessCollision
                0x40105d70                wDev_GetTxqCollisions
                0x40105d80                wDev_ClearTxqCollisions
                0x40105d9c                wDev_SetWaitingQueue
                0x40105de4                wDev_ClearWaitingQueue
                0x40105e08                wDev_SetFrameAckType
                0x40105e6c                wDev_AppendRxBlocks
                0x40105fb0                wDev_AppendRxAmpduLensBlocks
                0x40106084                wDev_GetBAInfo
                0x401060b8                wDevDisableRx
 *fill*         0x4010656f        0x1 
 .text          0x40106570       0x4c c:/Espressif/ESP8266_SDK_151/lib\libpp.a(esf_buf.o)
                                 0x5c (size before relaxing)
                0x40106574                esf_rx_buf_alloc
 .text          0x401065bc       0x23 c:/Espressif/ESP8266_SDK_151/lib\libnet80211.a(ieee80211_output.o)
                                 0x27 (size before relaxing)
 *fill*         0x401065df        0x1 
 .text          0x401065e0        0xb c:/Espressif/ESP8266_SDK_151/lib\libnet80211.a(wl_chm.o)
                0x401065e4                chm_get_current_channel
 *fill*         0x401065eb        0x1 
 .text          0x401065ec       0x43 c:/Espressif/ESP8266_SDK_151/lib\liblwip.a(etharp.o)
                                 0x47 (size before relaxing)
 *fill*         0x4010662f        0x1 
 .text          0x40106630      0x1fd c:/Espressif/ESP8266_SDK_151/lib\liblwip.a(tcp.o)
                                0x229 (size before relaxing)
 *fill*         0x4010682d        0x3 
 .text          0x40106830      0x159 c:/Espressif/ESP8266_SDK_151/lib\liblwip.a(tcp_out.o)
                                0x161 (size before relaxing)
 *fill*         0x40106989        0x3 
 .text          0x4010698c       0xb4 c:/Espressif/ESP8266_SDK_151/lib\liblwip.a(timers.o)
                                 0xc0 (size before relaxing)
 .text          0x40106a40       0x29 c:/Espressif/ESP8266_SDK_151/lib\libssl.a(ssl_os_port.o)
                                 0x39 (size before relaxing)
                0x40106a40                gettimeofday
 *fill*         0x40106a69        0x3 
 .text          0x40106a6c       0x51 c:/espressif/xtensa-lx106-elf/bin/../lib/gcc/xtensa-lx106-elf/5.1.0\libgcc.a(_fixunssfsi.o)
                0x40106a6c                __fixunssfsi
 *fill*         0x40106abd        0x3 
 .text          0x40106ac0       0x48 c:/espressif/xtensa-lx106-elf/bin/../lib/gcc/xtensa-lx106-elf/5.1.0\libgcc.a(_fixdfsi.o)
                0x40106ac0                __fixdfsi
 .text          0x40106b08       0xa0 c:/espressif/xtensa-lx106-elf/bin/../lib/gcc/xtensa-lx106-elf/5.1.0\libgcc.a(_truncdfsf2.o)
                0x40106b08                __truncdfsf2
 .text          0x40106ba8      0x3df c:/espressif/xtensa-lx106-elf/bin/../lib/gcc/xtensa-lx106-elf/5.1.0\libgcc.a(_divdi3.o)
                                0x40f (size before relaxing)
                0x40106ba8                __divdi3
 *fill*         0x40106f87        0x1 
 .text          0x40106f88      0x375 c:/espressif/xtensa-lx106-elf/bin/../lib/gcc/xtensa-lx106-elf/5.1.0\libgcc.a(_udivdi3.o)
                                0x3a1 (size before relaxing)
                0x40106f88                __udivdi3
 *fill*         0x401072fd        0x3 
 .text          0x40107300      0x350 c:/espressif/xtensa-lx106-elf/bin/../lib/gcc/xtensa-lx106-elf/5.1.0\libgcc.a(_umoddi3.o)
                                0x388 (size before relaxing)
                0x40107300                __umoddi3
 .text          0x40107650        0x0 c:/Espressif/ESP8266_SDK_151/lib\libmain.a(debug-vector.o)
 .text          0x40107650        0x0 c:/Espressif/ESP8266_SDK_151/lib\libmain.a(double-vector.o)
 .text          0x40107650        0x0 c:/Espressif/ESP8266_SDK_151/lib\libmain.a(kernel-vector.o)
 .literal       0x40107650        0x0 c:/Espressif/ESP8266_SDK_151/lib\libmain.a(nmi-vector.o)
 *fill*         0x40107650        0x0 
 .literal       0x40107650        0x0 c:/Espressif/ESP8266_SDK_151/lib\libmain.a(user-vector.o)
 .text          0x40107650        0x0 c:/Espressif/ESP8266_SDK_151/lib\libmain.a(vector.o)
 *fill*         0x40107650        0x0 
 .literal       0x40107650        0x0 c:/Espressif/ESP8266_SDK_151/lib\libmain.a(app_main.o)
 *fill*         0x40107650        0x0 
 .literal       0x40107650        0x0 c:/Espressif/ESP8266_SDK_151/lib\libmain.a(ets_timer.o)
 *fill*         0x40107650        0x0 
 .literal       0x40107650        0x0 c:/Espressif/ESP8266_SDK_151/lib\libmain.a(mem_manager.o)
 *fill*         0x40107650        0x0 
 .literal       0x40107650        0x0 c:/Espressif/ESP8266_SDK_151/lib\libmain.a(spi_flash.o)
 *fill*         0x40107650        0x0 
 .literal       0x40107650        0x0 c:/Espressif/ESP8266_SDK_151/lib\libmain.a(user_interface.o)
 .text          0x40107650        0x0 c:/Espressif/ESP8266_SDK_151/lib\libmain.a(eagle_lib.o)
 .text          0x40107650        0x0 c:/Espressif/ESP8266_SDK_151/lib\libmain.a(eagle_lwip_if.o)
 *fill*         0x40107650        0x0 
 .literal       0x40107650        0x0 build/app_app.a(user_main.o)
 .text          0x40107650        0x2 build/app_app.a(user_main.o)
                0x40107650                user_rf_pre_init
 .text          0x40107652        0x0 build/app_app.a(config.o)
 .text          0x40107652        0x0 build/app_app.a(io.o)
 .text          0x40107652        0x0 build/app_app.a(mqtt.o)
 .text          0x40107652        0x0 build/app_app.a(dht22.o)
 .text          0x40107652        0x0 build/app_app.a(switch.o)
 .text          0x40107652        0x0 build/app_app.a(http.o)
 *fill*         0x40107652        0x2 
 .literal       0x40107654        0x0 build/app_app.a(easygpio.o)
 .text          0x40107654        0x0 build/app_app.a(wifi.o)
 .text          0x40107654        0x0 build/app_app.a(flash.o)
 .text          0x40107654        0x0 build/app_app.a(doSmartConfig.o)
 .text          0x40107654        0x0 build/app_app.a(publish.o)
 .text          0x40107654        0x0 build/app_app.a(stdout.o)
 .text          0x40107654        0x0 build/app_app.a(check.o)
 .text          0x40107654        0x0 build/app_app.a(decodeMessage.o)
 .text          0x40107654        0x0 build/app_app.a(utils.o)
 .text          0x40107654        0x0 build/app_app.a(queue.o)
 .text          0x40107654        0x0 build/app_app.a(mqtt_msg.o)
 .text          0x40107654        0x0 build/app_app.a(ringbuf.o)
 .text          0x40107654        0x0 build/app_app.a(temperature.o)
 .text          0x40107654        0x0 build/app_app.a(ds18b20.o)
 .text          0x40107654        0x0 build/app_app.a(jsmn.o)
 .text          0x40107654        0x0 build/app_app.a(dtoa.o)
 .text          0x40107654        0x0 build/app_app.a(proto.o)
 *fill*         0x40107654        0x0 
 *fill*         0x40107654        0x0 
 .text          0x40107654       0x7c c:/espressif/xtensa-lx106-elf/bin/../lib/gcc/xtensa-lx106-elf/5.1.0/../../../../xtensa-lx106-elf/lib\libc.a(lib_a-memset.o)
                0x40107680                memset
 *fill*         0x401076d0        0x0 
 *fill*         0x401076d0        0x0 
 *fill*         0x401076d0        0x0 
 .text          0x401076d0       0x34 c:/espressif/xtensa-lx106-elf/bin/../lib/gcc/xtensa-lx106-elf/5.1.0/../../../../xtensa-lx106-elf/lib\libc.a(lib_a-strncmp.o)
                0x401076d0                strncmp
 *fill*         0x40107704        0x0 