Archive member included because of file (symbol)

c:/Espressif/ESP8266_SDK/lib\libmain.a(debug-vector.o)
                              (_DebugExceptionVector)
c:/Espressif/ESP8266_SDK/lib\libmain.a(double-vector.o)
                              (_DoubleExceptionVector)
c:/Espressif/ESP8266_SDK/lib\libmain.a(kernel-vector.o)
                              (_KernelExceptionVector)
c:/Espressif/ESP8266_SDK/lib\libmain.a(nmi-vector.o)
                              (_NMIExceptionVector)
c:/Espressif/ESP8266_SDK/lib\libmain.a(user-vector.o)
                              (_UserExceptionVector)
c:/Espressif/ESP8266_SDK/lib\libmain.a(vector.o)
                              (call_user_start)
c:/Espressif/ESP8266_SDK/lib\libmain.a(app_main.o)
                              c:/Espressif/ESP8266_SDK/lib\libmain.a(nmi-vector.o) (NMI_Handler)
c:/Espressif/ESP8266_SDK/lib\libmain.a(ets_timer.o)
                              c:/Espressif/ESP8266_SDK/lib\libmain.a(app_main.o) (ets_timer_setfn)
c:/Espressif/ESP8266_SDK/lib\libmain.a(mem_manager.o)
                              c:/Espressif/ESP8266_SDK/lib\libmain.a(app_main.o) (pvPortMalloc)
c:/Espressif/ESP8266_SDK/lib\libmain.a(spi_flash.o)
                              c:/Espressif/ESP8266_SDK/lib\libmain.a(app_main.o) (spi_flash_read)
c:/Espressif/ESP8266_SDK/lib\libmain.a(user_interface.o)
                              c:/Espressif/ESP8266_SDK/lib\libmain.a(app_main.o) (done_cb)
c:/Espressif/ESP8266_SDK/lib\libmain.a(eagle_lib.o)
                              c:/Espressif/ESP8266_SDK/lib\libmain.a(user_interface.o) (ets_sprintf)
c:/Espressif/ESP8266_SDK/lib\libmain.a(eagle_lwip_if.o)
                              c:/Espressif/ESP8266_SDK/lib\libmain.a(user_interface.o) (eagle_lwip_getif)
build/app_app.a(user_main.o)  c:/Espressif/ESP8266_SDK/lib\libmain.a(app_main.o) (user_rf_pre_init)
build/app_app.a(mqtt.o)       build/app_app.a(user_main.o) (MQTT_Publish)
build/app_app.a(wifi.o)       build/app_app.a(user_main.o) (WIFI_Connect)
build/app_app.a(config.o)     build/app_app.a(user_main.o) (sysCfg)
build/app_app.a(easygpio.o)   build/app_app.a(user_main.o) (easygpio_pinMode)
build/app_app.a(dht22.o)      build/app_app.a(user_main.o) (dht1Read)
build/app_app.a(stdout.o)     build/app_app.a(user_main.o) (stdout_init)
build/app_app.a(utils.o)      build/app_app.a(mqtt.o) (UTILS_StrToIP)
build/app_app.a(queue.o)      build/app_app.a(mqtt.o) (QUEUE_Init)
build/app_app.a(mqtt_msg.o)   build/app_app.a(mqtt.o) (mqtt_msg_init)
build/app_app.a(ringbuf.o)    build/app_app.a(queue.o) (RINGBUF_Init)
build/app_app.a(proto.o)      build/app_app.a(queue.o) (PROTO_ParseRb)
c:/espressif/xtensa-lx106-elf/bin/../lib/gcc/xtensa-lx106-elf/4.8.2/../../../../xtensa-lx106-elf/lib\libc.a(lib_a-atoi.o)
                              build/app_app.a(user_main.o) (atoi)
c:/espressif/xtensa-lx106-elf/bin/../lib/gcc/xtensa-lx106-elf/4.8.2/../../../../xtensa-lx106-elf/lib\libc.a(lib_a-lcltime.o)
                              build/app_app.a(user_main.o) (localtime)
c:/espressif/xtensa-lx106-elf/bin/../lib/gcc/xtensa-lx106-elf/4.8.2/../../../../xtensa-lx106-elf/lib\libc.a(lib_a-lcltime_r.o)
                              c:/espressif/xtensa-lx106-elf/bin/../lib/gcc/xtensa-lx106-elf/4.8.2/../../../../xtensa-lx106-elf/lib\libc.a(lib_a-lcltime.o) (localtime_r)
c:/espressif/xtensa-lx106-elf/bin/../lib/gcc/xtensa-lx106-elf/4.8.2/../../../../xtensa-lx106-elf/lib\libc.a(lib_a-memcpy.o)
                              c:/Espressif/ESP8266_SDK/lib\libmain.a(user_interface.o) (memcpy)
c:/espressif/xtensa-lx106-elf/bin/../lib/gcc/xtensa-lx106-elf/4.8.2/../../../../xtensa-lx106-elf/lib\libc.a(lib_a-mktm_r.o)
                              c:/espressif/xtensa-lx106-elf/bin/../lib/gcc/xtensa-lx106-elf/4.8.2/../../../../xtensa-lx106-elf/lib\libc.a(lib_a-lcltime_r.o) (_mktm_r)
c:/espressif/xtensa-lx106-elf/bin/../lib/gcc/xtensa-lx106-elf/4.8.2/../../../../xtensa-lx106-elf/lib\libc.a(lib_a-strcmp.o)
                              build/app_app.a(user_main.o) (strcmp)
c:/espressif/xtensa-lx106-elf/bin/../lib/gcc/xtensa-lx106-elf/4.8.2/../../../../xtensa-lx106-elf/lib\libc.a(lib_a-strcpy.o)
                              build/app_app.a(user_main.o) (strcpy)
c:/espressif/xtensa-lx106-elf/bin/../lib/gcc/xtensa-lx106-elf/4.8.2/../../../../xtensa-lx106-elf/lib\libc.a(lib_a-strlen.o)
                              build/app_app.a(user_main.o) (strlen)
c:/espressif/xtensa-lx106-elf/bin/../lib/gcc/xtensa-lx106-elf/4.8.2/../../../../xtensa-lx106-elf/lib\libc.a(lib_a-strtol.o)
                              c:/espressif/xtensa-lx106-elf/bin/../lib/gcc/xtensa-lx106-elf/4.8.2/../../../../xtensa-lx106-elf/lib\libc.a(lib_a-atoi.o) (_strtol_r)
c:/espressif/xtensa-lx106-elf/bin/../lib/gcc/xtensa-lx106-elf/4.8.2/../../../../xtensa-lx106-elf/lib\libc.a(lib_a-tzlock.o)
[...]
Memory Configuration

Name             Origin             Length             Attributes
dport0_0_seg     0x3ff00000         0x00000010
dram0_0_seg      0x3ffe8000         0x00014000
iram1_0_seg      0x40100000         0x00008000
irom0_0_seg      0x40240000         0x0003c000
*default*        0x00000000         0xffffffff

Linker script and memory map

START GROUP
LOAD c:/espressif/xtensa-lx106-elf/bin/../lib/gcc/xtensa-lx106-elf/4.8.2/../../../../xtensa-lx106-elf/lib\libc.a
LOAD c:/espressif/xtensa-lx106-elf/bin/../lib/gcc/xtensa-lx106-elf/4.8.2\libgcc.a
LOAD c:/espressif/xtensa-lx106-elf/bin/../lib/gcc/xtensa-lx106-elf/4.8.2/../../../../xtensa-lx106-elf/lib\libhal.a
LOAD c:/Espressif/ESP8266_SDK/lib\libphy.a
LOAD c:/Espressif/ESP8266_SDK/lib\libpp.a
LOAD c:/Espressif/ESP8266_SDK/lib\libnet80211.a
LOAD c:/Espressif/ESP8266_SDK/lib\liblwip.a
LOAD c:/Espressif/ESP8266_SDK/lib\libwpa.a
LOAD c:/Espressif/ESP8266_SDK/lib\libmain.a
LOAD c:/Espressif/ESP8266_SDK/lib\libupgrade.a
LOAD c:/Espressif/ESP8266_SDK/lib\libssl.a
LOAD c:/Espressif/ESP8266_SDK/lib\libsmartconfig.a
LOAD build/app_app.a
END GROUP
                0x40000000                PROVIDE (_memmap_vecbase_reset, 0x40000000)
                0x00000110                _memmap_cacheattr_wb_base = 0x110
                0x00000110                _memmap_cacheattr_wt_base = 0x110
                0x00000220                _memmap_cacheattr_bp_base = 0x220
                0xfffff00f                _memmap_cacheattr_unused_mask = 0xfffff00f
                0x2222211f                _memmap_cacheattr_wb_trapnull = 0x2222211f
                0x2222211f                _memmap_cacheattr_wba_trapnull = 0x2222211f
                0x2222211f                _memmap_cacheattr_wbna_trapnull = 0x2222211f
                0x2222211f                _memmap_cacheattr_wt_trapnull = 0x2222211f
                0x2222222f                _memmap_cacheattr_bp_trapnull = 0x2222222f
                0xfffff11f                _memmap_cacheattr_wb_strict = 0xfffff11f
                0xfffff11f                _memmap_cacheattr_wt_strict = 0xfffff11f
                0xfffff22f                _memmap_cacheattr_bp_strict = 0xfffff22f
                0x22222112                _memmap_cacheattr_wb_allvalid = 0x22222112
                0x22222112                _memmap_cacheattr_wt_allvalid = 0x22222112
                0x22222222                _memmap_cacheattr_bp_allvalid = 0x22222222
                0x2222211f                PROVIDE (_memmap_cacheattr_reset, _memmap_cacheattr_wb_trapnull)

.dport0.rodata  0x3ff00000        0x0
                0x3ff00000                _dport0_rodata_start = ABSOLUTE (.)
 *(.dport0.rodata)
 *(.dport.rodata)
                0x3ff00000                _dport0_rodata_end = ABSOLUTE (.)

.dport0.literal
                0x3ff00000        0x0
                0x3ff00000                _dport0_literal_start = ABSOLUTE (.)
 *(.dport0.literal)
 *(.dport.literal)
                0x3ff00000                _dport0_literal_end = ABSOLUTE (.)

.dport0.data    0x3ff00000        0x0
                0x3ff00000                _dport0_data_start = ABSOLUTE (.)
 *(.dport0.data)
 *(.dport.data)
                0x3ff00000                _dport0_data_end = ABSOLUTE (.)

.data           0x3ffe8000      0x9e8
                0x3ffe8000                _data_start = ABSOLUTE (.)
 *(.data)
 .data          0x3ffe8000        0x0 c:/Espressif/ESP8266_SDK/lib\libmain.a(debug-vector.o)
 .data          0x3ffe8000        0x0 c:/Espressif/ESP8266_SDK/lib\libmain.a(double-vector.o)
 .data          0x3ffe8000        0x0 c:/Espressif/ESP8266_SDK/lib\libmain.a(kernel-vector.o)
 .data          0x3ffe8000        0x4 c:/Espressif/ESP8266_SDK/lib\libmain.a(nmi-vector.o)
                0x3ffe8000                _Pri_3_HandlerAddress
 .data          0x3ffe8004        0x0 c:/Espressif/ESP8266_SDK/lib\libmain.a(user-vector.o)
 .data          0x3ffe8004        0x0 c:/Espressif/ESP8266_SDK/lib\libmain.a(vector.o)
 .data          0x3ffe8004        0x1 c:/Espressif/ESP8266_SDK/lib\libmain.a(app_main.o)
 .data          0x3ffe8005        0x0 c:/Espressif/ESP8266_SDK/lib\libmain.a(ets_timer.o)
 .data          0x3ffe8005        0x0 c:/Espressif/ESP8266_SDK/lib\libmain.a(mem_manager.o)
 .data          0x3ffe8005        0x0 c:/Espressif/ESP8266_SDK/lib\libmain.a(spi_flash.o)
 *fill*         0x3ffe8005        0x3 
 .data          0x3ffe8008        0x5 c:/Espressif/ESP8266_SDK/lib\libmain.a(user_interface.o)
                0x3ffe8009                timer2_ms_flag
                0x3ffe800a                dhcps_flag
                0x3ffe800b                dhcpc_flag
                0x3ffe800c                reconnect_internal
 .data          0x3ffe800d        0x0 c:/Espressif/ESP8266_SDK/lib\libmain.a(eagle_lib.o)
 .data          0x3ffe800d        0x0 c:/Espressif/ESP8266_SDK/lib\libmain.a(eagle_lwip_if.o)
 *fill*         0x3ffe800d        0x3 
 .data          0x3ffe8010        0x8 build/app_app.a(user_main.o)
 .data          0x3ffe8018        0x0 build/app_app.a(mqtt.o)
 .data          0x3ffe8018        0x0 build/app_app.a(wifi.o)
 .data          0x3ffe8018        0x0 build/app_app.a(config.o)
 .data          0x3ffe8018        0x0 build/app_app.a(easygpio.o)
 .data          0x3ffe8018        0x0 build/app_app.a(dht22.o)
 .data          0x3ffe8018        0x0 build/app_app.a(stdout.o)
 .data          0x3ffe8018        0x0 build/app_app.a(utils.o)
 .data          0x3ffe8018        0x0 build/app_app.a(queue.o)
 .data          0x3ffe8018        0x0 build/app_app.a(mqtt_msg.o)
 .data          0x3ffe8018        0x0 build/app_app.a(ringbuf.o)
 .data          0x3ffe8018        0x0 build/app_app.a(proto.o)
 .data          0x3ffe8018        0x0 c:/espressif/xtensa-lx106-elf/bin/../lib/gcc/xtensa-lx106-elf/4.8.2/../../../../xtensa-lx106-elf/lib\libc.a(lib_a-atoi.o)
 .data          0x3ffe8018        0x0 c:/espressif/xtensa-lx106-elf/bin/../lib/gcc/xtensa-lx106-elf/4.8.2/../../../../xtensa-lx106-elf/lib\libc.a(lib_a-lcltime.o)
 .data          0x3ffe8018        0x0 c:/espressif/xtensa-lx106-elf/bin/../lib/gcc/xtensa-lx106-elf/4.8.2/../../../../xtensa-lx106-elf/lib\libc.a(lib_a-lcltime_r.o)
 .data          0x3ffe8018        0x0 c:/espressif/xtensa-lx106-elf/bin/../lib/gcc/xtensa-lx106-elf/4.8.2/../../../../xtensa-lx106-elf/lib\libc.a(lib_a-memcpy.o)
 .data          0x3ffe8018        0x0 c:/espressif/xtensa-lx106-elf/bin/../lib/gcc/xtensa-lx106-elf/4.8.2/../../../../xtensa-lx106-elf/lib\libc.a(lib_a-mktm_r.o)
 .data          0x3ffe8018        0x0 c:/espressif/xtensa-lx106-elf/bin/../lib/gcc/xtensa-lx106-elf/4.8.2/../../../../xtensa-lx106-elf/lib\libc.a(lib_a-strcmp.o)
 .data          0x3ffe8018        0x0 c:/espressif/xtensa-lx106-elf/bin/../lib/gcc/xtensa-lx106-elf/4.8.2/../../../../xtensa-lx106-elf/lib\libc.a(lib_a-strcpy.o)
 .data          0x3ffe8018        0x0 c:/espressif/xtensa-lx106-elf/bin/../lib/gcc/xtensa-lx106-elf/4.8.2/../../../../xtensa-lx106-elf/lib\libc.a(lib_a-strlen.o)
 .data          0x3ffe8018        0x0 c:/espressif/xtensa-lx106-elf/bin/../lib/gcc/xtensa-lx106-elf/4.8.2/../../../../xtensa-lx106-elf/lib\libc.a(lib_a-strtol.o)
 .data          0x3ffe8018        0x0 c:/espressif/xtensa-lx106-elf/bin/../lib/gcc/xtensa-lx106-elf/4.8.2/../../../../xtensa-lx106-elf/lib\libc.a(lib_a-tzlock.o)
 .data          0x3ffe8018        0x8 c:/espressif/xtensa-lx106-elf/bin/../lib/gcc/xtensa-lx106-elf/4.8.2/../../../../xtensa-lx106-elf/lib\libc.a(lib_a-tzvars.o)
                0x3ffe8018                _tzname
 .data          0x3ffe8020        0x4 c:/espressif/xtensa-lx106-elf/bin/../lib/gcc/xtensa-lx106-elf/4.8.2/../../../../xtensa-lx106-elf/lib\libc.a(lib_a-ctype_.o)
                0x3ffe8020                __ctype_ptr__
 .data          0x3ffe8024       0x40 c:/espressif/xtensa-lx106-elf/bin/../lib/gcc/xtensa-lx106-elf/4.8.2/../../../../xtensa-lx106-elf/lib\libc.a(lib_a-gettzinfo.o)
 *fill*         0x3ffe8064        0x4 
 .data          0x3ffe8068      0x430 c:/espressif/xtensa-lx106-elf/bin/../lib/gcc/xtensa-lx106-elf/4.8.2/../../../../xtensa-lx106-elf/lib\libc.a(lib_a-impure.o)
                0x3ffe8068                _impure_ptr
 .data          0x3ffe8498        0x0 c:/espressif/xtensa-lx106-elf/bin/../lib/gcc/xtensa-lx106-elf/4.8.2\libgcc.a(_divsi3.o)
 .data          0x3ffe8498        0x0 c:/espressif/xtensa-lx106-elf/bin/../lib/gcc/xtensa-lx106-elf/4.8.2\libgcc.a(_modsi3.o)
 .data          0x3ffe8498        0x0 c:/espressif/xtensa-lx106-elf/bin/../lib/gcc/xtensa-lx106-elf/4.8.2\libgcc.a(_udivsi3.o)
 .data          0x3ffe8498        0x0 c:/espressif/xtensa-lx106-elf/bin/../lib/gcc/xtensa-lx106-elf/4.8.2\libgcc.a(_umodsi3.o)
 .data          0x3ffe8498        0x0 c:/espressif/xtensa-lx106-elf/bin/../lib/gcc/xtensa-lx106-elf/4.8.2\libgcc.a(_addsubsf3.o)
 .data          0x3ffe8498        0x0 c:/espressif/xtensa-lx106-elf/bin/../lib/gcc/xtensa-lx106-elf/4.8.2\libgcc.a(_mulsf3.o)
 .data          0x3ffe8498        0x0 c:/espressif/xtensa-lx106-elf/bin/../lib/gcc/xtensa-lx106-elf/4.8.2\libgcc.a(_divsf3.o)
 .data          0x3ffe8498        0x0 c:/espressif/xtensa-lx106-elf/bin/../lib/gcc/xtensa-lx106-elf/4.8.2\libgcc.a(_cmpsf2.o)
 .data          0x3ffe8498        0x0 c:/espressif/xtensa-lx106-elf/bin/../lib/gcc/xtensa-lx106-elf/4.8.2\libgcc.a(_fixsfsi.o)
 .data          0x3ffe8498        0x0 c:/espressif/xtensa-lx106-elf/bin/../lib/gcc/xtensa-lx106-elf/4.8.2\libgcc.a(_floatsisf.o)
 .data          0x3ffe8498        0x0 c:/espressif/xtensa-lx106-elf/bin/../lib/gcc/xtensa-lx106-elf/4.8.2\libgcc.a(_muldi3.o)
 .data          0x3ffe8498        0x0 c:/espressif/xtensa-lx106-elf/bin/../lib/gcc/xtensa-lx106-elf/4.8.2\libgcc.a(_umulsidi3.o)
 .data          0x3ffe8498        0x0 c:/espressif/xtensa-lx106-elf/bin/../lib/gcc/xtensa-lx106-elf/4.8.2/../../../../xtensa-lx106-elf/lib\libhal.a(int_asm--set_intclear.o)
 .data          0x3ffe8498        0x0 c:/Espressif/ESP8266_SDK/lib\libphy.a(phy.o)
 .data          0x3ffe8498        0x0 c:/Espressif/ESP8266_SDK/lib\libphy.a(phy_chip_v6_ana.o)
 *fill*         0x3ffe8498        0x8 
 .data          0x3ffe84a0       0x53 c:/Espressif/ESP8266_SDK/lib\libphy.a(phy_chip_v6.o)
                0x3ffe84a2                tx_rf_ana_gain
                0x3ffe84c4                tx_pwctrl_atten_init_en
                0x3ffe84d0                rx_gain_swp
                0x3ffe84f0                test_rffreq_txcap
 .data          0x3ffe84f3        0x0 c:/Espressif/ESP8266_SDK/lib\libphy.a(phy_chip_v6_cal.o)
 .data          0x3ffe84f3        0x0 c:/Espressif/ESP8266_SDK/lib\libphy.a(phy_chip_v6_unused.o)
 *fill*         0x3ffe84f3        0x1 
 .data          0x3ffe84f4        0x4 c:/Espressif/ESP8266_SDK/lib\libphy.a(phy_sleep.o)
                0x3ffe84f4                chip_version
 .data          0x3ffe84f8        0x0 c:/Espressif/ESP8266_SDK/lib\libpp.a(if_hwctrl.o)
 .data          0x3ffe84f8        0x0 c:/Espressif/ESP8266_SDK/lib\libpp.a(lmac.o)
 .data          0x3ffe84f8        0x1 c:/Espressif/ESP8266_SDK/lib\libpp.a(pm.o)
 *fill*         0x3ffe84f9        0x3 
 .data          0x3ffe84fc       0x1c c:/Espressif/ESP8266_SDK/lib\libpp.a(pp.o)
                0x3ffe84fc                soft_wdt_interval
                0x3ffe8500                NoiseTimerInterval
                0x3ffe8508                sleep_start_wait_time
                0x3ffe8514                tcb
 *fill*         0x3ffe8518        0x8 
 .data          0x3ffe8520       0x40 c:/Espressif/ESP8266_SDK/lib\libpp.a(rate_control.o)
 .data          0x3ffe8560      0x22c c:/Espressif/ESP8266_SDK/lib\libpp.a(trc.o)
 *fill*         0x3ffe878c        0x4 
 .data          0x3ffe8790       0x10 c:/Espressif/ESP8266_SDK/lib\libpp.a(wdev.o)
 .data          0x3ffe87a0        0x0 c:/Espressif/ESP8266_SDK/lib\libpp.a(esf_buf.o)
 .data          0x3ffe87a0        0x0 c:/Espressif/ESP8266_SDK/lib\libnet80211.a(ieee80211.o)
 .data          0x3ffe87a0        0x0 c:/Espressif/ESP8266_SDK/lib\libnet80211.a(ieee80211_crypto.o)
 .data          0x3ffe87a0        0x0 c:/Espressif/ESP8266_SDK/lib\libnet80211.a(ieee80211_ets.o)
 .data          0x3ffe87a0        0x0 c:/Espressif/ESP8266_SDK/lib\libnet80211.a(ieee80211_hostap.o)
 .data          0x3ffe87a0        0x0 c:/Espressif/ESP8266_SDK/lib\libnet80211.a(ieee80211_ht.o)
 .data          0x3ffe87a0        0x0 c:/Espressif/ESP8266_SDK/lib\libnet80211.a(ieee80211_input.o)
 .data          0x3ffe87a0        0x0 c:/Espressif/ESP8266_SDK/lib\libnet80211.a(ieee80211_output.o)
 .data          0x3ffe87a0      0x1a8 c:/Espressif/ESP8266_SDK/lib\libnet80211.a(ieee80211_phy.o)
 .data          0x3ffe8948        0x0 c:/Espressif/ESP8266_SDK/lib\libnet80211.a(ieee80211_power.o)
 .data          0x3ffe8948        0x6 c:/Espressif/ESP8266_SDK/lib\libnet80211.a(ieee80211_proto.o)
                0x3ffe8948                ieee80211_addr_bcast
 .data          0x3ffe894e        0x0 c:/Espressif/ESP8266_SDK/lib\libnet80211.a(ieee80211_scan.o)
 .data          0x3ffe894e        0x0 c:/Espressif/ESP8266_SDK/lib\libnet80211.a(ieee80211_sta.o)
 .data          0x3ffe894e        0x0 c:/Espressif/ESP8266_SDK/lib\libnet80211.a(wl_chm.o)
 .data          0x3ffe894e        0x0 c:/Espressif/ESP8266_SDK/lib\libnet80211.a(wl_cnx.o)
 *fill*         0x3ffe894e        0x2 
 .data          0x3ffe8950       0x1c c:/Espressif/ESP8266_SDK/lib\libnet80211.a(ieee80211_action.o)
 .data          0x3ffe896c        0x4 c:/Espressif/ESP8266_SDK/lib\liblwip.a(dhcp.o)
 .data          0x3ffe8970        0x8 c:/Espressif/ESP8266_SDK/lib\liblwip.a(dhcpserver.o)
 .data          0x3ffe8978        0x0 c:/Espressif/ESP8266_SDK/lib\liblwip.a(dns.o)
 .data          0x3ffe8978        0x0 c:/Espressif/ESP8266_SDK/lib\liblwip.a(espconn.o)
 .data          0x3ffe8978        0x0 c:/Espressif/ESP8266_SDK/lib\liblwip.a(espconn_tcp.o)
 .data          0x3ffe8978        0x0 c:/Espressif/ESP8266_SDK/lib\liblwip.a(espconn_udp.o)
 .data          0x3ffe8978        0x0 c:/Espressif/ESP8266_SDK/lib\liblwip.a(etharp.o)
 .data          0x3ffe8978        0x0 c:/Espressif/ESP8266_SDK/lib\liblwip.a(igmp.o)
 .data          0x3ffe8978        0x0 c:/Espressif/ESP8266_SDK/lib\liblwip.a(inet_chksum.o)
 .data          0x3ffe8978        0x0 c:/Espressif/ESP8266_SDK/lib\liblwip.a(init.o)
 .data          0x3ffe8978        0x0 c:/Espressif/ESP8266_SDK/lib\liblwip.a(ip_addr.o)
 .data          0x3ffe8978        0x0 c:/Espressif/ESP8266_SDK/lib\liblwip.a(ip.o)
 .data          0x3ffe8978        0x0 c:/Espressif/ESP8266_SDK/lib\liblwip.a(mdns.o)
 .data          0x3ffe8978        0x2 c:/Espressif/ESP8266_SDK/lib\liblwip.a(memp.o)
                0x3ffe8978                memp_sizes_test
 .data          0x3ffe897a        0x0 c:/Espressif/ESP8266_SDK/lib\liblwip.a(netif.o)
 .data          0x3ffe897a        0x0 c:/Espressif/ESP8266_SDK/lib\liblwip.a(pbuf.o)
 .data          0x3ffe897a        0x0 c:/Espressif/ESP8266_SDK/lib\liblwip.a(raw.o)
 .data          0x3ffe897a        0x0 c:/Espressif/ESP8266_SDK/lib\liblwip.a(tcp_in.o)
 *fill*         0x3ffe897a        0x2 
 .data          0x3ffe897c        0x8 c:/Espressif/ESP8266_SDK/lib\liblwip.a(tcp.o)
 .data          0x3ffe8984        0x0 c:/Espressif/ESP8266_SDK/lib\liblwip.a(tcp_out.o)
 .data          0x3ffe8984        0x0 c:/Espressif/ESP8266_SDK/lib\liblwip.a(timers.o)
 .data          0x3ffe8984        0x0 c:/Espressif/ESP8266_SDK/lib\liblwip.a(udp.o)
 .data          0x3ffe8984        0x0 c:/Espressif/ESP8266_SDK/lib\liblwip.a(icmp.o)
 .data          0x3ffe8984        0x0 c:/Espressif/ESP8266_SDK/lib\libwpa.a(ap_config.o)
 .data          0x3ffe8984        0x0 c:/Espressif/ESP8266_SDK/lib\libwpa.a(common.o)
 .data          0x3ffe8984        0x0 c:/Espressif/ESP8266_SDK/lib\libwpa.a(os_xtensa.o)
 .data          0x3ffe8984        0x0 c:/Espressif/ESP8266_SDK/lib\libwpa.a(wpa_auth.o)
 .data          0x3ffe8984        0x0 c:/Espressif/ESP8266_SDK/lib\libwpa.a(wpa_auth_ie.o)
 .data          0x3ffe8984        0x0 c:/Espressif/ESP8266_SDK/lib\libwpa.a(wpa.o)
 .data          0x3ffe8984        0x0 c:/Espressif/ESP8266_SDK/lib\libwpa.a(wpa_common.o)
 .data          0x3ffe8984        0x0 c:/Espressif/ESP8266_SDK/lib\libwpa.a(wpa_debug.o)
 .data          0x3ffe8984        0x0 c:/Espressif/ESP8266_SDK/lib\libwpa.a(wpa_ie.o)
 .data          0x3ffe8984        0x0 c:/Espressif/ESP8266_SDK/lib\libwpa.a(wpa_main.o)
 .data          0x3ffe8984        0x0 c:/Espressif/ESP8266_SDK/lib\libwpa.a(wpas_glue.o)
 .data          0x3ffe8984        0x0 c:/Espressif/ESP8266_SDK/lib\libwpa.a(aes-wrap.o)
 .data          0x3ffe8984        0x0 c:/Espressif/ESP8266_SDK/lib\libwpa.a(aes-internal-enc.o)
 .data          0x3ffe8984       0x14 c:/Espressif/ESP8266_SDK/lib\libssl.a(espconn_secure.o)
                0x3ffe8984                ssl_option
 .data          0x3ffe8998        0x0 c:/Espressif/ESP8266_SDK/lib\libssl.a(espconn_ssl.o)
 .data          0x3ffe8998        0x0 c:/Espressif/ESP8266_SDK/lib\libssl.a(ssl_tls1_clnt.o)
 .data          0x3ffe8998        0x8 c:/Espressif/ESP8266_SDK/lib\libssl.a(ssl_tls1.o)
 .data          0x3ffe89a0        0x0 c:/Espressif/ESP8266_SDK/lib\libssl.a(ssl_tls1_svr.o)
 .data          0x3ffe89a0        0x0 c:/Espressif/ESP8266_SDK/lib\libssl.a(ssl_x509.o)
 .data          0x3ffe89a0        0x0 c:/Espressif/ESP8266_SDK/lib\libssl.a(ssl_aes.o)
 .data          0x3ffe89a0        0x0 c:/Espressif/ESP8266_SDK/lib\libssl.a(ssl_asn1.o)
 .data          0x3ffe89a0        0x0 c:/Espressif/ESP8266_SDK/lib\libssl.a(ssl_bigint.o)
 .data          0x3ffe89a0        0x0 c:/Espressif/ESP8266_SDK/lib\libssl.a(ssl_crypto_misc.o)
 .data          0x3ffe89a0        0x0 c:/Espressif/ESP8266_SDK/lib\libssl.a(ssl_hmac.o)
 .data          0x3ffe89a0        0x0 c:/Espressif/ESP8266_SDK/lib\libssl.a(ssl_loader.o)
 .data          0x3ffe89a0        0x0 c:/Espressif/ESP8266_SDK/lib\libssl.a(ssl_md2.o)
 .data          0x3ffe89a0        0x0 c:/Espressif/ESP8266_SDK/lib\libssl.a(ssl_md5.o)
 .data          0x3ffe89a0        0x0 c:/Espressif/ESP8266_SDK/lib\libssl.a(ssl_rc4.o)
 .data          0x3ffe89a0        0x0 c:/Espressif/ESP8266_SDK/lib\libssl.a(ssl_rsa.o)
 .data          0x3ffe89a0        0x0 c:/Espressif/ESP8266_SDK/lib\libssl.a(ssl_sha1.o)
 .data          0x3ffe89a0        0x0 c:/espressif/xtensa-lx106-elf/bin/../lib/gcc/xtensa-lx106-elf/4.8.2/../../../../xtensa-lx106-elf/lib\libc.a(lib_a-memcmp.o)
 .data          0x3ffe89a0        0x0 c:/espressif/xtensa-lx106-elf/bin/../lib/gcc/xtensa-lx106-elf/4.8.2/../../../../xtensa-lx106-elf/lib\libc.a(lib_a-memset.o)
 .data          0x3ffe89a0        0x0 c:/espressif/xtensa-lx106-elf/bin/../lib/gcc/xtensa-lx106-elf/4.8.2\libgcc.a(_ashrdi3.o)
 .data          0x3ffe89a0        0x0 c:/espressif/xtensa-lx106-elf/bin/../lib/gcc/xtensa-lx106-elf/4.8.2\libgcc.a(_fixunssfsi.o)
 .data          0x3ffe89a0        0x0 c:/espressif/xtensa-lx106-elf/bin/../lib/gcc/xtensa-lx106-elf/4.8.2\libgcc.a(_muldf3.o)
 .data          0x3ffe89a0        0x0 c:/espressif/xtensa-lx106-elf/bin/../lib/gcc/xtensa-lx106-elf/4.8.2\libgcc.a(_divdf3.o)
 .data          0x3ffe89a0        0x0 c:/espressif/xtensa-lx106-elf/bin/../lib/gcc/xtensa-lx106-elf/4.8.2\libgcc.a(_fixdfsi.o)
 .data          0x3ffe89a0        0x0 c:/espressif/xtensa-lx106-elf/bin/../lib/gcc/xtensa-lx106-elf/4.8.2\libgcc.a(_floatsidf.o)
 .data          0x3ffe89a0        0x0 c:/espressif/xtensa-lx106-elf/bin/../lib/gcc/xtensa-lx106-elf/4.8.2\libgcc.a(_truncdfsf2.o)
 .data          0x3ffe89a0        0x0 c:/espressif/xtensa-lx106-elf/bin/../lib/gcc/xtensa-lx106-elf/4.8.2\libgcc.a(_popcountsi2.o)
 .data          0x3ffe89a0        0x0 c:/espressif/xtensa-lx106-elf/bin/../lib/gcc/xtensa-lx106-elf/4.8.2\libgcc.a(_divdi3.o)
 .data          0x3ffe89a0        0x0 c:/espressif/xtensa-lx106-elf/bin/../lib/gcc/xtensa-lx106-elf/4.8.2\libgcc.a(_udivdi3.o)
 .data          0x3ffe89a0        0x0 c:/espressif/xtensa-lx106-elf/bin/../lib/gcc/xtensa-lx106-elf/4.8.2\libgcc.a(_umoddi3.o)
 .data          0x3ffe89a0        0x0 c:/espressif/xtensa-lx106-elf/bin/../lib/gcc/xtensa-lx106-elf/4.8.2\libgcc.a(_popcount_tab.o)
 .data          0x3ffe89a0       0x18 c:/Espressif/ESP8266_SDK/lib\libnet80211.a(ieee80211_crypto_ccmp.o)
                0x3ffe89a0                ccmp
 .data          0x3ffe89b8       0x18 c:/Espressif/ESP8266_SDK/lib\libnet80211.a(ieee80211_crypto_tkip.o)
                0x3ffe89b8                tkip
 .data          0x3ffe89d0       0x18 c:/Espressif/ESP8266_SDK/lib\libnet80211.a(ieee80211_crypto_wep.o)
                0x3ffe89d0                wep
 *(.data.*)
 *(.gnu.linkonce.d.*)
 *(.data1)
 *(.sdata)
 *(.sdata.*)
 *(.gnu.linkonce.s.*)
 *(.sdata2)
 *(.sdata2.*)
 *(.gnu.linkonce.s2.*)
 *(.jcr)
                0x3ffe89e8                _data_end = ABSOLUTE (.)

.rodata         0x3ffe89f0     0x12f0
                0x3ffe89f0                _rodata_start = ABSOLUTE (.)
 *(.rodata)
 .rodata        0x3ffe89f0        0x2 c:/Espressif/ESP8266_SDK/lib\libmain.a(mem_manager.o)
 *fill*         0x3ffe89f2        0x2 
 .rodata        0x3ffe89f4        0x8 c:/Espressif/ESP8266_SDK/lib\libmain.a(eagle_lib.o)
 .rodata        0x3ffe89fc        0x4 build/app_app.a(user_main.o)
                0x3ffe89fc                outputMap
 .rodata        0x3ffe8a00       0x40 build/app_app.a(easygpio.o)
 .rodata        0x3ffe8a40       0x68 c:/espressif/xtensa-lx106-elf/bin/../lib/gcc/xtensa-lx106-elf/4.8.2/../../../../xtensa-lx106-elf/lib\libc.a(lib_a-mktm_r.o)
 .rodata        0x3ffe8aa8      0x101 c:/espressif/xtensa-lx106-elf/bin/../lib/gcc/xtensa-lx106-elf/4.8.2/../../../../xtensa-lx106-elf/lib\libc.a(lib_a-ctype_.o)
                0x3ffe8aa8                _ctype_
 *fill*         0x3ffe8ba9        0x3 
 .rodata        0x3ffe8bac        0x4 c:/espressif/xtensa-lx106-elf/bin/../lib/gcc/xtensa-lx106-elf/4.8.2/../../../../xtensa-lx106-elf/lib\libc.a(lib_a-impure.o)
                0x3ffe8bac                _global_impure_ptr
 .rodata        0x3ffe8bb0        0x8 c:/Espressif/ESP8266_SDK/lib\libphy.a(phy_chip_v6_ana.o)
 .rodata        0x3ffe8bb8        0x8 c:/Espressif/ESP8266_SDK/lib\libphy.a(phy_chip_v6.o)
 .rodata        0x3ffe8bc0        0x3 c:/Espressif/ESP8266_SDK/lib\libpp.a(pp.o)
 *fill*         0x3ffe8bc3        0x5 
 .rodata        0x3ffe8bc8        0x8 c:/Espressif/ESP8266_SDK/lib\libnet80211.a(ieee80211.o)
                0x3ffe8bc8                ieee80211_opcap
 .rodata        0x3ffe8bd0        0x4 c:/Espressif/ESP8266_SDK/lib\libnet80211.a(ieee80211_hostap.o)
 .rodata        0x3ffe8bd4        0x4 c:/Espressif/ESP8266_SDK/lib\libnet80211.a(ieee80211_output.o)
 *fill*         0x3ffe8bd8        0x8 
 .rodata        0x3ffe8be0       0x70 c:/Espressif/ESP8266_SDK/lib\libnet80211.a(ieee80211_proto.o)
 .rodata        0x3ffe8c50        0x8 c:/Espressif/ESP8266_SDK/lib\libnet80211.a(wl_cnx.o)
 .rodata        0x3ffe8c58        0x8 c:/Espressif/ESP8266_SDK/lib\liblwip.a(dhcpserver.o)
 .rodata        0x3ffe8c60        0xc c:/Espressif/ESP8266_SDK/lib\liblwip.a(etharp.o)
                0x3ffe8c60                ethbroadcast
                0x3ffe8c66                ethzero
 .rodata        0x3ffe8c6c        0x8 c:/Espressif/ESP8266_SDK/lib\liblwip.a(ip_addr.o)
                0x3ffe8c6c                ip_addr_any
                0x3ffe8c70                ip_addr_broadcast
 *fill*         0x3ffe8c74        0xc 
 .rodata        0x3ffe8c80       0x14 c:/Espressif/ESP8266_SDK/lib\liblwip.a(memp.o)
                0x3ffe8c80                memp_sizes
 *fill*         0x3ffe8c94        0xc 
 .rodata        0x3ffe8ca0       0x2d c:/Espressif/ESP8266_SDK/lib\liblwip.a(tcp.o)
                0x3ffe8ca0                tcp_pcb_lists
                0x3ffe8cb0                tcp_persist_backoff
                0x3ffe8cc0                tcp_backoff
 *fill*         0x3ffe8ccd        0x3 
 .rodata        0x3ffe8cd0        0x6 c:/Espressif/ESP8266_SDK/lib\libwpa.a(ap_config.o)
 *fill*         0x3ffe8cd6        0x2 
 .rodata        0x3ffe8cd8       0x14 c:/Espressif/ESP8266_SDK/lib\libwpa.a(wpa_auth.o)
 *fill*         0x3ffe8cec        0x4 
 .rodata        0x3ffe8cf0        0x8 c:/Espressif/ESP8266_SDK/lib\libwpa.a(wpa.o)
 *fill*         0x3ffe8cf8        0x8 
 .rodata        0x3ffe8d00        0xc c:/Espressif/ESP8266_SDK/lib\libwpa.a(wpa_common.o)
 *fill*         0x3ffe8d0c        0x4 
 .rodata        0x3ffe8d10       0x84 c:/Espressif/ESP8266_SDK/lib\libssl.a(ssl_tls1.o)
                0x3ffe8d74                ssl_prot_prefs
 *fill*         0x3ffe8d94        0x4 
 .rodata        0x3ffe8d98       0x10 c:/Espressif/ESP8266_SDK/lib\libssl.a(ssl_tls1_svr.o)
 *fill*         0x3ffe8da8        0x8 
 .rodata        0x3ffe8db0      0x220 c:/Espressif/ESP8266_SDK/lib\libssl.a(ssl_aes.o)
 .rodata        0x3ffe8fd0       0x18 c:/Espressif/ESP8266_SDK/lib\libssl.a(ssl_asn1.o)
 *fill*         0x3ffe8fe8        0x8 
 .rodata        0x3ffe8ff0       0x90 c:/Espressif/ESP8266_SDK/lib\libssl.a(ssl_crypto_misc.o)
                0x3ffe8ff0                unsupported_str
 .rodata        0x3ffe9080       0x34 c:/Espressif/ESP8266_SDK/lib\libssl.a(ssl_loader.o)
 *fill*         0x3ffe90b4        0xc 
 .rodata        0x3ffe90c0      0x100 c:/Espressif/ESP8266_SDK/lib\libssl.a(ssl_md2.o)
 .rodata        0x3ffe91c0       0x40 c:/Espressif/ESP8266_SDK/lib\libssl.a(ssl_md5.o)
 .rodata        0x3ffe9200       0x10 c:/Espressif/ESP8266_SDK/lib\libssl.a(ssl_sha1.o)
 .rodata        0x3ffe9210      0x100 c:/espressif/xtensa-lx106-elf/bin/../lib/gcc/xtensa-lx106-elf/4.8.2\libgcc.a(_popcount_tab.o)
                0x3ffe9210                __popcount_tab
 *(.rodata.*)
 .rodata.str1.4
                0x3ffe9310       0x73 c:/Espressif/ESP8266_SDK/lib\libmain.a(app_main.o)
 *fill*         0x3ffe9383        0x1 
 .rodata.str1.4
                0x3ffe9384       0x14 c:/Espressif/ESP8266_SDK/lib\libmain.a(ets_timer.o)
 .rodata.str1.4
                0x3ffe9398       0x28 c:/Espressif/ESP8266_SDK/lib\libmain.a(mem_manager.o)
 .rodata.str1.4
                0x3ffe93c0       0x1b c:/Espressif/ESP8266_SDK/lib\libmain.a(user_interface.o)
                                 0x22 (size before relaxing)
 *fill*         0x3ffe93db        0x1 
 .rodata.str1.4
                0x3ffe93dc      0x308 build/app_app.a(user_main.o)
                                0x310 (size before relaxing)
 .rodata.str1.4
                0x3ffe96e4        0x3 build/app_app.a(wifi.o)
 *fill*         0x3ffe96e7        0x1 
 .rodata.str1.4
                0x3ffe96e8       0x71 build/app_app.a(config.o)
                                 0x79 (size before relaxing)
 *fill*         0x3ffe9759        0x3 
 .rodata.str1.4
                0x3ffe975c       0xd8 build/app_app.a(easygpio.o)
 .rodata.str1.4
                0x3ffe9834       0x2d build/app_app.a(dht22.o)
 *fill*         0x3ffe9861        0x3 
 .rodata.str1.4
                0x3ffe9864        0x7 build/app_app.a(mqtt_msg.o)
 *fill*         0x3ffe986b        0x1 
 .rodata.str1.4
                0x3ffe986c        0x4 c:/espressif/xtensa-lx106-elf/bin/../lib/gcc/xtensa-lx106-elf/4.8.2/../../../../xtensa-lx106-elf/lib\libc.a(lib_a-tzvars.o)
 .rodata.str1.4
                0x3ffe9870        0x2 c:/espressif/xtensa-lx106-elf/bin/../lib/gcc/xtensa-lx106-elf/4.8.2/../../../../xtensa-lx106-elf/lib\libc.a(lib_a-impure.o)
 *fill*         0x3ffe9872        0x2 
 .rodata.str1.4
                0x3ffe9874        0x7 c:/Espressif/ESP8266_SDK/lib\libpp.a(lmac.o)
                                  0xf (size before relaxing)
 *fill*         0x3ffe987b        0x1 
 .rodata.str1.4
                0x3ffe987c       0x17 c:/Espressif/ESP8266_SDK/lib\libpp.a(pm.o)
                                 0x1f (size before relaxing)
 *fill*         0x3ffe9893        0x1 
 .rodata.str1.4
                0x3ffe9894        0x5 c:/Espressif/ESP8266_SDK/lib\libpp.a(pp.o)
                                  0xd (size before relaxing)
 *fill*         0x3ffe9899        0x3 
 .rodata.str1.4
                0x3ffe989c        0x7 c:/Espressif/ESP8266_SDK/lib\libpp.a(wdev.o)
                                  0xf (size before relaxing)
 .rodata.str1.4
                0x00000000        0x7 c:/Espressif/ESP8266_SDK/lib\libnet80211.a(ieee80211.o)
 .rodata.str1.4
                0x00000000        0x7 c:/Espressif/ESP8266_SDK/lib\libnet80211.a(ieee80211_output.o)
 *fill*         0x3ffe98a3        0x1 
 .rodata.str1.4
                0x3ffe98a4        0x4 c:/Espressif/ESP8266_SDK/lib\libnet80211.a(ieee80211_scan.o)
 .rodata.str1.4
                0x3ffe98a8        0xf c:/Espressif/ESP8266_SDK/lib\liblwip.a(dns.o)
 .rodata.str1.4
                0x00000000        0x1 c:/Espressif/ESP8266_SDK/lib\liblwip.a(espconn_tcp.o)
 *fill*         0x3ffe98b7        0x1 
 .rodata.str1.4
                0x3ffe98b8       0x88 c:/Espressif/ESP8266_SDK/lib\liblwip.a(mdns.o)
 .rodata.str1.4
                0x3ffe9940       0x3c c:/Espressif/ESP8266_SDK/lib\libwpa.a(wpa_auth.o)
                                 0x43 (size before relaxing)
 .rodata.str1.4
                0x00000000       0x17 c:/Espressif/ESP8266_SDK/lib\libwpa.a(wpa.o)
 .rodata.str1.4
                0x3ffe997c        0x9 c:/Espressif/ESP8266_SDK/lib\libwpa.a(wpa_common.o)
 *fill*         0x3ffe9985        0x3 
 .rodata.str1.4
                0x3ffe9988       0x46 c:/Espressif/ESP8266_SDK/lib\libssl.a(ssl_tls1.o)
 *fill*         0x3ffe99ce        0x2 
 .rodata.str1.4
                0x3ffe99d0       0xec c:/Espressif/ESP8266_SDK/lib\libssl.a(ssl_x509.o)
                                 0xf4 (size before relaxing)
 .rodata.str1.4
                0x3ffe9abc       0x1e c:/Espressif/ESP8266_SDK/lib\libssl.a(ssl_crypto_misc.o)
 *fill*         0x3ffe9ada        0x2 
 .rodata.str1.4
                0x3ffe9adc      0x150 c:/Espressif/ESP8266_SDK/lib\libssl.a(ssl_loader.o)
                                0x151 (size before relaxing)
 .rodata.str1.4
                0x3ffe9c2c       0x20 c:/Espressif/ESP8266_SDK/lib\libssl.a(ssl_rsa.o)
 *(.gnu.linkonce.r.*)
 *(.rodata1)
                0x3ffe9c4c                __XT_EXCEPTION_TABLE__ = ABSOLUTE (.)
 *(.xt_except_table)
 *(.gcc_except_table)
 *(.gnu.linkonce.e.*)
 *(.gnu.version_r)
 *(.eh_frame)
 .eh_frame      0x3ffe9c4c       0x38 c:/espressif/xtensa-lx106-elf/bin/../lib/gcc/xtensa-lx106-elf/4.8.2\libgcc.a(_divdi3.o)
 .eh_frame      0x3ffe9c84       0x28 c:/espressif/xtensa-lx106-elf/bin/../lib/gcc/xtensa-lx106-elf/4.8.2\libgcc.a(_udivdi3.o)
                                 0x38 (size before relaxing)
 .eh_frame      0x3ffe9cac       0x2c c:/espressif/xtensa-lx106-elf/bin/../lib/gcc/xtensa-lx106-elf/4.8.2\libgcc.a(_umoddi3.o)
                                 0x3c (size before relaxing)
 *crtbegin.o(.ctors)
 *(EXCLUDE_FILE(*crtend.o) .ctors)
 *(SORT(.ctors.*))
 *(.ctors)
 *crtbegin.o(.dtors)
 *(EXCLUDE_FILE(*crtend.o) .dtors)
 *(SORT(.dtors.*))
 *(.dtors)
                0x3ffe9cd8                __XT_EXCEPTION_DESCS__ = ABSOLUTE (.)
 *(.xt_except_desc)
 *(.gnu.linkonce.h.*)
                0x3ffe9cd8                __XT_EXCEPTION_DESCS_END__ = ABSOLUTE (.)
 *(.xt_except_desc_end)
 *(.dynamic)
 *(.gnu.version_d)
                0x3ffe9cd8                . = ALIGN (0x4)
                0x3ffe9cd8                _bss_table_start = ABSOLUTE (.)
                0x3ffe9cd8        0x4 LONG 0x3ffe9ce0 _bss_start
                0x3ffe9cdc        0x4 LONG 0x3fff3208 _bss_end
                0x3ffe9ce0                _bss_table_end = ABSOLUTE (.)
                0x3ffe9ce0                _rodata_end = ABSOLUTE (.)

.bss            0x3ffe9ce0     0x9528
                0x3ffe9ce0                . = ALIGN (0x8)
                0x3ffe9ce0                _bss_start = ABSOLUTE (.)
 *(.dynsbss)
 *(.sbss)
 *(.sbss.*)
 *(.gnu.linkonce.sb.*)
 *(.scommon)
 *(.sbss2)
 *(.sbss2.*)
 *(.gnu.linkonce.sb2.*)
 *(.dynbss)
 *(.bss)
 .bss           0x3ffe9ce0        0x0 c:/Espressif/ESP8266_SDK/lib\libmain.a(debug-vector.o)
 .bss           0x3ffe9ce0        0x0 c:/Espressif/ESP8266_SDK/lib\libmain.a(double-vector.o)
 .bss           0x3ffe9ce0        0x0 c:/Espressif/ESP8266_SDK/lib\libmain.a(kernel-vector.o)
 .bss           0x3ffe9ce0      0x1c0 c:/Espressif/ESP8266_SDK/lib\libmain.a(nmi-vector.o)
 .bss           0x3ffe9ea0        0x0 c:/Espressif/ESP8266_SDK/lib\libmain.a(user-vector.o)
 .bss           0x3ffe9ea0        0x0 c:/Espressif/ESP8266_SDK/lib\libmain.a(vector.o)
 .bss           0x3ffe9ea0       0x3d c:/Espressif/ESP8266_SDK/lib\libmain.a(app_main.o)
                0x3ffe9ea4                info
                0x3ffe9ec8                check_timeouts_timer
                0x3ffe9edc                user_init_flag
 *fill*         0x3ffe9edd        0x3 
 .bss           0x3ffe9ee0       0x30 c:/Espressif/ESP8266_SDK/lib\libmain.a(ets_timer.o)
                0x3ffe9ee0                timer_list
                0x3ffe9ee4                debug_timer
                0x3ffe9ee8                debug_timerfn
 .bss           0x3ffe9f10       0x18 c:/Espressif/ESP8266_SDK/lib\libmain.a(mem_manager.o)
 .bss           0x3ffe9f28        0x0 c:/Espressif/ESP8266_SDK/lib\libmain.a(spi_flash.o)
 *fill*         0x3ffe9f28        0x8 
 .bss           0x3ffe9f30      0x141 c:/Espressif/ESP8266_SDK/lib\libmain.a(user_interface.o)
                0x3ffea027                deep_sleep_flag
                0x3ffea028                cpu_overclock
                0x3ffea02c                event_cb
                0x3ffea030                status_led_output_level
                0x3ffea034                done_cb
                0x3ffea038                rst_if
                0x3ffea054                default_interface
                0x3ffea055                OpmodChgIsOnGoing
                0x3ffea058                promiscuous_cb
 .bss           0x3ffea071        0x0 c:/Espressif/ESP8266_SDK/lib\libmain.a(eagle_lib.o)
 *fill*         0x3ffea071        0x3 
 .bss           0x3ffea074        0x8 c:/Espressif/ESP8266_SDK/lib\libmain.a(eagle_lwip_if.o)
 .bss           0x3ffea07c       0x74 build/app_app.a(user_main.o)
 .bss           0x3ffea0f0        0x8 build/app_app.a(mqtt.o)
                0x3ffea0f0                default_private_key_len
                0x3ffea0f4                default_certificate_len
 .bss           0x3ffea0f8       0x1c build/app_app.a(wifi.o)
                0x3ffea0f8                wifiCb
 .bss           0x3ffea114        0x0 build/app_app.a(config.o)
 .bss           0x3ffea114        0x0 build/app_app.a(easygpio.o)
 .bss           0x3ffea114       0x78 build/app_app.a(dht22.o)
 .bss           0x3ffea18c        0x0 build/app_app.a(stdout.o)
 .bss           0x3ffea18c        0x0 build/app_app.a(utils.o)
 .bss           0x3ffea18c        0x0 build/app_app.a(queue.o)
 .bss           0x3ffea18c        0x0 build/app_app.a(mqtt_msg.o)
 .bss           0x3ffea18c        0x0 build/app_app.a(ringbuf.o)
 .bss           0x3ffea18c        0x0 build/app_app.a(proto.o)
 .bss           0x3ffea18c        0x0 c:/espressif/xtensa-lx106-elf/bin/../lib/gcc/xtensa-lx106-elf/4.8.2/../../../../xtensa-lx106-elf/lib\libc.a(lib_a-atoi.o)
 .bss           0x3ffea18c        0x0 c:/espressif/xtensa-lx106-elf/bin/../lib/gcc/xtensa-lx106-elf/4.8.2/../../../../xtensa-lx106-elf/lib\libc.a(lib_a-lcltime.o)
 .bss           0x3ffea18c        0x0 c:/espressif/xtensa-lx106-elf/bin/../lib/gcc/xtensa-lx106-elf/4.8.2/../../../../xtensa-lx106-elf/lib\libc.a(lib_a-lcltime_r.o)
 .bss           0x3ffea18c        0x0 c:/espressif/xtensa-lx106-elf/bin/../lib/gcc/xtensa-lx106-elf/4.8.2/../../../../xtensa-lx106-elf/lib\libc.a(lib_a-memcpy.o)
 .bss           0x3ffea18c        0x0 c:/espressif/xtensa-lx106-elf/bin/../lib/gcc/xtensa-lx106-elf/4.8.2/../../../../xtensa-lx106-elf/lib\libc.a(lib_a-mktm_r.o)
 .bss           0x3ffea18c        0x0 c:/espressif/xtensa-lx106-elf/bin/../lib/gcc/xtensa-lx106-elf/4.8.2/../../../../xtensa-lx106-elf/lib\libc.a(lib_a-strcmp.o)
 .bss           0x3ffea18c        0x0 c:/espressif/xtensa-lx106-elf/bin/../lib/gcc/xtensa-lx106-elf/4.8.2/../../../../xtensa-lx106-elf/lib\libc.a(lib_a-strcpy.o)
 .bss           0x3ffea18c        0x0 c:/espressif/xtensa-lx106-elf/bin/../lib/gcc/xtensa-lx106-elf/4.8.2/../../../../xtensa-lx106-elf/lib\libc.a(lib_a-strlen.o)
 .bss           0x3ffea18c        0x0 c:/espressif/xtensa-lx106-elf/bin/../lib/gcc/xtensa-lx106-elf/4.8.2/../../../../xtensa-lx106-elf/lib\libc.a(lib_a-strtol.o)
 .bss           0x3ffea18c        0x0 c:/espressif/xtensa-lx106-elf/bin/../lib/gcc/xtensa-lx106-elf/4.8.2/../../../../xtensa-lx106-elf/lib\libc.a(lib_a-tzlock.o)
 .bss           0x3ffea18c        0x8 c:/espressif/xtensa-lx106-elf/bin/../lib/gcc/xtensa-lx106-elf/4.8.2/../../../../xtensa-lx106-elf/lib\libc.a(lib_a-tzvars.o)
                0x3ffea18c                _timezone
                0x3ffea190                _daylight
 .bss           0x3ffea194        0x0 c:/espressif/xtensa-lx106-elf/bin/../lib/gcc/xtensa-lx106-elf/4.8.2/../../../../xtensa-lx106-elf/lib\libc.a(lib_a-ctype_.o)
 .bss           0x3ffea194        0x0 c:/espressif/xtensa-lx106-elf/bin/../lib/gcc/xtensa-lx106-elf/4.8.2/../../../../xtensa-lx106-elf/lib\libc.a(lib_a-gettzinfo.o)
 .bss           0x3ffea194        0x0 c:/espressif/xtensa-lx106-elf/bin/../lib/gcc/xtensa-lx106-elf/4.8.2/../../../../xtensa-lx106-elf/lib\libc.a(lib_a-impure.o)
 .bss           0x3ffea194        0x0 c:/espressif/xtensa-lx106-elf/bin/../lib/gcc/xtensa-lx106-elf/4.8.2\libgcc.a(_divsi3.o)
 .bss           0x3ffea194        0x0 c:/espressif/xtensa-lx106-elf/bin/../lib/gcc/xtensa-lx106-elf/4.8.2\libgcc.a(_modsi3.o)
 .bss           0x3ffea194        0x0 c:/espressif/xtensa-lx106-elf/bin/../lib/gcc/xtensa-lx106-elf/4.8.2\libgcc.a(_udivsi3.o)
 .bss           0x3ffea194        0x0 c:/espressif/xtensa-lx106-elf/bin/../lib/gcc/xtensa-lx106-elf/4.8.2\libgcc.a(_umodsi3.o)
 .bss           0x3ffea194        0x0 c:/espressif/xtensa-lx106-elf/bin/../lib/gcc/xtensa-lx106-elf/4.8.2\libgcc.a(_addsubsf3.o)
 .bss           0x3ffea194        0x0 c:/espressif/xtensa-lx106-elf/bin/../lib/gcc/xtensa-lx106-elf/4.8.2\libgcc.a(_mulsf3.o)
 .bss           0x3ffea194        0x0 c:/espressif/xtensa-lx106-elf/bin/../lib/gcc/xtensa-lx106-elf/4.8.2\libgcc.a(_divsf3.o)
 .bss           0x3ffea194        0x0 c:/espressif/xtensa-lx106-elf/bin/../lib/gcc/xtensa-lx106-elf/4.8.2\libgcc.a(_cmpsf2.o)
 .bss           0x3ffea194        0x0 c:/espressif/xtensa-lx106-elf/bin/../lib/gcc/xtensa-lx106-elf/4.8.2\libgcc.a(_fixsfsi.o)
 .bss           0x3ffea194        0x0 c:/espressif/xtensa-lx106-elf/bin/../lib/gcc/xtensa-lx106-elf/4.8.2\libgcc.a(_floatsisf.o)
 .bss           0x3ffea194        0x0 c:/espressif/xtensa-lx106-elf/bin/../lib/gcc/xtensa-lx106-elf/4.8.2\libgcc.a(_muldi3.o)
 .bss           0x3ffea194        0x0 c:/espressif/xtensa-lx106-elf/bin/../lib/gcc/xtensa-lx106-elf/4.8.2\libgcc.a(_umulsidi3.o)
 .bss           0x3ffea194        0x0 c:/espressif/xtensa-lx106-elf/bin/../lib/gcc/xtensa-lx106-elf/4.8.2/../../../../xtensa-lx106-elf/lib\libhal.a(int_asm--set_intclear.o)
 .bss           0x3ffea194        0x4 c:/Espressif/ESP8266_SDK/lib\libphy.a(phy.o)
 .bss           0x3ffea198        0x0 c:/Espressif/ESP8266_SDK/lib\libphy.a(phy_chip_v6_ana.o)
 *fill*         0x3ffea198        0x8 
 .bss           0x3ffea1a0      0x3ab c:/Espressif/ESP8266_SDK/lib\libphy.a(phy_chip_v6.o)
                0x3ffea1a0                g_phyFuns
                0x3ffea1a4                rxiq_compute_num
                0x3ffea1a8                rxdc_init_flag
                0x3ffea1ac                check_result
                0x3ffea1b0                chip6_sleep_params
                0x3ffea394                chip6_phy_init_ctrl
                0x3ffea408                phy_freq_offset
                0x3ffea40a                do_pwctrl_flag
                0x3ffea40b                pwctrl_debug
                0x3ffea40c                txbk_dpdby_flag
                0x3ffea40e                sw_scan_mode
                0x3ffea420                periodic_cal_dc_num
                0x3ffea424                periodic_cal_flag
                0x3ffea425                bbpll_cal_flag
                0x3ffea426                phy_in_most_power
                0x3ffea427                deep_sleep_en
                0x3ffea428                rtc_mem_check_fail
                0x3ffea429                rtc_recovery_en
                0x3ffea42a                phy_in_vdd33_offset
                0x3ffea42b                phy_set_most_tpw_disbg
                0x3ffea42c                phy_set_most_tpw_index
                0x3ffea430                adc_rand_noise
                0x3ffea434                dpd_bypass_original
                0x3ffea438                noise_array
                0x3ffea540                tx_pwctrl_atten_init
 *fill*         0x3ffea54b        0x1 
 .bss           0x3ffea54c        0x6 c:/Espressif/ESP8266_SDK/lib\libphy.a(phy_chip_v6_cal.o)
                0x3ffea54c                loop_pwctrl_pwdet_error_accum_high_power
                0x3ffea54e                tx_pwctrl_pk_num
                0x3ffea54f                loop_pwctrl_correct_atten_high_power
                0x3ffea550                tx_pwctrl_set_chan_flag
                0x3ffea551                rxiq_cover_fail_num
 .bss           0x3ffea552        0x0 c:/Espressif/ESP8266_SDK/lib\libphy.a(phy_chip_v6_unused.o)
 *fill*         0x3ffea552        0x2 
 .bss           0x3ffea554        0x7 c:/Espressif/ESP8266_SDK/lib\libphy.a(phy_sleep.o)
                0x3ffea554                periodic_cal_sat
                0x3ffea556                lslp_mem_opt_8266
                0x3ffea558                software_slp_reject
                0x3ffea559                SDIO_slp_reject
                0x3ffea55a                hardware_reject
 *fill*         0x3ffea55b        0x5 
 .bss           0x3ffea560       0x30 c:/Espressif/ESP8266_SDK/lib\libpp.a(if_hwctrl.o)
                0x3ffea560                interface_mask
                0x3ffea570                if_ctrl
 .bss           0x3ffea590      0x150 c:/Espressif/ESP8266_SDK/lib\libpp.a(lmac.o)
                0x3ffea594                lmacConfMib
 .bss           0x3ffea6e0      0x11a c:/Espressif/ESP8266_SDK/lib\libpp.a(pm.o)
 *fill*         0x3ffea7fa        0x6 
 .bss           0x3ffea800      0x2e2 c:/Espressif/ESP8266_SDK/lib\libpp.a(pp.o)
                0x3ffea818                pend_flag_noise_check
                0x3ffea820                pend_flag_periodic_cal
                0x3ffea838                idle_timer_reopen_flag
                0x3ffea839                dbg_stop_sw_wdt
                0x3ffea83a                dbg_stop_hw_wdt
                0x3ffea850                HighestFreqOffsetInOneChk
 *fill*         0x3ffeaae2        0xe 
 .bss           0x3ffeaaf0      0x100 c:/Espressif/ESP8266_SDK/lib\libpp.a(rate_control.o)
 .bss           0x3ffeabf0      0x448 c:/Espressif/ESP8266_SDK/lib\libpp.a(trc.o)
 *fill*         0x3ffeb038        0x8 
 .bss           0x3ffeb040     0x4e80 c:/Espressif/ESP8266_SDK/lib\libpp.a(wdev.o)
                0x3ffeb040                wDevCtrl
                0x3ffeb1e4                WdevTimOffSet
 .bss           0x3ffefec0     0x1294 c:/Espressif/ESP8266_SDK/lib\libpp.a(esf_buf.o)
 .bss           0x3fff1154      0x558 c:/Espressif/ESP8266_SDK/lib\libnet80211.a(ieee80211.o)
                0x3fff1154                g_ic
 .bss           0x3fff16ac        0x0 c:/Espressif/ESP8266_SDK/lib\libnet80211.a(ieee80211_crypto.o)
 .bss           0x3fff16ac        0x0 c:/Espressif/ESP8266_SDK/lib\libnet80211.a(ieee80211_ets.o)
 .bss           0x3fff16ac       0x38 c:/Espressif/ESP8266_SDK/lib\libnet80211.a(ieee80211_hostap.o)
                0x3fff16c4                TmpSTAAPCloseAP
                0x3fff16c5                PendFreeBcnEb
                0x3fff16d0                ApFreqCalTimer
 .bss           0x3fff16e4        0x0 c:/Espressif/ESP8266_SDK/lib\libnet80211.a(ieee80211_ht.o)
 .bss           0x3fff16e4        0x0 c:/Espressif/ESP8266_SDK/lib\libnet80211.a(ieee80211_input.o)
 .bss           0x3fff16e4        0x0 c:/Espressif/ESP8266_SDK/lib\libnet80211.a(ieee80211_output.o)
 .bss           0x3fff16e4        0x0 c:/Espressif/ESP8266_SDK/lib\libnet80211.a(ieee80211_phy.o)
 .bss           0x3fff16e4        0x0 c:/Espressif/ESP8266_SDK/lib\libnet80211.a(ieee80211_power.o)
 .bss           0x3fff16e4        0x0 c:/Espressif/ESP8266_SDK/lib\libnet80211.a(ieee80211_proto.o)
 .bss           0x3fff16e4       0xd0 c:/Espressif/ESP8266_SDK/lib\libnet80211.a(ieee80211_scan.o)
                0x3fff16e4                gScanStruct
                0x3fff1798                FreqCalCntForScan
                0x3fff179a                TestStaFreqCalValInput
                0x3fff179c                auth_type
                0x3fff179e                scannum
 .bss           0x3fff17b4        0x0 c:/Espressif/ESP8266_SDK/lib\libnet80211.a(ieee80211_sta.o)
 .bss           0x3fff17b4       0x3c c:/Espressif/ESP8266_SDK/lib\libnet80211.a(wl_chm.o)
 .bss           0x3fff17f0      0x418 c:/Espressif/ESP8266_SDK/lib\libnet80211.a(wl_cnx.o)
                0x3fff1bf0                sta_con_timer
                0x3fff1c04                g_cnx_probe_rc_list_cb
 .bss           0x3fff1c08        0x0 c:/Espressif/ESP8266_SDK/lib\libnet80211.a(ieee80211_action.o)
 *fill*         0x3fff1c08        0x8 
 .bss           0x3fff1c10       0x38 c:/Espressif/ESP8266_SDK/lib\liblwip.a(dhcp.o)
                0x3fff1c10                dhcp_rx_options_given
                0x3fff1c20                dhcp_rx_options_val
 .bss           0x3fff1c48      0x248 c:/Espressif/ESP8266_SDK/lib\liblwip.a(dhcpserver.o)
                0x3fff1c58                s
 .bss           0x3fff1e90      0x690 c:/Espressif/ESP8266_SDK/lib\liblwip.a(dns.o)
 .bss           0x3fff2520      0x104 c:/Espressif/ESP8266_SDK/lib\liblwip.a(espconn.o)
                0x3fff2520                plink_active
                0x3fff2524                pserver_list
                0x3fff2530                premot
                0x3fff25f0                pktinfo
 *fill*         0x3fff2624        0xc 
 .bss           0x3fff2630       0x78 c:/Espressif/ESP8266_SDK/lib\liblwip.a(espconn_tcp.o)
                0x3fff2630                espconn_TaskQueue
 .bss           0x3fff26a8        0x0 c:/Espressif/ESP8266_SDK/lib\liblwip.a(espconn_udp.o)
 *fill*         0x3fff26a8        0x8 
 .bss           0x3fff26b0      0x100 c:/Espressif/ESP8266_SDK/lib\liblwip.a(etharp.o)
 .bss           0x3fff27b0        0xc c:/Espressif/ESP8266_SDK/lib\liblwip.a(igmp.o)
 .bss           0x3fff27bc        0x0 c:/Espressif/ESP8266_SDK/lib\liblwip.a(inet_chksum.o)
 .bss           0x3fff27bc        0x0 c:/Espressif/ESP8266_SDK/lib\liblwip.a(init.o)
 *fill*         0x3fff27bc        0x4 
 .bss           0x3fff27c0       0x10 c:/Espressif/ESP8266_SDK/lib\liblwip.a(ip_addr.o)
 .bss           0x3fff27d0       0x12 c:/Espressif/ESP8266_SDK/lib\liblwip.a(ip.o)
                0x3fff27d0                current_iphdr_dest
                0x3fff27d4                current_iphdr_src
                0x3fff27d8                current_netif
                0x3fff27dc                current_header
 *fill*         0x3fff27e2        0xe 
 .bss           0x3fff27f0      0x421 c:/Espressif/ESP8266_SDK/lib\liblwip.a(mdns.o)
                0x3fff27f4                PUCK_SERVICE
                0x3fff27fc                PUCK_PORT
                0x3fff2808                mdns_timer
 .bss           0x3fff2c11        0x0 c:/Espressif/ESP8266_SDK/lib\liblwip.a(memp.o)
 *fill*         0x3fff2c11        0x3 
 .bss           0x3fff2c14        0x9 c:/Espressif/ESP8266_SDK/lib\liblwip.a(netif.o)
                0x3fff2c14                netif_list
                0x3fff2c18                netif_default
 .bss           0x3fff2c1d        0x0 c:/Espressif/ESP8266_SDK/lib\liblwip.a(pbuf.o)
 *fill*         0x3fff2c1d        0x3 
 .bss           0x3fff2c20        0x4 c:/Espressif/ESP8266_SDK/lib\liblwip.a(raw.o)
 .bss           0x3fff2c24       0x34 c:/Espressif/ESP8266_SDK/lib\liblwip.a(tcp_in.o)
                0x3fff2c54                tcp_input_pcb
 .bss           0x3fff2c58       0x1c c:/Espressif/ESP8266_SDK/lib\liblwip.a(tcp.o)
                0x3fff2c5c                tcp_active_pcbs
                0x3fff2c60                tcp_tmp_pcb
                0x3fff2c64                tcp_tw_pcbs
                0x3fff2c68                tcp_bound_pcbs
                0x3fff2c6c                tcp_listen_pcbs
                0x3fff2c70                tcp_ticks
 .bss           0x3fff2c74        0x0 c:/Espressif/ESP8266_SDK/lib\liblwip.a(tcp_out.o)
 .bss           0x3fff2c74        0xc c:/Espressif/ESP8266_SDK/lib\liblwip.a(timers.o)
 .bss           0x3fff2c80        0x4 c:/Espressif/ESP8266_SDK/lib\liblwip.a(udp.o)
                0x3fff2c80                udp_pcbs
 .bss           0x3fff2c84        0x0 c:/Espressif/ESP8266_SDK/lib\liblwip.a(icmp.o)
 .bss           0x3fff2c84        0x0 c:/Espressif/ESP8266_SDK/lib\libwpa.a(ap_config.o)
 .bss           0x3fff2c84        0x0 c:/Espressif/ESP8266_SDK/lib\libwpa.a(common.o)
 .bss           0x3fff2c84        0x0 c:/Espressif/ESP8266_SDK/lib\libwpa.a(os_xtensa.o)
 .bss           0x3fff2c84        0x0 c:/Espressif/ESP8266_SDK/lib\libwpa.a(wpa_auth.o)
 .bss           0x3fff2c84        0x0 c:/Espressif/ESP8266_SDK/lib\libwpa.a(wpa_auth_ie.o)
 *fill*         0x3fff2c84        0xc 
 .bss           0x3fff2c90      0x27a c:/Espressif/ESP8266_SDK/lib\libwpa.a(wpa.o)
 .bss           0x3fff2f0a        0x0 c:/Espressif/ESP8266_SDK/lib\libwpa.a(wpa_common.o)
 .bss           0x3fff2f0a        0x0 c:/Espressif/ESP8266_SDK/lib\libwpa.a(wpa_debug.o)
 .bss           0x3fff2f0a        0x0 c:/Espressif/ESP8266_SDK/lib\libwpa.a(wpa_ie.o)
 .bss           0x3fff2f0a        0x0 c:/Espressif/ESP8266_SDK/lib\libwpa.a(wpa_main.o)
 .bss           0x3fff2f0a        0x0 c:/Espressif/ESP8266_SDK/lib\libwpa.a(wpas_glue.o)
 .bss           0x3fff2f0a        0x0 c:/Espressif/ESP8266_SDK/lib\libwpa.a(aes-wrap.o)
 .bss           0x3fff2f0a        0x0 c:/Espressif/ESP8266_SDK/lib\libwpa.a(aes-internal-enc.o)
 .bss           0x3fff2f0a        0x0 c:/Espressif/ESP8266_SDK/lib\libssl.a(espconn_secure.o)
 *fill*         0x3fff2f0a        0x6 
 .bss           0x3fff2f10       0x88 c:/Espressif/ESP8266_SDK/lib\libssl.a(espconn_ssl.o)
 .bss           0x3fff2f98        0x0 c:/Espressif/ESP8266_SDK/lib\libssl.a(ssl_tls1_clnt.o)
 .bss           0x3fff2f98        0x0 c:/Espressif/ESP8266_SDK/lib\libssl.a(ssl_tls1.o)
 .bss           0x3fff2f98        0x0 c:/Espressif/ESP8266_SDK/lib\libssl.a(ssl_tls1_svr.o)
 .bss           0x3fff2f98        0x0 c:/Espressif/ESP8266_SDK/lib\libssl.a(ssl_x509.o)
 .bss           0x3fff2f98        0x0 c:/Espressif/ESP8266_SDK/lib\libssl.a(ssl_aes.o)
 .bss           0x3fff2f98        0x0 c:/Espressif/ESP8266_SDK/lib\libssl.a(ssl_asn1.o)
 .bss           0x3fff2f98        0x0 c:/Espressif/ESP8266_SDK/lib\libssl.a(ssl_bigint.o)
 .bss           0x3fff2f98        0x8 c:/Espressif/ESP8266_SDK/lib\libssl.a(ssl_crypto_misc.o)
                0x3fff2f98                hex_finish
                0x3fff2f9c                hex_index
 .bss           0x3fff2fa0        0x0 c:/Espressif/ESP8266_SDK/lib\libssl.a(ssl_hmac.o)
 .bss           0x3fff2fa0        0x0 c:/Espressif/ESP8266_SDK/lib\libssl.a(ssl_loader.o)
 .bss           0x3fff2fa0        0x0 c:/Espressif/ESP8266_SDK/lib\libssl.a(ssl_md2.o)
 .bss           0x3fff2fa0        0x0 c:/Espressif/ESP8266_SDK/lib\libssl.a(ssl_md5.o)
 .bss           0x3fff2fa0        0x0 c:/Espressif/ESP8266_SDK/lib\libssl.a(ssl_rc4.o)
 .bss           0x3fff2fa0        0x0 c:/Espressif/ESP8266_SDK/lib\libssl.a(ssl_rsa.o)
 .bss           0x3fff2fa0        0x0 c:/Espressif/ESP8266_SDK/lib\libssl.a(ssl_sha1.o)
 .bss           0x3fff2fa0        0x0 c:/espressif/xtensa-lx106-elf/bin/../lib/gcc/xtensa-lx106-elf/4.8.2/../../../../xtensa-lx106-elf/lib\libc.a(lib_a-memcmp.o)
 .bss           0x3fff2fa0        0x0 c:/espressif/xtensa-lx106-elf/bin/../lib/gcc/xtensa-lx106-elf/4.8.2/../../../../xtensa-lx106-elf/lib\libc.a(lib_a-memset.o)
 .bss           0x3fff2fa0        0x0 c:/espressif/xtensa-lx106-elf/bin/../lib/gcc/xtensa-lx106-elf/4.8.2\libgcc.a(_ashrdi3.o)
 .bss           0x3fff2fa0        0x0 c:/espressif/xtensa-lx106-elf/bin/../lib/gcc/xtensa-lx106-elf/4.8.2\libgcc.a(_fixunssfsi.o)
 .bss           0x3fff2fa0        0x0 c:/espressif/xtensa-lx106-elf/bin/../lib/gcc/xtensa-lx106-elf/4.8.2\libgcc.a(_muldf3.o)
 .bss           0x3fff2fa0        0x0 c:/espressif/xtensa-lx106-elf/bin/../lib/gcc/xtensa-lx106-elf/4.8.2\libgcc.a(_divdf3.o)
 .bss           0x3fff2fa0        0x0 c:/espressif/xtensa-lx106-elf/bin/../lib/gcc/xtensa-lx106-elf/4.8.2\libgcc.a(_fixdfsi.o)
 .bss           0x3fff2fa0        0x0 c:/espressif/xtensa-lx106-elf/bin/../lib/gcc/xtensa-lx106-elf/4.8.2\libgcc.a(_floatsidf.o)
 .bss           0x3fff2fa0        0x0 c:/espressif/xtensa-lx106-elf/bin/../lib/gcc/xtensa-lx106-elf/4.8.2\libgcc.a(_truncdfsf2.o)
 .bss           0x3fff2fa0        0x0 c:/espressif/xtensa-lx106-elf/bin/../lib/gcc/xtensa-lx106-elf/4.8.2\libgcc.a(_popcountsi2.o)
 .bss           0x3fff2fa0        0x0 c:/espressif/xtensa-lx106-elf/bin/../lib/gcc/xtensa-lx106-elf/4.8.2\libgcc.a(_divdi3.o)
 .bss           0x3fff2fa0        0x0 c:/espressif/xtensa-lx106-elf/bin/../lib/gcc/xtensa-lx106-elf/4.8.2\libgcc.a(_udivdi3.o)
 .bss           0x3fff2fa0        0x0 c:/espressif/xtensa-lx106-elf/bin/../lib/gcc/xtensa-lx106-elf/4.8.2\libgcc.a(_umoddi3.o)
 .bss           0x3fff2fa0        0x0 c:/espressif/xtensa-lx106-elf/bin/../lib/gcc/xtensa-lx106-elf/4.8.2\libgcc.a(_popcount_tab.o)
 .bss           0x3fff2fa0        0x0 c:/Espressif/ESP8266_SDK/lib\libnet80211.a(ieee80211_crypto_ccmp.o)
 .bss           0x3fff2fa0        0x8 c:/Espressif/ESP8266_SDK/lib\libnet80211.a(ieee80211_crypto_tkip.o)
 .bss           0x3fff2fa8        0x0 c:/Espressif/ESP8266_SDK/lib\libnet80211.a(ieee80211_crypto_wep.o)
 *(.bss.*)
 *(.gnu.linkonce.b.*)
 *(COMMON)
 COMMON         0x3fff2fa8       0xd5 build/app_app.a(user_main.o)
                0x3fff2fa8                mqttClient
                0x3fff3074                currentOutputs
                0x3fff3078                outputOverrides
                0x3fff307c                mqttConnected
 *fill*         0x3fff307d        0x3 
 COMMON         0x3fff3080       0x10 build/app_app.a(mqtt.o)
                0x3fff3080                default_private_key
                0x3fff3084                default_certificate
                0x3fff3088                mqtt_procTaskQueue
 COMMON         0x3fff3090      0x178 build/app_app.a(config.o)
                0x3fff3090                sysCfg
                0x3fff3204                saveFlag
                0x3fff3208                . = ALIGN (0x8)
                0x3fff3208                _bss_end = ABSOLUTE (.)
                0x3fff3208                _heap_start = ABSOLUTE (.)

.text           0x40100000     0x7aee
                0x40100000                _stext = .
                0x40100000                _text_start = ABSOLUTE (.)
 *(.UserEnter.text)
 .UserEnter.text
                0x40100000        0xd c:/Espressif/ESP8266_SDK/lib\libmain.a(vector.o)
                                 0x14 (size before relaxing)
                0x40100004                call_user_start
                0x40100010                . = ALIGN (0x10)
 *fill*         0x4010000d        0x3 
 *(.DebugExceptionVector.text)
 .DebugExceptionVector.text
                0x40100010        0x6 c:/Espressif/ESP8266_SDK/lib\libmain.a(debug-vector.o)
                0x40100010                _DebugExceptionVector
                0x40100020                . = ALIGN (0x10)
 *fill*         0x40100016        0xa 
 *(.NMIExceptionVector.text)
 .NMIExceptionVector.text
                0x40100020        0x6 c:/Espressif/ESP8266_SDK/lib\libmain.a(nmi-vector.o)
                                  0xd (size before relaxing)
                0x40100020                _NMIExceptionVector
                0x40100030                . = ALIGN (0x10)
 *fill*         0x40100026        0xa 
 *(.KernelExceptionVector.text)
 .KernelExceptionVector.text
                0x40100030        0x6 c:/Espressif/ESP8266_SDK/lib\libmain.a(kernel-vector.o)
                0x40100030                _KernelExceptionVector
                0x40100036        0x4 LONG 0x0
                0x4010003a        0x4 LONG 0x0
                0x4010003e        0x4 LONG 0x0
                0x40100042        0x4 LONG 0x0
                0x40100050                . = ALIGN (0x10)
 *fill*         0x40100046        0xa 
 *(.UserExceptionVector.text)
 .UserExceptionVector.text
                0x40100050        0x6 c:/Espressif/ESP8266_SDK/lib\libmain.a(user-vector.o)
                                  0xd (size before relaxing)
                0x40100050                _UserExceptionVector
                0x40100056        0x4 LONG 0x0
                0x4010005a        0x4 LONG 0x0
                0x4010005e        0x4 LONG 0x0
                0x40100062        0x4 LONG 0x0
                0x40100070                . = ALIGN (0x10)
 *fill*         0x40100066        0xa 
 *(.DoubleExceptionVector.text)
 .DoubleExceptionVector.text
                0x40100070        0x6 c:/Espressif/ESP8266_SDK/lib\libmain.a(double-vector.o)
                0x40100070                _DoubleExceptionVector
                0x40100076        0x4 LONG 0x0
                0x4010007a        0x4 LONG 0x0
                0x4010007e        0x4 LONG 0x0
                0x40100082        0x4 LONG 0x0
                0x40100090                . = ALIGN (0x10)
 *fill*         0x40100086        0xa 
 *(.entry.text)
 *(.init.literal)
 *(.init)
 *(.literal .text .literal.* .text.* .stub .gnu.warning .gnu.linkonce.literal.* .gnu.linkonce.t.*.literal .gnu.linkonce.t.*)
 .text          0x40100090       0xc7 c:/Espressif/ESP8266_SDK/lib\libmain.a(nmi-vector.o)
                                 0xcb (size before relaxing)
                0x4010009c                _NMILevelVector
 *fill*         0x40100157        0x1 
 .text          0x40100158       0x1e c:/Espressif/ESP8266_SDK/lib\libmain.a(user-vector.o)
                0x4010015c                _UserExceptionVector_1
 *fill*         0x40100176        0x2 
 .text          0x40100178      0x51e c:/Espressif/ESP8266_SDK/lib\libmain.a(app_main.o)
                                0x58a (size before relaxing)
                0x40100180                Cache_Read_Enable_New
                0x401001bc                NmiTimSetFunc
                0x401001e0                NMI_Handler
                0x40100238                call_user_start_local
 *fill*         0x40100696        0x2 
 .text          0x40100698      0x229 c:/Espressif/ESP8266_SDK/lib\libmain.a(ets_timer.o)
                                0x251 (size before relaxing)
                0x40100704                ets_timer_setfn
                0x40100780                ets_timer_disarm
                0x40100800                ets_timer_arm_new
 *fill*         0x401008c1        0x3 
 .text          0x401008c4      0x1d1 c:/Espressif/ESP8266_SDK/lib\libmain.a(mem_manager.o)
                                0x205 (size before relaxing)
                0x401008c8                xPortWantedSizeAlign
                0x401008f0                pvPortMalloc
                0x40100998                vPortFree
                0x401009d8                pvPortCalloc
                0x40100a00                pvPortZalloc
                0x40100a14                pvPortRealloc
                0x40100a4c                vPortInitialiseBlocks
 *fill*         0x40100a95        0x3 
 .text          0x40100a98      0x185 c:/Espressif/ESP8266_SDK/lib\libmain.a(spi_flash.o)
                                0x1c5 (size before relaxing)
                0x40100aa8                spi_flash_get_id
                0x40100b04                spi_flash_read_status
                0x40100b38                spi_flash_write_status
                0x40100b6c                spi_flash_erase_sector
                0x40100b98                spi_flash_write
                0x40100be4                spi_flash_read
 *fill*         0x40100c1d        0x3 
 .text          0x40100c20      0x4fa c:/Espressif/ESP8266_SDK/lib\libmain.a(user_interface.o)
                                0x57e (size before relaxing)
                0x40100c38                os_printf_plus
                0x40100d58                system_restart_local
                0x40101004                system_phy_temperature_alert
                0x40101020                system_get_time
                0x40101038                system_os_post
                0x4010106c                system_rtc_mem_write
                0x401010c4                system_rtc_mem_read
 *fill*         0x4010111a        0x2 
 .text          0x4010111c      0x242 build/app_app.a(user_main.o)
                                0x26e (size before relaxing)
                0x401012a0                user_rf_pre_init
                0x4010133c                user_init
 *fill*         0x4010135e        0x2 
 .text          0x40101360      0x14b build/app_app.a(easygpio.o)
                                0x157 (size before relaxing)
                0x40101368                easygpio_outputSet
                0x401013cc                easygpio_inputGet
                0x40101408                easygpio_outputDisable
                0x40101444                easygpio_outputEnable
 *fill*         0x401014ab        0x1 
 .literal       0x401014ac        0x0 c:/espressif/xtensa-lx106-elf/bin/../lib/gcc/xtensa-lx106-elf/4.8.2/../../../../xtensa-lx106-elf/lib\libc.a(lib_a-atoi.o)
                                  0x8 (size before relaxing)
 .literal       0x401014ac        0x4 c:/espressif/xtensa-lx106-elf/bin/../lib/gcc/xtensa-lx106-elf/4.8.2/../../../../xtensa-lx106-elf/lib\libc.a(lib_a-lcltime.o)
                                  0x8 (size before relaxing)
 .literal       0x401014b0        0x0 c:/espressif/xtensa-lx106-elf/bin/../lib/gcc/xtensa-lx106-elf/4.8.2/../../../../xtensa-lx106-elf/lib\libc.a(lib_a-lcltime_r.o)
                                  0x4 (size before relaxing)
 .literal       0x401014b0       0x14 c:/espressif/xtensa-lx106-elf/bin/../lib/gcc/xtensa-lx106-elf/4.8.2/../../../../xtensa-lx106-elf/lib\libc.a(lib_a-mktm_r.o)
                                 0x84 (size before relaxing)
 .literal       0x401014c4       0x14 c:/espressif/xtensa-lx106-elf/bin/../lib/gcc/xtensa-lx106-elf/4.8.2/../../../../xtensa-lx106-elf/lib\libc.a(lib_a-strcmp.o)
                                 0x20 (size before relaxing)
 .literal       0x401014d8        0x0 c:/espressif/xtensa-lx106-elf/bin/../lib/gcc/xtensa-lx106-elf/4.8.2/../../../../xtensa-lx106-elf/lib\libc.a(lib_a-strcpy.o)
                                  0xc (size before relaxing)
 .literal       0x401014d8        0x0 c:/espressif/xtensa-lx106-elf/bin/../lib/gcc/xtensa-lx106-elf/4.8.2/../../../../xtensa-lx106-elf/lib\libc.a(lib_a-strlen.o)
                                  0xc (size before relaxing)
 .literal       0x401014d8        0xc c:/espressif/xtensa-lx106-elf/bin/../lib/gcc/xtensa-lx106-elf/4.8.2/../../../../xtensa-lx106-elf/lib\libc.a(lib_a-strtol.o)
                                 0x18 (size before relaxing)
 .literal       0x401014e4        0x4 c:/espressif/xtensa-lx106-elf/bin/../lib/gcc/xtensa-lx106-elf/4.8.2/../../../../xtensa-lx106-elf/lib\libc.a(lib_a-gettzinfo.o)
 .literal       0x401014e8        0x4 c:/espressif/xtensa-lx106-elf/bin/../lib/gcc/xtensa-lx106-elf/4.8.2\libgcc.a(_addsubsf3.o)
                                  0xc (size before relaxing)
 .literal       0x401014ec        0x0 c:/espressif/xtensa-lx106-elf/bin/../lib/gcc/xtensa-lx106-elf/4.8.2\libgcc.a(_mulsf3.o)
                                 0x10 (size before relaxing)
 .literal       0x401014ec        0x0 c:/espressif/xtensa-lx106-elf/bin/../lib/gcc/xtensa-lx106-elf/4.8.2\libgcc.a(_divsf3.o)
                                 0x10 (size before relaxing)
 .literal       0x401014ec        0x0 c:/espressif/xtensa-lx106-elf/bin/../lib/gcc/xtensa-lx106-elf/4.8.2\libgcc.a(_cmpsf2.o)
                                 0x18 (size before relaxing)
 .literal       0x401014ec        0x0 c:/espressif/xtensa-lx106-elf/bin/../lib/gcc/xtensa-lx106-elf/4.8.2\libgcc.a(_fixsfsi.o)
                                  0x4 (size before relaxing)
 .literal       0x401014ec        0x0 c:/espressif/xtensa-lx106-elf/bin/../lib/gcc/xtensa-lx106-elf/4.8.2\libgcc.a(_muldi3.o)
                                  0x4 (size before relaxing)
 .literal       0x401014ec        0x0 c:/espressif/xtensa-lx106-elf/bin/../lib/gcc/xtensa-lx106-elf/4.8.2\libgcc.a(_fixunssfsi.o)
                                  0x4 (size before relaxing)
 .literal       0x401014ec        0x8 c:/espressif/xtensa-lx106-elf/bin/../lib/gcc/xtensa-lx106-elf/4.8.2\libgcc.a(_muldf3.o)
                                 0x10 (size before relaxing)
 .literal       0x401014f4        0x0 c:/espressif/xtensa-lx106-elf/bin/../lib/gcc/xtensa-lx106-elf/4.8.2\libgcc.a(_divdf3.o)
                                 0x10 (size before relaxing)
 .literal       0x401014f4        0x0 c:/espressif/xtensa-lx106-elf/bin/../lib/gcc/xtensa-lx106-elf/4.8.2\libgcc.a(_fixdfsi.o)
                                  0x4 (size before relaxing)
 .literal       0x401014f4        0x4 c:/espressif/xtensa-lx106-elf/bin/../lib/gcc/xtensa-lx106-elf/4.8.2\libgcc.a(_truncdfsf2.o)
                                  0x8 (size before relaxing)
 .literal       0x401014f8        0x4 c:/espressif/xtensa-lx106-elf/bin/../lib/gcc/xtensa-lx106-elf/4.8.2\libgcc.a(_popcountsi2.o)
 .literal       0x401014fc        0x0 c:/espressif/xtensa-lx106-elf/bin/../lib/gcc/xtensa-lx106-elf/4.8.2\libgcc.a(_divdi3.o)
                                 0x48 (size before relaxing)
 .literal       0x401014fc        0x0 c:/espressif/xtensa-lx106-elf/bin/../lib/gcc/xtensa-lx106-elf/4.8.2\libgcc.a(_udivdi3.o)
                                 0x48 (size before relaxing)
 .literal       0x401014fc        0x0 c:/espressif/xtensa-lx106-elf/bin/../lib/gcc/xtensa-lx106-elf/4.8.2\libgcc.a(_umoddi3.o)
                                 0x40 (size before relaxing)
 .text          0x401014fc       0x27 c:/espressif/xtensa-lx106-elf/bin/../lib/gcc/xtensa-lx106-elf/4.8.2/../../../../xtensa-lx106-elf/lib\libc.a(lib_a-atoi.o)
                                 0x2f (size before relaxing)
                0x401014fc                atoi
                0x40101510                _atoi_r
 *fill*         0x40101523        0x1 
 .text          0x40101524       0x17 c:/espressif/xtensa-lx106-elf/bin/../lib/gcc/xtensa-lx106-elf/4.8.2/../../../../xtensa-lx106-elf/lib\libc.a(lib_a-lcltime.o)
                                 0x1b (size before relaxing)
                0x40101524                localtime
 *fill*         0x4010153b        0x1 
 .text          0x4010153c       0x14 c:/espressif/xtensa-lx106-elf/bin/../lib/gcc/xtensa-lx106-elf/4.8.2/../../../../xtensa-lx106-elf/lib\libc.a(lib_a-lcltime_r.o)
                0x4010153c                localtime_r
 .text          0x40101550      0x47c c:/espressif/xtensa-lx106-elf/bin/../lib/gcc/xtensa-lx106-elf/4.8.2/../../../../xtensa-lx106-elf/lib\libc.a(lib_a-mktm_r.o)
                                0x4bc (size before relaxing)
                0x40101550                __tzcalc_limits
                0x401016cc                _mktm_r
 .text          0x401019cc       0xff c:/espressif/xtensa-lx106-elf/bin/../lib/gcc/xtensa-lx106-elf/4.8.2/../../../../xtensa-lx106-elf/lib\libc.a(lib_a-strcmp.o)
                0x401019cc                strcmp
 *fill*         0x40101acb        0x1 
 .text          0x40101acc       0x83 c:/espressif/xtensa-lx106-elf/bin/../lib/gcc/xtensa-lx106-elf/4.8.2/../../../../xtensa-lx106-elf/lib\libc.a(lib_a-strcpy.o)
                0x40101acc                strcpy
 *fill*         0x40101b4f        0x1 
 .text          0x40101b50       0x5b c:/espressif/xtensa-lx106-elf/bin/../lib/gcc/xtensa-lx106-elf/4.8.2/../../../../xtensa-lx106-elf/lib\libc.a(lib_a-strlen.o)
                0x40101b50                strlen
 *fill*         0x40101bab        0x1 
 .text          0x40101bac      0x173 c:/espressif/xtensa-lx106-elf/bin/../lib/gcc/xtensa-lx106-elf/4.8.2/../../../../xtensa-lx106-elf/lib\libc.a(lib_a-strtol.o)
                                0x177 (size before relaxing)
                0x40101bac                _strtol_r
                0x40101d00                strtol
 *fill*         0x40101d1f        0x1 
 .text          0x40101d20        0x5 c:/espressif/xtensa-lx106-elf/bin/../lib/gcc/xtensa-lx106-elf/4.8.2/../../../../xtensa-lx106-elf/lib\libc.a(lib_a-gettzinfo.o)
                0x40101d20                __gettzinfo
 *fill*         0x40101d25        0x3 
 .text          0x40101d28      0x1ff c:/espressif/xtensa-lx106-elf/bin/../lib/gcc/xtensa-lx106-elf/4.8.2\libgcc.a(_addsubsf3.o)
                0x40101d44                __addsf3
                0x40101e2c                __subsf3
 *fill*         0x40101f27        0x1 
 .text          0x40101f28      0x15d c:/espressif/xtensa-lx106-elf/bin/../lib/gcc/xtensa-lx106-elf/4.8.2\libgcc.a(_mulsf3.o)
                0x40101fa0                __mulsf3
 *fill*         0x40102085        0x3 
 .text          0x40102088      0x135 c:/espressif/xtensa-lx106-elf/bin/../lib/gcc/xtensa-lx106-elf/4.8.2\libgcc.a(_divsf3.o)
                0x40102104                __divsf3
 *fill*         0x401021bd        0x3 
 .text          0x401021c0      0x122 c:/espressif/xtensa-lx106-elf/bin/../lib/gcc/xtensa-lx106-elf/4.8.2\libgcc.a(_cmpsf2.o)
                0x401021c0                __nesf2
                0x401021c0                __eqsf2
                0x401021e8                __gtsf2
                0x40102208                __lesf2
                0x40102254                __gesf2
                0x40102274                __ltsf2
                0x401022c0                __unordsf2
 *fill*         0x401022e2        0x2 
 .text          0x401022e4       0x40 c:/espressif/xtensa-lx106-elf/bin/../lib/gcc/xtensa-lx106-elf/4.8.2\libgcc.a(_fixsfsi.o)
                0x401022e4                __fixsfsi
 .text          0x40102324       0x36 c:/espressif/xtensa-lx106-elf/bin/../lib/gcc/xtensa-lx106-elf/4.8.2\libgcc.a(_muldi3.o)
                0x40102324                __muldi3
 *fill*         0x4010235a        0x2 
 .text          0x4010235c       0x53 c:/Espressif/ESP8266_SDK/lib\libphy.a(phy.o)
                                 0x5f (size before relaxing)
                0x40102364                register_phy_ops
                0x40102384                register_get_phy_addr
                0x4010238c                phy_change_channel
                0x401023a4                phy_get_mactime
 *fill*         0x401023af        0x1 
 .text          0x401023b0       0xbf c:/Espressif/ESP8266_SDK/lib\libphy.a(phy_chip_v6_cal.o)
                0x401023b0                unsign_to_sign
                0x401023e8                phy_get_bb_freqoffset
 *fill*         0x4010246f        0x1 
 .text          0x40102470       0xeb c:/Espressif/ESP8266_SDK/lib\libphy.a(phy_sleep.o)
                                0x103 (size before relaxing)
                0x40102478                pm_rtc_clock_cali
                0x40102530                clockgate_watchdog
 *fill*         0x4010255b        0x1 
 .text          0x4010255c     0x14b6 c:/Espressif/ESP8266_SDK/lib\libpp.a(lmac.o)
                               0x182a (size before relaxing)
                0x40102560                lmacIsActive
                0x40102574                lmacIsIdle
                0x401029bc                lmacSetAcParam
                0x40102a10                lmacProcessTXStartData
                0x40102bb8                lmacProcessTxSuccess
                0x40102d00                GetAccess
                0x40102d0c                lmacDiscardAgedMSDU
                0x40102d20                lmacRecycleMPDU
                0x40103214                lmacProcessCollisions
                0x40103270                lmacProcessCollision
                0x401032f4                lmacMSDUAged
                0x40103678                lmacProcessCtsTimeout
                0x401036c0                lmacProcessAckTimeout
                0x40103714                lmacProcessRtsStart
                0x40103720                lmacProcessTxRtsError
                0x401037bc                lmacProcessTxError
                0x40103848                lmacTxFrame
                0x401039fc                lmacRxDone
 *fill*         0x40103a12        0x2 
 .text          0x40103a14      0xa6c c:/Espressif/ESP8266_SDK/lib\libpp.a(pp.o)
                                0xbac (size before relaxing)
                0x40103a44                pp_soft_wdt_feed
                0x40103ab8                ppProcessTxQ
                0x40103b30                ppFetchTxQFirstAvail
                0x40103b70                ppDequeueTxQ
                0x40103b98                ppRollBackTxQ
                0x40103bbc                ppRecordBarRRC
                0x40103bcc                ppTxqUpdateBitmap
                0x40103bf4                ppEnqueueTxDone
                0x40103c28                ppEnqueueRxq
                0x40104304                ppDiscardMPDU
                0x40104328                pp_post
                0x4010436c                pp_post2
                0x40104394                ppCalTxop
                0x40104410                ppCalFrameTimes
 .text          0x40104480       0xf5 c:/Espressif/ESP8266_SDK/lib\libpp.a(rate_control.o)
                                0x109 (size before relaxing)
                0x401044a0                RC_GetAckRate
                0x401044ac                RC_GetRtsRate
                0x401044bc                RC_GetAckTime
                0x401044d0                RC_GetCtsTime
                0x40104508                RC_GetBlockAckTime
 *fill*         0x40104575        0x3 
 .text          0x40104578      0x809 c:/Espressif/ESP8266_SDK/lib\libpp.a(trc.o)
                                0x83d (size before relaxing)
                0x401046ec                rcUpdateTxDone
                0x40104780                rcUpdateRxDone
                0x401047dc                rcUpdateDataRxDone
                0x401047f4                rcGetSched
                0x401048a0                rcGetRate
                0x40104cb4                rcReachRetryLimit
                0x40104ccc                trc_NeedRTS
 *fill*         0x40104d81        0x3 
 .text          0x40104d84     0x1094 c:/Espressif/ESP8266_SDK/lib\libpp.a(wdev.o)
                               0x134c (size before relaxing)
                0x40105150                wDev_MacTim1SetFunc
                0x4010516c                wDev_MacTim1Arm
                0x401051fc                wDev_ProcessFiq
                0x4010551c                wDev_EnableTransmit
                0x40105558                wDev_DisableTransmit
                0x40105578                Tx_Copy2Queue
                0x401055c0                wDev_ProcessCollision
                0x401055e4                wDev_GetTxqCollisions
                0x401055f4                wDev_ClearTxqCollisions
                0x40105610                wDev_SetWaitingQueue
                0x4010565c                wDev_ClearWaitingQueue
                0x40105680                wDev_SetFrameAckType
                0x401056e4                wDev_AppendRxBlocks
                0x40105844                wDev_AppendRxAmpduLensBlocks
                0x40105934                wDev_GetBAInfo
                0x40105964                wDevDisableRx
 .text          0x40105e18      0x25e c:/Espressif/ESP8266_SDK/lib\libpp.a(esf_buf.o)
                                0x2fa (size before relaxing)
                0x40105e1c                esf_rx_buf_alloc
                0x40105e70                esf_buf_alloc
                0x40105f94                esf_buf_recycle
 *fill*         0x40106076        0x2 
 .text          0x40106078       0xcf c:/Espressif/ESP8266_SDK/lib\libnet80211.a(wl_chm.o)
                                 0xe7 (size before relaxing)
                0x4010607c                chm_acquire_lock
                0x401060c0                chm_release_lock
                0x401060d8                chm_cancel_op
                0x40106114                chm_return_home_channel
                0x40106140                chm_get_current_channel
 *fill*         0x40106147        0x1 
 .text          0x40106148       0x21 c:/Espressif/ESP8266_SDK/lib\liblwip.a(dns.o)
                0x40106150                dns_tmr
 *fill*         0x40106169        0x3 
 .text          0x4010616c       0x3a c:/Espressif/ESP8266_SDK/lib\liblwip.a(espconn.o)
                                 0x46 (size before relaxing)
                0x40106174                espconn_port
 *fill*         0x401061a6        0x2 
 .text          0x401061a8       0x33 c:/Espressif/ESP8266_SDK/lib\liblwip.a(etharp.o)
                                 0x37 (size before relaxing)
 *fill*         0x401061db        0x1 
 .text          0x401061dc      0x1cc c:/Espressif/ESP8266_SDK/lib\liblwip.a(tcp.o)
                                0x1ec (size before relaxing)
 .text          0x401063a8      0x15c c:/Espressif/ESP8266_SDK/lib\liblwip.a(tcp_out.o)
                                0x164 (size before relaxing)
 .text          0x40106504       0xb0 c:/Espressif/ESP8266_SDK/lib\liblwip.a(timers.o)
                                 0xc0 (size before relaxing)
 .text          0x401065b4       0x51 c:/espressif/xtensa-lx106-elf/bin/../lib/gcc/xtensa-lx106-elf/4.8.2\libgcc.a(_fixunssfsi.o)
                0x401065b4                __fixunssfsi
 *fill*         0x40106605        0x3 
 .text          0x40106608      0x29b c:/espressif/xtensa-lx106-elf/bin/../lib/gcc/xtensa-lx106-elf/4.8.2\libgcc.a(_muldf3.o)
                0x401066e8                __muldf3
 *fill*         0x401068a3        0x1 
 .text          0x401068a4      0x20b c:/espressif/xtensa-lx106-elf/bin/../lib/gcc/xtensa-lx106-elf/4.8.2\libgcc.a(_divdf3.o)
                0x4010698c                __divdf3
 *fill*         0x40106aaf        0x1 
 .text          0x40106ab0       0x48 c:/espressif/xtensa-lx106-elf/bin/../lib/gcc/xtensa-lx106-elf/4.8.2\libgcc.a(_fixdfsi.o)
                0x40106ab0                __fixdfsi
 .text          0x40106af8       0xa0 c:/espressif/xtensa-lx106-elf/bin/../lib/gcc/xtensa-lx106-elf/4.8.2\libgcc.a(_truncdfsf2.o)
                0x40106af8                __truncdfsf2
 .text          0x40106b98       0x21 c:/espressif/xtensa-lx106-elf/bin/../lib/gcc/xtensa-lx106-elf/4.8.2\libgcc.a(_popcountsi2.o)
                0x40106b98                __popcountsi2
 *fill*         0x40106bb9        0x3 
 .text          0x40106bbc      0x3eb c:/espressif/xtensa-lx106-elf/bin/../lib/gcc/xtensa-lx106-elf/4.8.2\libgcc.a(_divdi3.o)
                                0x41b (size before relaxing)
                0x40106bbc                __divdi3
 *fill*         0x40106fa7        0x1 
 .text          0x40106fa8      0x38d c:/espressif/xtensa-lx106-elf/bin/../lib/gcc/xtensa-lx106-elf/4.8.2\libgcc.a(_udivdi3.o)
                                0x3b5 (size before relaxing)
                0x40106fa8                __udivdi3
 *fill*         0x40107335        0x3 
 .text          0x40107338      0x33a c:/espressif/xtensa-lx106-elf/bin/../lib/gcc/xtensa-lx106-elf/4.8.2\libgcc.a(_umoddi3.o)
                                0x366 (size before relaxing)
                0x40107338                __umoddi3
 .text          0x40107672        0x0 c:/Espressif/ESP8266_SDK/lib\libmain.a(debug-vector.o)
 .text          0x40107672        0x0 c:/Espressif/ESP8266_SDK/lib\libmain.a(double-vector.o)
 .text          0x40107672        0x0 c:/Espressif/ESP8266_SDK/lib\libmain.a(kernel-vector.o)
 *fill*         0x40107672        0x2 
 .literal       0x40107674        0x0 c:/Espressif/ESP8266_SDK/lib\libmain.a(nmi-vector.o)
 *fill*         0x40107674        0x0 
 .literal       0x40107674        0x0 c:/Espressif/ESP8266_SDK/lib\libmain.a(user-vector.o)
 .text          0x40107674        0x0 c:/Espressif/ESP8266_SDK/lib\libmain.a(vector.o)
 *fill*         0x40107674        0x0 
 .literal       0x40107674        0x0 c:/Espressif/ESP8266_SDK/lib\libmain.a(app_main.o)
 *fill*         0x40107674        0x0 
 .literal       0x40107674        0x0 c:/Espressif/ESP8266_SDK/lib\libmain.a(ets_timer.o)
 *fill*         0x40107674        0x0 
 .literal       0x40107674        0x0 c:/Espressif/ESP8266_SDK/lib\libmain.a(mem_manager.o)
 *fill*         0x40107674        0x0 
 .literal       0x40107674        0x0 c:/Espressif/ESP8266_SDK/lib\libmain.a(spi_flash.o)
 *fill*         0x40107674        0x0 
 .literal       0x40107674        0x0 c:/Espressif/ESP8266_SDK/lib\libmain.a(user_interface.o)
 .text          0x40107674        0x0 c:/Espressif/ESP8266_SDK/lib\libmain.a(eagle_lib.o)
 .text          0x40107674        0x0 c:/Espressif/ESP8266_SDK/lib\libmain.a(eagle_lwip_if.o)
 *fill*         0x40107674        0x0 
 .literal       0x40107674        0x0 build/app_app.a(user_main.o)
 .text          0x40107674        0x0 build/app_app.a(mqtt.o)
 .text          0x40107674        0x0 build/app_app.a(wifi.o)
 .text          0x40107674        0x0 build/app_app.a(config.o)
 *fill*         0x40107674        0x0 
 .literal       0x40107674        0x0 build/app_app.a(easygpio.o)
 .text          0x40107674        0x0 build/app_app.a(dht22.o)
 .text          0x40107674        0x0 build/app_app.a(stdout.o)
 .text          0x40107674        0x0 build/app_app.a(utils.o)
 .text          0x40107674        0x0 build/app_app.a(queue.o)
 .text          0x40107674        0x0 build/app_app.a(mqtt_msg.o)
 .text          0x40107674        0x0 build/app_app.a(ringbuf.o)
 .text          0x40107674        0x0 build/app_app.a(proto.o)
 *fill*         0x40107674        0x0 
 *fill*         0x40107674        0x0 
 *fill*         0x40107674        0x0 
 .text          0x40107674      0x145 c:/espressif/xtensa-lx106-elf/bin/../lib/gcc/xtensa-lx106-elf/4.8.2/../../../../xtensa-lx106-elf/lib\libc.a(lib_a-memcpy.o)
                0x401076b8                memcpy
 *fill*         0x401077b9        0x0 
 *fill*         0x401077b9        0x0 
 *fill*         0x401077b9        0x0 
 *fill*         0x401077b9        0x0 
 *fill*         0x401077b9        0x3 
 .text          0x401077bc        0x6 c:/espressif/xtensa-lx106-elf/bin/../lib/gcc/xtensa-lx106-elf/4.8.2/../../../../xtensa-lx106-elf/lib\libc.a(lib_a-tzlock.o)
                0x401077bc                __tz_lock
                0x401077c0                __tz_unlock
 .text          0x401077c2        0x0 c:/espressif/xtensa-lx106-elf/bin/../lib/gcc/xtensa-lx106-elf/4.8.2/../../../../xtensa-lx106-elf/lib\libc.a(lib_a-tzvars.o)
 .text          0x401077c2        0x0 c:/espressif/xtensa-lx106-elf/bin/../lib/gcc/xtensa-lx106-elf/4.8.2/../../../../xtensa-lx106-elf/lib\libc.a(lib_a-ctype_.o)
 *fill*         0x401077c2        0x0 
 .text          0x401077c2        0x0 c:/espressif/xtensa-lx106-elf/bin/../lib/gcc/xtensa-lx106-elf/4.8.2/../../../../xtensa-lx106-elf/lib\libc.a(lib_a-impure.o)
 *fill*         0x401077c2        0x2 
 .text          0x401077c4       0x64 c:/espressif/xtensa-lx106-elf/bin/../lib/gcc/xtensa-lx106-elf/4.8.2\libgcc.a(_divsi3.o)
                0x401077c4                __divsi3
 .text          0x40107828       0x49 c:/espressif/xtensa-lx106-elf/bin/../lib/gcc/xtensa-lx106-elf/4.8.2\libgcc.a(_modsi3.o)
                0x40107828                __modsi3
 *fill*         0x40107871        0x3 
 .text          0x40107874       0x4c c:/espressif/xtensa-lx106-elf/bin/../lib/gcc/xtensa-lx106-elf/4.8.2\libgcc.a(_udivsi3.o)
                0x40107874                __udivsi3
 .text          0x401078c0       0x39 c:/espressif/xtensa-lx106-elf/bin/../lib/gcc/xtensa-lx106-elf/4.8.2\libgcc.a(_umodsi3.o)
                0x401078c0                __umodsi3
 *fill*         0x401078f9        0x0 
 *fill*         0x401078f9        0x0 
 *fill*         0x401078f9        0x0 
 *fill*         0x401078f9        0x0 
 *fill*         0x401078f9        0x3 
 .text          0x401078fc       0x44 c:/espressif/xtensa-lx106-elf/bin/../lib/gcc/xtensa-lx106-elf/4.8.2\libgcc.a(_floatsisf.o)
                0x401078fc                __floatunsisf
                0x40107904                __floatsisf
 *fill*         0x40107940        0x0 
 .text          0x40107940       0x48 c:/espressif/xtensa-lx106-elf/bin/../lib/gcc/xtensa-lx106-elf/4.8.2\libgcc.a(_umulsidi3.o)
                0x40107940                __umulsidi3
 .text          0x40107988        0x5 c:/espressif/xtensa-lx106-elf/bin/../lib/gcc/xtensa-lx106-elf/4.8.2/../../../../xtensa-lx106-elf/lib\libhal.a(int_asm--set_intclear.o)
                0x40107988                xthal_set_intclear
 *fill*         0x4010798d        0x3 
 .literal       0x40107990        0x0 c:/Espressif/ESP8266_SDK/lib\libphy.a(phy.o)
 .text          0x40107990        0x0 c:/Espressif/ESP8266_SDK/lib\libphy.a(phy_chip_v6_ana.o)
 *fill*         0x40107990        0x0 
 .literal       0x40107990        0x0 c:/Espressif/ESP8266_SDK/lib\libphy.a(phy_chip_v6.o)
 .text          0x40107990        0x2 c:/Espressif/ESP8266_SDK/lib\libphy.a(phy_chip_v6.o)
                0x40107990                ram_tx_mac_disable
 *fill*         0x40107992        0x2 
 .literal       0x40107994        0x0 c:/Espressif/ESP8266_SDK/lib\libphy.a(phy_chip_v6_cal.o)
 .text          0x40107994        0x0 c:/Espressif/ESP8266_SDK/lib\libphy.a(phy_chip_v6_unused.o)
 *fill*         0x40107994        0x0 
 .literal       0x40107994        0x0 c:/Espressif/ESP8266_SDK/lib\libphy.a(phy_sleep.o)
 .text          0x40107994        0x0 c:/Espressif/ESP8266_SDK/lib\libpp.a(if_hwctrl.o)
 *fill*         0x40107994        0x0 
 .literal       0x40107994        0x0 c:/Espressif/ESP8266_SDK/lib\libpp.a(lmac.o)
 .text          0x40107994        0x0 c:/Espressif/ESP8266_SDK/lib\libpp.a(pm.o)
 *fill*         0x40107994        0x0 
 .literal       0x40107994        0x0 c:/Espressif/ESP8266_SDK/lib\libpp.a(pp.o)
 .literal       0x40107994        0x0 c:/Espressif/ESP8266_SDK/lib\libpp.a(rate_control.o)
 *fill*         0x40107994        0x0 
 .literal       0x40107994        0x0 c:/Espressif/ESP8266_SDK/lib\libpp.a(trc.o)
 *fill*         0x40107994        0x0 
 .literal       0x40107994        0x0 c:/Espressif/ESP8266_SDK/lib\libpp.a(wdev.o)
 .literal       0x40107994        0x0 c:/Espressif/ESP8266_SDK/lib\libpp.a(esf_buf.o)
 .text          0x40107994        0x0 c:/Espressif/ESP8266_SDK/lib\libnet80211.a(ieee80211.o)
 .text          0x40107994        0x0 c:/Espressif/ESP8266_SDK/lib\libnet80211.a(ieee80211_crypto.o)
 .text          0x40107994        0x0 c:/Espressif/ESP8266_SDK/lib\libnet80211.a(ieee80211_ets.o)
 *fill*         0x40107994        0x0 
 .literal       0x40107994        0x0 c:/Espressif/ESP8266_SDK/lib\libnet80211.a(ieee80211_hostap.o)
 .text          0x40107994       0x25 c:/Espressif/ESP8266_SDK/lib\libnet80211.a(ieee80211_hostap.o)
 .text          0x401079b9        0x0 c:/Espressif/ESP8266_SDK/lib\libnet80211.a(ieee80211_ht.o)
 .text          0x401079b9        0x0 c:/Espressif/ESP8266_SDK/lib\libnet80211.a(ieee80211_input.o)
 .text          0x401079b9        0x0 c:/Espressif/ESP8266_SDK/lib\libnet80211.a(ieee80211_output.o)
 .text          0x401079b9        0x0 c:/Espressif/ESP8266_SDK/lib\libnet80211.a(ieee80211_phy.o)
 .text          0x401079b9        0x0 c:/Espressif/ESP8266_SDK/lib\libnet80211.a(ieee80211_power.o)
 .text          0x401079b9        0x0 c:/Espressif/ESP8266_SDK/lib\libnet80211.a(ieee80211_proto.o)
 .text          0x401079b9        0x0 c:/Espressif/ESP8266_SDK/lib\libnet80211.a(ieee80211_scan.o)
 .text          0x401079b9        0x0 c:/Espressif/ESP8266_SDK/lib\libnet80211.a(ieee80211_sta.o)
 *fill*         0x401079b9        0x3 
 .literal       0x401079bc        0x0 c:/Espressif/ESP8266_SDK/lib\libnet80211.a(wl_chm.o)
 .text          0x401079bc        0x0 c:/Espressif/ESP8266_SDK/lib\libnet80211.a(wl_cnx.o)
 .text          0x401079bc        0x0 c:/Espressif/ESP8266_SDK/lib\libnet80211.a(ieee80211_action.o)
 .text          0x401079bc        0x0 c:/Espressif/ESP8266_SDK/lib\liblwip.a(dhcp.o)
 .text          0x401079bc        0x0 c:/Espressif/ESP8266_SDK/lib\liblwip.a(dhcpserver.o)
 *fill*         0x401079bc        0x0 
 .literal       0x401079bc        0x0 c:/Espressif/ESP8266_SDK/lib\liblwip.a(dns.o)
 *fill*         0x401079bc        0x0 
 .literal       0x401079bc        0x0 c:/Espressif/ESP8266_SDK/lib\liblwip.a(espconn.o)
 .text          0x401079bc        0x0 c:/Espressif/ESP8266_SDK/lib\liblwip.a(espconn_tcp.o)
 .text          0x401079bc        0x0 c:/Espressif/ESP8266_SDK/lib\liblwip.a(espconn_udp.o)
 *fill*         0x401079bc        0x0 
 .literal       0x401079bc        0x0 c:/Espressif/ESP8266_SDK/lib\liblwip.a(etharp.o)
 .text          0x401079bc        0x0 c:/Espressif/ESP8266_SDK/lib\liblwip.a(igmp.o)
 .text          0x401079bc        0x0 c:/Espressif/ESP8266_SDK/lib\liblwip.a(inet_chksum.o)
 .text          0x401079bc        0x0 c:/Espressif/ESP8266_SDK/lib\liblwip.a(init.o)
 .text          0x401079bc        0x0 c:/Espressif/ESP8266_SDK/lib\liblwip.a(ip_addr.o)
 .text          0x401079bc        0x0 c:/Espressif/ESP8266_SDK/lib\liblwip.a(ip.o)
 .text          0x401079bc        0x0 c:/Espressif/ESP8266_SDK/lib\liblwip.a(mdns.o)
 .text          0x401079bc        0x0 c:/Espressif/ESP8266_SDK/lib\liblwip.a(memp.o)
 .text          0x401079bc        0x0 c:/Espressif/ESP8266_SDK/lib\liblwip.a(netif.o)
 .text          0x401079bc        0x0 c:/Espressif/ESP8266_SDK/lib\liblwip.a(pbuf.o)
 .text          0x401079bc        0x0 c:/Espressif/ESP8266_SDK/lib\liblwip.a(raw.o)
 .text          0x401079bc        0x0 c:/Espressif/ESP8266_SDK/lib\liblwip.a(tcp_in.o)
 *fill*         0x401079bc        0x0 
 .literal       0x401079bc        0x0 c:/Espressif/ESP8266_SDK/lib\liblwip.a(tcp.o)
 .literal       0x401079bc        0x0 c:/Espressif/ESP8266_SDK/lib\liblwip.a(tcp_out.o)
 .literal       0x401079bc        0x0 c:/Espressif/ESP8266_SDK/lib\liblwip.a(timers.o)
 .text          0x401079bc        0x0 c:/Espressif/ESP8266_SDK/lib\liblwip.a(udp.o)
 .text          0x401079bc        0x0 c:/Espressif/ESP8266_SDK/lib\liblwip.a(icmp.o)
 .text          0x401079bc        0x0 c:/Espressif/ESP8266_SDK/lib\libwpa.a(ap_config.o)
 .text          0x401079bc        0x0 c:/Espressif/ESP8266_SDK/lib\libwpa.a(common.o)
 .text          0x401079bc        0x0 c:/Espressif/ESP8266_SDK/lib\libwpa.a(os_xtensa.o)
 .literal       0x401079bc        0x0 c:/Espressif/ESP8266_SDK/lib\libwpa.a(wpa_auth.o)
 .text          0x401079bc       0x11 c:/Espressif/ESP8266_SDK/lib\libwpa.a(wpa_auth.o)
 .text          0x401079cd        0x0 c:/Espressif/ESP8266_SDK/lib\libwpa.a(wpa_auth_ie.o)
 .text          0x401079cd        0x0 c:/Espressif/ESP8266_SDK/lib\libwpa.a(wpa.o)
 .text          0x401079cd        0x0 c:/Espressif/ESP8266_SDK/lib\libwpa.a(wpa_common.o)
 .text          0x401079cd        0x0 c:/Espressif/ESP8266_SDK/lib\libwpa.a(wpa_debug.o)
 .text          0x401079cd        0x0 c:/Espressif/ESP8266_SDK/lib\libwpa.a(wpa_ie.o)
 .text          0x401079cd        0x0 c:/Espressif/ESP8266_SDK/lib\libwpa.a(wpa_main.o)
 .text          0x401079cd        0x0 c:/Espressif/ESP8266_SDK/lib\libwpa.a(wpas_glue.o)
 .text          0x401079cd        0x0 c:/Espressif/ESP8266_SDK/lib\libwpa.a(aes-wrap.o)
 .text          0x401079cd        0x0 c:/Espressif/ESP8266_SDK/lib\libwpa.a(aes-internal-enc.o)
 .text          0x401079cd        0x0 c:/Espressif/ESP8266_SDK/lib\libssl.a(espconn_secure.o)
 .text          0x401079cd        0x0 c:/Espressif/ESP8266_SDK/lib\libssl.a(espconn_ssl.o)
 .text          0x401079cd        0x0 c:/Espressif/ESP8266_SDK/lib\libssl.a(ssl_tls1_clnt.o)
 .text          0x401079cd        0x0 c:/Espressif/ESP8266_SDK/lib\libssl.a(ssl_tls1.o)
 .text          0x401079cd        0x0 c:/Espressif/ESP8266_SDK/lib\libssl.a(ssl_tls1_svr.o)
 .text          0x401079cd        0x0 c:/Espressif/ESP8266_SDK/lib\libssl.a(ssl_x509.o)
 .text          0x401079cd        0x0 c:/Espressif/ESP8266_SDK/lib\libssl.a(ssl_aes.o)
 .text          0x401079cd        0x0 c:/Espressif/ESP8266_SDK/lib\libssl.a(ssl_asn1.o)
 .text          0x401079cd        0x0 c:/Espressif/ESP8266_SDK/lib\libssl.a(ssl_bigint.o)
 *fill*         0x401079cd        0x3 
 .literal       0x401079d0        0x0 c:/Espressif/ESP8266_SDK/lib\libssl.a(ssl_crypto_misc.o)
 .text          0x401079d0        0x4 c:/Espressif/ESP8266_SDK/lib\libssl.a(ssl_crypto_misc.o)
                0x401079d0                get_file
 .text          0x401079d4        0x0 c:/Espressif/ESP8266_SDK/lib\libssl.a(ssl_hmac.o)
 .text          0x401079d4        0x0 c:/Espressif/ESP8266_SDK/lib\libssl.a(ssl_loader.o)
 .text          0x401079d4        0x0 c:/Espressif/ESP8266_SDK/lib\libssl.a(ssl_md2.o)
 .text          0x401079d4        0x0 c:/Espressif/ESP8266_SDK/lib\libssl.a(ssl_md5.o)
 .text          0x401079d4        0x0 c:/Espressif/ESP8266_SDK/lib\libssl.a(ssl_rc4.o)
 .text          0x401079d4        0x0 c:/Espressif/ESP8266_SDK/lib\libssl.a(ssl_rsa.o)
 .text          0x401079d4        0x0 c:/Espressif/ESP8266_SDK/lib\libssl.a(ssl_sha1.o)
 .text          0x401079d4       0x50 c:/espressif/xtensa-lx106-elf/bin/../lib/gcc/xtensa-lx106-elf/4.8.2/../../../../xtensa-lx106-elf/lib\libc.a(lib_a-memcmp.o)