Archive member included because of file (symbol)

c:/Espressif/ESP8266_SDK/lib\libmain.a(debug-vector.o)
                              (_DebugExceptionVector)
c:/Espressif/ESP8266_SDK/lib\libmain.a(double-vector.o)
                              (_DoubleExceptionVector)
c:/Espressif/ESP8266_SDK/lib\libmain.a(kernel-vector.o)
                              (_KernelExceptionVector)
c:/Espressif/ESP8266_SDK/lib\libmain.a(nmi-vector.o)
                              (_NMIExceptionVector)
c:/Espressif/ESP8266_SDK/lib\libmain.a(user-vector.o)
                              (_UserExceptionVector)
c:/Espressif/ESP8266_SDK/lib\libmain.a(vector.o)
                              (call_user_start)
c:/Espressif/ESP8266_SDK/lib\libmain.a(app_main.o)
                              c:/Espressif/ESP8266_SDK/lib\libmain.a(nmi-vector.o) (NMI_Handler)
c:/Espressif/ESP8266_SDK/lib\libmain.a(ets_timer.o)
                              c:/Espressif/ESP8266_SDK/lib\libmain.a(app_main.o) (ets_timer_setfn)
c:/Espressif/ESP8266_SDK/lib\libmain.a(mem_manager.o)
                              c:/Espressif/ESP8266_SDK/lib\libmain.a(app_main.o) (pvPortMalloc)
c:/Espressif/ESP8266_SDK/lib\libmain.a(spi_flash.o)
                              c:/Espressif/ESP8266_SDK/lib\libmain.a(app_main.o) (spi_flash_read)
c:/Espressif/ESP8266_SDK/lib\libmain.a(user_interface.o)
                              c:/Espressif/ESP8266_SDK/lib\libmain.a(app_main.o) (done_cb)
c:/Espressif/ESP8266_SDK/lib\libmain.a(eagle_lib.o)
                              c:/Espressif/ESP8266_SDK/lib\libmain.a(user_interface.o) (ets_sprintf)
c:/Espressif/ESP8266_SDK/lib\libmain.a(eagle_lwip_if.o)
                              c:/Espressif/ESP8266_SDK/lib\libmain.a(user_interface.o) (hostname)
build/app_app.a(user_main.o)  c:/Espressif/ESP8266_SDK/lib\libmain.a(app_main.o) (user_rf_pre_init)
build/app_app.a(mqtt.o)       build/app_app.a(user_main.o) (MQTT_Publish)
build/app_app.a(wifi.o)       build/app_app.a(user_main.o) (WIFI_Connect)
build/app_app.a(config.o)     build/app_app.a(user_main.o) (sysCfg)
build/app_app.a(easygpio.o)   build/app_app.a(user_main.o) (easygpio_pinMode)
build/app_app.a(dht22.o)      build/app_app.a(user_main.o) (dht1Read)
build/app_app.a(stdout.o)     build/app_app.a(user_main.o) (stdout_init)
build/app_app.a(utils.o)      build/app_app.a(mqtt.o) (UTILS_StrToIP)
build/app_app.a(queue.o)      build/app_app.a(mqtt.o) (QUEUE_Init)
build/app_app.a(mqtt_msg.o)   build/app_app.a(mqtt.o) (mqtt_msg_init)
build/app_app.a(ringbuf.o)    build/app_app.a(queue.o) (RINGBUF_Init)
build/app_app.a(proto.o)      build/app_app.a(queue.o) (PROTO_ParseRb)
c:/espressif/xtensa-lx106-elf/bin/../lib/gcc/xtensa-lx106-elf/4.8.2/../../../../xtensa-lx106-elf/lib\libc.a(lib_a-atoi.o)
                              build/app_app.a(user_main.o) (atoi)
c:/espressif/xtensa-lx106-elf/bin/../lib/gcc/xtensa-lx106-elf/4.8.2/../../../../xtensa-lx106-elf/lib\libc.a(lib_a-lcltime.o)
                              build/app_app.a(user_main.o) (localtime)
c:/espressif/xtensa-lx106-elf/bin/../lib/gcc/xtensa-lx106-elf/4.8.2/../../../../xtensa-lx106-elf/lib\libc.a(lib_a-lcltime_r.o)
                              c:/espressif/xtensa-lx106-elf/bin/../lib/gcc/xtensa-lx106-elf/4.8.2/../../../../xtensa-lx106-elf/lib\libc.a(lib_a-lcltime.o) (localtime_r)
c:/espressif/xtensa-lx106-elf/bin/../lib/gcc/xtensa-lx106-elf/4.8.2/../../../../xtensa-lx106-elf/lib\libc.a(lib_a-memcpy.o)
                              build/app_app.a(user_main.o) (memcpy)
c:/espressif/xtensa-lx106-elf/bin/../lib/gcc/xtensa-lx106-elf/4.8.2/../../../../xtensa-lx106-elf/lib\libc.a(lib_a-mktm_r.o)
                              c:/espressif/xtensa-lx106-elf/bin/../lib/gcc/xtensa-lx106-elf/4.8.2/../../../../xtensa-lx106-elf/lib\libc.a(lib_a-lcltime_r.o) (_mktm_r)
c:/espressif/xtensa-lx106-elf/bin/../lib/gcc/xtensa-lx106-elf/4.8.2/../../../../xtensa-lx106-elf/lib\libc.a(lib_a-strcmp.o)
                              build/app_app.a(user_main.o) (strcmp)
c:/espressif/xtensa-lx106-elf/bin/../lib/gcc/xtensa-lx106-elf/4.8.2/../../../../xtensa-lx106-elf/lib\libc.a(lib_a-strlen.o)
                              build/app_app.a(user_main.o) (strlen)
c:/espressif/xtensa-lx106-elf/bin/../lib/gcc/xtensa-lx106-elf/4.8.2/../../../../xtensa-lx106-elf/lib\libc.a(lib_a-strtol.o)
                              c:/espressif/xtensa-lx106-elf/bin/../lib/gcc/xtensa-lx106-elf/4.8.2/../../../../xtensa-lx106-elf/lib\libc.a(lib_a-atoi.o) (_strtol_r)
c:/espressif/xtensa-lx106-elf/bin/../lib/gcc/xtensa-lx106-elf/4.8.2/../../../../xtensa-lx106-elf/lib\libc.a(lib_a-tzlock.o)
                              c:/espressif/xtensa-lx106-elf/bin/../lib/gcc/xtensa-lx106-elf/4.8.2/../../../../xtensa-lx106-elf/lib\libc.a(lib_a-mktm_r.o) (__tz_lock)
c:/espressif/xtensa-lx106-elf/bin/../lib/gcc/xtensa-lx106-elf/4.8.2/../../../../xtensa-lx106-elf/lib\libc.a(lib_a-tzvars.o)
[...]
Memory Configuration

Name             Origin             Length             Attributes
dport0_0_seg     0x3ff00000         0x00000010
dram0_0_seg      0x3ffe8000         0x00014000
iram1_0_seg      0x40100000         0x00008000
irom0_0_seg      0x40240000         0x0003c000
*default*        0x00000000         0xffffffff

Linker script and memory map

START GROUP
LOAD c:/espressif/xtensa-lx106-elf/bin/../lib/gcc/xtensa-lx106-elf/4.8.2/../../../../xtensa-lx106-elf/lib\libc.a
LOAD c:/espressif/xtensa-lx106-elf/bin/../lib/gcc/xtensa-lx106-elf/4.8.2\libgcc.a
LOAD c:/espressif/xtensa-lx106-elf/bin/../lib/gcc/xtensa-lx106-elf/4.8.2/../../../../xtensa-lx106-elf/lib\libhal.a
LOAD c:/Espressif/ESP8266_SDK/lib\libphy.a
LOAD c:/Espressif/ESP8266_SDK/lib\libpp.a
LOAD c:/Espressif/ESP8266_SDK/lib\libnet80211.a
LOAD c:/Espressif/ESP8266_SDK/lib\liblwip.a
LOAD c:/Espressif/ESP8266_SDK/lib\libwpa.a
LOAD c:/Espressif/ESP8266_SDK/lib\libmain.a
LOAD c:/Espressif/ESP8266_SDK/lib\libupgrade.a
LOAD c:/Espressif/ESP8266_SDK/lib\libssl.a
LOAD c:/Espressif/ESP8266_SDK/lib\libsmartconfig.a
LOAD build/app_app.a
END GROUP
                0x40000000                PROVIDE (_memmap_vecbase_reset, 0x40000000)
                0x00000110                _memmap_cacheattr_wb_base = 0x110
                0x00000110                _memmap_cacheattr_wt_base = 0x110
                0x00000220                _memmap_cacheattr_bp_base = 0x220
                0xfffff00f                _memmap_cacheattr_unused_mask = 0xfffff00f
                0x2222211f                _memmap_cacheattr_wb_trapnull = 0x2222211f
                0x2222211f                _memmap_cacheattr_wba_trapnull = 0x2222211f
                0x2222211f                _memmap_cacheattr_wbna_trapnull = 0x2222211f
                0x2222211f                _memmap_cacheattr_wt_trapnull = 0x2222211f
                0x2222222f                _memmap_cacheattr_bp_trapnull = 0x2222222f
                0xfffff11f                _memmap_cacheattr_wb_strict = 0xfffff11f
                0xfffff11f                _memmap_cacheattr_wt_strict = 0xfffff11f
                0xfffff22f                _memmap_cacheattr_bp_strict = 0xfffff22f
                0x22222112                _memmap_cacheattr_wb_allvalid = 0x22222112
                0x22222112                _memmap_cacheattr_wt_allvalid = 0x22222112
                0x22222222                _memmap_cacheattr_bp_allvalid = 0x22222222
                0x2222211f                PROVIDE (_memmap_cacheattr_reset, _memmap_cacheattr_wb_trapnull)

.dport0.rodata  0x3ff00000        0x0
                0x3ff00000                _dport0_rodata_start = ABSOLUTE (.)
 *(.dport0.rodata)
 *(.dport.rodata)
                0x3ff00000                _dport0_rodata_end = ABSOLUTE (.)

.dport0.literal
                0x3ff00000        0x0
                0x3ff00000                _dport0_literal_start = ABSOLUTE (.)
 *(.dport0.literal)
 *(.dport.literal)
                0x3ff00000                _dport0_literal_end = ABSOLUTE (.)

.dport0.data    0x3ff00000        0x0
                0x3ff00000                _dport0_data_start = ABSOLUTE (.)
 *(.dport0.data)
 *(.dport.data)
                0x3ff00000                _dport0_data_end = ABSOLUTE (.)

.data           0x3ffe8000      0x9f4
                0x3ffe8000                _data_start = ABSOLUTE (.)
 *(.data)
 .data          0x3ffe8000        0x0 c:/Espressif/ESP8266_SDK/lib\libmain.a(debug-vector.o)
 .data          0x3ffe8000        0x0 c:/Espressif/ESP8266_SDK/lib\libmain.a(double-vector.o)
 .data          0x3ffe8000        0x0 c:/Espressif/ESP8266_SDK/lib\libmain.a(kernel-vector.o)
 .data          0x3ffe8000        0x4 c:/Espressif/ESP8266_SDK/lib\libmain.a(nmi-vector.o)
                0x3ffe8000                _Pri_3_HandlerAddress
 .data          0x3ffe8004        0x0 c:/Espressif/ESP8266_SDK/lib\libmain.a(user-vector.o)
 .data          0x3ffe8004        0x0 c:/Espressif/ESP8266_SDK/lib\libmain.a(vector.o)
 .data          0x3ffe8004        0x1 c:/Espressif/ESP8266_SDK/lib\libmain.a(app_main.o)
 .data          0x3ffe8005        0x0 c:/Espressif/ESP8266_SDK/lib\libmain.a(ets_timer.o)
 .data          0x3ffe8005        0x0 c:/Espressif/ESP8266_SDK/lib\libmain.a(mem_manager.o)
 .data          0x3ffe8005        0x0 c:/Espressif/ESP8266_SDK/lib\libmain.a(spi_flash.o)
 *fill*         0x3ffe8005        0x3 
 .data          0x3ffe8008        0x5 c:/Espressif/ESP8266_SDK/lib\libmain.a(user_interface.o)
                0x3ffe8009                timer2_ms_flag
                0x3ffe800a                dhcps_flag
                0x3ffe800b                dhcpc_flag
                0x3ffe800c                reconnect_internal
 .data          0x3ffe800d        0x0 c:/Espressif/ESP8266_SDK/lib\libmain.a(eagle_lib.o)
 *fill*         0x3ffe800d        0x3 
 .data          0x3ffe8010        0x1 c:/Espressif/ESP8266_SDK/lib\libmain.a(eagle_lwip_if.o)
                0x3ffe8010                default_hostname
 *fill*         0x3ffe8011        0x3 
 .data          0x3ffe8014        0x8 build/app_app.a(user_main.o)
 .data          0x3ffe801c        0x0 build/app_app.a(mqtt.o)
 .data          0x3ffe801c        0x0 build/app_app.a(wifi.o)
 .data          0x3ffe801c        0x0 build/app_app.a(config.o)
 .data          0x3ffe801c        0x0 build/app_app.a(easygpio.o)
 .data          0x3ffe801c        0x0 build/app_app.a(dht22.o)
 .data          0x3ffe801c        0x0 build/app_app.a(stdout.o)
 .data          0x3ffe801c        0x0 build/app_app.a(utils.o)
 .data          0x3ffe801c        0x0 build/app_app.a(queue.o)
 .data          0x3ffe801c        0x0 build/app_app.a(mqtt_msg.o)
 .data          0x3ffe801c        0x0 build/app_app.a(ringbuf.o)
 .data          0x3ffe801c        0x0 build/app_app.a(proto.o)
 .data          0x3ffe801c        0x0 c:/espressif/xtensa-lx106-elf/bin/../lib/gcc/xtensa-lx106-elf/4.8.2/../../../../xtensa-lx106-elf/lib\libc.a(lib_a-atoi.o)
 .data          0x3ffe801c        0x0 c:/espressif/xtensa-lx106-elf/bin/../lib/gcc/xtensa-lx106-elf/4.8.2/../../../../xtensa-lx106-elf/lib\libc.a(lib_a-lcltime.o)
 .data          0x3ffe801c        0x0 c:/espressif/xtensa-lx106-elf/bin/../lib/gcc/xtensa-lx106-elf/4.8.2/../../../../xtensa-lx106-elf/lib\libc.a(lib_a-lcltime_r.o)
 .data          0x3ffe801c        0x0 c:/espressif/xtensa-lx106-elf/bin/../lib/gcc/xtensa-lx106-elf/4.8.2/../../../../xtensa-lx106-elf/lib\libc.a(lib_a-memcpy.o)
 .data          0x3ffe801c        0x0 c:/espressif/xtensa-lx106-elf/bin/../lib/gcc/xtensa-lx106-elf/4.8.2/../../../../xtensa-lx106-elf/lib\libc.a(lib_a-mktm_r.o)
 .data          0x3ffe801c        0x0 c:/espressif/xtensa-lx106-elf/bin/../lib/gcc/xtensa-lx106-elf/4.8.2/../../../../xtensa-lx106-elf/lib\libc.a(lib_a-strcmp.o)
 .data          0x3ffe801c        0x0 c:/espressif/xtensa-lx106-elf/bin/../lib/gcc/xtensa-lx106-elf/4.8.2/../../../../xtensa-lx106-elf/lib\libc.a(lib_a-strlen.o)
 .data          0x3ffe801c        0x0 c:/espressif/xtensa-lx106-elf/bin/../lib/gcc/xtensa-lx106-elf/4.8.2/../../../../xtensa-lx106-elf/lib\libc.a(lib_a-strtol.o)
 .data          0x3ffe801c        0x0 c:/espressif/xtensa-lx106-elf/bin/../lib/gcc/xtensa-lx106-elf/4.8.2/../../../../xtensa-lx106-elf/lib\libc.a(lib_a-tzlock.o)
 .data          0x3ffe801c        0x8 c:/espressif/xtensa-lx106-elf/bin/../lib/gcc/xtensa-lx106-elf/4.8.2/../../../../xtensa-lx106-elf/lib\libc.a(lib_a-tzvars.o)
                0x3ffe801c                _tzname
 .data          0x3ffe8024        0x4 c:/espressif/xtensa-lx106-elf/bin/../lib/gcc/xtensa-lx106-elf/4.8.2/../../../../xtensa-lx106-elf/lib\libc.a(lib_a-ctype_.o)
                0x3ffe8024                __ctype_ptr__
 .data          0x3ffe8028       0x40 c:/espressif/xtensa-lx106-elf/bin/../lib/gcc/xtensa-lx106-elf/4.8.2/../../../../xtensa-lx106-elf/lib\libc.a(lib_a-gettzinfo.o)
 .data          0x3ffe8068      0x430 c:/espressif/xtensa-lx106-elf/bin/../lib/gcc/xtensa-lx106-elf/4.8.2/../../../../xtensa-lx106-elf/lib\libc.a(lib_a-impure.o)
                0x3ffe8068                _impure_ptr
 .data          0x3ffe8498        0x0 c:/espressif/xtensa-lx106-elf/bin/../lib/gcc/xtensa-lx106-elf/4.8.2\libgcc.a(_divsi3.o)
 .data          0x3ffe8498        0x0 c:/espressif/xtensa-lx106-elf/bin/../lib/gcc/xtensa-lx106-elf/4.8.2\libgcc.a(_modsi3.o)
 .data          0x3ffe8498        0x0 c:/espressif/xtensa-lx106-elf/bin/../lib/gcc/xtensa-lx106-elf/4.8.2\libgcc.a(_udivsi3.o)
 .data          0x3ffe8498        0x0 c:/espressif/xtensa-lx106-elf/bin/../lib/gcc/xtensa-lx106-elf/4.8.2\libgcc.a(_umodsi3.o)
 .data          0x3ffe8498        0x0 c:/espressif/xtensa-lx106-elf/bin/../lib/gcc/xtensa-lx106-elf/4.8.2\libgcc.a(_addsubsf3.o)
 .data          0x3ffe8498        0x0 c:/espressif/xtensa-lx106-elf/bin/../lib/gcc/xtensa-lx106-elf/4.8.2\libgcc.a(_mulsf3.o)
 .data          0x3ffe8498        0x0 c:/espressif/xtensa-lx106-elf/bin/../lib/gcc/xtensa-lx106-elf/4.8.2\libgcc.a(_divsf3.o)
 .data          0x3ffe8498        0x0 c:/espressif/xtensa-lx106-elf/bin/../lib/gcc/xtensa-lx106-elf/4.8.2\libgcc.a(_cmpsf2.o)
 .data          0x3ffe8498        0x0 c:/espressif/xtensa-lx106-elf/bin/../lib/gcc/xtensa-lx106-elf/4.8.2\libgcc.a(_fixsfsi.o)
 .data          0x3ffe8498        0x0 c:/espressif/xtensa-lx106-elf/bin/../lib/gcc/xtensa-lx106-elf/4.8.2\libgcc.a(_floatsisf.o)
 .data          0x3ffe8498        0x0 c:/espressif/xtensa-lx106-elf/bin/../lib/gcc/xtensa-lx106-elf/4.8.2\libgcc.a(_muldi3.o)
 .data          0x3ffe8498        0x0 c:/espressif/xtensa-lx106-elf/bin/../lib/gcc/xtensa-lx106-elf/4.8.2\libgcc.a(_umulsidi3.o)
 .data          0x3ffe8498        0x0 c:/espressif/xtensa-lx106-elf/bin/../lib/gcc/xtensa-lx106-elf/4.8.2/../../../../xtensa-lx106-elf/lib\libhal.a(int_asm--set_intclear.o)
 .data          0x3ffe8498        0x0 c:/Espressif/ESP8266_SDK/lib\libphy.a(phy.o)
 .data          0x3ffe8498        0x0 c:/Espressif/ESP8266_SDK/lib\libphy.a(phy_chip_v6_ana.o)
 *fill*         0x3ffe8498        0x8 
 .data          0x3ffe84a0       0x53 c:/Espressif/ESP8266_SDK/lib\libphy.a(phy_chip_v6.o)
                0x3ffe84a2                tx_rf_ana_gain
                0x3ffe84c4                tx_pwctrl_atten_init_en
                0x3ffe84d0                rx_gain_swp
                0x3ffe84f0                test_rffreq_txcap
 .data          0x3ffe84f3        0x0 c:/Espressif/ESP8266_SDK/lib\libphy.a(phy_chip_v6_cal.o)
 .data          0x3ffe84f3        0x0 c:/Espressif/ESP8266_SDK/lib\libphy.a(phy_chip_v6_unused.o)
 *fill*         0x3ffe84f3        0x1 
 .data          0x3ffe84f4        0x4 c:/Espressif/ESP8266_SDK/lib\libphy.a(phy_sleep.o)
                0x3ffe84f4                chip_version
 .data          0x3ffe84f8        0x0 c:/Espressif/ESP8266_SDK/lib\libpp.a(if_hwctrl.o)
 .data          0x3ffe84f8        0x0 c:/Espressif/ESP8266_SDK/lib\libpp.a(lmac.o)
 .data          0x3ffe84f8        0x1 c:/Espressif/ESP8266_SDK/lib\libpp.a(pm.o)
 *fill*         0x3ffe84f9        0x3 
 .data          0x3ffe84fc        0x1 c:/Espressif/ESP8266_SDK/lib\libpp.a(pm_for_bcn_only_mode.o)
 *fill*         0x3ffe84fd        0x3 
 .data          0x3ffe8500       0x1c c:/Espressif/ESP8266_SDK/lib\libpp.a(pp.o)
                0x3ffe8500                soft_wdt_interval
                0x3ffe8504                NoiseTimerInterval
                0x3ffe850c                sleep_start_wait_time
                0x3ffe8518                tcb
 *fill*         0x3ffe851c        0x4 
 .data          0x3ffe8520       0x40 c:/Espressif/ESP8266_SDK/lib\libpp.a(rate_control.o)
 .data          0x3ffe8560      0x22c c:/Espressif/ESP8266_SDK/lib\libpp.a(trc.o)
 .data          0x3ffe878c        0x8 c:/Espressif/ESP8266_SDK/lib\libpp.a(wdev.o)
 .data          0x3ffe8794        0x0 c:/Espressif/ESP8266_SDK/lib\libpp.a(esf_buf.o)
 .data          0x3ffe8794        0x0 c:/Espressif/ESP8266_SDK/lib\libnet80211.a(ieee80211.o)
 .data          0x3ffe8794        0x0 c:/Espressif/ESP8266_SDK/lib\libnet80211.a(ieee80211_crypto.o)
 .data          0x3ffe8794        0x0 c:/Espressif/ESP8266_SDK/lib\libnet80211.a(ieee80211_ets.o)
 .data          0x3ffe8794        0x1 c:/Espressif/ESP8266_SDK/lib\libnet80211.a(ieee80211_hostap.o)
                0x3ffe8794                TmpSTAAPCloseAP
 .data          0x3ffe8795        0x0 c:/Espressif/ESP8266_SDK/lib\libnet80211.a(ieee80211_ht.o)
 .data          0x3ffe8795        0x0 c:/Espressif/ESP8266_SDK/lib\libnet80211.a(ieee80211_input.o)
 .data          0x3ffe8795        0x0 c:/Espressif/ESP8266_SDK/lib\libnet80211.a(ieee80211_output.o)
 *fill*         0x3ffe8795        0x3 
 .data          0x3ffe8798      0x1a8 c:/Espressif/ESP8266_SDK/lib\libnet80211.a(ieee80211_phy.o)
 .data          0x3ffe8940        0x0 c:/Espressif/ESP8266_SDK/lib\libnet80211.a(ieee80211_power.o)
 .data          0x3ffe8940        0x6 c:/Espressif/ESP8266_SDK/lib\libnet80211.a(ieee80211_proto.o)
                0x3ffe8940                ieee80211_addr_bcast
 .data          0x3ffe8946        0x0 c:/Espressif/ESP8266_SDK/lib\libnet80211.a(ieee80211_scan.o)
 .data          0x3ffe8946        0x0 c:/Espressif/ESP8266_SDK/lib\libnet80211.a(ieee80211_sta.o)
 .data          0x3ffe8946        0x0 c:/Espressif/ESP8266_SDK/lib\libnet80211.a(wl_chm.o)
 .data          0x3ffe8946        0x0 c:/Espressif/ESP8266_SDK/lib\libnet80211.a(wl_cnx.o)
 *fill*         0x3ffe8946        0x2 
 .data          0x3ffe8948       0x1c c:/Espressif/ESP8266_SDK/lib\libnet80211.a(ieee80211_action.o)
 .data          0x3ffe8964        0x0 c:/Espressif/ESP8266_SDK/lib\libnet80211.a(ieee80211_action_vendor.o)
 .data          0x3ffe8964       0x18 c:/Espressif/ESP8266_SDK/lib\libnet80211.a(ieee80211_crypto_ccmp.o)
                0x3ffe8964                ccmp
 .data          0x3ffe897c        0x0 c:/Espressif/ESP8266_SDK/lib\libnet80211.a(ieee80211_ie_vendor.o)
 .data          0x3ffe897c        0x4 c:/Espressif/ESP8266_SDK/lib\liblwip.a(dhcp.o)
 .data          0x3ffe8980        0x2 c:/Espressif/ESP8266_SDK/lib\liblwip.a(dhcpserver.o)
 .data          0x3ffe8982        0x0 c:/Espressif/ESP8266_SDK/lib\liblwip.a(dns.o)
 .data          0x3ffe8982        0x0 c:/Espressif/ESP8266_SDK/lib\liblwip.a(espconn.o)
 .data          0x3ffe8982        0x0 c:/Espressif/ESP8266_SDK/lib\liblwip.a(espconn_tcp.o)
 .data          0x3ffe8982        0x0 c:/Espressif/ESP8266_SDK/lib\liblwip.a(espconn_udp.o)
 .data          0x3ffe8982        0x0 c:/Espressif/ESP8266_SDK/lib\liblwip.a(etharp.o)
 .data          0x3ffe8982        0x0 c:/Espressif/ESP8266_SDK/lib\liblwip.a(igmp.o)
 .data          0x3ffe8982        0x0 c:/Espressif/ESP8266_SDK/lib\liblwip.a(inet_chksum.o)
 .data          0x3ffe8982        0x0 c:/Espressif/ESP8266_SDK/lib\liblwip.a(init.o)
 .data          0x3ffe8982        0x0 c:/Espressif/ESP8266_SDK/lib\liblwip.a(ip_addr.o)
 .data          0x3ffe8982        0x0 c:/Espressif/ESP8266_SDK/lib\liblwip.a(ip.o)
 .data          0x3ffe8982        0x0 c:/Espressif/ESP8266_SDK/lib\liblwip.a(mdns.o)
 *fill*         0x3ffe8982        0x2 
 .data          0x3ffe8984        0x2 c:/Espressif/ESP8266_SDK/lib\liblwip.a(memp.o)
                0x3ffe8984                memp_sizes_test
 .data          0x3ffe8986        0x0 c:/Espressif/ESP8266_SDK/lib\liblwip.a(netif.o)
 .data          0x3ffe8986        0x0 c:/Espressif/ESP8266_SDK/lib\liblwip.a(pbuf.o)
 .data          0x3ffe8986        0x0 c:/Espressif/ESP8266_SDK/lib\liblwip.a(raw.o)
 .data          0x3ffe8986        0x0 c:/Espressif/ESP8266_SDK/lib\liblwip.a(tcp_in.o)
 *fill*         0x3ffe8986        0x2 
 .data          0x3ffe8988        0x8 c:/Espressif/ESP8266_SDK/lib\liblwip.a(tcp.o)
 .data          0x3ffe8990        0x0 c:/Espressif/ESP8266_SDK/lib\liblwip.a(tcp_out.o)
 .data          0x3ffe8990        0x0 c:/Espressif/ESP8266_SDK/lib\liblwip.a(timers.o)
 .data          0x3ffe8990        0x0 c:/Espressif/ESP8266_SDK/lib\liblwip.a(udp.o)
 .data          0x3ffe8990        0x0 c:/Espressif/ESP8266_SDK/lib\liblwip.a(icmp.o)
 .data          0x3ffe8990        0x0 c:/Espressif/ESP8266_SDK/lib\libwpa.a(ap_config.o)
 .data          0x3ffe8990        0x0 c:/Espressif/ESP8266_SDK/lib\libwpa.a(common.o)
 .data          0x3ffe8990        0x0 c:/Espressif/ESP8266_SDK/lib\libwpa.a(os_xtensa.o)
 .data          0x3ffe8990        0x0 c:/Espressif/ESP8266_SDK/lib\libwpa.a(wpa_auth.o)
 .data          0x3ffe8990        0x0 c:/Espressif/ESP8266_SDK/lib\libwpa.a(wpa_auth_ie.o)
 .data          0x3ffe8990        0x0 c:/Espressif/ESP8266_SDK/lib\libwpa.a(wpa.o)
 .data          0x3ffe8990        0x0 c:/Espressif/ESP8266_SDK/lib\libwpa.a(wpa_common.o)
 .data          0x3ffe8990        0x0 c:/Espressif/ESP8266_SDK/lib\libwpa.a(wpa_debug.o)
 .data          0x3ffe8990        0x0 c:/Espressif/ESP8266_SDK/lib\libwpa.a(wpa_ie.o)
 .data          0x3ffe8990        0x0 c:/Espressif/ESP8266_SDK/lib\libwpa.a(wpa_main.o)
 .data          0x3ffe8990        0x0 c:/Espressif/ESP8266_SDK/lib\libwpa.a(wpas_glue.o)
 .data          0x3ffe8990        0x0 c:/Espressif/ESP8266_SDK/lib\libwpa.a(aes-wrap.o)
 .data          0x3ffe8990        0x0 c:/Espressif/ESP8266_SDK/lib\libwpa.a(aes-internal-enc.o)
 .data          0x3ffe8990       0x14 c:/Espressif/ESP8266_SDK/lib\libssl.a(espconn_secure.o)
                0x3ffe8990                ssl_option
 .data          0x3ffe89a4        0x0 c:/Espressif/ESP8266_SDK/lib\libssl.a(espconn_ssl.o)
 .data          0x3ffe89a4        0x0 c:/Espressif/ESP8266_SDK/lib\libssl.a(ssl_loader.o)
 .data          0x3ffe89a4        0x0 c:/Espressif/ESP8266_SDK/lib\libssl.a(ssl_md5.o)
 .data          0x3ffe89a4        0x0 c:/Espressif/ESP8266_SDK/lib\libssl.a(ssl_tls1_clnt.o)
 .data          0x3ffe89a4        0x8 c:/Espressif/ESP8266_SDK/lib\libssl.a(ssl_tls1.o)
 .data          0x3ffe89ac        0x0 c:/Espressif/ESP8266_SDK/lib\libssl.a(ssl_tls1_svr.o)
 .data          0x3ffe89ac        0x0 c:/Espressif/ESP8266_SDK/lib\libssl.a(ssl_x509.o)
 .data          0x3ffe89ac        0x0 c:/Espressif/ESP8266_SDK/lib\libssl.a(ssl_aes.o)
 .data          0x3ffe89ac        0x0 c:/Espressif/ESP8266_SDK/lib\libssl.a(ssl_asn1.o)
 .data          0x3ffe89ac        0x0 c:/Espressif/ESP8266_SDK/lib\libssl.a(ssl_bigint.o)
 .data          0x3ffe89ac        0x0 c:/Espressif/ESP8266_SDK/lib\libssl.a(ssl_crypto_misc.o)
 .data          0x3ffe89ac        0x0 c:/Espressif/ESP8266_SDK/lib\libssl.a(ssl_hmac.o)
 .data          0x3ffe89ac        0x0 c:/Espressif/ESP8266_SDK/lib\libssl.a(ssl_md2.o)
 .data          0x3ffe89ac        0x0 c:/Espressif/ESP8266_SDK/lib\libssl.a(ssl_os_port.o)
 .data          0x3ffe89ac        0x0 c:/Espressif/ESP8266_SDK/lib\libssl.a(ssl_rc4.o)
 .data          0x3ffe89ac        0x0 c:/Espressif/ESP8266_SDK/lib\libssl.a(ssl_rsa.o)
 .data          0x3ffe89ac        0x0 c:/Espressif/ESP8266_SDK/lib\libssl.a(ssl_sha1.o)
 *fill*         0x3ffe89ac        0x4 
 .data          0x3ffe89b0        0xe c:/Espressif/ESP8266_SDK/lib\libsmartconfig.a(sc_sniffer.o)
                0x3ffe89b8                ET_Group_bssid
 .data          0x3ffe89be        0x0 c:/Espressif/ESP8266_SDK/lib\libsmartconfig.a(sc_airkiss.o)
 *fill*         0x3ffe89be        0x2 
 .data          0x3ffe89c0        0x1 c:/Espressif/ESP8266_SDK/lib\libsmartconfig.a(sc_esptouch.o)
                0x3ffe89c0                g_ET_TimeOut
 .data          0x3ffe89c1        0x0 c:/espressif/xtensa-lx106-elf/bin/../lib/gcc/xtensa-lx106-elf/4.8.2/../../../../xtensa-lx106-elf/lib\libc.a(lib_a-memcmp.o)
 .data          0x3ffe89c1        0x0 c:/espressif/xtensa-lx106-elf/bin/../lib/gcc/xtensa-lx106-elf/4.8.2\libgcc.a(_ashrdi3.o)
 .data          0x3ffe89c1        0x0 c:/espressif/xtensa-lx106-elf/bin/../lib/gcc/xtensa-lx106-elf/4.8.2\libgcc.a(_fixunssfsi.o)
 .data          0x3ffe89c1        0x0 c:/espressif/xtensa-lx106-elf/bin/../lib/gcc/xtensa-lx106-elf/4.8.2\libgcc.a(_muldf3.o)
 .data          0x3ffe89c1        0x0 c:/espressif/xtensa-lx106-elf/bin/../lib/gcc/xtensa-lx106-elf/4.8.2\libgcc.a(_divdf3.o)
 .data          0x3ffe89c1        0x0 c:/espressif/xtensa-lx106-elf/bin/../lib/gcc/xtensa-lx106-elf/4.8.2\libgcc.a(_fixdfsi.o)
 .data          0x3ffe89c1        0x0 c:/espressif/xtensa-lx106-elf/bin/../lib/gcc/xtensa-lx106-elf/4.8.2\libgcc.a(_floatsidf.o)
 .data          0x3ffe89c1        0x0 c:/espressif/xtensa-lx106-elf/bin/../lib/gcc/xtensa-lx106-elf/4.8.2\libgcc.a(_truncdfsf2.o)
 .data          0x3ffe89c1        0x0 c:/espressif/xtensa-lx106-elf/bin/../lib/gcc/xtensa-lx106-elf/4.8.2\libgcc.a(_popcountsi2.o)
 .data          0x3ffe89c1        0x0 c:/espressif/xtensa-lx106-elf/bin/../lib/gcc/xtensa-lx106-elf/4.8.2\libgcc.a(_divdi3.o)
 .data          0x3ffe89c1        0x0 c:/espressif/xtensa-lx106-elf/bin/../lib/gcc/xtensa-lx106-elf/4.8.2\libgcc.a(_udivdi3.o)
 .data          0x3ffe89c1        0x0 c:/espressif/xtensa-lx106-elf/bin/../lib/gcc/xtensa-lx106-elf/4.8.2\libgcc.a(_umoddi3.o)
 .data          0x3ffe89c1        0x0 c:/espressif/xtensa-lx106-elf/bin/../lib/gcc/xtensa-lx106-elf/4.8.2\libgcc.a(_popcount_tab.o)
 *fill*         0x3ffe89c1        0x3 
 .data          0x3ffe89c4       0x18 c:/Espressif/ESP8266_SDK/lib\libnet80211.a(ieee80211_crypto_tkip.o)
                0x3ffe89c4                tkip
 .data          0x3ffe89dc       0x18 c:/Espressif/ESP8266_SDK/lib\libnet80211.a(ieee80211_crypto_wep.o)
                0x3ffe89dc                wep
 *(.data.*)
 *(.gnu.linkonce.d.*)
 *(.data1)
 *(.sdata)
 *(.sdata.*)
 *(.gnu.linkonce.s.*)
 *(.sdata2)
 *(.sdata2.*)
 *(.gnu.linkonce.s2.*)
 *(.jcr)
                0x3ffe89f4                _data_end = ABSOLUTE (.)

.rodata         0x3ffe8a00     0x1340
                0x3ffe8a00                _rodata_start = ABSOLUTE (.)
 *(.sdk.version)
 .sdk.version   0x3ffe8a00        0x6 c:/Espressif/ESP8266_SDK/lib\libmain.a(app_main.o)
                0x3ffe8a00                SDK_VERSION
 *(.rodata)
 *fill*         0x3ffe8a06        0x2 
 .rodata        0x3ffe8a08        0x8 c:/Espressif/ESP8266_SDK/lib\libmain.a(eagle_lib.o)
 .rodata        0x3ffe8a10       0x18 build/app_app.a(user_main.o)
                0x3ffe8a24                outputMap
 .rodata        0x3ffe8a28       0x40 build/app_app.a(easygpio.o)
 .rodata        0x3ffe8a68       0x68 c:/espressif/xtensa-lx106-elf/bin/../lib/gcc/xtensa-lx106-elf/4.8.2/../../../../xtensa-lx106-elf/lib\libc.a(lib_a-mktm_r.o)
 .rodata        0x3ffe8ad0      0x101 c:/espressif/xtensa-lx106-elf/bin/../lib/gcc/xtensa-lx106-elf/4.8.2/../../../../xtensa-lx106-elf/lib\libc.a(lib_a-ctype_.o)
                0x3ffe8ad0                _ctype_
 *fill*         0x3ffe8bd1        0x3 
 .rodata        0x3ffe8bd4        0x4 c:/espressif/xtensa-lx106-elf/bin/../lib/gcc/xtensa-lx106-elf/4.8.2/../../../../xtensa-lx106-elf/lib\libc.a(lib_a-impure.o)
                0x3ffe8bd4                _global_impure_ptr
 .rodata        0x3ffe8bd8        0x8 c:/Espressif/ESP8266_SDK/lib\libphy.a(phy_chip_v6_ana.o)
 .rodata        0x3ffe8be0        0x8 c:/Espressif/ESP8266_SDK/lib\libphy.a(phy_chip_v6.o)
 .rodata        0x3ffe8be8        0x8 c:/Espressif/ESP8266_SDK/lib\libpp.a(pp.o)
 .rodata        0x3ffe8bf0        0x8 c:/Espressif/ESP8266_SDK/lib\libnet80211.a(ieee80211.o)
                0x3ffe8bf0                ieee80211_opcap
 .rodata        0x3ffe8bf8        0x4 c:/Espressif/ESP8266_SDK/lib\libnet80211.a(ieee80211_hostap.o)
 .rodata        0x3ffe8bfc        0x4 c:/Espressif/ESP8266_SDK/lib\libnet80211.a(ieee80211_output.o)
 .rodata        0x3ffe8c00       0x70 c:/Espressif/ESP8266_SDK/lib\libnet80211.a(ieee80211_proto.o)
 .rodata        0x3ffe8c70        0x8 c:/Espressif/ESP8266_SDK/lib\libnet80211.a(wl_cnx.o)
 .rodata        0x3ffe8c78        0x8 c:/Espressif/ESP8266_SDK/lib\liblwip.a(dhcpserver.o)
 .rodata        0x3ffe8c80        0x6 c:/Espressif/ESP8266_SDK/lib\liblwip.a(etharp.o)
                0x3ffe8c80                ethbroadcast
 *fill*         0x3ffe8c86        0x2 
 .rodata        0x3ffe8c88        0x4 c:/Espressif/ESP8266_SDK/lib\liblwip.a(ip_addr.o)
                0x3ffe8c88                ip_addr_broadcast
 *fill*         0x3ffe8c8c        0x4 
 .rodata        0x3ffe8c90       0x14 c:/Espressif/ESP8266_SDK/lib\liblwip.a(memp.o)
                0x3ffe8c90                memp_sizes
 *fill*         0x3ffe8ca4        0xc 
 .rodata        0x3ffe8cb0       0x2d c:/Espressif/ESP8266_SDK/lib\liblwip.a(tcp.o)
                0x3ffe8cb0                tcp_pcb_lists
                0x3ffe8cc0                tcp_persist_backoff
                0x3ffe8cd0                tcp_backoff
 *fill*         0x3ffe8cdd        0x3 
 .rodata        0x3ffe8ce0        0xc c:/Espressif/ESP8266_SDK/lib\libwpa.a(wpa_common.o)
 *fill*         0x3ffe8cec        0x4 
 .rodata        0x3ffe8cf0       0x34 c:/Espressif/ESP8266_SDK/lib\libssl.a(ssl_loader.o)
 *fill*         0x3ffe8d24        0xc 
 .rodata        0x3ffe8d30       0x40 c:/Espressif/ESP8266_SDK/lib\libssl.a(ssl_md5.o)
 .rodata        0x3ffe8d70       0x74 c:/Espressif/ESP8266_SDK/lib\libssl.a(ssl_tls1.o)
                0x3ffe8dc4                ssl_prot_prefs
 *fill*         0x3ffe8de4        0x4 
 .rodata        0x3ffe8de8       0x10 c:/Espressif/ESP8266_SDK/lib\libssl.a(ssl_tls1_svr.o)
 *fill*         0x3ffe8df8        0x8 
 .rodata        0x3ffe8e00      0x220 c:/Espressif/ESP8266_SDK/lib\libssl.a(ssl_aes.o)
 .rodata        0x3ffe9020       0x18 c:/Espressif/ESP8266_SDK/lib\libssl.a(ssl_asn1.o)
 *fill*         0x3ffe9038        0x8 
 .rodata        0x3ffe9040       0x90 c:/Espressif/ESP8266_SDK/lib\libssl.a(ssl_crypto_misc.o)
                0x3ffe9040                unsupported_str
 .rodata        0x3ffe90d0      0x100 c:/Espressif/ESP8266_SDK/lib\libssl.a(ssl_md2.o)
 .rodata        0x3ffe91d0       0x10 c:/Espressif/ESP8266_SDK/lib\libssl.a(ssl_sha1.o)
 .rodata        0x3ffe91e0       0x1c c:/Espressif/ESP8266_SDK/lib\libsmartconfig.a(sc_sniffer.o)
                0x3ffe91e0                SC_TOUCH_VERSION
                0x3ffe91e8                SC_KISS_VERSION
 .rodata        0x3ffe91fc        0x8 c:/Espressif/ESP8266_SDK/lib\libsmartconfig.a(sc_airkiss.o)
                0x3ffe91fc                RSSI_BEAR
                0x3ffe91fd                DATA_RSSI_BEAR
                0x3ffe91fe                RSSI_MIN
 .rodata        0x3ffe9204      0x100 c:/espressif/xtensa-lx106-elf/bin/../lib/gcc/xtensa-lx106-elf/4.8.2\libgcc.a(_popcount_tab.o)
                0x3ffe9204                __popcount_tab
 *(.rodata.*)
 .rodata.str1.4
                0x3ffe9304       0x6b c:/Espressif/ESP8266_SDK/lib\libmain.a(app_main.o)
 *fill*         0x3ffe936f        0x1 
 .rodata.str1.4
                0x3ffe9370       0x14 c:/Espressif/ESP8266_SDK/lib\libmain.a(ets_timer.o)
 .rodata.str1.4
                0x3ffe9384       0x28 c:/Espressif/ESP8266_SDK/lib\libmain.a(mem_manager.o)
 .rodata.str1.4
                0x3ffe93ac       0x1b c:/Espressif/ESP8266_SDK/lib\libmain.a(user_interface.o)
 *fill*         0x3ffe93c7        0x1 
 .rodata.str1.4
                0x3ffe93c8      0x358 build/app_app.a(user_main.o)
                                0x360 (size before relaxing)
 .rodata.str1.4
                0x3ffe9720        0x3 build/app_app.a(wifi.o)
 *fill*         0x3ffe9723        0x1 
 .rodata.str1.4
                0x3ffe9724       0x71 build/app_app.a(config.o)
                                 0x79 (size before relaxing)
 *fill*         0x3ffe9795        0x3 
 .rodata.str1.4
                0x3ffe9798       0xd8 build/app_app.a(easygpio.o)
 .rodata.str1.4
                0x3ffe9870        0x7 build/app_app.a(mqtt_msg.o)
 *fill*         0x3ffe9877        0x1 
 .rodata.str1.4
                0x3ffe9878        0x4 c:/espressif/xtensa-lx106-elf/bin/../lib/gcc/xtensa-lx106-elf/4.8.2/../../../../xtensa-lx106-elf/lib\libc.a(lib_a-tzvars.o)
 .rodata.str1.4
                0x3ffe987c        0x2 c:/espressif/xtensa-lx106-elf/bin/../lib/gcc/xtensa-lx106-elf/4.8.2/../../../../xtensa-lx106-elf/lib\libc.a(lib_a-impure.o)
 *fill*         0x3ffe987e        0x2 
 .rodata.str1.4
                0x3ffe9880        0x7 c:/Espressif/ESP8266_SDK/lib\libpp.a(lmac.o)
                                  0xf (size before relaxing)
 *fill*         0x3ffe9887        0x1 
 .rodata.str1.4
                0x3ffe9888       0x17 c:/Espressif/ESP8266_SDK/lib\libpp.a(pm.o)
                                 0x1f (size before relaxing)
 *fill*         0x3ffe989f        0x1 
 .rodata.str1.4
                0x3ffe98a0       0x17 c:/Espressif/ESP8266_SDK/lib\libpp.a(pm_for_bcn_only_mode.o)
                                 0x27 (size before relaxing)
 *fill*         0x3ffe98b7        0x1 
 .rodata.str1.4
                0x3ffe98b8        0x5 c:/Espressif/ESP8266_SDK/lib\libpp.a(pp.o)
                                  0xd (size before relaxing)
 *fill*         0x3ffe98bd        0x3 
 .rodata.str1.4
                0x3ffe98c0        0x7 c:/Espressif/ESP8266_SDK/lib\libpp.a(wdev.o)
                                  0xf (size before relaxing)
 .rodata.str1.4
                0x00000000        0x7 c:/Espressif/ESP8266_SDK/lib\libnet80211.a(ieee80211.o)
 .rodata.str1.4
                0x00000000        0x7 c:/Espressif/ESP8266_SDK/lib\libnet80211.a(ieee80211_output.o)
 *fill*         0x3ffe98c7        0x1 
 .rodata.str1.4
                0x3ffe98c8        0x4 c:/Espressif/ESP8266_SDK/lib\libnet80211.a(ieee80211_scan.o)
 .rodata.str1.4
                0x3ffe98cc        0x4 c:/Espressif/ESP8266_SDK/lib\libnet80211.a(ieee80211_action_vendor.o)
 .rodata.str1.4
                0x00000000        0x4 c:/Espressif/ESP8266_SDK/lib\libnet80211.a(ieee80211_ie_vendor.o)
 .rodata.str1.4
                0x3ffe98d0        0xf c:/Espressif/ESP8266_SDK/lib\liblwip.a(dns.o)
 .rodata.str1.4
                0x00000000        0x1 c:/Espressif/ESP8266_SDK/lib\liblwip.a(espconn_tcp.o)
 *fill*         0x3ffe98df        0x1 
 .rodata.str1.4
                0x3ffe98e0       0x88 c:/Espressif/ESP8266_SDK/lib\liblwip.a(mdns.o)
 .rodata.str1.4
                0x3ffe9968       0x3c c:/Espressif/ESP8266_SDK/lib\libwpa.a(wpa_auth.o)
                                 0x43 (size before relaxing)
 .rodata.str1.4
                0x00000000       0x17 c:/Espressif/ESP8266_SDK/lib\libwpa.a(wpa.o)
 .rodata.str1.4
                0x3ffe99a4        0x9 c:/Espressif/ESP8266_SDK/lib\libwpa.a(wpa_common.o)
 *fill*         0x3ffe99ad        0x3 
 .rodata.str1.4
                0x3ffe99b0        0x5 c:/Espressif/ESP8266_SDK/lib\libwpa.a(wpa_debug.o)
                                  0xd (size before relaxing)
 *fill*         0x3ffe99b5        0x3 
 .rodata.str1.4
                0x3ffe99b8      0x150 c:/Espressif/ESP8266_SDK/lib\libssl.a(ssl_loader.o)
                                0x151 (size before relaxing)
 .rodata.str1.4
                0x3ffe9b08       0x46 c:/Espressif/ESP8266_SDK/lib\libssl.a(ssl_tls1.o)
 *fill*         0x3ffe9b4e        0x2 
 .rodata.str1.4
                0x3ffe9b50       0xec c:/Espressif/ESP8266_SDK/lib\libssl.a(ssl_x509.o)
                                 0xf4 (size before relaxing)
 .rodata.str1.4
                0x3ffe9c3c       0x1e c:/Espressif/ESP8266_SDK/lib\libssl.a(ssl_crypto_misc.o)
 *fill*         0x3ffe9c5a        0x2 
 .rodata.str1.4
                0x3ffe9c5c       0x20 c:/Espressif/ESP8266_SDK/lib\libssl.a(ssl_rsa.o)
 .rodata.str1.4
                0x3ffe9c7c        0xd c:/Espressif/ESP8266_SDK/lib\libsmartconfig.a(sc_sniffer.o)
 *fill*         0x3ffe9c89        0x3 
 .rodata.str1.4
                0x3ffe9c8c        0xd c:/Espressif/ESP8266_SDK/lib\libsmartconfig.a(sc_airkiss.o)
 *fill*         0x3ffe9c99        0x3 
 .rodata.str1.4
                0x3ffe9c9c       0x10 c:/Espressif/ESP8266_SDK/lib\libsmartconfig.a(sc_esptouch.o)
                                  0xe (size before relaxing)
 *(.gnu.linkonce.r.*)
 *(.rodata1)
                0x3ffe9cac                __XT_EXCEPTION_TABLE__ = ABSOLUTE (.)
 *(.xt_except_table)
 *(.gcc_except_table)
 *(.gnu.linkonce.e.*)
 *(.gnu.version_r)
 *(.eh_frame)
 .eh_frame      0x3ffe9cac       0x38 c:/espressif/xtensa-lx106-elf/bin/../lib/gcc/xtensa-lx106-elf/4.8.2\libgcc.a(_divdi3.o)
 .eh_frame      0x3ffe9ce4       0x28 c:/espressif/xtensa-lx106-elf/bin/../lib/gcc/xtensa-lx106-elf/4.8.2\libgcc.a(_udivdi3.o)
                                 0x38 (size before relaxing)
 .eh_frame      0x3ffe9d0c       0x2c c:/espressif/xtensa-lx106-elf/bin/../lib/gcc/xtensa-lx106-elf/4.8.2\libgcc.a(_umoddi3.o)
                                 0x3c (size before relaxing)
 *crtbegin.o(.ctors)
 *(EXCLUDE_FILE(*crtend.o) .ctors)
 *(SORT(.ctors.*))
 *(.ctors)
 *crtbegin.o(.dtors)
 *(EXCLUDE_FILE(*crtend.o) .dtors)
 *(SORT(.dtors.*))
 *(.dtors)
                0x3ffe9d38                __XT_EXCEPTION_DESCS__ = ABSOLUTE (.)
 *(.xt_except_desc)
 *(.gnu.linkonce.h.*)
                0x3ffe9d38                __XT_EXCEPTION_DESCS_END__ = ABSOLUTE (.)
 *(.xt_except_desc_end)
 *(.dynamic)
 *(.gnu.version_d)
                0x3ffe9d38                . = ALIGN (0x4)
                0x3ffe9d38                _bss_table_start = ABSOLUTE (.)
                0x3ffe9d38        0x4 LONG 0x3ffe9d40 _bss_start
                0x3ffe9d3c        0x4 LONG 0x3fff3538 _bss_end
                0x3ffe9d40                _bss_table_end = ABSOLUTE (.)
                0x3ffe9d40                _rodata_end = ABSOLUTE (.)

.bss            0x3ffe9d40     0x97f8
                0x3ffe9d40                . = ALIGN (0x8)
                0x3ffe9d40                _bss_start = ABSOLUTE (.)
 *(.dynsbss)
 *(.sbss)
 *(.sbss.*)
 *(.gnu.linkonce.sb.*)
 *(.scommon)
 *(.sbss2)
 *(.sbss2.*)
 *(.gnu.linkonce.sb2.*)
 *(.dynbss)
 *(.bss)
 .bss           0x3ffe9d40        0x0 c:/Espressif/ESP8266_SDK/lib\libmain.a(debug-vector.o)
 .bss           0x3ffe9d40        0x0 c:/Espressif/ESP8266_SDK/lib\libmain.a(double-vector.o)
 .bss           0x3ffe9d40        0x0 c:/Espressif/ESP8266_SDK/lib\libmain.a(kernel-vector.o)
 .bss           0x3ffe9d40      0x1c0 c:/Espressif/ESP8266_SDK/lib\libmain.a(nmi-vector.o)
 .bss           0x3ffe9f00        0x0 c:/Espressif/ESP8266_SDK/lib\libmain.a(user-vector.o)
 .bss           0x3ffe9f00        0x0 c:/Espressif/ESP8266_SDK/lib\libmain.a(vector.o)
 .bss           0x3ffe9f00       0x41 c:/Espressif/ESP8266_SDK/lib\libmain.a(app_main.o)
                0x3ffe9f04                info
                0x3ffe9f28                lwip_timer_interval
                0x3ffe9f2c                check_timeouts_timer
                0x3ffe9f40                user_init_flag
 *fill*         0x3ffe9f41        0xf 
 .bss           0x3ffe9f50       0x30 c:/Espressif/ESP8266_SDK/lib\libmain.a(ets_timer.o)
                0x3ffe9f50                timer_list
                0x3ffe9f54                debug_timer
                0x3ffe9f58                debug_timerfn
 .bss           0x3ffe9f80       0x18 c:/Espressif/ESP8266_SDK/lib\libmain.a(mem_manager.o)
 .bss           0x3ffe9f98        0x4 c:/Espressif/ESP8266_SDK/lib\libmain.a(spi_flash.o)
                0x3ffe9f98                flash_read
 *fill*         0x3ffe9f9c        0x4 
 .bss           0x3ffe9fa0      0x151 c:/Espressif/ESP8266_SDK/lib\libmain.a(user_interface.o)
                0x3ffea097                deep_sleep_flag
                0x3ffea098                cpu_overclock
                0x3ffea09c                event_cb
                0x3ffea0a0                status_led_output_level
                0x3ffea0a4                done_cb
                0x3ffea0a8                rst_if
                0x3ffea0c4                default_interface
                0x3ffea0c5                OpmodChgIsOnGoing
                0x3ffea0c8                bcn_ie
                0x3ffea0d0                promiscuous_cb
 .bss           0x3ffea0f1        0x0 c:/Espressif/ESP8266_SDK/lib\libmain.a(eagle_lib.o)
 *fill*         0x3ffea0f1        0x3 
 .bss           0x3ffea0f4        0xc c:/Espressif/ESP8266_SDK/lib\libmain.a(eagle_lwip_if.o)
                0x3ffea0f4                hostname
 .bss           0x3ffea100       0xa0 build/app_app.a(user_main.o)
 .bss           0x3ffea1a0        0x8 build/app_app.a(mqtt.o)
                0x3ffea1a0                default_private_key_len
                0x3ffea1a4                default_certificate_len
 .bss           0x3ffea1a8       0x1c build/app_app.a(wifi.o)
                0x3ffea1a8                wifiCb
 .bss           0x3ffea1c4        0x0 build/app_app.a(config.o)
 .bss           0x3ffea1c4        0x0 build/app_app.a(easygpio.o)
 .bss           0x3ffea1c4       0x90 build/app_app.a(dht22.o)
 .bss           0x3ffea254        0x0 build/app_app.a(stdout.o)
 .bss           0x3ffea254        0x0 build/app_app.a(utils.o)
 .bss           0x3ffea254        0x0 build/app_app.a(queue.o)
 .bss           0x3ffea254        0x0 build/app_app.a(mqtt_msg.o)
 .bss           0x3ffea254        0x0 build/app_app.a(ringbuf.o)
 .bss           0x3ffea254        0x0 build/app_app.a(proto.o)
 .bss           0x3ffea254        0x0 c:/espressif/xtensa-lx106-elf/bin/../lib/gcc/xtensa-lx106-elf/4.8.2/../../../../xtensa-lx106-elf/lib\libc.a(lib_a-atoi.o)
 .bss           0x3ffea254        0x0 c:/espressif/xtensa-lx106-elf/bin/../lib/gcc/xtensa-lx106-elf/4.8.2/../../../../xtensa-lx106-elf/lib\libc.a(lib_a-lcltime.o)
 .bss           0x3ffea254        0x0 c:/espressif/xtensa-lx106-elf/bin/../lib/gcc/xtensa-lx106-elf/4.8.2/../../../../xtensa-lx106-elf/lib\libc.a(lib_a-lcltime_r.o)
 .bss           0x3ffea254        0x0 c:/espressif/xtensa-lx106-elf/bin/../lib/gcc/xtensa-lx106-elf/4.8.2/../../../../xtensa-lx106-elf/lib\libc.a(lib_a-memcpy.o)
 .bss           0x3ffea254        0x0 c:/espressif/xtensa-lx106-elf/bin/../lib/gcc/xtensa-lx106-elf/4.8.2/../../../../xtensa-lx106-elf/lib\libc.a(lib_a-mktm_r.o)
 .bss           0x3ffea254        0x0 c:/espressif/xtensa-lx106-elf/bin/../lib/gcc/xtensa-lx106-elf/4.8.2/../../../../xtensa-lx106-elf/lib\libc.a(lib_a-strcmp.o)
 .bss           0x3ffea254        0x0 c:/espressif/xtensa-lx106-elf/bin/../lib/gcc/xtensa-lx106-elf/4.8.2/../../../../xtensa-lx106-elf/lib\libc.a(lib_a-strlen.o)
 .bss           0x3ffea254        0x0 c:/espressif/xtensa-lx106-elf/bin/../lib/gcc/xtensa-lx106-elf/4.8.2/../../../../xtensa-lx106-elf/lib\libc.a(lib_a-strtol.o)
 .bss           0x3ffea254        0x0 c:/espressif/xtensa-lx106-elf/bin/../lib/gcc/xtensa-lx106-elf/4.8.2/../../../../xtensa-lx106-elf/lib\libc.a(lib_a-tzlock.o)
 .bss           0x3ffea254        0x8 c:/espressif/xtensa-lx106-elf/bin/../lib/gcc/xtensa-lx106-elf/4.8.2/../../../../xtensa-lx106-elf/lib\libc.a(lib_a-tzvars.o)
                0x3ffea254                _timezone
                0x3ffea258                _daylight
 .bss           0x3ffea25c        0x0 c:/espressif/xtensa-lx106-elf/bin/../lib/gcc/xtensa-lx106-elf/4.8.2/../../../../xtensa-lx106-elf/lib\libc.a(lib_a-ctype_.o)
 .bss           0x3ffea25c        0x0 c:/espressif/xtensa-lx106-elf/bin/../lib/gcc/xtensa-lx106-elf/4.8.2/../../../../xtensa-lx106-elf/lib\libc.a(lib_a-gettzinfo.o)
 .bss           0x3ffea25c        0x0 c:/espressif/xtensa-lx106-elf/bin/../lib/gcc/xtensa-lx106-elf/4.8.2/../../../../xtensa-lx106-elf/lib\libc.a(lib_a-impure.o)
 .bss           0x3ffea25c        0x0 c:/espressif/xtensa-lx106-elf/bin/../lib/gcc/xtensa-lx106-elf/4.8.2\libgcc.a(_divsi3.o)
 .bss           0x3ffea25c        0x0 c:/espressif/xtensa-lx106-elf/bin/../lib/gcc/xtensa-lx106-elf/4.8.2\libgcc.a(_modsi3.o)
 .bss           0x3ffea25c        0x0 c:/espressif/xtensa-lx106-elf/bin/../lib/gcc/xtensa-lx106-elf/4.8.2\libgcc.a(_udivsi3.o)
 .bss           0x3ffea25c        0x0 c:/espressif/xtensa-lx106-elf/bin/../lib/gcc/xtensa-lx106-elf/4.8.2\libgcc.a(_umodsi3.o)
 .bss           0x3ffea25c        0x0 c:/espressif/xtensa-lx106-elf/bin/../lib/gcc/xtensa-lx106-elf/4.8.2\libgcc.a(_addsubsf3.o)
 .bss           0x3ffea25c        0x0 c:/espressif/xtensa-lx106-elf/bin/../lib/gcc/xtensa-lx106-elf/4.8.2\libgcc.a(_mulsf3.o)
 .bss           0x3ffea25c        0x0 c:/espressif/xtensa-lx106-elf/bin/../lib/gcc/xtensa-lx106-elf/4.8.2\libgcc.a(_divsf3.o)
 .bss           0x3ffea25c        0x0 c:/espressif/xtensa-lx106-elf/bin/../lib/gcc/xtensa-lx106-elf/4.8.2\libgcc.a(_cmpsf2.o)
 .bss           0x3ffea25c        0x0 c:/espressif/xtensa-lx106-elf/bin/../lib/gcc/xtensa-lx106-elf/4.8.2\libgcc.a(_fixsfsi.o)
 .bss           0x3ffea25c        0x0 c:/espressif/xtensa-lx106-elf/bin/../lib/gcc/xtensa-lx106-elf/4.8.2\libgcc.a(_floatsisf.o)
 .bss           0x3ffea25c        0x0 c:/espressif/xtensa-lx106-elf/bin/../lib/gcc/xtensa-lx106-elf/4.8.2\libgcc.a(_muldi3.o)
 .bss           0x3ffea25c        0x0 c:/espressif/xtensa-lx106-elf/bin/../lib/gcc/xtensa-lx106-elf/4.8.2\libgcc.a(_umulsidi3.o)
 .bss           0x3ffea25c        0x0 c:/espressif/xtensa-lx106-elf/bin/../lib/gcc/xtensa-lx106-elf/4.8.2/../../../../xtensa-lx106-elf/lib\libhal.a(int_asm--set_intclear.o)
 .bss           0x3ffea25c        0x4 c:/Espressif/ESP8266_SDK/lib\libphy.a(phy.o)
 .bss           0x3ffea260        0x0 c:/Espressif/ESP8266_SDK/lib\libphy.a(phy_chip_v6_ana.o)
 .bss           0x3ffea260      0x3ab c:/Espressif/ESP8266_SDK/lib\libphy.a(phy_chip_v6.o)
                0x3ffea260                g_phyFuns
                0x3ffea264                rxiq_compute_num
                0x3ffea268                rxdc_init_flag
                0x3ffea26c                check_result
                0x3ffea270                chip6_sleep_params
                0x3ffea454                chip6_phy_init_ctrl
                0x3ffea4c8                phy_freq_offset
                0x3ffea4ca                do_pwctrl_flag
                0x3ffea4cb                pwctrl_debug
                0x3ffea4cc                txbk_dpdby_flag
                0x3ffea4ce                sw_scan_mode
                0x3ffea4e0                periodic_cal_dc_num
                0x3ffea4e4                periodic_cal_flag
                0x3ffea4e5                bbpll_cal_flag
                0x3ffea4e6                phy_in_most_power
                0x3ffea4e7                deep_sleep_en
                0x3ffea4e8                rtc_mem_check_fail
                0x3ffea4e9                rtc_recovery_en
                0x3ffea4ea                phy_in_vdd33_offset
                0x3ffea4eb                phy_set_most_tpw_disbg
                0x3ffea4ec                phy_set_most_tpw_index
                0x3ffea4f0                adc_rand_noise
                0x3ffea4f4                dpd_bypass_original
                0x3ffea4f8                noise_array
                0x3ffea600                tx_pwctrl_atten_init
 *fill*         0x3ffea60b        0x1 
 .bss           0x3ffea60c        0x6 c:/Espressif/ESP8266_SDK/lib\libphy.a(phy_chip_v6_cal.o)
                0x3ffea60c                loop_pwctrl_pwdet_error_accum_high_power
                0x3ffea60e                tx_pwctrl_pk_num
                0x3ffea60f                loop_pwctrl_correct_atten_high_power
                0x3ffea610                tx_pwctrl_set_chan_flag
                0x3ffea611                rxiq_cover_fail_num
 .bss           0x3ffea612        0x0 c:/Espressif/ESP8266_SDK/lib\libphy.a(phy_chip_v6_unused.o)
 *fill*         0x3ffea612        0x2 
 .bss           0x3ffea614        0x7 c:/Espressif/ESP8266_SDK/lib\libphy.a(phy_sleep.o)
                0x3ffea614                periodic_cal_sat
                0x3ffea616                lslp_mem_opt_8266
                0x3ffea618                software_slp_reject
                0x3ffea619                SDIO_slp_reject
                0x3ffea61a                hardware_reject
 *fill*         0x3ffea61b        0x5 
 .bss           0x3ffea620       0x30 c:/Espressif/ESP8266_SDK/lib\libpp.a(if_hwctrl.o)
                0x3ffea620                interface_mask
                0x3ffea630                if_ctrl
 .bss           0x3ffea650      0x150 c:/Espressif/ESP8266_SDK/lib\libpp.a(lmac.o)
                0x3ffea654                lmacConfMib
 .bss           0x3ffea7a0      0x11a c:/Espressif/ESP8266_SDK/lib\libpp.a(pm.o)
                0x3ffea7a0                pmc
 *fill*         0x3ffea8ba        0x2 
 .bss           0x3ffea8bc       0x30 c:/Espressif/ESP8266_SDK/lib\libpp.a(pm_for_bcn_only_mode.o)
 *fill*         0x3ffea8ec        0x4 
 .bss           0x3ffea8f0      0x2e2 c:/Espressif/ESP8266_SDK/lib\libpp.a(pp.o)
                0x3ffea908                pend_flag_noise_check
                0x3ffea910                pend_flag_periodic_cal
                0x3ffea928                idle_timer_reopen_flag
                0x3ffea929                dbg_stop_sw_wdt
                0x3ffea92a                dbg_stop_hw_wdt
                0x3ffea940                HighestFreqOffsetInOneChk
 *fill*         0x3ffeabd2        0xe 
 .bss           0x3ffeabe0      0x100 c:/Espressif/ESP8266_SDK/lib\libpp.a(rate_control.o)
 .bss           0x3ffeace0      0x448 c:/Espressif/ESP8266_SDK/lib\libpp.a(trc.o)
 *fill*         0x3ffeb128        0x8 
 .bss           0x3ffeb130     0x4e88 c:/Espressif/ESP8266_SDK/lib\libpp.a(wdev.o)
                0x3ffeb130                wDevCtrl
                0x3ffeb2d8                WdevTimOffSet
 *fill*         0x3ffeffb8        0x8 
 .bss           0x3ffeffc0     0x1294 c:/Espressif/ESP8266_SDK/lib\libpp.a(esf_buf.o)
 .bss           0x3fff1254      0x584 c:/Espressif/ESP8266_SDK/lib\libnet80211.a(ieee80211.o)
                0x3fff1254                g_ic
 .bss           0x3fff17d8        0x0 c:/Espressif/ESP8266_SDK/lib\libnet80211.a(ieee80211_crypto.o)
 .bss           0x3fff17d8        0x0 c:/Espressif/ESP8266_SDK/lib\libnet80211.a(ieee80211_ets.o)
 .bss           0x3fff17d8       0x40 c:/Espressif/ESP8266_SDK/lib\libnet80211.a(ieee80211_hostap.o)
                0x3fff17d8                BcnEb_update
                0x3fff17fc                PendFreeBcnEb
                0x3fff1800                ApFreqCalTimer
 .bss           0x3fff1818        0x0 c:/Espressif/ESP8266_SDK/lib\libnet80211.a(ieee80211_ht.o)
 .bss           0x3fff1818        0x0 c:/Espressif/ESP8266_SDK/lib\libnet80211.a(ieee80211_input.o)
 .bss           0x3fff1818        0x0 c:/Espressif/ESP8266_SDK/lib\libnet80211.a(ieee80211_output.o)
 .bss           0x3fff1818        0x0 c:/Espressif/ESP8266_SDK/lib\libnet80211.a(ieee80211_phy.o)
 .bss           0x3fff1818        0x0 c:/Espressif/ESP8266_SDK/lib\libnet80211.a(ieee80211_power.o)
 .bss           0x3fff1818        0x0 c:/Espressif/ESP8266_SDK/lib\libnet80211.a(ieee80211_proto.o)
 .bss           0x3fff1818       0xd0 c:/Espressif/ESP8266_SDK/lib\libnet80211.a(ieee80211_scan.o)
                0x3fff1818                gScanStruct
                0x3fff18cc                FreqCalCntForScan
                0x3fff18ce                TestStaFreqCalValInput
                0x3fff18d0                auth_type
                0x3fff18d2                scannum
 .bss           0x3fff18e8        0x0 c:/Espressif/ESP8266_SDK/lib\libnet80211.a(ieee80211_sta.o)
 .bss           0x3fff18e8       0x3c c:/Espressif/ESP8266_SDK/lib\libnet80211.a(wl_chm.o)
 *fill*         0x3fff1924        0x4 
 .bss           0x3fff1928      0x418 c:/Espressif/ESP8266_SDK/lib\libnet80211.a(wl_cnx.o)
                0x3fff1d28                sta_con_timer
                0x3fff1d3c                g_cnx_probe_rc_list_cb
 .bss           0x3fff1d40        0x0 c:/Espressif/ESP8266_SDK/lib\libnet80211.a(ieee80211_action.o)
 .bss           0x3fff1d40        0x8 c:/Espressif/ESP8266_SDK/lib\libnet80211.a(ieee80211_action_vendor.o)
 .bss           0x3fff1d48        0x0 c:/Espressif/ESP8266_SDK/lib\libnet80211.a(ieee80211_crypto_ccmp.o)
 .bss           0x3fff1d48        0x0 c:/Espressif/ESP8266_SDK/lib\libnet80211.a(ieee80211_ie_vendor.o)
 *fill*         0x3fff1d48        0x8 
 .bss           0x3fff1d50       0x38 c:/Espressif/ESP8266_SDK/lib\liblwip.a(dhcp.o)
                0x3fff1d50                dhcp_rx_options_given
                0x3fff1d60                dhcp_rx_options_val
 .bss           0x3fff1d88      0x24c c:/Espressif/ESP8266_SDK/lib\liblwip.a(dhcpserver.o)
                0x3fff1d98                s
 *fill*         0x3fff1fd4        0xc 
 .bss           0x3fff1fe0      0x690 c:/Espressif/ESP8266_SDK/lib\liblwip.a(dns.o)
 .bss           0x3fff2670      0x104 c:/Espressif/ESP8266_SDK/lib\liblwip.a(espconn.o)
                0x3fff2670                plink_active
                0x3fff2674                pserver_list
                0x3fff2680                premot
                0x3fff2740                pktinfo
 *fill*         0x3fff2774        0xc 
 .bss           0x3fff2780       0x78 c:/Espressif/ESP8266_SDK/lib\liblwip.a(espconn_tcp.o)
                0x3fff2780                espconn_TaskQueue
 .bss           0x3fff27f8        0x0 c:/Espressif/ESP8266_SDK/lib\liblwip.a(espconn_udp.o)
 *fill*         0x3fff27f8        0x8 
 .bss           0x3fff2800      0x100 c:/Espressif/ESP8266_SDK/lib\liblwip.a(etharp.o)
                0x3fff2804                ethzero
 .bss           0x3fff2900        0xc c:/Espressif/ESP8266_SDK/lib\liblwip.a(igmp.o)
 .bss           0x3fff290c        0x0 c:/Espressif/ESP8266_SDK/lib\liblwip.a(inet_chksum.o)
 .bss           0x3fff290c        0x0 c:/Espressif/ESP8266_SDK/lib\liblwip.a(init.o)
 *fill*         0x3fff290c        0x4 
 .bss           0x3fff2910       0x20 c:/Espressif/ESP8266_SDK/lib\liblwip.a(ip_addr.o)
                0x3fff2910                ip_addr_any
 .bss           0x3fff2930       0x12 c:/Espressif/ESP8266_SDK/lib\liblwip.a(ip.o)
                0x3fff2930                current_iphdr_dest
                0x3fff2934                current_iphdr_src
                0x3fff2938                current_netif
                0x3fff293c                current_header
 *fill*         0x3fff2942        0xe 
 .bss           0x3fff2950      0x421 c:/Espressif/ESP8266_SDK/lib\liblwip.a(mdns.o)
                0x3fff2954                PUCK_SERVICE
                0x3fff295c                PUCK_PORT
                0x3fff2968                mdns_timer
 .bss           0x3fff2d71        0x0 c:/Espressif/ESP8266_SDK/lib\liblwip.a(memp.o)
 *fill*         0x3fff2d71        0x3 
 .bss           0x3fff2d74        0x9 c:/Espressif/ESP8266_SDK/lib\liblwip.a(netif.o)
                0x3fff2d74                netif_list
                0x3fff2d78                netif_default
 .bss           0x3fff2d7d        0x0 c:/Espressif/ESP8266_SDK/lib\liblwip.a(pbuf.o)
 *fill*         0x3fff2d7d        0x3 
 .bss           0x3fff2d80        0x4 c:/Espressif/ESP8266_SDK/lib\liblwip.a(raw.o)
 .bss           0x3fff2d84       0x34 c:/Espressif/ESP8266_SDK/lib\liblwip.a(tcp_in.o)
                0x3fff2db4                tcp_input_pcb
 .bss           0x3fff2db8       0x1c c:/Espressif/ESP8266_SDK/lib\liblwip.a(tcp.o)
                0x3fff2dbc                tcp_active_pcbs
                0x3fff2dc0                tcp_tmp_pcb
                0x3fff2dc4                tcp_tw_pcbs
                0x3fff2dc8                tcp_bound_pcbs
                0x3fff2dcc                tcp_listen_pcbs
                0x3fff2dd0                tcp_ticks
 .bss           0x3fff2dd4        0x0 c:/Espressif/ESP8266_SDK/lib\liblwip.a(tcp_out.o)
 .bss           0x3fff2dd4        0xc c:/Espressif/ESP8266_SDK/lib\liblwip.a(timers.o)
 .bss           0x3fff2de0        0x4 c:/Espressif/ESP8266_SDK/lib\liblwip.a(udp.o)
                0x3fff2de0                udp_pcbs
 .bss           0x3fff2de4        0x0 c:/Espressif/ESP8266_SDK/lib\liblwip.a(icmp.o)
 .bss           0x3fff2de4        0x0 c:/Espressif/ESP8266_SDK/lib\libwpa.a(ap_config.o)
 .bss           0x3fff2de4        0x0 c:/Espressif/ESP8266_SDK/lib\libwpa.a(common.o)
 .bss           0x3fff2de4        0x0 c:/Espressif/ESP8266_SDK/lib\libwpa.a(os_xtensa.o)
 .bss           0x3fff2de4        0x0 c:/Espressif/ESP8266_SDK/lib\libwpa.a(wpa_auth.o)
 .bss           0x3fff2de4        0x0 c:/Espressif/ESP8266_SDK/lib\libwpa.a(wpa_auth_ie.o)
 *fill*         0x3fff2de4        0xc 
 .bss           0x3fff2df0      0x27a c:/Espressif/ESP8266_SDK/lib\libwpa.a(wpa.o)
 .bss           0x3fff306a        0x0 c:/Espressif/ESP8266_SDK/lib\libwpa.a(wpa_common.o)
 .bss           0x3fff306a        0x0 c:/Espressif/ESP8266_SDK/lib\libwpa.a(wpa_debug.o)
 .bss           0x3fff306a        0x0 c:/Espressif/ESP8266_SDK/lib\libwpa.a(wpa_ie.o)
 .bss           0x3fff306a        0x0 c:/Espressif/ESP8266_SDK/lib\libwpa.a(wpa_main.o)
 .bss           0x3fff306a        0x0 c:/Espressif/ESP8266_SDK/lib\libwpa.a(wpas_glue.o)
 .bss           0x3fff306a        0x0 c:/Espressif/ESP8266_SDK/lib\libwpa.a(aes-wrap.o)
 .bss           0x3fff306a        0x0 c:/Espressif/ESP8266_SDK/lib\libwpa.a(aes-internal-enc.o)
 .bss           0x3fff306a        0x0 c:/Espressif/ESP8266_SDK/lib\libssl.a(espconn_secure.o)
 *fill*         0x3fff306a        0x6 
 .bss           0x3fff3070       0x88 c:/Espressif/ESP8266_SDK/lib\libssl.a(espconn_ssl.o)
                0x3fff3070                pfile_param
 .bss           0x3fff30f8        0x0 c:/Espressif/ESP8266_SDK/lib\libssl.a(ssl_loader.o)
 .bss           0x3fff30f8        0x0 c:/Espressif/ESP8266_SDK/lib\libssl.a(ssl_md5.o)
 .bss           0x3fff30f8        0x0 c:/Espressif/ESP8266_SDK/lib\libssl.a(ssl_tls1_clnt.o)
 .bss           0x3fff30f8        0x4 c:/Espressif/ESP8266_SDK/lib\libssl.a(ssl_tls1.o)
 .bss           0x3fff30fc        0x0 c:/Espressif/ESP8266_SDK/lib\libssl.a(ssl_tls1_svr.o)
 .bss           0x3fff30fc        0x0 c:/Espressif/ESP8266_SDK/lib\libssl.a(ssl_x509.o)
 .bss           0x3fff30fc        0x0 c:/Espressif/ESP8266_SDK/lib\libssl.a(ssl_aes.o)
 .bss           0x3fff30fc        0x0 c:/Espressif/ESP8266_SDK/lib\libssl.a(ssl_asn1.o)
 .bss           0x3fff30fc        0x0 c:/Espressif/ESP8266_SDK/lib\libssl.a(ssl_bigint.o)
 .bss           0x3fff30fc        0x8 c:/Espressif/ESP8266_SDK/lib\libssl.a(ssl_crypto_misc.o)
                0x3fff30fc                hex_finish
                0x3fff3100                hex_index
 .bss           0x3fff3104        0x0 c:/Espressif/ESP8266_SDK/lib\libssl.a(ssl_hmac.o)
 .bss           0x3fff3104        0x0 c:/Espressif/ESP8266_SDK/lib\libssl.a(ssl_md2.o)
 .bss           0x3fff3104        0x0 c:/Espressif/ESP8266_SDK/lib\libssl.a(ssl_os_port.o)
 .bss           0x3fff3104        0x0 c:/Espressif/ESP8266_SDK/lib\libssl.a(ssl_rc4.o)
 .bss           0x3fff3104        0x0 c:/Espressif/ESP8266_SDK/lib\libssl.a(ssl_rsa.o)
 .bss           0x3fff3104        0x0 c:/Espressif/ESP8266_SDK/lib\libssl.a(ssl_sha1.o)
 .bss           0x3fff3104       0x30 c:/Espressif/ESP8266_SDK/lib\libsmartconfig.a(sc_sniffer.o)
                0x3fff3104                pAPListHead
                0x3fff3108                pAPListTral
                0x3fff310c                smartconfig_cb
                0x3fff3110                SnifGlob
                0x3fff3120                channel_timer
 .bss           0x3fff3134       0xcc c:/Espressif/ESP8266_SDK/lib\libsmartconfig.a(sc_airkiss.o)
                0x3fff3134                pAKGuideGlob
                0x3fff3138                p_kiss
                0x3fff313c                p_kiss_ht40
                0x3fff3140                KissRes_ht20_timer
                0x3fff31bc                KissRes_ht40_timer
                0x3fff31d0                pKissConn
                0x3fff31ec                weixin_timer
 .bss           0x3fff3200       0xcc c:/Espressif/ESP8266_SDK/lib\libsmartconfig.a(sc_esptouch.o)
                0x3fff3200                pETGuideGlob
                0x3fff3204                pTouchGlob
                0x3fff3208                TouchRestart_ht20_timer
                0x3fff3284                TouchRestart_ht40_timer
                0x3fff3298                pTouchConn
                0x3fff32b4                TouchUdpTimer
 .bss           0x3fff32cc        0x0 c:/espressif/xtensa-lx106-elf/bin/../lib/gcc/xtensa-lx106-elf/4.8.2/../../../../xtensa-lx106-elf/lib\libc.a(lib_a-memcmp.o)
 .bss           0x3fff32cc        0x0 c:/espressif/xtensa-lx106-elf/bin/../lib/gcc/xtensa-lx106-elf/4.8.2\libgcc.a(_ashrdi3.o)
 .bss           0x3fff32cc        0x0 c:/espressif/xtensa-lx106-elf/bin/../lib/gcc/xtensa-lx106-elf/4.8.2\libgcc.a(_fixunssfsi.o)
 .bss           0x3fff32cc        0x0 c:/espressif/xtensa-lx106-elf/bin/../lib/gcc/xtensa-lx106-elf/4.8.2\libgcc.a(_muldf3.o)
 .bss           0x3fff32cc        0x0 c:/espressif/xtensa-lx106-elf/bin/../lib/gcc/xtensa-lx106-elf/4.8.2\libgcc.a(_divdf3.o)
 .bss           0x3fff32cc        0x0 c:/espressif/xtensa-lx106-elf/bin/../lib/gcc/xtensa-lx106-elf/4.8.2\libgcc.a(_fixdfsi.o)
 .bss           0x3fff32cc        0x0 c:/espressif/xtensa-lx106-elf/bin/../lib/gcc/xtensa-lx106-elf/4.8.2\libgcc.a(_floatsidf.o)
 .bss           0x3fff32cc        0x0 c:/espressif/xtensa-lx106-elf/bin/../lib/gcc/xtensa-lx106-elf/4.8.2\libgcc.a(_truncdfsf2.o)
 .bss           0x3fff32cc        0x0 c:/espressif/xtensa-lx106-elf/bin/../lib/gcc/xtensa-lx106-elf/4.8.2\libgcc.a(_popcountsi2.o)
 .bss           0x3fff32cc        0x0 c:/espressif/xtensa-lx106-elf/bin/../lib/gcc/xtensa-lx106-elf/4.8.2\libgcc.a(_divdi3.o)
 .bss           0x3fff32cc        0x0 c:/espressif/xtensa-lx106-elf/bin/../lib/gcc/xtensa-lx106-elf/4.8.2\libgcc.a(_udivdi3.o)
 .bss           0x3fff32cc        0x0 c:/espressif/xtensa-lx106-elf/bin/../lib/gcc/xtensa-lx106-elf/4.8.2\libgcc.a(_umoddi3.o)
 .bss           0x3fff32cc        0x0 c:/espressif/xtensa-lx106-elf/bin/../lib/gcc/xtensa-lx106-elf/4.8.2\libgcc.a(_popcount_tab.o)
 *fill*         0x3fff32cc        0x4 
 .bss           0x3fff32d0        0x8 c:/Espressif/ESP8266_SDK/lib\libnet80211.a(ieee80211_crypto_tkip.o)
 .bss           0x3fff32d8        0x0 c:/Espressif/ESP8266_SDK/lib\libnet80211.a(ieee80211_crypto_wep.o)
 *(.bss.*)
 *(.gnu.linkonce.b.*)
 *(COMMON)
 COMMON         0x3fff32d8       0xd5 build/app_app.a(user_main.o)
                0x3fff32d8                mqttClient
                0x3fff33a4                currentOutputs
                0x3fff33a8                outputOverrides
                0x3fff33ac                mqttConnected
 *fill*         0x3fff33ad        0x3 
 COMMON         0x3fff33b0       0x10 build/app_app.a(mqtt.o)
                0x3fff33b0                default_private_key
                0x3fff33b4                default_certificate
                0x3fff33b8                mqtt_procTaskQueue
 COMMON         0x3fff33c0      0x178 build/app_app.a(config.o)
                0x3fff33c0                sysCfg
                0x3fff3534                saveFlag
                0x3fff3538                . = ALIGN (0x8)
                0x3fff3538                _bss_end = ABSOLUTE (.)
                0x3fff3538                _heap_start = ABSOLUTE (.)

.text           0x40100000     0x7206
                0x40100000                _stext = .
                0x40100000                _text_start = ABSOLUTE (.)
 *(.UserEnter.text)
 .UserEnter.text
                0x40100000        0xd c:/Espressif/ESP8266_SDK/lib\libmain.a(vector.o)
                                 0x14 (size before relaxing)
                0x40100004                call_user_start
                0x40100010                . = ALIGN (0x10)
 *fill*         0x4010000d        0x3 
 *(.DebugExceptionVector.text)
 .DebugExceptionVector.text
                0x40100010        0x6 c:/Espressif/ESP8266_SDK/lib\libmain.a(debug-vector.o)
                0x40100010                _DebugExceptionVector
                0x40100020                . = ALIGN (0x10)
 *fill*         0x40100016        0xa 
 *(.NMIExceptionVector.text)
 .NMIExceptionVector.text
                0x40100020        0x6 c:/Espressif/ESP8266_SDK/lib\libmain.a(nmi-vector.o)
                                  0xd (size before relaxing)
                0x40100020                _NMIExceptionVector
                0x40100030                . = ALIGN (0x10)
 *fill*         0x40100026        0xa 
 *(.KernelExceptionVector.text)
 .KernelExceptionVector.text
                0x40100030        0x6 c:/Espressif/ESP8266_SDK/lib\libmain.a(kernel-vector.o)
                0x40100030                _KernelExceptionVector
                0x40100036        0x4 LONG 0x0
                0x4010003a        0x4 LONG 0x0
                0x4010003e        0x4 LONG 0x0
                0x40100042        0x4 LONG 0x0
                0x40100050                . = ALIGN (0x10)
 *fill*         0x40100046        0xa 
 *(.UserExceptionVector.text)
 .UserExceptionVector.text
                0x40100050        0x6 c:/Espressif/ESP8266_SDK/lib\libmain.a(user-vector.o)
                                  0xd (size before relaxing)
                0x40100050                _UserExceptionVector
                0x40100056        0x4 LONG 0x0
                0x4010005a        0x4 LONG 0x0
                0x4010005e        0x4 LONG 0x0
                0x40100062        0x4 LONG 0x0
                0x40100070                . = ALIGN (0x10)
 *fill*         0x40100066        0xa 
 *(.DoubleExceptionVector.text)
 .DoubleExceptionVector.text
                0x40100070        0x6 c:/Espressif/ESP8266_SDK/lib\libmain.a(double-vector.o)
                0x40100070                _DoubleExceptionVector
                0x40100076        0x4 LONG 0x0
                0x4010007a        0x4 LONG 0x0
                0x4010007e        0x4 LONG 0x0
                0x40100082        0x4 LONG 0x0
                0x40100090                . = ALIGN (0x10)
 *fill*         0x40100086        0xa 
 *(.entry.text)
 *(.init.literal)
 *(.init)
 *(.literal .text .literal.* .text.* .stub .gnu.warning .gnu.linkonce.literal.* .gnu.linkonce.t.*.literal .gnu.linkonce.t.*)
 .text          0x40100090       0xc7 c:/Espressif/ESP8266_SDK/lib\libmain.a(nmi-vector.o)
                                 0xcb (size before relaxing)
                0x4010009c                _NMILevelVector
 *fill*         0x40100157        0x1 
 .text          0x40100158       0x1e c:/Espressif/ESP8266_SDK/lib\libmain.a(user-vector.o)
                0x4010015c                _UserExceptionVector_1
 *fill*         0x40100176        0x2 
 .text          0x40100178      0x505 c:/Espressif/ESP8266_SDK/lib\libmain.a(app_main.o)
                                0x56d (size before relaxing)
                0x40100180                Cache_Read_Enable_New
                0x401001bc                NmiTimSetFunc
                0x401001e0                NMI_Handler
                0x40100238                call_user_start_local
 *fill*         0x4010067d        0x3 
 .text          0x40100680      0x229 c:/Espressif/ESP8266_SDK/lib\libmain.a(ets_timer.o)
                                0x251 (size before relaxing)
                0x401006ec                ets_timer_setfn
                0x40100768                ets_timer_disarm
                0x401007e8                ets_timer_arm_new
 *fill*         0x401008a9        0x3 
 .text          0x401008ac      0x1b7 c:/Espressif/ESP8266_SDK/lib\libmain.a(mem_manager.o)
                                0x1df (size before relaxing)
                0x401008ac                xPortWantedSizeAlign
                0x401008d0                pvPortMalloc
                0x40100970                vPortFree
                0x401009ac                pvPortCalloc
                0x401009d4                pvPortZalloc
                0x401009e8                pvPortRealloc
 *fill*         0x40100a63        0x1 
 .text          0x40100a64      0x1a3 c:/Espressif/ESP8266_SDK/lib\libmain.a(spi_flash.o)
                                0x1e7 (size before relaxing)
                0x40100a74                spi_flash_get_id
                0x40100ad0                spi_flash_read_status
                0x40100b00                spi_flash_write_status
                0x40100b30                spi_flash_erase_sector
                0x40100b5c                spi_flash_write
                0x40100bac                spi_flash_read
 *fill*         0x40100c07        0x1 
 .text          0x40100c08      0x516 c:/Espressif/ESP8266_SDK/lib\libmain.a(user_interface.o)
                                0x596 (size before relaxing)
                0x40100c20                os_printf_plus
                0x40100d48                system_restart_local
                0x40101024                system_get_time
                0x4010103c                system_os_post
                0x40101070                system_rtc_mem_write
                0x401010c8                system_rtc_mem_read
 *fill*         0x4010111e        0x2 
 .text          0x40101120       0x36 build/app_app.a(user_main.o)
                0x40101120                user_rf_pre_init
                0x40101134                user_init
 *fill*         0x40101156        0x2 
 .text          0x40101158      0x14b build/app_app.a(easygpio.o)
                                0x157 (size before relaxing)
                0x40101160                easygpio_outputSet
                0x401011c4                easygpio_inputGet
                0x40101200                easygpio_outputDisable
                0x4010123c                easygpio_outputEnable
 *fill*         0x401012a3        0x1 
 .literal       0x401012a4        0x0 c:/espressif/xtensa-lx106-elf/bin/../lib/gcc/xtensa-lx106-elf/4.8.2/../../../../xtensa-lx106-elf/lib\libc.a(lib_a-atoi.o)
                                  0x8 (size before relaxing)
 .literal       0x401012a4        0x4 c:/espressif/xtensa-lx106-elf/bin/../lib/gcc/xtensa-lx106-elf/4.8.2/../../../../xtensa-lx106-elf/lib\libc.a(lib_a-lcltime.o)
                                  0x8 (size before relaxing)
 .literal       0x401012a8        0x0 c:/espressif/xtensa-lx106-elf/bin/../lib/gcc/xtensa-lx106-elf/4.8.2/../../../../xtensa-lx106-elf/lib\libc.a(lib_a-lcltime_r.o)
                                  0x4 (size before relaxing)
 .literal       0x401012a8       0x14 c:/espressif/xtensa-lx106-elf/bin/../lib/gcc/xtensa-lx106-elf/4.8.2/../../../../xtensa-lx106-elf/lib\libc.a(lib_a-mktm_r.o)
                                 0x84 (size before relaxing)
 .literal       0x401012bc       0x14 c:/espressif/xtensa-lx106-elf/bin/../lib/gcc/xtensa-lx106-elf/4.8.2/../../../../xtensa-lx106-elf/lib\libc.a(lib_a-strcmp.o)
                                 0x20 (size before relaxing)
 .literal       0x401012d0        0x0 c:/espressif/xtensa-lx106-elf/bin/../lib/gcc/xtensa-lx106-elf/4.8.2/../../../../xtensa-lx106-elf/lib\libc.a(lib_a-strlen.o)
                                  0xc (size before relaxing)
 .literal       0x401012d0        0xc c:/espressif/xtensa-lx106-elf/bin/../lib/gcc/xtensa-lx106-elf/4.8.2/../../../../xtensa-lx106-elf/lib\libc.a(lib_a-strtol.o)
                                 0x18 (size before relaxing)
 .literal       0x401012dc        0x4 c:/espressif/xtensa-lx106-elf/bin/../lib/gcc/xtensa-lx106-elf/4.8.2/../../../../xtensa-lx106-elf/lib\libc.a(lib_a-gettzinfo.o)
 .literal       0x401012e0        0x4 c:/espressif/xtensa-lx106-elf/bin/../lib/gcc/xtensa-lx106-elf/4.8.2\libgcc.a(_addsubsf3.o)
                                  0xc (size before relaxing)
 .literal       0x401012e4        0x0 c:/espressif/xtensa-lx106-elf/bin/../lib/gcc/xtensa-lx106-elf/4.8.2\libgcc.a(_mulsf3.o)
                                 0x10 (size before relaxing)
 .literal       0x401012e4        0x0 c:/espressif/xtensa-lx106-elf/bin/../lib/gcc/xtensa-lx106-elf/4.8.2\libgcc.a(_divsf3.o)
                                 0x10 (size before relaxing)
 .literal       0x401012e4        0x0 c:/espressif/xtensa-lx106-elf/bin/../lib/gcc/xtensa-lx106-elf/4.8.2\libgcc.a(_cmpsf2.o)
                                 0x18 (size before relaxing)
 .literal       0x401012e4        0x0 c:/espressif/xtensa-lx106-elf/bin/../lib/gcc/xtensa-lx106-elf/4.8.2\libgcc.a(_fixsfsi.o)
                                  0x4 (size before relaxing)
 .literal       0x401012e4        0x0 c:/espressif/xtensa-lx106-elf/bin/../lib/gcc/xtensa-lx106-elf/4.8.2\libgcc.a(_muldi3.o)
                                  0x4 (size before relaxing)
 .literal       0x401012e4        0x0 c:/espressif/xtensa-lx106-elf/bin/../lib/gcc/xtensa-lx106-elf/4.8.2\libgcc.a(_fixunssfsi.o)
                                  0x4 (size before relaxing)
 .literal       0x401012e4        0x8 c:/espressif/xtensa-lx106-elf/bin/../lib/gcc/xtensa-lx106-elf/4.8.2\libgcc.a(_muldf3.o)
                                 0x10 (size before relaxing)
 .literal       0x401012ec        0x0 c:/espressif/xtensa-lx106-elf/bin/../lib/gcc/xtensa-lx106-elf/4.8.2\libgcc.a(_divdf3.o)
                                 0x10 (size before relaxing)
 .literal       0x401012ec        0x0 c:/espressif/xtensa-lx106-elf/bin/../lib/gcc/xtensa-lx106-elf/4.8.2\libgcc.a(_fixdfsi.o)
                                  0x4 (size before relaxing)
 .literal       0x401012ec        0x4 c:/espressif/xtensa-lx106-elf/bin/../lib/gcc/xtensa-lx106-elf/4.8.2\libgcc.a(_truncdfsf2.o)
                                  0x8 (size before relaxing)
 .literal       0x401012f0        0x4 c:/espressif/xtensa-lx106-elf/bin/../lib/gcc/xtensa-lx106-elf/4.8.2\libgcc.a(_popcountsi2.o)
 .literal       0x401012f4        0x0 c:/espressif/xtensa-lx106-elf/bin/../lib/gcc/xtensa-lx106-elf/4.8.2\libgcc.a(_divdi3.o)
                                 0x48 (size before relaxing)
 .literal       0x401012f4        0x0 c:/espressif/xtensa-lx106-elf/bin/../lib/gcc/xtensa-lx106-elf/4.8.2\libgcc.a(_udivdi3.o)
                                 0x48 (size before relaxing)
 .literal       0x401012f4        0x0 c:/espressif/xtensa-lx106-elf/bin/../lib/gcc/xtensa-lx106-elf/4.8.2\libgcc.a(_umoddi3.o)
                                 0x40 (size before relaxing)
 .text          0x401012f4       0x27 c:/espressif/xtensa-lx106-elf/bin/../lib/gcc/xtensa-lx106-elf/4.8.2/../../../../xtensa-lx106-elf/lib\libc.a(lib_a-atoi.o)
                                 0x2f (size before relaxing)
                0x401012f4                atoi
                0x40101308                _atoi_r
 *fill*         0x4010131b        0x1 
 .text          0x4010131c       0x17 c:/espressif/xtensa-lx106-elf/bin/../lib/gcc/xtensa-lx106-elf/4.8.2/../../../../xtensa-lx106-elf/lib\libc.a(lib_a-lcltime.o)
                                 0x1b (size before relaxing)
                0x4010131c                localtime
 *fill*         0x40101333        0x1 
 .text          0x40101334       0x14 c:/espressif/xtensa-lx106-elf/bin/../lib/gcc/xtensa-lx106-elf/4.8.2/../../../../xtensa-lx106-elf/lib\libc.a(lib_a-lcltime_r.o)
                0x40101334                localtime_r
 .text          0x40101348      0x47c c:/espressif/xtensa-lx106-elf/bin/../lib/gcc/xtensa-lx106-elf/4.8.2/../../../../xtensa-lx106-elf/lib\libc.a(lib_a-mktm_r.o)
                                0x4bc (size before relaxing)
                0x40101348                __tzcalc_limits
                0x401014c4                _mktm_r
 .text          0x401017c4       0xff c:/espressif/xtensa-lx106-elf/bin/../lib/gcc/xtensa-lx106-elf/4.8.2/../../../../xtensa-lx106-elf/lib\libc.a(lib_a-strcmp.o)
                0x401017c4                strcmp
 *fill*         0x401018c3        0x1 
 .text          0x401018c4       0x5b c:/espressif/xtensa-lx106-elf/bin/../lib/gcc/xtensa-lx106-elf/4.8.2/../../../../xtensa-lx106-elf/lib\libc.a(lib_a-strlen.o)
                0x401018c4                strlen
 *fill*         0x4010191f        0x1 
 .text          0x40101920      0x173 c:/espressif/xtensa-lx106-elf/bin/../lib/gcc/xtensa-lx106-elf/4.8.2/../../../../xtensa-lx106-elf/lib\libc.a(lib_a-strtol.o)
                                0x177 (size before relaxing)
                0x40101920                _strtol_r
                0x40101a74                strtol
 *fill*         0x40101a93        0x1 
 .text          0x40101a94        0x5 c:/espressif/xtensa-lx106-elf/bin/../lib/gcc/xtensa-lx106-elf/4.8.2/../../../../xtensa-lx106-elf/lib\libc.a(lib_a-gettzinfo.o)
                0x40101a94                __gettzinfo
 *fill*         0x40101a99        0x3 
 .text          0x40101a9c      0x1ff c:/espressif/xtensa-lx106-elf/bin/../lib/gcc/xtensa-lx106-elf/4.8.2\libgcc.a(_addsubsf3.o)
                0x40101ab8                __addsf3
                0x40101ba0                __subsf3
 *fill*         0x40101c9b        0x1 
 .text          0x40101c9c      0x15d c:/espressif/xtensa-lx106-elf/bin/../lib/gcc/xtensa-lx106-elf/4.8.2\libgcc.a(_mulsf3.o)
                0x40101d14                __mulsf3
 *fill*         0x40101df9        0x3 
 .text          0x40101dfc      0x135 c:/espressif/xtensa-lx106-elf/bin/../lib/gcc/xtensa-lx106-elf/4.8.2\libgcc.a(_divsf3.o)
                0x40101e78                __divsf3
 *fill*         0x40101f31        0x3 
 .text          0x40101f34      0x122 c:/espressif/xtensa-lx106-elf/bin/../lib/gcc/xtensa-lx106-elf/4.8.2\libgcc.a(_cmpsf2.o)
                0x40101f34                __nesf2
                0x40101f34                __eqsf2
                0x40101f5c                __gtsf2
                0x40101f7c                __lesf2
                0x40101fc8                __gesf2
                0x40101fe8                __ltsf2
                0x40102034                __unordsf2
 *fill*         0x40102056        0x2 
 .text          0x40102058       0x40 c:/espressif/xtensa-lx106-elf/bin/../lib/gcc/xtensa-lx106-elf/4.8.2\libgcc.a(_fixsfsi.o)
                0x40102058                __fixsfsi
 .text          0x40102098       0x36 c:/espressif/xtensa-lx106-elf/bin/../lib/gcc/xtensa-lx106-elf/4.8.2\libgcc.a(_muldi3.o)
                0x40102098                __muldi3
 *fill*         0x401020ce        0x2 
 .text          0x401020d0       0x53 c:/Espressif/ESP8266_SDK/lib\libphy.a(phy.o)
                                 0x5f (size before relaxing)
                0x401020d8                register_phy_ops
                0x401020f8                register_get_phy_addr
                0x40102100                phy_change_channel
                0x40102118                phy_get_mactime
 *fill*         0x40102123        0x1 
 .text          0x40102124       0xbf c:/Espressif/ESP8266_SDK/lib\libphy.a(phy_chip_v6_cal.o)
                0x40102124                unsign_to_sign
                0x4010215c                phy_get_bb_freqoffset
 *fill*         0x401021e3        0x1 
 .text          0x401021e4       0xeb c:/Espressif/ESP8266_SDK/lib\libphy.a(phy_sleep.o)
                                0x103 (size before relaxing)
                0x401021ec                pm_rtc_clock_cali
                0x401022a4                clockgate_watchdog
 *fill*         0x401022cf        0x1 
 .text          0x401022d0     0x143a c:/Espressif/ESP8266_SDK/lib\libpp.a(lmac.o)
                               0x177a (size before relaxing)
                0x401022d4                lmacIsActive
                0x401022e8                lmacIsIdle
                0x40102728                lmacSetAcParam
                0x4010277c                lmacProcessTXStartData
                0x40102920                lmacProcessTxSuccess
                0x40102a5c                GetAccess
                0x40102a68                lmacDiscardAgedMSDU
                0x40102a7c                lmacRecycleMPDU
                0x40102f40                lmacProcessCollisions
                0x40102fa0                lmacProcessCollision
                0x40103024                lmacMSDUAged
                0x4010338c                lmacProcessCtsTimeout
                0x401033d4                lmacProcessAckTimeout
                0x40103428                lmacProcessRtsStart
                0x40103434                lmacProcessTxRtsError
                0x401034d0                lmacProcessTxError
                0x40103558                lmacTxFrame
                0x401036f4                lmacRxDone
 *fill*         0x4010370a        0x2 
 .text          0x4010370c      0x875 c:/Espressif/ESP8266_SDK/lib\libpp.a(pp.o)
                                0x979 (size before relaxing)
                0x4010373c                pp_soft_wdt_feed
                0x401037b0                ppProcessTxQ
                0x40103824                ppFetchTxQFirstAvail
                0x40103864                ppDequeueTxQ
                0x4010388c                ppRollBackTxQ
                0x401038b0                ppRecordBarRRC
                0x401038c0                ppTxqUpdateBitmap
                0x401038e8                ppEnqueueTxDone
                0x4010391c                ppEnqueueRxq
                0x40103e04                ppDiscardMPDU
                0x40103e28                pp_post
                0x40103e6c                pp_post2
                0x40103e94                ppCalTxop
                0x40103f14                ppCalFrameTimes
 *fill*         0x40103f81        0x3 
 .text          0x40103f84       0xf5 c:/Espressif/ESP8266_SDK/lib\libpp.a(rate_control.o)
                                0x109 (size before relaxing)
                0x40103fa4                RC_GetAckRate
                0x40103fb0                RC_GetRtsRate
                0x40103fc0                RC_GetAckTime
                0x40103fd4                RC_GetCtsTime
                0x4010400c                RC_GetBlockAckTime
 *fill*         0x40104079        0x3 
 .text          0x4010407c      0x809 c:/Espressif/ESP8266_SDK/lib\libpp.a(trc.o)
                                0x839 (size before relaxing)
                0x401041f0                rcUpdateTxDone
                0x40104284                rcUpdateRxDone
                0x401042e0                rcUpdateDataRxDone
                0x401042f8                rcGetSched
                0x401043a0                rcGetRate
                0x401047b8                rcReachRetryLimit
                0x401047d0                trc_NeedRTS
 *fill*         0x40104885        0x3 
 .text          0x40104888     0x1031 c:/Espressif/ESP8266_SDK/lib\libpp.a(wdev.o)
                               0x130d (size before relaxing)
                0x40104c68                wDev_MacTim1SetFunc
                0x40104c88                wDev_MacTim1Arm
                0x40104d18                wDev_ProcessFiq
                0x40105030                wDev_EnableTransmit
                0x4010506c                wDev_DisableTransmit
                0x4010508c                Tx_Copy2Queue
                0x401050d4                wDev_ProcessCollision
                0x401050f8                wDev_GetTxqCollisions
                0x40105108                wDev_ClearTxqCollisions
                0x40105124                wDev_SetWaitingQueue
                0x4010516c                wDev_ClearWaitingQueue
                0x40105190                wDev_SetFrameAckType
                0x401051f4                wDev_AppendRxBlocks
                0x40105338                wDev_AppendRxAmpduLensBlocks
                0x4010540c                wDev_GetBAInfo
                0x40105440                wDevDisableRx
 *fill*         0x401058b9        0x3 
 .text          0x401058bc       0x4c c:/Espressif/ESP8266_SDK/lib\libpp.a(esf_buf.o)
                                 0x5c (size before relaxing)
                0x401058c0                esf_rx_buf_alloc
 .text          0x40105908        0xb c:/Espressif/ESP8266_SDK/lib\libnet80211.a(wl_chm.o)
                0x4010590c                chm_get_current_channel
 *fill*         0x40105913        0x1 
 .text          0x40105914       0x33 c:/Espressif/ESP8266_SDK/lib\liblwip.a(etharp.o)
                                 0x37 (size before relaxing)
 *fill*         0x40105947        0x1 
 .text          0x40105948      0x1c8 c:/Espressif/ESP8266_SDK/lib\liblwip.a(tcp.o)
                                0x1e8 (size before relaxing)
 .text          0x40105b10      0x159 c:/Espressif/ESP8266_SDK/lib\liblwip.a(tcp_out.o)
                                0x161 (size before relaxing)
 *fill*         0x40105c69        0x3 
 .text          0x40105c6c       0xb4 c:/Espressif/ESP8266_SDK/lib\liblwip.a(timers.o)
                                 0xc0 (size before relaxing)
 .text          0x40105d20       0x29 c:/Espressif/ESP8266_SDK/lib\libssl.a(ssl_os_port.o)
                                 0x39 (size before relaxing)
                0x40105d20                gettimeofday
 *fill*         0x40105d49        0x3 
 .text          0x40105d4c       0x51 c:/espressif/xtensa-lx106-elf/bin/../lib/gcc/xtensa-lx106-elf/4.8.2\libgcc.a(_fixunssfsi.o)
                0x40105d4c                __fixunssfsi
 *fill*         0x40105d9d        0x3 
 .text          0x40105da0      0x29b c:/espressif/xtensa-lx106-elf/bin/../lib/gcc/xtensa-lx106-elf/4.8.2\libgcc.a(_muldf3.o)
                0x40105e80                __muldf3
 *fill*         0x4010603b        0x1 
 .text          0x4010603c      0x20b c:/espressif/xtensa-lx106-elf/bin/../lib/gcc/xtensa-lx106-elf/4.8.2\libgcc.a(_divdf3.o)
                0x40106124                __divdf3
 *fill*         0x40106247        0x1 
 .text          0x40106248       0x48 c:/espressif/xtensa-lx106-elf/bin/../lib/gcc/xtensa-lx106-elf/4.8.2\libgcc.a(_fixdfsi.o)
                0x40106248                __fixdfsi
 .text          0x40106290       0xa0 c:/espressif/xtensa-lx106-elf/bin/../lib/gcc/xtensa-lx106-elf/4.8.2\libgcc.a(_truncdfsf2.o)
                0x40106290                __truncdfsf2
 .text          0x40106330       0x21 c:/espressif/xtensa-lx106-elf/bin/../lib/gcc/xtensa-lx106-elf/4.8.2\libgcc.a(_popcountsi2.o)
                0x40106330                __popcountsi2
 *fill*         0x40106351        0x3 
 .text          0x40106354      0x3eb c:/espressif/xtensa-lx106-elf/bin/../lib/gcc/xtensa-lx106-elf/4.8.2\libgcc.a(_divdi3.o)
                                0x41b (size before relaxing)
                0x40106354                __divdi3
 *fill*         0x4010673f        0x1 
 .text          0x40106740      0x38d c:/espressif/xtensa-lx106-elf/bin/../lib/gcc/xtensa-lx106-elf/4.8.2\libgcc.a(_udivdi3.o)
                                0x3b5 (size before relaxing)
                0x40106740                __udivdi3
 *fill*         0x40106acd        0x3 
 .text          0x40106ad0      0x33a c:/espressif/xtensa-lx106-elf/bin/../lib/gcc/xtensa-lx106-elf/4.8.2\libgcc.a(_umoddi3.o)
                                0x366 (size before relaxing)
                0x40106ad0                __umoddi3
 .text          0x40106e0a        0x0 c:/Espressif/ESP8266_SDK/lib\libmain.a(debug-vector.o)
 .text          0x40106e0a        0x0 c:/Espressif/ESP8266_SDK/lib\libmain.a(double-vector.o)
 .text          0x40106e0a        0x0 c:/Espressif/ESP8266_SDK/lib\libmain.a(kernel-vector.o)
 *fill*         0x40106e0a        0x2 
 .literal       0x40106e0c        0x0 c:/Espressif/ESP8266_SDK/lib\libmain.a(nmi-vector.o)
 *fill*         0x40106e0c        0x0 
 .literal       0x40106e0c        0x0 c:/Espressif/ESP8266_SDK/lib\libmain.a(user-vector.o)
 .text          0x40106e0c        0x0 c:/Espressif/ESP8266_SDK/lib\libmain.a(vector.o)
 *fill*         0x40106e0c        0x0 
 .literal       0x40106e0c        0x0 c:/Espressif/ESP8266_SDK/lib\libmain.a(app_main.o)
 *fill*         0x40106e0c        0x0 
 .literal       0x40106e0c        0x0 c:/Espressif/ESP8266_SDK/lib\libmain.a(ets_timer.o)
 *fill*         0x40106e0c        0x0 
 .literal       0x40106e0c        0x0 c:/Espressif/ESP8266_SDK/lib\libmain.a(mem_manager.o)
 *fill*         0x40106e0c        0x0 
 .literal       0x40106e0c        0x0 c:/Espressif/ESP8266_SDK/lib\libmain.a(spi_flash.o)
 *fill*         0x40106e0c        0x0 
 .literal       0x40106e0c        0x0 c:/Espressif/ESP8266_SDK/lib\libmain.a(user_interface.o)
 .text          0x40106e0c        0x0 c:/Espressif/ESP8266_SDK/lib\libmain.a(eagle_lib.o)
 .text          0x40106e0c        0x0 c:/Espressif/ESP8266_SDK/lib\libmain.a(eagle_lwip_if.o)
 *fill*         0x40106e0c        0x0 
 .literal       0x40106e0c        0x0 build/app_app.a(user_main.o)
 .text          0x40106e0c        0x0 build/app_app.a(mqtt.o)
 .text          0x40106e0c        0x0 build/app_app.a(wifi.o)
 .text          0x40106e0c        0x0 build/app_app.a(config.o)
 *fill*         0x40106e0c        0x0 
 .literal       0x40106e0c        0x0 build/app_app.a(easygpio.o)
 .text          0x40106e0c        0x0 build/app_app.a(dht22.o)
 .text          0x40106e0c        0x0 build/app_app.a(stdout.o)
 .text          0x40106e0c        0x0 build/app_app.a(utils.o)
 .text          0x40106e0c        0x0 build/app_app.a(queue.o)
 .text          0x40106e0c        0x0 build/app_app.a(mqtt_msg.o)
 .text          0x40106e0c        0x0 build/app_app.a(ringbuf.o)
 .text          0x40106e0c        0x0 build/app_app.a(proto.o)
 *fill*         0x40106e0c        0x0 
 *fill*         0x40106e0c        0x0 
 *fill*         0x40106e0c        0x0 
 .text          0x40106e0c      0x145 c:/espressif/xtensa-lx106-elf/bin/../lib/gcc/xtensa-lx106-elf/4.8.2/../../../../xtensa-lx106-elf/lib\libc.a(lib_a-memcpy.o)
                0x40106e50                memcpy
 *fill*         0x40106f51        0x0 
 *fill*         0x40106f51        0x0 
 *fill*         0x40106f51        0x0 
 *fill*         0x40106f51        0x3 
 .text          0x40106f54        0x6 c:/espressif/xtensa-lx106-elf/bin/../lib/gcc/xtensa-lx106-elf/4.8.2/../../../../xtensa-lx106-elf/lib\libc.a(lib_a-tzlock.o)
                0x40106f54                __tz_lock
                0x40106f58                __tz_unlock
 .text          0x40106f5a        0x0 c:/espressif/xtensa-lx106-elf/bin/../lib/gcc/xtensa-lx106-elf/4.8.2/../../../../xtensa-lx106-elf/lib\libc.a(lib_a-tzvars.o)
 .text          0x40106f5a        0x0 c:/espressif/xtensa-lx106-elf/bin/../lib/gcc/xtensa-lx106-elf/4.8.2/../../../../xtensa-lx106-elf/lib\libc.a(lib_a-ctype_.o)
 *fill*         0x40106f5a        0x0 
 .text          0x40106f5a        0x0 c:/espressif/xtensa-lx106-elf/bin/../lib/gcc/xtensa-lx106-elf/4.8.2/../../../../xtensa-lx106-elf/lib\libc.a(lib_a-impure.o)
 *fill*         0x40106f5a        0x2 
 .text          0x40106f5c       0x64 c:/espressif/xtensa-lx106-elf/bin/../lib/gcc/xtensa-lx106-elf/4.8.2\libgcc.a(_divsi3.o)
                0x40106f5c                __divsi3
 .text          0x40106fc0       0x49 c:/espressif/xtensa-lx106-elf/bin/../lib/gcc/xtensa-lx106-elf/4.8.2\libgcc.a(_modsi3.o)
                0x40106fc0                __modsi3
 *fill*         0x40107009        0x3 
 .text          0x4010700c       0x4c c:/espressif/xtensa-lx106-elf/bin/../lib/gcc/xtensa-lx106-elf/4.8.2\libgcc.a(_udivsi3.o)
                0x4010700c                __udivsi3
 .text          0x40107058       0x39 c:/espressif/xtensa-lx106-elf/bin/../lib/gcc/xtensa-lx106-elf/4.8.2\libgcc.a(_umodsi3.o)
                0x40107058                __umodsi3
 *fill*         0x40107091        0x0 
 *fill*         0x40107091        0x0 
 *fill*         0x40107091        0x0 
 *fill*         0x40107091        0x0 
 *fill*         0x40107091        0x3 
 .text          0x40107094       0x44 c:/espressif/xtensa-lx106-elf/bin/../lib/gcc/xtensa-lx106-elf/4.8.2\libgcc.a(_floatsisf.o)
                0x40107094                __floatunsisf
                0x4010709c                __floatsisf
 *fill*         0x401070d8        0x0 
 .text          0x401070d8       0x48 c:/espressif/xtensa-lx106-elf/bin/../lib/gcc/xtensa-lx106-elf/4.8.2\libgcc.a(_umulsidi3.o)
                0x401070d8                __umulsidi3
 .text          0x40107120        0x5 c:/espressif/xtensa-lx106-elf/bin/../lib/gcc/xtensa-lx106-elf/4.8.2/../../../../xtensa-lx106-elf/lib\libhal.a(int_asm--set_intclear.o)
                0x40107120                xthal_set_intclear
 *fill*         0x40107125        0x3 
 .literal       0x40107128        0x0 c:/Espressif/ESP8266_SDK/lib\libphy.a(phy.o)
 .text          0x40107128        0x0 c:/Espressif/ESP8266_SDK/lib\libphy.a(phy_chip_v6_ana.o)
 *fill*         0x40107128        0x0 
 .literal       0x40107128        0x0 c:/Espressif/ESP8266_SDK/lib\libphy.a(phy_chip_v6.o)
 .text          0x40107128        0x2 c:/Espressif/ESP8266_SDK/lib\libphy.a(phy_chip_v6.o)
                0x40107128                ram_tx_mac_disable
 *fill*         0x4010712a        0x2 
 .literal       0x4010712c        0x0 c:/Espressif/ESP8266_SDK/lib\libphy.a(phy_chip_v6_cal.o)
 .text          0x4010712c        0x0 c:/Espressif/ESP8266_SDK/lib\libphy.a(phy_chip_v6_unused.o)
 *fill*         0x4010712c        0x0 
 .literal       0x4010712c        0x0 c:/Espressif/ESP8266_SDK/lib\libphy.a(phy_sleep.o)
 .text          0x4010712c        0x0 c:/Espressif/ESP8266_SDK/lib\libpp.a(if_hwctrl.o)
 *fill*         0x4010712c        0x0 
 .literal       0x4010712c        0x0 c:/Espressif/ESP8266_SDK/lib\libpp.a(lmac.o)
 .text          0x4010712c        0x0 c:/Espressif/ESP8266_SDK/lib\libpp.a(pm.o)
 .text          0x4010712c        0x0 c:/Espressif/ESP8266_SDK/lib\libpp.a(pm_for_bcn_only_mode.o)
 *fill*         0x4010712c        0x0 
 .literal       0x4010712c        0x0 c:/Espressif/ESP8266_SDK/lib\libpp.a(pp.o)
 *fill*         0x4010712c        0x0 
 .literal       0x4010712c        0x0 c:/Espressif/ESP8266_SDK/lib\libpp.a(rate_control.o)
 *fill*         0x4010712c        0x0 
 .literal       0x4010712c        0x0 c:/Espressif/ESP8266_SDK/lib\libpp.a(trc.o)
 *fill*         0x4010712c        0x0 
 .literal       0x4010712c        0x0 c:/Espressif/ESP8266_SDK/lib\libpp.a(wdev.o)
 *fill*         0x4010712c        0x0 
 .literal       0x4010712c        0x0 c:/Espressif/ESP8266_SDK/lib\libpp.a(esf_buf.o)
 .text          0x4010712c        0x0 c:/Espressif/ESP8266_SDK/lib\libnet80211.a(ieee80211.o)
 .text          0x4010712c        0x0 c:/Espressif/ESP8266_SDK/lib\libnet80211.a(ieee80211_crypto.o)
 .text          0x4010712c        0x0 c:/Espressif/ESP8266_SDK/lib\libnet80211.a(ieee80211_ets.o)
 .literal       0x4010712c        0x0 c:/Espressif/ESP8266_SDK/lib\libnet80211.a(ieee80211_hostap.o)
 .text          0x4010712c       0x25 c:/Espressif/ESP8266_SDK/lib\libnet80211.a(ieee80211_hostap.o)
 .text          0x40107151        0x0 c:/Espressif/ESP8266_SDK/lib\libnet80211.a(ieee80211_ht.o)
 .text          0x40107151        0x0 c:/Espressif/ESP8266_SDK/lib\libnet80211.a(ieee80211_input.o)
 .text          0x40107151        0x0 c:/Espressif/ESP8266_SDK/lib\libnet80211.a(ieee80211_output.o)
 .text          0x40107151        0x0 c:/Espressif/ESP8266_SDK/lib\libnet80211.a(ieee80211_phy.o)
 .text          0x40107151        0x0 c:/Espressif/ESP8266_SDK/lib\libnet80211.a(ieee80211_power.o)
 .text          0x40107151        0x0 c:/Espressif/ESP8266_SDK/lib\libnet80211.a(ieee80211_proto.o)
 .text          0x40107151        0x0 c:/Espressif/ESP8266_SDK/lib\libnet80211.a(ieee80211_scan.o)
 .text          0x40107151        0x0 c:/Espressif/ESP8266_SDK/lib\libnet80211.a(ieee80211_sta.o)
 *fill*         0x40107151        0x3 
 .literal       0x40107154        0x0 c:/Espressif/ESP8266_SDK/lib\libnet80211.a(wl_chm.o)
 .text          0x40107154        0x0 c:/Espressif/ESP8266_SDK/lib\libnet80211.a(wl_cnx.o)
 .text          0x40107154        0x0 c:/Espressif/ESP8266_SDK/lib\libnet80211.a(ieee80211_action.o)
 .text          0x40107154        0x0 c:/Espressif/ESP8266_SDK/lib\libnet80211.a(ieee80211_action_vendor.o)
 .text          0x40107154        0x0 c:/Espressif/ESP8266_SDK/lib\libnet80211.a(ieee80211_crypto_ccmp.o)
 .text          0x40107154        0x0 c:/Espressif/ESP8266_SDK/lib\libnet80211.a(ieee80211_ie_vendor.o)
 .text          0x40107154        0x0 c:/Espressif/ESP8266_SDK/lib\liblwip.a(dhcp.o)
 .text          0x40107154        0x0 c:/Espressif/ESP8266_SDK/lib\liblwip.a(dhcpserver.o)
 .text          0x40107154        0x0 c:/Espressif/ESP8266_SDK/lib\liblwip.a(dns.o)
 .text          0x40107154        0x0 c:/Espressif/ESP8266_SDK/lib\liblwip.a(espconn.o)
 .text          0x40107154        0x0 c:/Espressif/ESP8266_SDK/lib\liblwip.a(espconn_tcp.o)
 .text          0x40107154        0x0 c:/Espressif/ESP8266_SDK/lib\liblwip.a(espconn_udp.o)
 *fill*         0x40107154        0x0 
 .literal       0x40107154        0x0 c:/Espressif/ESP8266_SDK/lib\liblwip.a(etharp.o)
 .text          0x40107154        0x0 c:/Espressif/ESP8266_SDK/lib\liblwip.a(igmp.o)
 .text          0x40107154        0x0 c:/Espressif/ESP8266_SDK/lib\liblwip.a(inet_chksum.o)
 .text          0x40107154        0x0 c:/Espressif/ESP8266_SDK/lib\liblwip.a(init.o)
 .text          0x40107154        0x0 c:/Espressif/ESP8266_SDK/lib\liblwip.a(ip_addr.o)
 .text          0x40107154        0x0 c:/Espressif/ESP8266_SDK/lib\liblwip.a(ip.o)
 .text          0x40107154        0x0 c:/Espressif/ESP8266_SDK/lib\liblwip.a(mdns.o)
 .text          0x40107154        0x0 c:/Espressif/ESP8266_SDK/lib\liblwip.a(memp.o)
 .text          0x40107154        0x0 c:/Espressif/ESP8266_SDK/lib\liblwip.a(netif.o)
 .text          0x40107154        0x0 c:/Espressif/ESP8266_SDK/lib\liblwip.a(pbuf.o)
 .text          0x40107154        0x0 c:/Espressif/ESP8266_SDK/lib\liblwip.a(raw.o)
 .text          0x40107154        0x0 c:/Espressif/ESP8266_SDK/lib\liblwip.a(tcp_in.o)
 *fill*         0x40107154        0x0 
 .literal       0x40107154        0x0 c:/Espressif/ESP8266_SDK/lib\liblwip.a(tcp.o)
 .literal       0x40107154        0x0 c:/Espressif/ESP8266_SDK/lib\liblwip.a(tcp_out.o)
 *fill*         0x40107154        0x0 
 .literal       0x40107154        0x0 c:/Espressif/ESP8266_SDK/lib\liblwip.a(timers.o)
 .text          0x40107154        0x0 c:/Espressif/ESP8266_SDK/lib\liblwip.a(udp.o)
 .text          0x40107154        0x0 c:/Espressif/ESP8266_SDK/lib\liblwip.a(icmp.o)
 .text          0x40107154        0x0 c:/Espressif/ESP8266_SDK/lib\libwpa.a(ap_config.o)