Archive member included because of file (symbol)

c:/Espressif/ESP8266_SDK_151/lib\libmain.a(debug-vector.o)
                              (_DebugExceptionVector)
c:/Espressif/ESP8266_SDK_151/lib\libmain.a(double-vector.o)
                              (_DoubleExceptionVector)
c:/Espressif/ESP8266_SDK_151/lib\libmain.a(kernel-vector.o)
                              (_KernelExceptionVector)
c:/Espressif/ESP8266_SDK_151/lib\libmain.a(nmi-vector.o)
                              (_NMIExceptionVector)
c:/Espressif/ESP8266_SDK_151/lib\libmain.a(user-vector.o)
                              (_UserExceptionVector)
c:/Espressif/ESP8266_SDK_151/lib\libmain.a(vector.o)
                              (call_user_start)
c:/Espressif/ESP8266_SDK_151/lib\libmain.a(app_main.o)
                              c:/Espressif/ESP8266_SDK_151/lib\libmain.a(nmi-vector.o) (NMI_Handler)
c:/Espressif/ESP8266_SDK_151/lib\libmain.a(ets_timer.o)
                              c:/Espressif/ESP8266_SDK_151/lib\libmain.a(app_main.o) (ets_timer_setfn)
c:/Espressif/ESP8266_SDK_151/lib\libmain.a(mem_manager.o)
                              c:/Espressif/ESP8266_SDK_151/lib\libmain.a(app_main.o) (pvPortMalloc)
c:/Espressif/ESP8266_SDK_151/lib\libmain.a(spi_flash.o)
                              c:/Espressif/ESP8266_SDK_151/lib\libmain.a(app_main.o) (spi_flash_read)
c:/Espressif/ESP8266_SDK_151/lib\libmain.a(user_interface.o)
                              c:/Espressif/ESP8266_SDK_151/lib\libmain.a(app_main.o) (done_cb)
c:/Espressif/ESP8266_SDK_151/lib\libmain.a(eagle_lib.o)
                              c:/Espressif/ESP8266_SDK_151/lib\libmain.a(user_interface.o) (ets_sprintf)
c:/Espressif/ESP8266_SDK_151/lib\libmain.a(eagle_lwip_if.o)
                              c:/Espressif/ESP8266_SDK_151/lib\libmain.a(user_interface.o) (hostname)
build/AnalogueSleep/app_app.a(user_main.o)
                              c:/Espressif/ESP8266_SDK_151/lib\libmain.a(app_main.o) (user_init)
build/AnalogueSleep/app_app.a(config.o)
                              build/AnalogueSleep/app_app.a(user_main.o) (sysCfg)
build/AnalogueSleep/app_app.a(easygpio.o)
                              build/AnalogueSleep/app_app.a(user_main.o) (easygpio_pinMode)
build/AnalogueSleep/app_app.a(wifi.o)
                              build/AnalogueSleep/app_app.a(user_main.o) (getBestSSID)
build/AnalogueSleep/app_app.a(doSmartConfig.o)
                              build/AnalogueSleep/app_app.a(user_main.o) (checkSmartConfig)
build/AnalogueSleep/app_app.a(stdout.o)
                              build/AnalogueSleep/app_app.a(user_main.o) (stdout_init)
build/AnalogueSleep/app_app.a(check.o)
                              build/AnalogueSleep/app_app.a(user_main.o) (checkMinHeap)
build/AnalogueSleep/app_app.a(mqtt.o)
                              build/AnalogueSleep/app_app.a(user_main.o) (MQTT_InitConnection)
build/AnalogueSleep/app_app.a(http.o)
                              build/AnalogueSleep/app_app.a(user_main.o) (httpSetupMode)
build/AnalogueSleep/app_app.a(publish.o)
                              build/AnalogueSleep/app_app.a(user_main.o) (publishAllTemperatures)
build/AnalogueSleep/app_app.a(temperature.o)
                              build/AnalogueSleep/app_app.a(publish.o) (getUnmappedTemperature)
build/AnalogueSleep/app_app.a(ds18b20.o)
                              build/AnalogueSleep/app_app.a(temperature.o) (ds_init)
build/AnalogueSleep/app_app.a(decodeMessage.o)
                              build/AnalogueSleep/app_app.a(user_main.o) (decodeMessage)
build/AnalogueSleep/app_app.a(jsmn.o)
                              build/AnalogueSleep/app_app.a(decodeMessage.o) (jsoneq)
build/AnalogueSleep/app_app.a(flash.o)
                              build/AnalogueSleep/app_app.a(doSmartConfig.o) (stopFlash)
build/AnalogueSleep/app_app.a(dtoa.o)
                              build/AnalogueSleep/app_app.a(temperature.o) (dtoStr)
build/AnalogueSleep/app_app.a(utils.o)
                              build/AnalogueSleep/app_app.a(mqtt.o) (UTILS_StrToIP)
build/AnalogueSleep/app_app.a(queue.o)
                              build/AnalogueSleep/app_app.a(mqtt.o) (QUEUE_Init)
build/AnalogueSleep/app_app.a(mqtt_msg.o)
                              build/AnalogueSleep/app_app.a(mqtt.o) (mqtt_msg_init)
build/AnalogueSleep/app_app.a(ringbuf.o)
                              build/AnalogueSleep/app_app.a(queue.o) (RINGBUF_Init)
build/AnalogueSleep/app_app.a(proto.o)
                              build/AnalogueSleep/app_app.a(queue.o) (PROTO_AddRb)
c:/espressif/xtensa-lx106-elf/bin/../lib/gcc/xtensa-lx106-elf/5.1.0/../../../../xtensa-lx106-elf/lib\libc.a(lib_a-atoi.o)
                              build/AnalogueSleep/app_app.a(http.o) (atoi)
c:/espressif/xtensa-lx106-elf/bin/../lib/gcc/xtensa-lx106-elf/5.1.0/../../../../xtensa-lx106-elf/lib\libc.a(lib_a-memcpy.o)
[...]
Memory Configuration

Name             Origin             Length             Attributes
dport0_0_seg     0x3ff00000         0x00000010
dram0_0_seg      0x3ffe8000         0x00014000
iram1_0_seg      0x40100000         0x00008000
irom0_0_seg      0x40210000         0x00068000
*default*        0x00000000         0xffffffff

Linker script and memory map

START GROUP
LOAD c:/espressif/xtensa-lx106-elf/bin/../lib/gcc/xtensa-lx106-elf/5.1.0/../../../../xtensa-lx106-elf/lib\libc.a
LOAD c:/espressif/xtensa-lx106-elf/bin/../lib/gcc/xtensa-lx106-elf/5.1.0\libgcc.a
LOAD c:/espressif/xtensa-lx106-elf/bin/../lib/gcc/xtensa-lx106-elf/5.1.0/../../../../xtensa-lx106-elf/lib\libhal.a
LOAD c:/Espressif/ESP8266_SDK_151/lib\libphy.a
LOAD c:/Espressif/ESP8266_SDK_151/lib\libpp.a
LOAD c:/Espressif/ESP8266_SDK_151/lib\libnet80211.a
LOAD c:/Espressif/ESP8266_SDK_151/lib\liblwip.a
LOAD c:/Espressif/ESP8266_SDK_151/lib\libwpa.a
LOAD c:/Espressif/ESP8266_SDK_151/lib\libmain.a
LOAD c:/Espressif/ESP8266_SDK_151/lib\libupgrade.a
LOAD c:/Espressif/ESP8266_SDK_151/lib\libssl.a
LOAD c:/Espressif/ESP8266_SDK_151/lib\libsmartconfig.a
LOAD c:/Espressif/ESP8266_SDK_151/lib\libcrypto.a
LOAD build/AnalogueSleep/app_app.a
END GROUP
                0x40000000                PROVIDE (_memmap_vecbase_reset, 0x40000000)
                0x00000110                _memmap_cacheattr_wb_base = 0x110
                0x00000110                _memmap_cacheattr_wt_base = 0x110
                0x00000220                _memmap_cacheattr_bp_base = 0x220
                0xfffff00f                _memmap_cacheattr_unused_mask = 0xfffff00f
                0x2222211f                _memmap_cacheattr_wb_trapnull = 0x2222211f
                0x2222211f                _memmap_cacheattr_wba_trapnull = 0x2222211f
                0x2222211f                _memmap_cacheattr_wbna_trapnull = 0x2222211f
                0x2222211f                _memmap_cacheattr_wt_trapnull = 0x2222211f
                0x2222222f                _memmap_cacheattr_bp_trapnull = 0x2222222f
                0xfffff11f                _memmap_cacheattr_wb_strict = 0xfffff11f
                0xfffff11f                _memmap_cacheattr_wt_strict = 0xfffff11f
                0xfffff22f                _memmap_cacheattr_bp_strict = 0xfffff22f
                0x22222112                _memmap_cacheattr_wb_allvalid = 0x22222112
                0x22222112                _memmap_cacheattr_wt_allvalid = 0x22222112
                0x22222222                _memmap_cacheattr_bp_allvalid = 0x22222222
                0x2222211f                PROVIDE (_memmap_cacheattr_reset, _memmap_cacheattr_wb_trapnull)

.dport0.rodata  0x3ff00000        0x0
                0x3ff00000                _dport0_rodata_start = ABSOLUTE (.)
 *(.dport0.rodata)
 *(.dport.rodata)
                0x3ff00000                _dport0_rodata_end = ABSOLUTE (.)

.dport0.literal
                0x3ff00000        0x0
                0x3ff00000                _dport0_literal_start = ABSOLUTE (.)
 *(.dport0.literal)
 *(.dport.literal)
                0x3ff00000                _dport0_literal_end = ABSOLUTE (.)

.dport0.data    0x3ff00000        0x0
                0x3ff00000                _dport0_data_start = ABSOLUTE (.)
 *(.dport0.data)
 *(.dport.data)
                0x3ff00000                _dport0_data_end = ABSOLUTE (.)

.data           0x3ffe8000      0x7e9
                0x3ffe8000                _data_start = ABSOLUTE (.)
 *(.data)
 .data          0x3ffe8000        0x0 c:/Espressif/ESP8266_SDK_151/lib\libmain.a(debug-vector.o)
 .data          0x3ffe8000        0x0 c:/Espressif/ESP8266_SDK_151/lib\libmain.a(double-vector.o)
 .data          0x3ffe8000        0x0 c:/Espressif/ESP8266_SDK_151/lib\libmain.a(kernel-vector.o)
 .data          0x3ffe8000        0x4 c:/Espressif/ESP8266_SDK_151/lib\libmain.a(nmi-vector.o)
                0x3ffe8000                _Pri_3_HandlerAddress
 .data          0x3ffe8004        0x0 c:/Espressif/ESP8266_SDK_151/lib\libmain.a(user-vector.o)
 .data          0x3ffe8004        0x0 c:/Espressif/ESP8266_SDK_151/lib\libmain.a(vector.o)
 .data          0x3ffe8004        0x1 c:/Espressif/ESP8266_SDK_151/lib\libmain.a(app_main.o)
 .data          0x3ffe8005        0x0 c:/Espressif/ESP8266_SDK_151/lib\libmain.a(ets_timer.o)
 .data          0x3ffe8005        0x0 c:/Espressif/ESP8266_SDK_151/lib\libmain.a(mem_manager.o)
 .data          0x3ffe8005        0x0 c:/Espressif/ESP8266_SDK_151/lib\libmain.a(spi_flash.o)
 *fill*         0x3ffe8005        0x3 
 .data          0x3ffe8008        0x6 c:/Espressif/ESP8266_SDK_151/lib\libmain.a(user_interface.o)
                0x3ffe8009                timer2_ms_flag
                0x3ffe800a                dhcps_flag
                0x3ffe800b                dhcpc_flag
                0x3ffe800d                reconnect_internal
 .data          0x3ffe800e        0x0 c:/Espressif/ESP8266_SDK_151/lib\libmain.a(eagle_lib.o)
 *fill*         0x3ffe800e        0x2 
 .data          0x3ffe8010        0x1 c:/Espressif/ESP8266_SDK_151/lib\libmain.a(eagle_lwip_if.o)
                0x3ffe8010                default_hostname
 *fill*         0x3ffe8011        0x3 
 .data          0x3ffe8014        0xc build/AnalogueSleep/app_app.a(user_main.o)
                0x3ffe801c                version
 .data          0x3ffe8020        0x0 build/AnalogueSleep/app_app.a(config.o)
 .data          0x3ffe8020        0x0 build/AnalogueSleep/app_app.a(easygpio.o)
 .data          0x3ffe8020        0x4 build/AnalogueSleep/app_app.a(wifi.o)
 .data          0x3ffe8024        0x0 build/AnalogueSleep/app_app.a(doSmartConfig.o)
 .data          0x3ffe8024        0x0 build/AnalogueSleep/app_app.a(stdout.o)
 .data          0x3ffe8024        0x4 build/AnalogueSleep/app_app.a(check.o)
 .data          0x3ffe8028       0x18 build/AnalogueSleep/app_app.a(mqtt.o)
                0x3ffe8028                noSSL
 .data          0x3ffe8040        0x0 build/AnalogueSleep/app_app.a(http.o)
 .data          0x3ffe8040        0x5 build/AnalogueSleep/app_app.a(publish.o)
 .data          0x3ffe8045        0x0 build/AnalogueSleep/app_app.a(temperature.o)
 .data          0x3ffe8045        0x0 build/AnalogueSleep/app_app.a(ds18b20.o)
 .data          0x3ffe8045        0x0 build/AnalogueSleep/app_app.a(decodeMessage.o)
 .data          0x3ffe8045        0x0 build/AnalogueSleep/app_app.a(jsmn.o)
 .data          0x3ffe8045        0x0 build/AnalogueSleep/app_app.a(flash.o)
 .data          0x3ffe8045        0x0 build/AnalogueSleep/app_app.a(dtoa.o)
 .data          0x3ffe8045        0x0 build/AnalogueSleep/app_app.a(utils.o)
 .data          0x3ffe8045        0x0 build/AnalogueSleep/app_app.a(queue.o)
 .data          0x3ffe8045        0x0 build/AnalogueSleep/app_app.a(mqtt_msg.o)
 .data          0x3ffe8045        0x0 build/AnalogueSleep/app_app.a(ringbuf.o)
 .data          0x3ffe8045        0x0 build/AnalogueSleep/app_app.a(proto.o)
 .data          0x3ffe8045        0x0 c:/espressif/xtensa-lx106-elf/bin/../lib/gcc/xtensa-lx106-elf/5.1.0/../../../../xtensa-lx106-elf/lib\libc.a(lib_a-atoi.o)
 .data          0x3ffe8045        0x0 c:/espressif/xtensa-lx106-elf/bin/../lib/gcc/xtensa-lx106-elf/5.1.0/../../../../xtensa-lx106-elf/lib\libc.a(lib_a-memcpy.o)
 .data          0x3ffe8045        0x0 c:/espressif/xtensa-lx106-elf/bin/../lib/gcc/xtensa-lx106-elf/5.1.0/../../../../xtensa-lx106-elf/lib\libc.a(lib_a-memset.o)
 .data          0x3ffe8045        0x0 c:/espressif/xtensa-lx106-elf/bin/../lib/gcc/xtensa-lx106-elf/5.1.0/../../../../xtensa-lx106-elf/lib\libc.a(lib_a-strcmp.o)
 .data          0x3ffe8045        0x0 c:/espressif/xtensa-lx106-elf/bin/../lib/gcc/xtensa-lx106-elf/5.1.0/../../../../xtensa-lx106-elf/lib\libc.a(lib_a-strcpy.o)
 .data          0x3ffe8045        0x0 c:/espressif/xtensa-lx106-elf/bin/../lib/gcc/xtensa-lx106-elf/5.1.0/../../../../xtensa-lx106-elf/lib\libc.a(lib_a-strlen.o)
 .data          0x3ffe8045        0x0 c:/espressif/xtensa-lx106-elf/bin/../lib/gcc/xtensa-lx106-elf/5.1.0/../../../../xtensa-lx106-elf/lib\libc.a(lib_a-strtol.o)
 *fill*         0x3ffe8045        0x3 
 .data          0x3ffe8048        0x4 c:/espressif/xtensa-lx106-elf/bin/../lib/gcc/xtensa-lx106-elf/5.1.0/../../../../xtensa-lx106-elf/lib\libc.a(lib_a-ctype_.o)
                0x3ffe8048                __ctype_ptr__
 *fill*         0x3ffe804c        0x4 
 .data          0x3ffe8050      0x430 c:/espressif/xtensa-lx106-elf/bin/../lib/gcc/xtensa-lx106-elf/5.1.0/../../../../xtensa-lx106-elf/lib\libc.a(lib_a-impure.o)
                0x3ffe8050                _impure_ptr
 .data          0x3ffe8480        0x0 c:/espressif/xtensa-lx106-elf/bin/../lib/gcc/xtensa-lx106-elf/5.1.0\libgcc.a(_udivsi3.o)
 .data          0x3ffe8480        0x0 c:/espressif/xtensa-lx106-elf/bin/../lib/gcc/xtensa-lx106-elf/5.1.0\libgcc.a(_umodsi3.o)
 .data          0x3ffe8480        0x0 c:/espressif/xtensa-lx106-elf/bin/../lib/gcc/xtensa-lx106-elf/5.1.0\libgcc.a(_addsubdf3.o)
 .data          0x3ffe8480        0x0 c:/espressif/xtensa-lx106-elf/bin/../lib/gcc/xtensa-lx106-elf/5.1.0\libgcc.a(_muldf3.o)
 .data          0x3ffe8480        0x0 c:/espressif/xtensa-lx106-elf/bin/../lib/gcc/xtensa-lx106-elf/5.1.0\libgcc.a(_divdf3.o)
 .data          0x3ffe8480        0x0 c:/espressif/xtensa-lx106-elf/bin/../lib/gcc/xtensa-lx106-elf/5.1.0\libgcc.a(_cmpdf2.o)
 .data          0x3ffe8480        0x0 c:/espressif/xtensa-lx106-elf/bin/../lib/gcc/xtensa-lx106-elf/5.1.0\libgcc.a(_fixunsdfsi.o)
 .data          0x3ffe8480        0x0 c:/espressif/xtensa-lx106-elf/bin/../lib/gcc/xtensa-lx106-elf/5.1.0\libgcc.a(_floatsidf.o)
 .data          0x3ffe8480        0x0 c:/espressif/xtensa-lx106-elf/bin/../lib/gcc/xtensa-lx106-elf/5.1.0\libgcc.a(_muldi3.o)
 .data          0x3ffe8480        0x0 c:/espressif/xtensa-lx106-elf/bin/../lib/gcc/xtensa-lx106-elf/5.1.0\libgcc.a(_umulsidi3.o)
 .data          0x3ffe8480        0x0 c:/espressif/xtensa-lx106-elf/bin/../lib/gcc/xtensa-lx106-elf/5.1.0/../../../../xtensa-lx106-elf/lib\libhal.a(int_asm--set_intclear.o)
 .data          0x3ffe8480        0x0 c:/Espressif/ESP8266_SDK_151/lib\libphy.a(phy.o)
 .data          0x3ffe8480        0x0 c:/Espressif/ESP8266_SDK_151/lib\libphy.a(phy_chip_v6_ana.o)
 .data          0x3ffe8480       0x53 c:/Espressif/ESP8266_SDK_151/lib\libphy.a(phy_chip_v6.o)
                0x3ffe8482                tx_rf_ana_gain
                0x3ffe84b0                rx_gain_swp
                0x3ffe84d0                test_rffreq_txcap
 .data          0x3ffe84d3        0x0 c:/Espressif/ESP8266_SDK_151/lib\libphy.a(phy_chip_v6_cal.o)
 .data          0x3ffe84d3        0x0 c:/Espressif/ESP8266_SDK_151/lib\libphy.a(phy_chip_v6_unused.o)
 *fill*         0x3ffe84d3        0x1 
 .data          0x3ffe84d4        0x4 c:/Espressif/ESP8266_SDK_151/lib\libphy.a(phy_sleep.o)
                0x3ffe84d4                chip_version
 .data          0x3ffe84d8        0x0 c:/Espressif/ESP8266_SDK_151/lib\libpp.a(if_hwctrl.o)
 .data          0x3ffe84d8        0x0 c:/Espressif/ESP8266_SDK_151/lib\libpp.a(lmac.o)
 .data          0x3ffe84d8        0x1 c:/Espressif/ESP8266_SDK_151/lib\libpp.a(pm.o)
 *fill*         0x3ffe84d9        0x3 
 .data          0x3ffe84dc        0x1 c:/Espressif/ESP8266_SDK_151/lib\libpp.a(pm_for_bcn_only_mode.o)
 *fill*         0x3ffe84dd        0x3 
 .data          0x3ffe84e0       0x1c c:/Espressif/ESP8266_SDK_151/lib\libpp.a(pp.o)
                0x3ffe84e0                soft_wdt_interval
                0x3ffe84e4                NoiseTimerInterval
                0x3ffe84ec                sleep_start_wait_time
                0x3ffe84f4                CanDoFreqCal
                0x3ffe84f8                tcb
 *fill*         0x3ffe84fc        0x4 
 .data          0x3ffe8500       0x40 c:/Espressif/ESP8266_SDK_151/lib\libpp.a(rate_control.o)
 .data          0x3ffe8540      0x24c c:/Espressif/ESP8266_SDK_151/lib\libpp.a(trc.o)
 .data          0x3ffe878c        0x8 c:/Espressif/ESP8266_SDK_151/lib\libpp.a(wdev.o)
 .data          0x3ffe8794        0x0 c:/Espressif/ESP8266_SDK_151/lib\libpp.a(esf_buf.o)
 .data          0x3ffe8794        0x0 c:/Espressif/ESP8266_SDK_151/lib\libnet80211.a(ieee80211.o)
 .data          0x3ffe8794        0x0 c:/Espressif/ESP8266_SDK_151/lib\libnet80211.a(ieee80211_crypto.o)
 .data          0x3ffe8794        0x0 c:/Espressif/ESP8266_SDK_151/lib\libnet80211.a(ieee80211_ets.o)
 .data          0x3ffe8794        0x1 c:/Espressif/ESP8266_SDK_151/lib\libnet80211.a(ieee80211_hostap.o)
                0x3ffe8794                TmpSTAAPCloseAP
 .data          0x3ffe8795        0x0 c:/Espressif/ESP8266_SDK_151/lib\libnet80211.a(ieee80211_ht.o)
 .data          0x3ffe8795        0x0 c:/Espressif/ESP8266_SDK_151/lib\libnet80211.a(ieee80211_input.o)
 .data          0x3ffe8795        0x0 c:/Espressif/ESP8266_SDK_151/lib\libnet80211.a(ieee80211_mesh_quick.o)
 .data          0x3ffe8795        0x0 c:/Espressif/ESP8266_SDK_151/lib\libnet80211.a(ieee80211_output.o)
 .data          0x3ffe8795        0x0 c:/Espressif/ESP8266_SDK_151/lib\libnet80211.a(ieee80211_phy.o)
 .data          0x3ffe8795        0x0 c:/Espressif/ESP8266_SDK_151/lib\libnet80211.a(ieee80211_power.o)
 .data          0x3ffe8795        0x0 c:/Espressif/ESP8266_SDK_151/lib\libnet80211.a(ieee80211_proto.o)
 .data          0x3ffe8795        0x0 c:/Espressif/ESP8266_SDK_151/lib\libnet80211.a(ieee80211_rfid.o)
 .data          0x3ffe8795        0x0 c:/Espressif/ESP8266_SDK_151/lib\libnet80211.a(ieee80211_scan.o)
 .data          0x3ffe8795        0x0 c:/Espressif/ESP8266_SDK_151/lib\libnet80211.a(ieee80211_sta.o)
 .data          0x3ffe8795        0x0 c:/Espressif/ESP8266_SDK_151/lib\libnet80211.a(wl_chm.o)
 *fill*         0x3ffe8795        0x3 
 .data          0x3ffe8798        0x1 c:/Espressif/ESP8266_SDK_151/lib\libnet80211.a(wl_cnx.o)
 *fill*         0x3ffe8799        0x7 
 .data          0x3ffe87a0       0x1c c:/Espressif/ESP8266_SDK_151/lib\libnet80211.a(ieee80211_action.o)
 .data          0x3ffe87bc        0x0 c:/Espressif/ESP8266_SDK_151/lib\libnet80211.a(ieee80211_action_vendor.o)
 .data          0x3ffe87bc        0x0 c:/Espressif/ESP8266_SDK_151/lib\libnet80211.a(ieee80211_crypto_ccmp.o)
 .data          0x3ffe87bc        0x0 c:/Espressif/ESP8266_SDK_151/lib\libnet80211.a(ieee80211_ie_vendor.o)
 .data          0x3ffe87bc        0x4 c:/Espressif/ESP8266_SDK_151/lib\liblwip.a(dhcp.o)
 .data          0x3ffe87c0        0x5 c:/Espressif/ESP8266_SDK_151/lib\liblwip.a(dhcpserver.o)
                0x3ffe87c0                dhcps_lease_time
 .data          0x3ffe87c5        0x0 c:/Espressif/ESP8266_SDK_151/lib\liblwip.a(dns.o)
 .data          0x3ffe87c5        0x0 c:/Espressif/ESP8266_SDK_151/lib\liblwip.a(espconn.o)
 .data          0x3ffe87c5        0x0 c:/Espressif/ESP8266_SDK_151/lib\liblwip.a(espconn_tcp.o)
 .data          0x3ffe87c5        0x0 c:/Espressif/ESP8266_SDK_151/lib\liblwip.a(espconn_udp.o)
 .data          0x3ffe87c5        0x0 c:/Espressif/ESP8266_SDK_151/lib\liblwip.a(etharp.o)
 .data          0x3ffe87c5        0x0 c:/Espressif/ESP8266_SDK_151/lib\liblwip.a(igmp.o)
 .data          0x3ffe87c5        0x0 c:/Espressif/ESP8266_SDK_151/lib\liblwip.a(inet_chksum.o)
 .data          0x3ffe87c5        0x0 c:/Espressif/ESP8266_SDK_151/lib\liblwip.a(init.o)
 .data          0x3ffe87c5        0x0 c:/Espressif/ESP8266_SDK_151/lib\liblwip.a(ip_addr.o)
 .data          0x3ffe87c5        0x0 c:/Espressif/ESP8266_SDK_151/lib\liblwip.a(ip.o)
 *fill*         0x3ffe87c5        0x3 
 .data          0x3ffe87c8        0x2 c:/Espressif/ESP8266_SDK_151/lib\liblwip.a(memp.o)
                0x3ffe87c8                memp_sizes_test
 .data          0x3ffe87ca        0x0 c:/Espressif/ESP8266_SDK_151/lib\liblwip.a(netif.o)
 .data          0x3ffe87ca        0x0 c:/Espressif/ESP8266_SDK_151/lib\liblwip.a(pbuf.o)
 .data          0x3ffe87ca        0x0 c:/Espressif/ESP8266_SDK_151/lib\liblwip.a(raw.o)
 .data          0x3ffe87ca        0x0 c:/Espressif/ESP8266_SDK_151/lib\liblwip.a(tcp_in.o)
 *fill*         0x3ffe87ca        0x2 
 .data          0x3ffe87cc        0x8 c:/Espressif/ESP8266_SDK_151/lib\liblwip.a(tcp.o)
 .data          0x3ffe87d4        0x0 c:/Espressif/ESP8266_SDK_151/lib\liblwip.a(tcp_out.o)
 .data          0x3ffe87d4        0x0 c:/Espressif/ESP8266_SDK_151/lib\liblwip.a(timers.o)
 .data          0x3ffe87d4        0x0 c:/Espressif/ESP8266_SDK_151/lib\liblwip.a(udp.o)
 .data          0x3ffe87d4        0x0 c:/Espressif/ESP8266_SDK_151/lib\liblwip.a(icmp.o)
 .data          0x3ffe87d4        0x0 c:/Espressif/ESP8266_SDK_151/lib\libwpa.a(ap_config.o)
 .data          0x3ffe87d4        0x0 c:/Espressif/ESP8266_SDK_151/lib\libwpa.a(common.o)
 .data          0x3ffe87d4        0x0 c:/Espressif/ESP8266_SDK_151/lib\libwpa.a(os_xtensa.o)
 .data          0x3ffe87d4        0x0 c:/Espressif/ESP8266_SDK_151/lib\libwpa.a(wpa_auth.o)
 .data          0x3ffe87d4        0x0 c:/Espressif/ESP8266_SDK_151/lib\libwpa.a(wpa_auth_ie.o)
 .data          0x3ffe87d4        0x0 c:/Espressif/ESP8266_SDK_151/lib\libwpa.a(wpa.o)
 .data          0x3ffe87d4        0x0 c:/Espressif/ESP8266_SDK_151/lib\libwpa.a(wpa_common.o)
 .data          0x3ffe87d4        0x0 c:/Espressif/ESP8266_SDK_151/lib\libwpa.a(wpa_debug.o)
 .data          0x3ffe87d4        0x0 c:/Espressif/ESP8266_SDK_151/lib\libwpa.a(wpa_ie.o)
 .data          0x3ffe87d4        0x0 c:/Espressif/ESP8266_SDK_151/lib\libwpa.a(wpa_main.o)
 .data          0x3ffe87d4        0x0 c:/Espressif/ESP8266_SDK_151/lib\libwpa.a(wpas_glue.o)
 *fill*         0x3ffe87d4        0x4 
 .data          0x3ffe87d8        0xe c:/Espressif/ESP8266_SDK_151/lib\libsmartconfig.a(sc_sniffer.o)
                0x3ffe87d8                g_SC_Select
                0x3ffe87e0                ET_Group_bssid
 .data          0x3ffe87e6        0x0 c:/Espressif/ESP8266_SDK_151/lib\libsmartconfig.a(sc_airkiss.o)
 *fill*         0x3ffe87e6        0x2 
 .data          0x3ffe87e8        0x1 c:/Espressif/ESP8266_SDK_151/lib\libsmartconfig.a(sc_esptouch.o)
                0x3ffe87e8                g_ET_TimeOut
 .data          0x3ffe87e9        0x0 c:/Espressif/ESP8266_SDK_151/lib\libcrypto.a(aes-wrap.o)
 .data          0x3ffe87e9        0x0 c:/Espressif/ESP8266_SDK_151/lib\libcrypto.a(aes-internal-enc.o)
 .data          0x3ffe87e9        0x0 c:/Espressif/ESP8266_SDK_151/lib\libcrypto.a(aes-internal.o)
 .data          0x3ffe87e9        0x0 c:/espressif/xtensa-lx106-elf/bin/../lib/gcc/xtensa-lx106-elf/5.1.0\libgcc.a(_divsi3.o)
 .data          0x3ffe87e9        0x0 c:/espressif/xtensa-lx106-elf/bin/../lib/gcc/xtensa-lx106-elf/5.1.0\libgcc.a(_modsi3.o)
 .data          0x3ffe87e9        0x0 c:/espressif/xtensa-lx106-elf/bin/../lib/gcc/xtensa-lx106-elf/5.1.0\libgcc.a(_ashrdi3.o)
 .data          0x3ffe87e9        0x0 c:/espressif/xtensa-lx106-elf/bin/../lib/gcc/xtensa-lx106-elf/5.1.0\libgcc.a(_addsubsf3.o)
 .data          0x3ffe87e9        0x0 c:/espressif/xtensa-lx106-elf/bin/../lib/gcc/xtensa-lx106-elf/5.1.0\libgcc.a(_mulsf3.o)
 .data          0x3ffe87e9        0x0 c:/espressif/xtensa-lx106-elf/bin/../lib/gcc/xtensa-lx106-elf/5.1.0\libgcc.a(_divsf3.o)
 .data          0x3ffe87e9        0x0 c:/espressif/xtensa-lx106-elf/bin/../lib/gcc/xtensa-lx106-elf/5.1.0\libgcc.a(_fixsfsi.o)
 .data          0x3ffe87e9        0x0 c:/espressif/xtensa-lx106-elf/bin/../lib/gcc/xtensa-lx106-elf/5.1.0\libgcc.a(_fixunssfsi.o)
 .data          0x3ffe87e9        0x0 c:/espressif/xtensa-lx106-elf/bin/../lib/gcc/xtensa-lx106-elf/5.1.0\libgcc.a(_floatsisf.o)
 .data          0x3ffe87e9        0x0 c:/espressif/xtensa-lx106-elf/bin/../lib/gcc/xtensa-lx106-elf/5.1.0\libgcc.a(_fixdfsi.o)
 .data          0x3ffe87e9        0x0 c:/espressif/xtensa-lx106-elf/bin/../lib/gcc/xtensa-lx106-elf/5.1.0\libgcc.a(_truncdfsf2.o)
 .data          0x3ffe87e9        0x0 c:/espressif/xtensa-lx106-elf/bin/../lib/gcc/xtensa-lx106-elf/5.1.0\libgcc.a(_divdi3.o)
 .data          0x3ffe87e9        0x0 c:/espressif/xtensa-lx106-elf/bin/../lib/gcc/xtensa-lx106-elf/5.1.0\libgcc.a(_umoddi3.o)
 .data          0x3ffe87e9        0x0 c:/Espressif/ESP8266_SDK_151/lib\libnet80211.a(ieee80211_crypto_tkip.o)
 .data          0x3ffe87e9        0x0 c:/Espressif/ESP8266_SDK_151/lib\libnet80211.a(ieee80211_crypto_wep.o)
 *(.data.*)
 *(.gnu.linkonce.d.*)
 *(.data1)
 *(.sdata)
 *(.sdata.*)
 *(.gnu.linkonce.s.*)
 *(.sdata2)
 *(.sdata2.*)
 *(.gnu.linkonce.s2.*)
 *(.jcr)
                0x3ffe87e9                _data_end = ABSOLUTE (.)

.noinit         0x3ffe87ec        0x4
 .noinit        0x3ffe87ec        0x4 build/AnalogueSleep/app_app.a(user_main.o)
                0x3ffe87ec                lastAction

.rodata         0x3ffe87f0     0x1494
                0x3ffe87f0                _rodata_start = ABSOLUTE (.)
 *(.sdk.version)
 .sdk.version   0x3ffe87f0       0x10 c:/Espressif/ESP8266_SDK_151/lib\libmain.a(app_main.o)
                0x3ffe87f0                SDK_VERSION
 *(.rodata)
 .rodata        0x3ffe8800       0x1c build/AnalogueSleep/app_app.a(user_main.o)
 .rodata        0x3ffe881c       0x40 build/AnalogueSleep/app_app.a(easygpio.o)
 .rodata        0x3ffe885c       0x14 build/AnalogueSleep/app_app.a(wifi.o)
 .rodata        0x3ffe8870       0x48 build/AnalogueSleep/app_app.a(mqtt.o)
 .rodata        0x3ffe88b8       0x20 build/AnalogueSleep/app_app.a(ds18b20.o)
 .rodata        0x3ffe88d8      0x160 build/AnalogueSleep/app_app.a(jsmn.o)
 .rodata        0x3ffe8a38      0x101 c:/espressif/xtensa-lx106-elf/bin/../lib/gcc/xtensa-lx106-elf/5.1.0/../../../../xtensa-lx106-elf/lib\libc.a(lib_a-ctype_.o)
                0x3ffe8a38                _ctype_
 *fill*         0x3ffe8b39        0x3 
 .rodata        0x3ffe8b3c        0x4 c:/espressif/xtensa-lx106-elf/bin/../lib/gcc/xtensa-lx106-elf/5.1.0/../../../../xtensa-lx106-elf/lib\libc.a(lib_a-impure.o)
                0x3ffe8b3c                _global_impure_ptr
 .rodata        0x3ffe8b40        0x8 c:/Espressif/ESP8266_SDK_151/lib\libphy.a(phy_chip_v6_ana.o)
 .rodata        0x3ffe8b48        0x8 c:/Espressif/ESP8266_SDK_151/lib\libphy.a(phy_chip_v6.o)
 .rodata        0x3ffe8b50        0x4 c:/Espressif/ESP8266_SDK_151/lib\libpp.a(pp.o)
 .rodata        0x3ffe8b54        0x8 c:/Espressif/ESP8266_SDK_151/lib\libnet80211.a(ieee80211_hostap.o)
 .rodata        0x3ffe8b5c        0x9 c:/Espressif/ESP8266_SDK_151/lib\libnet80211.a(ieee80211_output.o)
 *fill*         0x3ffe8b65        0x3 
 .rodata        0x3ffe8b68        0x6 c:/Espressif/ESP8266_SDK_151/lib\liblwip.a(etharp.o)
                0x3ffe8b68                ethbroadcast
 *fill*         0x3ffe8b6e        0x2 
 .rodata        0x3ffe8b70        0x7 c:/Espressif/ESP8266_SDK_151/lib\libsmartconfig.a(sc_sniffer.o)
                0x3ffe8b70                SC_VERSION
 *fill*         0x3ffe8b77        0x1 
 .rodata        0x3ffe8b78        0x8 c:/Espressif/ESP8266_SDK_151/lib\libsmartconfig.a(sc_airkiss.o)
                0x3ffe8b78                RSSI_BEAR
                0x3ffe8b79                DATA_RSSI_BEAR
                0x3ffe8b7a                RSSI_MIN
 *(.rodata.*)
 .rodata.str1.4
                0x3ffe8b80        0xc c:/Espressif/ESP8266_SDK_151/lib\libmain.a(app_main.o)
 .rodata.str1.4
                0x3ffe8b8c        0x4 c:/Espressif/ESP8266_SDK_151/lib\libmain.a(ets_timer.o)
                                  0xc (size before relaxing)
 .rodata.str1.4
                0x3ffe8b90       0x1a c:/Espressif/ESP8266_SDK_151/lib\libmain.a(mem_manager.o)
 *fill*         0x3ffe8baa        0x2 
 .rodata.str1.4
                0x3ffe8bac      0x194 build/AnalogueSleep/app_app.a(user_main.o)
                                0x1a0 (size before relaxing)
 .rodata.str1.4
                0x3ffe8d40       0xd9 build/AnalogueSleep/app_app.a(config.o)
                                 0xdd (size before relaxing)
 *fill*         0x3ffe8e19        0x3 
 .rodata.str1.4
                0x3ffe8e1c       0xd8 build/AnalogueSleep/app_app.a(easygpio.o)
 .rodata.str1.4
                0x3ffe8ef4      0x1d9 build/AnalogueSleep/app_app.a(wifi.o)
 *fill*         0x3ffe90cd        0x3 
 .rodata.str1.4
                0x3ffe90d0       0x4e build/AnalogueSleep/app_app.a(check.o)
 *fill*         0x3ffe911e        0x2 
 .rodata.str1.4
                0x3ffe9120       0x7a build/AnalogueSleep/app_app.a(mqtt.o)
                                 0x7e (size before relaxing)
 *fill*         0x3ffe919a        0x2 
 .rodata.str1.4
                0x3ffe919c      0x4af build/AnalogueSleep/app_app.a(http.o)
                                0x4bf (size before relaxing)
 *fill*         0x3ffe964b        0x1 
 .rodata.str1.4
                0x3ffe964c      0x2aa build/AnalogueSleep/app_app.a(publish.o)
                                0x2ae (size before relaxing)
 *fill*         0x3ffe98f6        0x2 
 .rodata.str1.4
                0x3ffe98f8      0x14d build/AnalogueSleep/app_app.a(temperature.o)
                                0x151 (size before relaxing)
 *fill*         0x3ffe9a45        0x3 
 .rodata.str1.4
                0x3ffe9a48       0xd9 build/AnalogueSleep/app_app.a(decodeMessage.o)
                                 0xe1 (size before relaxing)
 *fill*         0x3ffe9b21        0x3 
 .rodata.str1.4
                0x3ffe9b24       0x6b build/AnalogueSleep/app_app.a(jsmn.o)
                                 0x6f (size before relaxing)
 *fill*         0x3ffe9b8f        0x1 
 .rodata.str1.4
                0x3ffe9b90       0x23 build/AnalogueSleep/app_app.a(flash.o)
 .rodata.str1.4
                0x00000000        0x1 build/AnalogueSleep/app_app.a(queue.o)
 *fill*         0x3ffe9bb3        0x1 
 .rodata.str1.4
                0x3ffe9bb4        0x7 build/AnalogueSleep/app_app.a(mqtt_msg.o)
 .rodata.str1.1
                0x3ffe9bbb        0x2 c:/espressif/xtensa-lx106-elf/bin/../lib/gcc/xtensa-lx106-elf/5.1.0/../../../../xtensa-lx106-elf/lib\libc.a(lib_a-impure.o)
 *fill*         0x3ffe9bbd        0x3 
 .rodata.str1.4
                0x3ffe9bc0        0x4 c:/Espressif/ESP8266_SDK_151/lib\libpp.a(lmac.o)
                                  0xc (size before relaxing)
 .rodata.str1.4
                0x3ffe9bc4        0x4 c:/Espressif/ESP8266_SDK_151/lib\libpp.a(pm_for_bcn_only_mode.o)
                                  0xc (size before relaxing)
 .rodata.str1.4
                0x3ffe9bc8        0x8 c:/Espressif/ESP8266_SDK_151/lib\libpp.a(pp.o)
                                 0x10 (size before relaxing)
 .rodata.str1.4
                0x3ffe9bd0        0x4 c:/Espressif/ESP8266_SDK_151/lib\libpp.a(wdev.o)
                                  0xc (size before relaxing)
 .rodata.str1.4
                0x3ffe9bd4        0x3 c:/Espressif/ESP8266_SDK_151/lib\libnet80211.a(ieee80211_hostap.o)
                                  0x8 (size before relaxing)
 *fill*         0x3ffe9bd7        0x1 
 .rodata.str1.4
                0x3ffe9bd8        0x7 c:/Espressif/ESP8266_SDK_151/lib\libnet80211.a(ieee80211_mesh_quick.o)
 .rodata.str1.4
                0x00000000        0x4 c:/Espressif/ESP8266_SDK_151/lib\libnet80211.a(ieee80211_sta.o)
 .rodata.str1.4
                0x00000000        0x4 c:/Espressif/ESP8266_SDK_151/lib\libnet80211.a(ieee80211_action_vendor.o)
 .rodata.str1.4
                0x00000000        0x4 c:/Espressif/ESP8266_SDK_151/lib\libnet80211.a(ieee80211_ie_vendor.o)
 .rodata.str1.4
                0x00000000        0x1 c:/Espressif/ESP8266_SDK_151/lib\liblwip.a(espconn_tcp.o)
 *fill*         0x3ffe9bdf        0x1 
 .rodata.str1.4
                0x3ffe9be0        0x5 c:/Espressif/ESP8266_SDK_151/lib\libwpa.a(wpa_debug.o)
                                  0xd (size before relaxing)
 *fill*         0x3ffe9be5        0x3 
 .rodata.str1.4
                0x3ffe9be8        0xd c:/Espressif/ESP8266_SDK_151/lib\libsmartconfig.a(sc_sniffer.o)
 *fill*         0x3ffe9bf5        0x3 
 .rodata.str1.4
                0x3ffe9bf8        0xd c:/Espressif/ESP8266_SDK_151/lib\libsmartconfig.a(sc_airkiss.o)
 *fill*         0x3ffe9c05        0x3 
 .rodata.str1.4
                0x3ffe9c08       0x10 c:/Espressif/ESP8266_SDK_151/lib\libsmartconfig.a(sc_esptouch.o)
                                  0xe (size before relaxing)
 *(.gnu.linkonce.r.*)
 *(.rodata1)
                0x3ffe9c18                __XT_EXCEPTION_TABLE__ = ABSOLUTE (.)
 *(.xt_except_table)
 *(.gcc_except_table)
 *(.gnu.linkonce.e.*)
 *(.gnu.version_r)
 *(.eh_frame)
 .eh_frame      0x3ffe9c18       0x38 c:/espressif/xtensa-lx106-elf/bin/../lib/gcc/xtensa-lx106-elf/5.1.0\libgcc.a(_divdi3.o)
 .eh_frame      0x3ffe9c50       0x2c c:/espressif/xtensa-lx106-elf/bin/../lib/gcc/xtensa-lx106-elf/5.1.0\libgcc.a(_umoddi3.o)
                                 0x3c (size before relaxing)
 *crtbegin.o(.ctors)
 *(EXCLUDE_FILE(*crtend.o) .ctors)
 *(SORT(.ctors.*))
 *(.ctors)
 *crtbegin.o(.dtors)
 *(EXCLUDE_FILE(*crtend.o) .dtors)
 *(SORT(.dtors.*))
 *(.dtors)
                0x3ffe9c7c                __XT_EXCEPTION_DESCS__ = ABSOLUTE (.)
 *(.xt_except_desc)
 *(.gnu.linkonce.h.*)
                0x3ffe9c7c                __XT_EXCEPTION_DESCS_END__ = ABSOLUTE (.)
 *(.xt_except_desc_end)
 *(.dynamic)
 *(.gnu.version_d)
                0x3ffe9c7c                . = ALIGN (0x4)
                0x3ffe9c7c                _bss_table_start = ABSOLUTE (.)
                0x3ffe9c7c        0x4 LONG 0x3ffe9c88 _bss_start
                0x3ffe9c80        0x4 LONG 0x3fff05d0 _bss_end
                0x3ffe9c84                _bss_table_end = ABSOLUTE (.)
                0x3ffe9c84                _rodata_end = ABSOLUTE (.)

.bss            0x3ffe9c88     0x6948
                0x3ffe9c88                . = ALIGN (0x8)
                0x3ffe9c88                _bss_start = ABSOLUTE (.)
 *(.dynsbss)
 *(.sbss)
 *(.sbss.*)
 *(.gnu.linkonce.sb.*)
 *(.scommon)
 *(.sbss2)
 *(.sbss2.*)
 *(.gnu.linkonce.sb2.*)
 *(.dynbss)
 *(.bss)
 .bss           0x3ffe9c88        0x0 c:/Espressif/ESP8266_SDK_151/lib\libmain.a(debug-vector.o)
 .bss           0x3ffe9c88        0x0 c:/Espressif/ESP8266_SDK_151/lib\libmain.a(double-vector.o)
 .bss           0x3ffe9c88        0x0 c:/Espressif/ESP8266_SDK_151/lib\libmain.a(kernel-vector.o)
 *fill*         0x3ffe9c88        0x8 
 .bss           0x3ffe9c90      0x1c0 c:/Espressif/ESP8266_SDK_151/lib\libmain.a(nmi-vector.o)
 .bss           0x3ffe9e50        0x0 c:/Espressif/ESP8266_SDK_151/lib\libmain.a(user-vector.o)
 .bss           0x3ffe9e50        0x0 c:/Espressif/ESP8266_SDK_151/lib\libmain.a(vector.o)
 .bss           0x3ffe9e50       0x41 c:/Espressif/ESP8266_SDK_151/lib\libmain.a(app_main.o)
                0x3ffe9e54                info
                0x3ffe9e78                lwip_timer_interval
                0x3ffe9e7c                check_timeouts_timer
                0x3ffe9e90                user_init_flag
 *fill*         0x3ffe9e91        0xf 
 .bss           0x3ffe9ea0       0x30 c:/Espressif/ESP8266_SDK_151/lib\libmain.a(ets_timer.o)
                0x3ffe9ea0                timer_list
                0x3ffe9ea4                debug_timer
                0x3ffe9ea8                debug_timerfn
 .bss           0x3ffe9ed0       0x3c c:/Espressif/ESP8266_SDK_151/lib\libmain.a(mem_manager.o)
 .bss           0x3ffe9f0c        0x4 c:/Espressif/ESP8266_SDK_151/lib\libmain.a(spi_flash.o)
                0x3ffe9f0c                flash_read
 .bss           0x3ffe9f10      0x242 c:/Espressif/ESP8266_SDK_151/lib\libmain.a(user_interface.o)
                0x3ffea007                deep_sleep_flag
                0x3ffea008                cpu_overclock
                0x3ffea00c                event_cb
                0x3ffea010                status_led_output_level
                0x3ffea014                done_cb
                0x3ffea018                rst_if
                0x3ffea034                default_interface
                0x3ffea035                OpmodChgIsOnGoing
                0x3ffea038                promiscuous_cb
                0x3ffea050                event_TaskQueue
 .bss           0x3ffea152        0x0 c:/Espressif/ESP8266_SDK_151/lib\libmain.a(eagle_lib.o)
 *fill*         0x3ffea152        0x2 
 .bss           0x3ffea154        0xc c:/Espressif/ESP8266_SDK_151/lib\libmain.a(eagle_lwip_if.o)
                0x3ffea154                hostname
 .bss           0x3ffea160        0x6 build/AnalogueSleep/app_app.a(user_main.o)
 *fill*         0x3ffea166        0x2 
 .bss           0x3ffea168        0x4 build/AnalogueSleep/app_app.a(config.o)
 .bss           0x3ffea16c        0x0 build/AnalogueSleep/app_app.a(easygpio.o)
 .bss           0x3ffea16c       0x88 build/AnalogueSleep/app_app.a(wifi.o)
                0x3ffea16c                wifiCb
 .bss           0x3ffea1f4        0x1 build/AnalogueSleep/app_app.a(doSmartConfig.o)
 .bss           0x3ffea1f5        0x0 build/AnalogueSleep/app_app.a(stdout.o)
 .bss           0x3ffea1f5        0x0 build/AnalogueSleep/app_app.a(check.o)
 *fill*         0x3ffea1f5        0x3 
 .bss           0x3ffea1f8        0x8 build/AnalogueSleep/app_app.a(mqtt.o)
                0x3ffea1f8                default_private_key_len
                0x3ffea1fc                default_certificate_len
 .bss           0x3ffea200       0x58 build/AnalogueSleep/app_app.a(http.o)
                0x3ffea200                httpSetupMode
 .bss           0x3ffea258        0x4 build/AnalogueSleep/app_app.a(publish.o)
 .bss           0x3ffea25c       0x3c build/AnalogueSleep/app_app.a(temperature.o)
 .bss           0x3ffea298        0xc build/AnalogueSleep/app_app.a(ds18b20.o)
 .bss           0x3ffea2a4        0x0 build/AnalogueSleep/app_app.a(decodeMessage.o)
 .bss           0x3ffea2a4        0x0 build/AnalogueSleep/app_app.a(jsmn.o)
 .bss           0x3ffea2a4       0x28 build/AnalogueSleep/app_app.a(flash.o)
 .bss           0x3ffea2cc        0x0 build/AnalogueSleep/app_app.a(dtoa.o)
 .bss           0x3ffea2cc        0x0 build/AnalogueSleep/app_app.a(utils.o)
 .bss           0x3ffea2cc        0x0 build/AnalogueSleep/app_app.a(queue.o)
 .bss           0x3ffea2cc        0x0 build/AnalogueSleep/app_app.a(mqtt_msg.o)
 .bss           0x3ffea2cc        0x0 build/AnalogueSleep/app_app.a(ringbuf.o)
 .bss           0x3ffea2cc        0x0 build/AnalogueSleep/app_app.a(proto.o)
 .bss           0x3ffea2cc        0x0 c:/espressif/xtensa-lx106-elf/bin/../lib/gcc/xtensa-lx106-elf/5.1.0/../../../../xtensa-lx106-elf/lib\libc.a(lib_a-atoi.o)
 .bss           0x3ffea2cc        0x0 c:/espressif/xtensa-lx106-elf/bin/../lib/gcc/xtensa-lx106-elf/5.1.0/../../../../xtensa-lx106-elf/lib\libc.a(lib_a-memcpy.o)
 .bss           0x3ffea2cc        0x0 c:/espressif/xtensa-lx106-elf/bin/../lib/gcc/xtensa-lx106-elf/5.1.0/../../../../xtensa-lx106-elf/lib\libc.a(lib_a-memset.o)
 .bss           0x3ffea2cc        0x0 c:/espressif/xtensa-lx106-elf/bin/../lib/gcc/xtensa-lx106-elf/5.1.0/../../../../xtensa-lx106-elf/lib\libc.a(lib_a-strcmp.o)
 .bss           0x3ffea2cc        0x0 c:/espressif/xtensa-lx106-elf/bin/../lib/gcc/xtensa-lx106-elf/5.1.0/../../../../xtensa-lx106-elf/lib\libc.a(lib_a-strcpy.o)
 .bss           0x3ffea2cc        0x0 c:/espressif/xtensa-lx106-elf/bin/../lib/gcc/xtensa-lx106-elf/5.1.0/../../../../xtensa-lx106-elf/lib\libc.a(lib_a-strlen.o)
 .bss           0x3ffea2cc        0x0 c:/espressif/xtensa-lx106-elf/bin/../lib/gcc/xtensa-lx106-elf/5.1.0/../../../../xtensa-lx106-elf/lib\libc.a(lib_a-strtol.o)
 .bss           0x3ffea2cc        0x0 c:/espressif/xtensa-lx106-elf/bin/../lib/gcc/xtensa-lx106-elf/5.1.0/../../../../xtensa-lx106-elf/lib\libc.a(lib_a-ctype_.o)
 .bss           0x3ffea2cc        0x0 c:/espressif/xtensa-lx106-elf/bin/../lib/gcc/xtensa-lx106-elf/5.1.0/../../../../xtensa-lx106-elf/lib\libc.a(lib_a-impure.o)
 .bss           0x3ffea2cc        0x0 c:/espressif/xtensa-lx106-elf/bin/../lib/gcc/xtensa-lx106-elf/5.1.0\libgcc.a(_udivsi3.o)
 .bss           0x3ffea2cc        0x0 c:/espressif/xtensa-lx106-elf/bin/../lib/gcc/xtensa-lx106-elf/5.1.0\libgcc.a(_umodsi3.o)
 .bss           0x3ffea2cc        0x0 c:/espressif/xtensa-lx106-elf/bin/../lib/gcc/xtensa-lx106-elf/5.1.0\libgcc.a(_addsubdf3.o)
 .bss           0x3ffea2cc        0x0 c:/espressif/xtensa-lx106-elf/bin/../lib/gcc/xtensa-lx106-elf/5.1.0\libgcc.a(_muldf3.o)
 .bss           0x3ffea2cc        0x0 c:/espressif/xtensa-lx106-elf/bin/../lib/gcc/xtensa-lx106-elf/5.1.0\libgcc.a(_divdf3.o)
 .bss           0x3ffea2cc        0x0 c:/espressif/xtensa-lx106-elf/bin/../lib/gcc/xtensa-lx106-elf/5.1.0\libgcc.a(_cmpdf2.o)
 .bss           0x3ffea2cc        0x0 c:/espressif/xtensa-lx106-elf/bin/../lib/gcc/xtensa-lx106-elf/5.1.0\libgcc.a(_fixunsdfsi.o)
 .bss           0x3ffea2cc        0x0 c:/espressif/xtensa-lx106-elf/bin/../lib/gcc/xtensa-lx106-elf/5.1.0\libgcc.a(_floatsidf.o)
 .bss           0x3ffea2cc        0x0 c:/espressif/xtensa-lx106-elf/bin/../lib/gcc/xtensa-lx106-elf/5.1.0\libgcc.a(_muldi3.o)
 .bss           0x3ffea2cc        0x0 c:/espressif/xtensa-lx106-elf/bin/../lib/gcc/xtensa-lx106-elf/5.1.0\libgcc.a(_umulsidi3.o)
 .bss           0x3ffea2cc        0x0 c:/espressif/xtensa-lx106-elf/bin/../lib/gcc/xtensa-lx106-elf/5.1.0/../../../../xtensa-lx106-elf/lib\libhal.a(int_asm--set_intclear.o)
 .bss           0x3ffea2cc        0x4 c:/Espressif/ESP8266_SDK_151/lib\libphy.a(phy.o)
 .bss           0x3ffea2d0        0x2 c:/Espressif/ESP8266_SDK_151/lib\libphy.a(phy_chip_v6_ana.o)
                0x3ffea2d0                tout_dis_txpwr_track
                0x3ffea2d1                sleep_mode_flag
 *fill*         0x3ffea2d2        0x6 
 .bss           0x3ffea2d8      0x160 c:/Espressif/ESP8266_SDK_151/lib\libphy.a(phy_chip_v6.o)
                0x3ffea2d8                g_phyFuns
                0x3ffea2dc                rxiq_compute_num
                0x3ffea2e0                rx_table_renew_en
                0x3ffea2e4                check_result
                0x3ffea2e8                chip6_sleep_params
                0x3ffea37c                chip6_phy_init_ctrl
                0x3ffea3f0                phy_freq_offset
                0x3ffea3f2                do_pwctrl_flag
                0x3ffea3f3                pwctrl_debug
                0x3ffea3f4                txbk_dpdby_flag
                0x3ffea3f6                sw_scan_mode
                0x3ffea3f7                rxmax_ext_level
                0x3ffea3f8                phy_rx_gain_dc_table
                0x3ffea40c                periodic_cal_dc_num
                0x3ffea410                periodic_cal_flag
                0x3ffea411                bbpll_cal_flag
                0x3ffea412                phy_in_most_power
                0x3ffea413                init_rf_no_cal
                0x3ffea414                test_print_time
                0x3ffea418                phy_rx_gain_dc_flag
                0x3ffea419                phy_in_vdd33_offset
                0x3ffea41a                phy_set_most_tpw_disbg
                0x3ffea41b                phy_set_most_tpw_index
                0x3ffea41c                adc_rand_noise
                0x3ffea420                dpd_bypass_original
                0x3ffea428                noise_array
 .bss           0x3ffea438        0x8 c:/Espressif/ESP8266_SDK_151/lib\libphy.a(phy_chip_v6_cal.o)
                0x3ffea438                phy_tx_power_out
                0x3ffea43a                loop_pwctrl_pwdet_error_accum_high_power
                0x3ffea43c                tx_pwctrl_pk_num
                0x3ffea43d                tx_pwctrl_track_num
                0x3ffea43e                loop_pwctrl_correct_atten_high_power
                0x3ffea43f                rxiq_cover_fail_num
 .bss           0x3ffea440        0x0 c:/Espressif/ESP8266_SDK_151/lib\libphy.a(phy_chip_v6_unused.o)
 .bss           0x3ffea440        0x7 c:/Espressif/ESP8266_SDK_151/lib\libphy.a(phy_sleep.o)
                0x3ffea440                periodic_cal_sat
                0x3ffea442                lslp_mem_opt_8266
                0x3ffea444                software_slp_reject
                0x3ffea445                SDIO_slp_reject
                0x3ffea446                hardware_reject
 *fill*         0x3ffea447        0x9 
 .bss           0x3ffea450       0x40 c:/Espressif/ESP8266_SDK_151/lib\libpp.a(if_hwctrl.o)
                0x3ffea450                interface_mask
                0x3ffea470                if_ctrl
 .bss           0x3ffea490      0x150 c:/Espressif/ESP8266_SDK_151/lib\libpp.a(lmac.o)
                0x3ffea494                lmacConfMib
                0x3ffea4b8                our_tx_eb
 .bss           0x3ffea5e0      0x11a c:/Espressif/ESP8266_SDK_151/lib\libpp.a(pm.o)
                0x3ffea5e0                pmc
                0x3ffea6c0                flash_tmp
 *fill*         0x3ffea6fa        0x2 
 .bss           0x3ffea6fc       0x34 c:/Espressif/ESP8266_SDK_151/lib\libpp.a(pm_for_bcn_only_mode.o)
 .bss           0x3ffea730      0x322 c:/Espressif/ESP8266_SDK_151/lib\libpp.a(pp.o)
                0x3ffea748                pend_flag_noise_check
                0x3ffea750                pend_flag_periodic_cal
                0x3ffea768                idle_timer_reopen_flag
                0x3ffea76a                dbg_stop_sw_wdt
                0x3ffea76b                dbg_stop_hw_wdt
                0x3ffea76d                total_buffed_eb_num
                0x3ffea770                HighestFreqOffsetInOneChk
                0x3ffea772                LowestFreqOffsetInOneChk
                0x3ffea774                DefFreqCalTimer
                0x3ffea788                PktNumInOneChk
                0x3ffea910                buffed_eb_arr
 *fill*         0x3ffeaa52        0xe 
 .bss           0x3ffeaa60      0x100 c:/Espressif/ESP8266_SDK_151/lib\libpp.a(rate_control.o)
 .bss           0x3ffeab60      0x46c c:/Espressif/ESP8266_SDK_151/lib\libpp.a(trc.o)
 *fill*         0x3ffeafcc        0x4 
 .bss           0x3ffeafd0     0x2f88 c:/Espressif/ESP8266_SDK_151/lib\libpp.a(wdev.o)
                0x3ffeafd0                wDevCtrl
                0x3ffeb178                WdevTimOffSet
 *fill*         0x3ffedf58        0x8 
 .bss           0x3ffedf60      0xaa4 c:/Espressif/ESP8266_SDK_151/lib\libpp.a(esf_buf.o)
 .bss           0x3ffeea04      0x67c c:/Espressif/ESP8266_SDK_151/lib\libnet80211.a(ieee80211.o)
                0x3ffeea04                g_ic
 .bss           0x3ffef080        0x0 c:/Espressif/ESP8266_SDK_151/lib\libnet80211.a(ieee80211_crypto.o)
 .bss           0x3ffef080        0x0 c:/Espressif/ESP8266_SDK_151/lib\libnet80211.a(ieee80211_ets.o)
 .bss           0x3ffef080       0x56 c:/Espressif/ESP8266_SDK_151/lib\libnet80211.a(ieee80211_hostap.o)
                0x3ffef080                BcnEb_update
                0x3ffef08d                BcnWithMcastSendStart
                0x3ffef08e                BcnWithMcastSendCnt
                0x3ffef0a8                PendFreeBcnEb
                0x3ffef0ac                ApFreqCalTimer
                0x3ffef0c0                APRecvBcnStartTick
 .bss           0x3ffef0d6        0x0 c:/Espressif/ESP8266_SDK_151/lib\libnet80211.a(ieee80211_ht.o)
 .bss           0x3ffef0d6        0x0 c:/Espressif/ESP8266_SDK_151/lib\libnet80211.a(ieee80211_input.o)
 .bss           0x3ffef0d6        0x0 c:/Espressif/ESP8266_SDK_151/lib\libnet80211.a(ieee80211_mesh_quick.o)
 .bss           0x3ffef0d6        0x0 c:/Espressif/ESP8266_SDK_151/lib\libnet80211.a(ieee80211_output.o)
 .bss           0x3ffef0d6        0x0 c:/Espressif/ESP8266_SDK_151/lib\libnet80211.a(ieee80211_phy.o)
 .bss           0x3ffef0d6        0x0 c:/Espressif/ESP8266_SDK_151/lib\libnet80211.a(ieee80211_power.o)
 .bss           0x3ffef0d6        0x0 c:/Espressif/ESP8266_SDK_151/lib\libnet80211.a(ieee80211_proto.o)
 .bss           0x3ffef0d6        0x0 c:/Espressif/ESP8266_SDK_151/lib\libnet80211.a(ieee80211_rfid.o)
 *fill*         0x3ffef0d6        0x2 
 .bss           0x3ffef0d8       0xc8 c:/Espressif/ESP8266_SDK_151/lib\libnet80211.a(ieee80211_scan.o)
                0x3ffef0d8                gScanStruct
                0x3ffef184                connect_scan_flag
                0x3ffef185                FreqCalCntForScan
                0x3ffef186                TestStaFreqCalValInput
                0x3ffef188                auth_type
                0x3ffef18a                scannum
 .bss           0x3ffef1a0       0x10 c:/Espressif/ESP8266_SDK_151/lib\libnet80211.a(ieee80211_sta.o)
 .bss           0x3ffef1b0       0x3c c:/Espressif/ESP8266_SDK_151/lib\libnet80211.a(wl_chm.o)
 *fill*         0x3ffef1ec        0x4 
 .bss           0x3ffef1f0      0x37a c:/Espressif/ESP8266_SDK_151/lib\libnet80211.a(wl_cnx.o)
                0x3ffef550                sta_con_timer
                0x3ffef564                g_cnx_probe_rc_list_cb
                0x3ffef568                reconnect_flag
                0x3ffef569                no_ap_found_index
 .bss           0x3ffef56a        0x0 c:/Espressif/ESP8266_SDK_151/lib\libnet80211.a(ieee80211_action.o)
 *fill*         0x3ffef56a        0x2 
 .bss           0x3ffef56c       0x10 c:/Espressif/ESP8266_SDK_151/lib\libnet80211.a(ieee80211_action_vendor.o)
 .bss           0x3ffef57c        0x0 c:/Espressif/ESP8266_SDK_151/lib\libnet80211.a(ieee80211_crypto_ccmp.o)
 .bss           0x3ffef57c        0x0 c:/Espressif/ESP8266_SDK_151/lib\libnet80211.a(ieee80211_ie_vendor.o)
 *fill*         0x3ffef57c        0x4 
 .bss           0x3ffef580       0x38 c:/Espressif/ESP8266_SDK_151/lib\liblwip.a(dhcp.o)
                0x3ffef580                dhcp_rx_options_given
                0x3ffef590                dhcp_rx_options_val
 .bss           0x3ffef5b8       0x28 c:/Espressif/ESP8266_SDK_151/lib\liblwip.a(dhcpserver.o)
 .bss           0x3ffef5e0      0x480 c:/Espressif/ESP8266_SDK_151/lib\liblwip.a(dns.o)
 .bss           0x3ffefa60      0x104 c:/Espressif/ESP8266_SDK_151/lib\liblwip.a(espconn.o)
                0x3ffefa60                plink_active
                0x3ffefa64                pserver_list
                0x3ffefa70                premot
                0x3ffefb30                pktinfo
 *fill*         0x3ffefb64        0xc 
 .bss           0x3ffefb70       0x78 c:/Espressif/ESP8266_SDK_151/lib\liblwip.a(espconn_tcp.o)
                0x3ffefb70                espconn_TaskQueue
 .bss           0x3ffefbe8        0x0 c:/Espressif/ESP8266_SDK_151/lib\liblwip.a(espconn_udp.o)
 *fill*         0x3ffefbe8        0x8 
 .bss           0x3ffefbf0      0x100 c:/Espressif/ESP8266_SDK_151/lib\liblwip.a(etharp.o)
                0x3ffefbf4                ethzero
 .bss           0x3ffefcf0        0xc c:/Espressif/ESP8266_SDK_151/lib\liblwip.a(igmp.o)
 .bss           0x3ffefcfc        0x0 c:/Espressif/ESP8266_SDK_151/lib\liblwip.a(inet_chksum.o)
 .bss           0x3ffefcfc        0x0 c:/Espressif/ESP8266_SDK_151/lib\liblwip.a(init.o)
 *fill*         0x3ffefcfc        0x4 
 .bss           0x3ffefd00       0x10 c:/Espressif/ESP8266_SDK_151/lib\liblwip.a(ip_addr.o)
 .bss           0x3ffefd10       0x12 c:/Espressif/ESP8266_SDK_151/lib\liblwip.a(ip.o)
                0x3ffefd10                current_iphdr_dest
                0x3ffefd14                current_iphdr_src
                0x3ffefd18                current_netif
                0x3ffefd1c                current_header
 .bss           0x3ffefd22        0x0 c:/Espressif/ESP8266_SDK_151/lib\liblwip.a(memp.o)
 *fill*         0x3ffefd22        0x2 
 .bss           0x3ffefd24        0x9 c:/Espressif/ESP8266_SDK_151/lib\liblwip.a(netif.o)
                0x3ffefd24                netif_list
                0x3ffefd28                netif_default
 .bss           0x3ffefd2d        0x0 c:/Espressif/ESP8266_SDK_151/lib\liblwip.a(pbuf.o)
 *fill*         0x3ffefd2d        0x3 
 .bss           0x3ffefd30        0x4 c:/Espressif/ESP8266_SDK_151/lib\liblwip.a(raw.o)
 .bss           0x3ffefd34       0x34 c:/Espressif/ESP8266_SDK_151/lib\liblwip.a(tcp_in.o)
                0x3ffefd64                tcp_input_pcb
 .bss           0x3ffefd68       0x1c c:/Espressif/ESP8266_SDK_151/lib\liblwip.a(tcp.o)
                0x3ffefd6c                tcp_active_pcbs
                0x3ffefd70                tcp_tmp_pcb
                0x3ffefd74                tcp_tw_pcbs
                0x3ffefd78                tcp_bound_pcbs
                0x3ffefd7c                tcp_listen_pcbs
                0x3ffefd80                tcp_ticks
 .bss           0x3ffefd84        0x0 c:/Espressif/ESP8266_SDK_151/lib\liblwip.a(tcp_out.o)
 .bss           0x3ffefd84        0xc c:/Espressif/ESP8266_SDK_151/lib\liblwip.a(timers.o)
 .bss           0x3ffefd90        0x4 c:/Espressif/ESP8266_SDK_151/lib\liblwip.a(udp.o)
                0x3ffefd90                udp_pcbs
 .bss           0x3ffefd94        0x0 c:/Espressif/ESP8266_SDK_151/lib\liblwip.a(icmp.o)
 .bss           0x3ffefd94        0x0 c:/Espressif/ESP8266_SDK_151/lib\libwpa.a(ap_config.o)
 .bss           0x3ffefd94        0x0 c:/Espressif/ESP8266_SDK_151/lib\libwpa.a(common.o)
 .bss           0x3ffefd94        0x0 c:/Espressif/ESP8266_SDK_151/lib\libwpa.a(os_xtensa.o)
 .bss           0x3ffefd94        0x0 c:/Espressif/ESP8266_SDK_151/lib\libwpa.a(wpa_auth.o)
 .bss           0x3ffefd94        0x0 c:/Espressif/ESP8266_SDK_151/lib\libwpa.a(wpa_auth_ie.o)
 *fill*         0x3ffefd94        0xc 
 .bss           0x3ffefda0      0x26a c:/Espressif/ESP8266_SDK_151/lib\libwpa.a(wpa.o)
 .bss           0x3fff000a        0x0 c:/Espressif/ESP8266_SDK_151/lib\libwpa.a(wpa_common.o)
 .bss           0x3fff000a        0x0 c:/Espressif/ESP8266_SDK_151/lib\libwpa.a(wpa_debug.o)
 .bss           0x3fff000a        0x0 c:/Espressif/ESP8266_SDK_151/lib\libwpa.a(wpa_ie.o)
 .bss           0x3fff000a        0x0 c:/Espressif/ESP8266_SDK_151/lib\libwpa.a(wpa_main.o)
 .bss           0x3fff000a        0x0 c:/Espressif/ESP8266_SDK_151/lib\libwpa.a(wpas_glue.o)
 *fill*         0x3fff000a        0x2 
 .bss           0x3fff000c       0x30 c:/Espressif/ESP8266_SDK_151/lib\libsmartconfig.a(sc_sniffer.o)
                0x3fff000c                pAPListHead
                0x3fff0010                pAPListTral
                0x3fff0014                smartconfig_cb
                0x3fff0018                SnifGlob
                0x3fff0028                channel_timer
 .bss           0x3fff003c       0xcc c:/Espressif/ESP8266_SDK_151/lib\libsmartconfig.a(sc_airkiss.o)
                0x3fff003c                pAKGuideGlob
                0x3fff0040                p_kiss
                0x3fff0044                p_kiss_ht40
                0x3fff0048                KissRes_ht20_timer
                0x3fff00c4                KissRes_ht40_timer
                0x3fff00d8                pKissConn
                0x3fff00f4                weixin_timer
 .bss           0x3fff0108       0xd4 c:/Espressif/ESP8266_SDK_151/lib\libsmartconfig.a(sc_esptouch.o)
                0x3fff0108                pETGuideGlob
                0x3fff010c                pCHListHead
                0x3fff0110                pCHListTral
                0x3fff0114                pTouchGlob
                0x3fff0118                TouchRestart_ht20_timer
                0x3fff0194                TouchRestart_ht40_timer
                0x3fff01a8                pTouchConn
                0x3fff01c4                TouchUdpTimer
 .bss           0x3fff01dc        0x0 c:/Espressif/ESP8266_SDK_151/lib\libcrypto.a(aes-wrap.o)
 .bss           0x3fff01dc        0x0 c:/Espressif/ESP8266_SDK_151/lib\libcrypto.a(aes-internal-enc.o)
 .bss           0x3fff01dc        0x0 c:/Espressif/ESP8266_SDK_151/lib\libcrypto.a(aes-internal.o)
 .bss           0x3fff01dc        0x0 c:/espressif/xtensa-lx106-elf/bin/../lib/gcc/xtensa-lx106-elf/5.1.0\libgcc.a(_divsi3.o)
 .bss           0x3fff01dc        0x0 c:/espressif/xtensa-lx106-elf/bin/../lib/gcc/xtensa-lx106-elf/5.1.0\libgcc.a(_modsi3.o)
 .bss           0x3fff01dc        0x0 c:/espressif/xtensa-lx106-elf/bin/../lib/gcc/xtensa-lx106-elf/5.1.0\libgcc.a(_ashrdi3.o)
 .bss           0x3fff01dc        0x0 c:/espressif/xtensa-lx106-elf/bin/../lib/gcc/xtensa-lx106-elf/5.1.0\libgcc.a(_addsubsf3.o)
 .bss           0x3fff01dc        0x0 c:/espressif/xtensa-lx106-elf/bin/../lib/gcc/xtensa-lx106-elf/5.1.0\libgcc.a(_mulsf3.o)
 .bss           0x3fff01dc        0x0 c:/espressif/xtensa-lx106-elf/bin/../lib/gcc/xtensa-lx106-elf/5.1.0\libgcc.a(_divsf3.o)
 .bss           0x3fff01dc        0x0 c:/espressif/xtensa-lx106-elf/bin/../lib/gcc/xtensa-lx106-elf/5.1.0\libgcc.a(_fixsfsi.o)
 .bss           0x3fff01dc        0x0 c:/espressif/xtensa-lx106-elf/bin/../lib/gcc/xtensa-lx106-elf/5.1.0\libgcc.a(_fixunssfsi.o)
 .bss           0x3fff01dc        0x0 c:/espressif/xtensa-lx106-elf/bin/../lib/gcc/xtensa-lx106-elf/5.1.0\libgcc.a(_floatsisf.o)
 .bss           0x3fff01dc        0x0 c:/espressif/xtensa-lx106-elf/bin/../lib/gcc/xtensa-lx106-elf/5.1.0\libgcc.a(_fixdfsi.o)
 .bss           0x3fff01dc        0x0 c:/espressif/xtensa-lx106-elf/bin/../lib/gcc/xtensa-lx106-elf/5.1.0\libgcc.a(_truncdfsf2.o)
 .bss           0x3fff01dc        0x0 c:/espressif/xtensa-lx106-elf/bin/../lib/gcc/xtensa-lx106-elf/5.1.0\libgcc.a(_divdi3.o)
 .bss           0x3fff01dc        0x0 c:/espressif/xtensa-lx106-elf/bin/../lib/gcc/xtensa-lx106-elf/5.1.0\libgcc.a(_umoddi3.o)
 *fill*         0x3fff01dc        0x4 
 .bss           0x3fff01e0        0x8 c:/Espressif/ESP8266_SDK_151/lib\libnet80211.a(ieee80211_crypto_tkip.o)
 .bss           0x3fff01e8        0x0 c:/Espressif/ESP8266_SDK_151/lib\libnet80211.a(ieee80211_crypto_wep.o)
 *(.bss.*)
 *(.gnu.linkonce.b.*)
 *(COMMON)
 COMMON         0x3fff01e8      0x1a0 build/AnalogueSleep/app_app.a(user_main.o)
                0x3fff01e8                savedLastAction
                0x3fff01ec                taskQueue
                0x3fff028c                mqttClient
                0x3fff035c                mqttConnected
                0x3fff0360                date_timer
                0x3fff0374                transmit_timer
 COMMON         0x3fff0388      0x22c build/AnalogueSleep/app_app.a(config.o)
                0x3fff0388                sysCfg
                0x3fff05b0                saveFlag
 COMMON         0x3fff05b4       0x10 build/AnalogueSleep/app_app.a(mqtt.o)
                0x3fff05b4                default_private_key
                0x3fff05b8                default_certificate
                0x3fff05bc                mqtt_procTaskQueue
 COMMON         0x3fff05c4        0x8 build/AnalogueSleep/app_app.a(flash.o)
                0x3fff05c4                flashState
                0x3fff05c8                flashFinishedCb
                0x3fff05d0                . = ALIGN (0x8)
 *fill*         0x3fff05cc        0x4 
                0x3fff05d0                _bss_end = ABSOLUTE (.)
                0x3fff05d0                _heap_start = ABSOLUTE (.)

.text           0x40100000     0x7260
                0x40100000                _stext = .
                0x40100000                _text_start = ABSOLUTE (.)
 *(.UserEnter.text)
 .UserEnter.text
                0x40100000        0xd c:/Espressif/ESP8266_SDK_151/lib\libmain.a(vector.o)
                                 0x14 (size before relaxing)
                0x40100004                call_user_start
                0x40100010                . = ALIGN (0x10)
 *fill*         0x4010000d        0x3 
 *(.DebugExceptionVector.text)
 .DebugExceptionVector.text
                0x40100010        0x6 c:/Espressif/ESP8266_SDK_151/lib\libmain.a(debug-vector.o)
                0x40100010                _DebugExceptionVector
                0x40100020                . = ALIGN (0x10)
 *fill*         0x40100016        0xa 
 *(.NMIExceptionVector.text)
 .NMIExceptionVector.text
                0x40100020        0x6 c:/Espressif/ESP8266_SDK_151/lib\libmain.a(nmi-vector.o)
                                  0xd (size before relaxing)
                0x40100020                _NMIExceptionVector
                0x40100030                . = ALIGN (0x10)
 *fill*         0x40100026        0xa 
 *(.KernelExceptionVector.text)
 .KernelExceptionVector.text
                0x40100030        0x6 c:/Espressif/ESP8266_SDK_151/lib\libmain.a(kernel-vector.o)
                0x40100030                _KernelExceptionVector
                0x40100036        0x4 LONG 0x0
                0x4010003a        0x4 LONG 0x0
                0x4010003e        0x4 LONG 0x0
                0x40100042        0x4 LONG 0x0
                0x40100050                . = ALIGN (0x10)
 *fill*         0x40100046        0xa 
 *(.UserExceptionVector.text)
 .UserExceptionVector.text
                0x40100050        0x6 c:/Espressif/ESP8266_SDK_151/lib\libmain.a(user-vector.o)
                                  0xd (size before relaxing)
                0x40100050                _UserExceptionVector
                0x40100056        0x4 LONG 0x0
                0x4010005a        0x4 LONG 0x0
                0x4010005e        0x4 LONG 0x0
                0x40100062        0x4 LONG 0x0
                0x40100070                . = ALIGN (0x10)
 *fill*         0x40100066        0xa 
 *(.DoubleExceptionVector.text)
 .DoubleExceptionVector.text
                0x40100070        0x6 c:/Espressif/ESP8266_SDK_151/lib\libmain.a(double-vector.o)
                0x40100070                _DoubleExceptionVector
                0x40100076        0x4 LONG 0x0
                0x4010007a        0x4 LONG 0x0
                0x4010007e        0x4 LONG 0x0
                0x40100082        0x4 LONG 0x0
                0x40100090                . = ALIGN (0x10)
 *fill*         0x40100086        0xa 
 *(.entry.text)
 *(.init.literal)
 *(.init)
 *(.literal .text .literal.* .text.* .stub .gnu.warning .gnu.linkonce.literal.* .gnu.linkonce.t.*.literal .gnu.linkonce.t.*)
 .text          0x40100090       0xc7 c:/Espressif/ESP8266_SDK_151/lib\libmain.a(nmi-vector.o)
                                 0xcb (size before relaxing)
                0x4010009c                _NMILevelVector
 *fill*         0x40100157        0x1 
 .text          0x40100158       0x1e c:/Espressif/ESP8266_SDK_151/lib\libmain.a(user-vector.o)
                0x4010015c                _UserExceptionVector_1
 *fill*         0x40100176        0x2 
 .text          0x40100178      0x55f c:/Espressif/ESP8266_SDK_151/lib\libmain.a(app_main.o)
                                0x5bb (size before relaxing)
                0x401001b0                Cache_Read_Enable_New
                0x401001ec                NmiTimSetFunc
                0x40100210                NMI_Handler
                0x40100268                call_user_start_local
                0x40100388                wdt_feed
 *fill*         0x401006d7        0x1 
 .text          0x401006d8      0x267 c:/Espressif/ESP8266_SDK_151/lib\libmain.a(ets_timer.o)
                                0x29f (size before relaxing)
                0x40100744                ets_timer_setfn
                0x401007bc                ets_timer_disarm
                0x4010084c                ets_timer_arm_new
 *fill*         0x4010093f        0x1 
 .text          0x40100940      0x30f c:/Espressif/ESP8266_SDK_151/lib\libmain.a(mem_manager.o)
                                0x367 (size before relaxing)
                0x40100944                prvInsertBlockIntoUsedList
                0x40100974                system_show_malloc
                0x40100974                pvShowMalloc
                0x40100a00                prvRemoveBlockFromUsedList
                0x40100a2c                xPortWantedSizeAlign
                0x40100a54                pvPortMalloc
                0x40100b1c                vPortFree
                0x40100b74                pvPortCalloc
                0x40100ba4                pvPortZalloc
                0x40100bc0                pvPortRealloc
 *fill*         0x40100c4f        0x1 
 .text          0x40100c50      0x269 c:/Espressif/ESP8266_SDK_151/lib\libmain.a(spi_flash.o)
                                0x2b5 (size before relaxing)
                0x40100c54                Cache_Read_Disable_2
                0x40100c94                Cache_Read_Enable_2
                0x40100ccc                spi_flash_get_id
                0x40100d28                spi_flash_read_status
                0x40100d5c                spi_flash_write_status
                0x40100ddc                spi_flash_erase_sector
                0x40100e10                spi_flash_write
                0x40100e64                spi_flash_read
 *fill*         0x40100eb9        0x3 
 .text          0x40100ebc      0x2ee c:/Espressif/ESP8266_SDK_151/lib\libmain.a(user_interface.o)
                                0x34a (size before relaxing)
                0x40100ed8                os_printf_plus
                0x40101004                system_restart_core
                0x4010103c                system_deep_sleep_local_2
                0x401010b0                system_get_time
                0x401010c8                system_os_post
                0x401010fc                system_rtc_mem_write
                0x40101154                system_rtc_mem_read
 *fill*         0x401011aa        0x2 
 .text          0x401011ac       0x9c build/AnalogueSleep/app_app.a(easygpio.o)
                0x401011b4                easygpio_outputSet
                0x40101214                easygpio_inputGet
 .text          0x40101248       0xe1 build/AnalogueSleep/app_app.a(flash.o)
                                0x101 (size before relaxing)
                0x40101274                startMultiFlash
                0x40101308                startMultiFlashCb
 *fill*         0x40101329        0x3 
 .literal       0x4010132c        0x0 c:/espressif/xtensa-lx106-elf/bin/../lib/gcc/xtensa-lx106-elf/5.1.0/../../../../xtensa-lx106-elf/lib\libc.a(lib_a-atoi.o)
                                  0x8 (size before relaxing)
 .literal       0x4010132c       0x14 c:/espressif/xtensa-lx106-elf/bin/../lib/gcc/xtensa-lx106-elf/5.1.0/../../../../xtensa-lx106-elf/lib\libc.a(lib_a-strcmp.o)
                                 0x20 (size before relaxing)
 .literal       0x40101340        0x0 c:/espressif/xtensa-lx106-elf/bin/../lib/gcc/xtensa-lx106-elf/5.1.0/../../../../xtensa-lx106-elf/lib\libc.a(lib_a-strcpy.o)
                                  0xc (size before relaxing)
 .literal       0x40101340        0x0 c:/espressif/xtensa-lx106-elf/bin/../lib/gcc/xtensa-lx106-elf/5.1.0/../../../../xtensa-lx106-elf/lib\libc.a(lib_a-strlen.o)
                                  0xc (size before relaxing)
 .literal       0x40101340       0x10 c:/espressif/xtensa-lx106-elf/bin/../lib/gcc/xtensa-lx106-elf/5.1.0/../../../../xtensa-lx106-elf/lib\libc.a(lib_a-strtol.o)
                                 0x18 (size before relaxing)
 .literal       0x40101350        0x4 c:/espressif/xtensa-lx106-elf/bin/../lib/gcc/xtensa-lx106-elf/5.1.0\libgcc.a(_addsubdf3.o)
                                  0xc (size before relaxing)
 .literal       0x40101354        0x4 c:/espressif/xtensa-lx106-elf/bin/../lib/gcc/xtensa-lx106-elf/5.1.0\libgcc.a(_muldf3.o)
                                 0x10 (size before relaxing)
 .literal       0x40101358        0x0 c:/espressif/xtensa-lx106-elf/bin/../lib/gcc/xtensa-lx106-elf/5.1.0\libgcc.a(_divdf3.o)
                                 0x10 (size before relaxing)
 .literal       0x40101358        0x0 c:/espressif/xtensa-lx106-elf/bin/../lib/gcc/xtensa-lx106-elf/5.1.0\libgcc.a(_cmpdf2.o)
                                 0x18 (size before relaxing)
 .literal       0x40101358        0x0 c:/espressif/xtensa-lx106-elf/bin/../lib/gcc/xtensa-lx106-elf/5.1.0\libgcc.a(_fixunsdfsi.o)
                                  0x4 (size before relaxing)
 .literal       0x40101358        0x0 c:/espressif/xtensa-lx106-elf/bin/../lib/gcc/xtensa-lx106-elf/5.1.0\libgcc.a(_muldi3.o)
                                  0x4 (size before relaxing)
 .literal       0x40101358        0x4 c:/espressif/xtensa-lx106-elf/bin/../lib/gcc/xtensa-lx106-elf/5.1.0\libgcc.a(_addsubsf3.o)
                                  0xc (size before relaxing)
 .literal       0x4010135c        0x0 c:/espressif/xtensa-lx106-elf/bin/../lib/gcc/xtensa-lx106-elf/5.1.0\libgcc.a(_mulsf3.o)
                                 0x10 (size before relaxing)
 .literal       0x4010135c        0x0 c:/espressif/xtensa-lx106-elf/bin/../lib/gcc/xtensa-lx106-elf/5.1.0\libgcc.a(_divsf3.o)
                                 0x10 (size before relaxing)
 .literal       0x4010135c        0x0 c:/espressif/xtensa-lx106-elf/bin/../lib/gcc/xtensa-lx106-elf/5.1.0\libgcc.a(_fixsfsi.o)
                                  0x4 (size before relaxing)
 .literal       0x4010135c        0x0 c:/espressif/xtensa-lx106-elf/bin/../lib/gcc/xtensa-lx106-elf/5.1.0\libgcc.a(_fixunssfsi.o)
                                  0x4 (size before relaxing)
 .literal       0x4010135c        0x0 c:/espressif/xtensa-lx106-elf/bin/../lib/gcc/xtensa-lx106-elf/5.1.0\libgcc.a(_fixdfsi.o)
                                  0x4 (size before relaxing)
 .literal       0x4010135c        0x4 c:/espressif/xtensa-lx106-elf/bin/../lib/gcc/xtensa-lx106-elf/5.1.0\libgcc.a(_truncdfsf2.o)
                                  0x8 (size before relaxing)
 .literal       0x40101360        0x0 c:/espressif/xtensa-lx106-elf/bin/../lib/gcc/xtensa-lx106-elf/5.1.0\libgcc.a(_divdi3.o)
                                 0x48 (size before relaxing)
 .literal       0x40101360        0x0 c:/espressif/xtensa-lx106-elf/bin/../lib/gcc/xtensa-lx106-elf/5.1.0\libgcc.a(_umoddi3.o)
                                 0x48 (size before relaxing)
 .text          0x40101360       0x27 c:/espressif/xtensa-lx106-elf/bin/../lib/gcc/xtensa-lx106-elf/5.1.0/../../../../xtensa-lx106-elf/lib\libc.a(lib_a-atoi.o)
                                 0x2f (size before relaxing)
                0x40101360                atoi
                0x40101374                _atoi_r
 *fill*         0x40101387        0x1 
 .text          0x40101388       0xff c:/espressif/xtensa-lx106-elf/bin/../lib/gcc/xtensa-lx106-elf/5.1.0/../../../../xtensa-lx106-elf/lib\libc.a(lib_a-strcmp.o)
                0x40101388                strcmp
 *fill*         0x40101487        0x1 
 .text          0x40101488       0x83 c:/espressif/xtensa-lx106-elf/bin/../lib/gcc/xtensa-lx106-elf/5.1.0/../../../../xtensa-lx106-elf/lib\libc.a(lib_a-strcpy.o)
                0x40101488                strcpy
 *fill*         0x4010150b        0x1 
 .text          0x4010150c       0x5b c:/espressif/xtensa-lx106-elf/bin/../lib/gcc/xtensa-lx106-elf/5.1.0/../../../../xtensa-lx106-elf/lib\libc.a(lib_a-strlen.o)
                0x4010150c                strlen
 *fill*         0x40101567        0x1 
 .text          0x40101568      0x14f c:/espressif/xtensa-lx106-elf/bin/../lib/gcc/xtensa-lx106-elf/5.1.0/../../../../xtensa-lx106-elf/lib\libc.a(lib_a-strtol.o)
                                0x153 (size before relaxing)
                0x40101568                _strtol_r
                0x4010169c                strtol
 *fill*         0x401016b7        0x1 
 .text          0x401016b8      0x2f6 c:/espressif/xtensa-lx106-elf/bin/../lib/gcc/xtensa-lx106-elf/5.1.0\libgcc.a(_addsubdf3.o)
                0x401016d8                __adddf3
                0x40101828                __subdf3
 *fill*         0x401019ae        0x2 
 .text          0x401019b0      0x29b c:/espressif/xtensa-lx106-elf/bin/../lib/gcc/xtensa-lx106-elf/5.1.0\libgcc.a(_muldf3.o)
                0x40101a90                __muldf3
 *fill*         0x40101c4b        0x1 
 .text          0x40101c4c      0x20b c:/espressif/xtensa-lx106-elf/bin/../lib/gcc/xtensa-lx106-elf/5.1.0\libgcc.a(_divdf3.o)
                0x40101d34                __divdf3
 *fill*         0x40101e57        0x1 
 .text          0x40101e58      0x169 c:/espressif/xtensa-lx106-elf/bin/../lib/gcc/xtensa-lx106-elf/5.1.0\libgcc.a(_cmpdf2.o)
                0x40101e58                __nedf2
                0x40101e58                __eqdf2
                0x40101e88                __gtdf2
                0x40101eac                __ledf2
                0x40101f10                __gedf2
                0x40101f34                __ltdf2
                0x40101f98                __unorddf2
 *fill*         0x40101fc1        0x3 
 .text          0x40101fc4       0x59 c:/espressif/xtensa-lx106-elf/bin/../lib/gcc/xtensa-lx106-elf/5.1.0\libgcc.a(_fixunsdfsi.o)
                0x40101fc4                __fixunsdfsi
 *fill*         0x4010201d        0x3 
 .text          0x40102020       0x36 c:/espressif/xtensa-lx106-elf/bin/../lib/gcc/xtensa-lx106-elf/5.1.0\libgcc.a(_muldi3.o)
                0x40102020                __muldi3
 *fill*         0x40102056        0x2 
 .text          0x40102058       0x53 c:/Espressif/ESP8266_SDK_151/lib\libphy.a(phy.o)
                                 0x5f (size before relaxing)
                0x40102060                register_phy_ops
                0x40102080                register_get_phy_addr
                0x40102088                phy_change_channel
                0x401020a0                phy_get_mactime
 *fill*         0x401020ab        0x1 
 .text          0x401020ac       0xaa c:/Espressif/ESP8266_SDK_151/lib\libphy.a(phy_chip_v6_cal.o)
                                 0xb2 (size before relaxing)
                0x401020ac                unsign_to_sign
                0x401020e4                phy_get_bb_freqoffset
                0x40102148                phy_get_bb_evm
 *fill*         0x40102156        0x2 
 .text          0x40102158       0xe7 c:/Espressif/ESP8266_SDK_151/lib\libphy.a(phy_sleep.o)
                                0x103 (size before relaxing)
                0x4010215c                pm_rtc_clock_cali
                0x40102214                clockgate_watchdog
 *fill*         0x4010223f        0x1 
 .text          0x40102240     0x160a c:/Espressif/ESP8266_SDK_151/lib\libpp.a(lmac.o)
                               0x1962 (size before relaxing)
                0x40102244                lmacIsActive
                0x40102258                lmacIsIdle
                0x401026dc                lmacSetAcParam
                0x40102730                lmacProcessTXStartData
                0x401028b0                lmacProcessTxSuccess
                0x401029f4                GetAccess
                0x40102a00                lmacDiscardAgedMSDU
                0x40102a14                lmacRecycleMPDU
                0x40102fdc                lmacProcessTxTimeout
                0x40103044                lmacProcessAllTxTimeout
                0x40103058                lmacProcessCollisions
                0x401030b8                lmacProcessCollision
                0x4010313c                lmacMSDUAged
                0x401034cc                lmacProcessCtsTimeout
                0x40103504                lmacProcessAckTimeout
                0x4010355c                lmacProcessRtsStart
                0x40103568                lmacProcessTxRtsError
                0x40103608                lmacProcessTxError
                0x40103698                lmacTxFrame
                0x40103834                lmacRxDone
 *fill*         0x4010384a        0x2 
 .text          0x4010384c      0x8e1 c:/Espressif/ESP8266_SDK_151/lib\libpp.a(pp.o)
                                0x9fd (size before relaxing)
                0x40103880                pp_soft_wdt_feed_local
                0x40103914                ppProcessTxQ
                0x40103988                ppFetchTxQFirstAvail
                0x401039c8                ppDequeueTxQ
                0x401039f0                ppRollBackTxQ
                0x40103a14                ppRecordBarRRC
                0x40103a24                ppTxqUpdateBitmap
                0x40103a4c                ppEnqueueTxDone
                0x40103a80                ppEnqueueRxq
                0x40103f68                ppDiscardMPDU
                0x40103f8c                pp_post
                0x40104018                pp_post2
                0x40104040                ppCalTxop
                0x401040c0                ppCalFrameTimes
 *fill*         0x4010412d        0x3 
 .text          0x40104130       0xf5 c:/Espressif/ESP8266_SDK_151/lib\libpp.a(rate_control.o)
                                0x109 (size before relaxing)
                0x40104150                RC_GetAckRate
                0x4010415c                RC_GetRtsRate
                0x4010416c                RC_GetAckTime
                0x40104180                RC_GetCtsTime
                0x401041b8                RC_GetBlockAckTime
 *fill*         0x40104225        0x3 
 .text          0x40104228      0x9a1 c:/Espressif/ESP8266_SDK_151/lib\libpp.a(trc.o)
                                0xa05 (size before relaxing)
                0x401043fc                rcUpdateTxDone
                0x40104490                rcUpdateRxDone
                0x401044ec                rcUpdateDataRxDone
                0x40104508                rcGetSched
                0x401045ec                rcGetRate
                0x40104afc                rcReachRetryLimit
                0x40104b14                trc_NeedRTS
 *fill*         0x40104bc9        0x3 
 .text          0x40104bcc     0x105f c:/Espressif/ESP8266_SDK_151/lib\libpp.a(wdev.o)
                               0x1347 (size before relaxing)
                0x40104f70                wDev_MacTim1SetFunc
                0x40104f90                wDev_MacTim1Arm
                0x40105024                wDev_ProcessFiq
                0x40105368                wDev_EnableTransmit
                0x401053a0                wDev_DisableTransmit
                0x401053c0                Tx_Copy2Queue
                0x40105408                wDev_ProcessCollision
                0x4010542c                wDev_GetTxqCollisions
                0x4010543c                wDev_ClearTxqCollisions
                0x40105458                wDev_SetWaitingQueue
                0x401054a0                wDev_ClearWaitingQueue
                0x401054c4                wDev_SetFrameAckType
                0x40105528                wDev_AppendRxBlocks
                0x4010566c                wDev_AppendRxAmpduLensBlocks
                0x40105740                wDev_GetBAInfo
                0x40105774                wDevDisableRx
 *fill*         0x40105c2b        0x1 
 .text          0x40105c2c       0x4c c:/Espressif/ESP8266_SDK_151/lib\libpp.a(esf_buf.o)
                                 0x5c (size before relaxing)
                0x40105c30                esf_rx_buf_alloc
 .text          0x40105c78       0x23 c:/Espressif/ESP8266_SDK_151/lib\libnet80211.a(ieee80211_output.o)
                                 0x27 (size before relaxing)
 *fill*         0x40105c9b        0x1 
 .text          0x40105c9c        0xb c:/Espressif/ESP8266_SDK_151/lib\libnet80211.a(wl_chm.o)
                0x40105ca0                chm_get_current_channel
 *fill*         0x40105ca7        0x1 
 .text          0x40105ca8       0x43 c:/Espressif/ESP8266_SDK_151/lib\liblwip.a(etharp.o)
                                 0x47 (size before relaxing)
 *fill*         0x40105ceb        0x1 
 .text          0x40105cec      0x1fd c:/Espressif/ESP8266_SDK_151/lib\liblwip.a(tcp.o)
                                0x229 (size before relaxing)
 *fill*         0x40105ee9        0x3 
 .text          0x40105eec      0x159 c:/Espressif/ESP8266_SDK_151/lib\liblwip.a(tcp_out.o)
                                0x161 (size before relaxing)
 *fill*         0x40106045        0x3 
 .text          0x40106048       0xb4 c:/Espressif/ESP8266_SDK_151/lib\liblwip.a(timers.o)
                                 0xc0 (size before relaxing)
 .text          0x401060fc      0x1ff c:/espressif/xtensa-lx106-elf/bin/../lib/gcc/xtensa-lx106-elf/5.1.0\libgcc.a(_addsubsf3.o)
                0x40106118                __addsf3
                0x40106200                __subsf3
 *fill*         0x401062fb        0x1 
 .text          0x401062fc      0x15d c:/espressif/xtensa-lx106-elf/bin/../lib/gcc/xtensa-lx106-elf/5.1.0\libgcc.a(_mulsf3.o)
                0x40106374                __mulsf3
 *fill*         0x40106459        0x3 
 .text          0x4010645c      0x135 c:/espressif/xtensa-lx106-elf/bin/../lib/gcc/xtensa-lx106-elf/5.1.0\libgcc.a(_divsf3.o)
                0x401064d8                __divsf3
 *fill*         0x40106591        0x3 
 .text          0x40106594       0x40 c:/espressif/xtensa-lx106-elf/bin/../lib/gcc/xtensa-lx106-elf/5.1.0\libgcc.a(_fixsfsi.o)
                0x40106594                __fixsfsi
 .text          0x401065d4       0x51 c:/espressif/xtensa-lx106-elf/bin/../lib/gcc/xtensa-lx106-elf/5.1.0\libgcc.a(_fixunssfsi.o)
                0x401065d4                __fixunssfsi
 *fill*         0x40106625        0x3 
 .text          0x40106628       0x48 c:/espressif/xtensa-lx106-elf/bin/../lib/gcc/xtensa-lx106-elf/5.1.0\libgcc.a(_fixdfsi.o)
                0x40106628                __fixdfsi
 .text          0x40106670       0xa0 c:/espressif/xtensa-lx106-elf/bin/../lib/gcc/xtensa-lx106-elf/5.1.0\libgcc.a(_truncdfsf2.o)
                0x40106670                __truncdfsf2
 .text          0x40106710      0x3df c:/espressif/xtensa-lx106-elf/bin/../lib/gcc/xtensa-lx106-elf/5.1.0\libgcc.a(_divdi3.o)
                                0x40f (size before relaxing)
                0x40106710                __divdi3
 *fill*         0x40106aef        0x1 
 .text          0x40106af0      0x350 c:/espressif/xtensa-lx106-elf/bin/../lib/gcc/xtensa-lx106-elf/5.1.0\libgcc.a(_umoddi3.o)
                                0x388 (size before relaxing)
                0x40106af0                __umoddi3
 .text          0x40106e40        0x0 c:/Espressif/ESP8266_SDK_151/lib\libmain.a(debug-vector.o)
 .text          0x40106e40        0x0 c:/Espressif/ESP8266_SDK_151/lib\libmain.a(double-vector.o)
 .text          0x40106e40        0x0 c:/Espressif/ESP8266_SDK_151/lib\libmain.a(kernel-vector.o)
 .literal       0x40106e40        0x0 c:/Espressif/ESP8266_SDK_151/lib\libmain.a(nmi-vector.o)
 *fill*         0x40106e40        0x0 
 .literal       0x40106e40        0x0 c:/Espressif/ESP8266_SDK_151/lib\libmain.a(user-vector.o)
 .text          0x40106e40        0x0 c:/Espressif/ESP8266_SDK_151/lib\libmain.a(vector.o)
 *fill*         0x40106e40        0x0 
 .literal       0x40106e40        0x0 c:/Espressif/ESP8266_SDK_151/lib\libmain.a(app_main.o)
 *fill*         0x40106e40        0x0 
 .literal       0x40106e40        0x0 c:/Espressif/ESP8266_SDK_151/lib\libmain.a(ets_timer.o)
 *fill*         0x40106e40        0x0 
 .literal       0x40106e40        0x0 c:/Espressif/ESP8266_SDK_151/lib\libmain.a(mem_manager.o)
 *fill*         0x40106e40        0x0 
 .literal       0x40106e40        0x0 c:/Espressif/ESP8266_SDK_151/lib\libmain.a(spi_flash.o)
 *fill*         0x40106e40        0x0 
 .literal       0x40106e40        0x0 c:/Espressif/ESP8266_SDK_151/lib\libmain.a(user_interface.o)
 .text          0x40106e40        0x0 c:/Espressif/ESP8266_SDK_151/lib\libmain.a(eagle_lib.o)
 .text          0x40106e40        0x0 c:/Espressif/ESP8266_SDK_151/lib\libmain.a(eagle_lwip_if.o)
 *fill*         0x40106e40        0x0 
 .literal       0x40106e40        0x0 build/AnalogueSleep/app_app.a(user_main.o)
 .text          0x40106e40        0x2 build/AnalogueSleep/app_app.a(user_main.o)
                0x40106e40                user_rf_pre_init
 .text          0x40106e42        0x0 build/AnalogueSleep/app_app.a(config.o)
 *fill*         0x40106e42        0x2 
 .literal       0x40106e44        0x0 build/AnalogueSleep/app_app.a(easygpio.o)
 .text          0x40106e44        0x0 build/AnalogueSleep/app_app.a(wifi.o)
 .text          0x40106e44        0x0 build/AnalogueSleep/app_app.a(doSmartConfig.o)
 .text          0x40106e44        0x0 build/AnalogueSleep/app_app.a(stdout.o)
 .text          0x40106e44        0x0 build/AnalogueSleep/app_app.a(check.o)
 .text          0x40106e44        0x0 build/AnalogueSleep/app_app.a(mqtt.o)
 .text          0x40106e44        0x0 build/AnalogueSleep/app_app.a(http.o)
 .text          0x40106e44        0x0 build/AnalogueSleep/app_app.a(publish.o)
 .text          0x40106e44        0x0 build/AnalogueSleep/app_app.a(temperature.o)
 .text          0x40106e44        0x0 build/AnalogueSleep/app_app.a(ds18b20.o)
 .text          0x40106e44        0x0 build/AnalogueSleep/app_app.a(decodeMessage.o)
 .text          0x40106e44        0x0 build/AnalogueSleep/app_app.a(jsmn.o)
 .literal       0x40106e44        0x0 build/AnalogueSleep/app_app.a(flash.o)
 .text          0x40106e44        0x0 build/AnalogueSleep/app_app.a(dtoa.o)
 .text          0x40106e44        0x0 build/AnalogueSleep/app_app.a(utils.o)
 .text          0x40106e44        0x0 build/AnalogueSleep/app_app.a(queue.o)
 .text          0x40106e44        0x0 build/AnalogueSleep/app_app.a(mqtt_msg.o)
 .text          0x40106e44        0x0 build/AnalogueSleep/app_app.a(ringbuf.o)
 .text          0x40106e44        0x0 build/AnalogueSleep/app_app.a(proto.o)
 *fill*         0x40106e44        0x0 
 *fill*         0x40106e44        0x0 
 .text          0x40106e44      0x145 c:/espressif/xtensa-lx106-elf/bin/../lib/gcc/xtensa-lx106-elf/5.1.0/../../../../xtensa-lx106-elf/lib\libc.a(lib_a-memcpy.o)
                0x40106e88                memcpy
 *fill*         0x40106f89        0x3 
 .text          0x40106f8c       0x7c c:/espressif/xtensa-lx106-elf/bin/../lib/gcc/xtensa-lx106-elf/5.1.0/../../../../xtensa-lx106-elf/lib\libc.a(lib_a-memset.o)
                0x40106fb8                memset
 *fill*         0x40107008        0x0 
 *fill*         0x40107008        0x0 
 *fill*         0x40107008        0x0 
 .text          0x40107008        0x0 c:/espressif/xtensa-lx106-elf/bin/../lib/gcc/xtensa-lx106-elf/5.1.0/../../../../xtensa-lx106-elf/lib\libc.a(lib_a-ctype_.o)
 .text          0x40107008        0x0 c:/espressif/xtensa-lx106-elf/bin/../lib/gcc/xtensa-lx106-elf/5.1.0/../../../../xtensa-lx106-elf/lib\libc.a(lib_a-impure.o)
 *fill*         0x40107008        0x0 
 .text          0x40107008       0x4c c:/espressif/xtensa-lx106-elf/bin/../lib/gcc/xtensa-lx106-elf/5.1.0\libgcc.a(_udivsi3.o)
                0x40107008                __udivsi3
 .text          0x40107054       0x39 c:/espressif/xtensa-lx106-elf/bin/../lib/gcc/xtensa-lx106-elf/5.1.0\libgcc.a(_umodsi3.o)
                0x40107054                __umodsi3
 *fill*         0x4010708d        0x0 
 *fill*         0x4010708d        0x0 
 *fill*         0x4010708d        0x0 
 *fill*         0x4010708d        0x0 
 *fill*         0x4010708d        0x0 
 *fill*         0x4010708d        0x3 
 .text          0x40107090       0x36 c:/espressif/xtensa-lx106-elf/bin/../lib/gcc/xtensa-lx106-elf/5.1.0\libgcc.a(_floatsidf.o)
                0x40107090                __floatunsidf
                0x40107098                __floatsidf
 *fill*         0x401070c6        0x0 
 *fill*         0x401070c6        0x2 
 .text          0x401070c8       0x48 c:/espressif/xtensa-lx106-elf/bin/../lib/gcc/xtensa-lx106-elf/5.1.0\libgcc.a(_umulsidi3.o)
                0x401070c8                __umulsidi3
 .text          0x40107110        0x5 c:/espressif/xtensa-lx106-elf/bin/../lib/gcc/xtensa-lx106-elf/5.1.0/../../../../xtensa-lx106-elf/lib\libhal.a(int_asm--set_intclear.o)
                0x40107110                xthal_set_intclear
 *fill*         0x40107115        0x3 
 .literal       0x40107118        0x0 c:/Espressif/ESP8266_SDK_151/lib\libphy.a(phy.o)
 .text          0x40107118        0x0 c:/Espressif/ESP8266_SDK_151/lib\libphy.a(phy_chip_v6_ana.o)
 .text          0x40107118        0x0 c:/Espressif/ESP8266_SDK_151/lib\libphy.a(phy_chip_v6.o)
 *fill*         0x40107118        0x0 
 .literal       0x40107118        0x0 c:/Espressif/ESP8266_SDK_151/lib\libphy.a(phy_chip_v6_cal.o)
 .text          0x40107118        0x0 c:/Espressif/ESP8266_SDK_151/lib\libphy.a(phy_chip_v6_unused.o)
 *fill*         0x40107118        0x0 
 .literal       0x40107118        0x0 c:/Espressif/ESP8266_SDK_151/lib\libphy.a(phy_sleep.o)
 .text          0x40107118        0x0 c:/Espressif/ESP8266_SDK_151/lib\libpp.a(if_hwctrl.o)
 *fill*         0x40107118        0x0 
 .literal       0x40107118        0x0 c:/Espressif/ESP8266_SDK_151/lib\libpp.a(lmac.o)
 .text          0x40107118        0x0 c:/Espressif/ESP8266_SDK_151/lib\libpp.a(pm.o)
 .text          0x40107118        0x0 c:/Espressif/ESP8266_SDK_151/lib\libpp.a(pm_for_bcn_only_mode.o)
 *fill*         0x40107118        0x0 
 .literal       0x40107118        0x0 c:/Espressif/ESP8266_SDK_151/lib\libpp.a(pp.o)
 *fill*         0x40107118        0x0 
 .literal       0x40107118        0x0 c:/Espressif/ESP8266_SDK_151/lib\libpp.a(rate_control.o)
 *fill*         0x40107118        0x0 
 .literal       0x40107118        0x0 c:/Espressif/ESP8266_SDK_151/lib\libpp.a(trc.o)
 *fill*         0x40107118        0x0 
 .literal       0x40107118        0x0 c:/Espressif/ESP8266_SDK_151/lib\libpp.a(wdev.o)
 *fill*         0x40107118        0x0 
 .literal       0x40107118        0x0 c:/Espressif/ESP8266_SDK_151/lib\libpp.a(esf_buf.o)
 .text          0x40107118        0x0 c:/Espressif/ESP8266_SDK_151/lib\libnet80211.a(ieee80211.o)
 .text          0x40107118        0x0 c:/Espressif/ESP8266_SDK_151/lib\libnet80211.a(ieee80211_crypto.o)
 .text          0x40107118        0x0 c:/Espressif/ESP8266_SDK_151/lib\libnet80211.a(ieee80211_ets.o)
 .literal       0x40107118        0x0 c:/Espressif/ESP8266_SDK_151/lib\libnet80211.a(ieee80211_hostap.o)
 .text          0x40107118       0x25 c:/Espressif/ESP8266_SDK_151/lib\libnet80211.a(ieee80211_hostap.o)
 .text          0x4010713d        0x0 c:/Espressif/ESP8266_SDK_151/lib\libnet80211.a(ieee80211_ht.o)
 .text          0x4010713d        0x0 c:/Espressif/ESP8266_SDK_151/lib\libnet80211.a(ieee80211_input.o)
 .text          0x4010713d        0x0 c:/Espressif/ESP8266_SDK_151/lib\libnet80211.a(ieee80211_mesh_quick.o)
 *fill*         0x4010713d        0x3 
 .literal       0x40107140        0x0 c:/Espressif/ESP8266_SDK_151/lib\libnet80211.a(ieee80211_output.o)
 .text          0x40107140        0x0 c:/Espressif/ESP8266_SDK_151/lib\libnet80211.a(ieee80211_phy.o)
 .text          0x40107140        0x0 c:/Espressif/ESP8266_SDK_151/lib\libnet80211.a(ieee80211_power.o)
 .text          0x40107140        0x0 c:/Espressif/ESP8266_SDK_151/lib\libnet80211.a(ieee80211_proto.o)
 .text          0x40107140        0x0 c:/Espressif/ESP8266_SDK_151/lib\libnet80211.a(ieee80211_rfid.o)
 .text          0x40107140        0x0 c:/Espressif/ESP8266_SDK_151/lib\libnet80211.a(ieee80211_scan.o)
 .text          0x40107140        0x0 c:/Espressif/ESP8266_SDK_151/lib\libnet80211.a(ieee80211_sta.o)
 *fill*         0x40107140        0x0 
 .literal       0x40107140        0x0 c:/Espressif/ESP8266_SDK_151/lib\libnet80211.a(wl_chm.o)
 .text          0x40107140        0x0 c:/Espressif/ESP8266_SDK_151/lib\libnet80211.a(wl_cnx.o)
 .text          0x40107140        0x0 c:/Espressif/ESP8266_SDK_151/lib\libnet80211.a(ieee80211_action.o)
 .text          0x40107140        0x0 c:/Espressif/ESP8266_SDK_151/lib\libnet80211.a(ieee80211_action_vendor.o)
 .text          0x40107140        0x0 c:/Espressif/ESP8266_SDK_151/lib\libnet80211.a(ieee80211_crypto_ccmp.o)
 .text          0x40107140        0x0 c:/Espressif/ESP8266_SDK_151/lib\libnet80211.a(ieee80211_ie_vendor.o)
 .text          0x40107140        0x0 c:/Espressif/ESP8266_SDK_151/lib\liblwip.a(dhcp.o)
 .text          0x40107140        0x0 c:/Espressif/ESP8266_SDK_151/lib\liblwip.a(dhcpserver.o)
 .text          0x40107140        0x0 c:/Espressif/ESP8266_SDK_151/lib\liblwip.a(dns.o)
 .text          0x40107140        0x0 c:/Espressif/ESP8266_SDK_151/lib\liblwip.a(espconn.o)
 .text          0x40107140        0x0 c:/Espressif/ESP8266_SDK_151/lib\liblwip.a(espconn_tcp.o)
 .text          0x40107140        0x0 c:/Espressif/ESP8266_SDK_151/lib\liblwip.a(espconn_udp.o)
 *fill*         0x40107140        0x0 
 .literal       0x40107140        0x0 c:/Espressif/ESP8266_SDK_151/lib\liblwip.a(etharp.o)
 .text          0x40107140        0x0 c:/Espressif/ESP8266_SDK_151/lib\liblwip.a(igmp.o)
 .text          0x40107140        0x0 c:/Espressif/ESP8266_SDK_151/lib\liblwip.a(inet_chksum.o)
 .text          0x40107140        0x0 c:/Espressif/ESP8266_SDK_151/lib\liblwip.a(init.o)
 .text          0x40107140        0x0 c:/Espressif/ESP8266_SDK_151/lib\liblwip.a(ip_addr.o)
 .text          0x40107140        0x0 c:/Espressif/ESP8266_SDK_151/lib\liblwip.a(ip.o)
 .text          0x40107140        0x0 c:/Espressif/ESP8266_SDK_151/lib\liblwip.a(memp.o)
 .text          0x40107140        0x0 c:/Espressif/ESP8266_SDK_151/lib\liblwip.a(netif.o)
 .text          0x40107140        0x0 c:/Espressif/ESP8266_SDK_151/lib\liblwip.a(pbuf.o)
 .text          0x40107140        0x0 c:/Espressif/ESP8266_SDK_151/lib\liblwip.a(raw.o)
 .text          0x40107140        0x0 c:/Espressif/ESP8266_SDK_151/lib\liblwip.a(tcp_in.o)
 *fill*         0x40107140        0x0 
 .literal       0x40107140        0x0 c:/Espressif/ESP8266_SDK_151/lib\liblwip.a(tcp.o)
 *fill*         0x40107140        0x0 
 .literal       0x40107140        0x0 c:/Espressif/ESP8266_SDK_151/lib\liblwip.a(tcp_out.o)
 *fill*         0x40107140        0x0 
 .literal       0x40107140        0x0 c:/Espressif/ESP8266_SDK_151/lib\liblwip.a(timers.o)
 .text          0x40107140        0x0 c:/Espressif/ESP8266_SDK_151/lib\liblwip.a(udp.o)
 .text          0x40107140        0x0 c:/Espressif/ESP8266_SDK_151/lib\liblwip.a(icmp.o)
 .text          0x40107140        0x0 c:/Espressif/ESP8266_SDK_151/lib\libwpa.a(ap_config.o)
 .text          0x40107140        0x0 c:/Espressif/ESP8266_SDK_151/lib\libwpa.a(common.o)
 .text          0x40107140        0x0 c:/Espressif/ESP8266_SDK_151/lib\libwpa.a(os_xtensa.o)
 .literal       0x40107140        0x0 c:/Espressif/ESP8266_SDK_151/lib\libwpa.a(wpa_auth.o)
 .text          0x40107140       0x11 c:/Espressif/ESP8266_SDK_151/lib\libwpa.a(wpa_auth.o)
 .text          0x40107151        0x0 c:/Espressif/ESP8266_SDK_151/lib\libwpa.a(wpa_auth_ie.o)
 .text          0x40107151        0x0 c:/Espressif/ESP8266_SDK_151/lib\libwpa.a(wpa.o)
 .text          0x40107151        0x0 c:/Espressif/ESP8266_SDK_151/lib\libwpa.a(wpa_common.o)
 .text          0x40107151        0x0 c:/Espressif/ESP8266_SDK_151/lib\libwpa.a(wpa_debug.o)
 .text          0x40107151        0x0 c:/Espressif/ESP8266_SDK_151/lib\libwpa.a(wpa_ie.o)
 .text          0x40107151        0x0 c:/Espressif/ESP8266_SDK_151/lib\libwpa.a(wpa_main.o)
 .text          0x40107151        0x0 c:/Espressif/ESP8266_SDK_151/lib\libwpa.a(wpas_glue.o)
 .text          0x40107151        0x0 c:/Espressif/ESP8266_SDK_151/lib\libsmartconfig.a(sc_sniffer.o)
 .text          0x40107151        0x0 c:/Espressif/ESP8266_SDK_151/lib\libsmartconfig.a(sc_airkiss.o)
 .text          0x40107151        0x0 c:/Espressif/ESP8266_SDK_151/lib\libsmartconfig.a(sc_esptouch.o)
 .text          0x40107151        0x0 c:/Espressif/ESP8266_SDK_151/lib\libcrypto.a(aes-wrap.o)
 .text          0x40107151        0x0 c:/Espressif/ESP8266_SDK_151/lib\libcrypto.a(aes-internal-enc.o)
 .text          0x40107151        0x0 c:/Espressif/ESP8266_SDK_151/lib\libcrypto.a(aes-internal.o)
 *fill*         0x40107151        0x3 
 .text          0x40107154       0x64 c:/espressif/xtensa-lx106-elf/bin/../lib/gcc/xtensa-lx106-elf/5.1.0\libgcc.a(_divsi3.o)
                0x40107154                __divsi3
 .text          0x401071b8       0x49 c:/espressif/xtensa-lx106-elf/bin/../lib/gcc/xtensa-lx106-elf/5.1.0\libgcc.a(_modsi3.o)
                0x401071b8                __modsi3
 *fill*         0x40107201        0x3 
 .text          0x40107204       0x18 c:/espressif/xtensa-lx106-elf/bin/../lib/gcc/xtensa-lx106-elf/5.1.0\libgcc.a(_ashrdi3.o)
                0x40107204                __ashrdi3
 *fill*         0x4010721c        0x0 
 *fill*         0x4010721c        0x0 
 *fill*         0x4010721c        0x0 
 *fill*         0x4010721c        0x0 
 .text          0x4010721c       0x44 c:/espressif/xtensa-lx106-elf/bin/../lib/gcc/xtensa-lx106-elf/5.1.0\libgcc.a(_floatsisf.o)
                0x4010721c                __floatunsisf
                0x40107224                __floatsisf
 *fill*         0x40107260        0x0 
 .text          0x40107260        0x0 c:/Espressif/ESP8266_SDK_151/lib\libnet80211.a(ieee80211_crypto_tkip.o)
 .text          0x40107260        0x0 c:/Espressif/ESP8266_SDK_151/lib\libnet80211.a(ieee80211_crypto_wep.o)
 *(.fini.literal)
 *(.fini)
 *(.gnu.version)
                0x40107260                _text_end = ABSOLUTE (.)
                0x40107260                _etext = .

.NMIExceptionVector.literal
                0x40107260        0x0
 .NMIExceptionVector.literal
                0x40107260        0x0 c:/Espressif/ESP8266_SDK_151/lib\libmain.a(nmi-vector.o)

.UserExceptionVector.literal
                0x40107260        0x0
 .UserExceptionVector.literal
                0x40107260        0x0 c:/Espressif/ESP8266_SDK_151/lib\libmain.a(user-vector.o)

.UserEnter.literal
                0x40107260        0x0
 .UserEnter.literal
                0x40107260        0x0 c:/Espressif/ESP8266_SDK_151/lib\libmain.a(vector.o)

.lit4           0x40107260        0x0
                0x40107260                _lit4_start = ABSOLUTE (.)
 *(*.lit4)
 *(.lit4.*)
 *(.gnu.linkonce.lit4.*)
                0x40107260                _lit4_end = ABSOLUTE (.)

.irom0.text     0x40210000    0x39304
                0x40210000                _irom0_text_start = ABSOLUTE (.)